/*******************************************************************************
Copyright (c) 2022-2024 Rapid Silicon
This source code contains proprietary information belonging to Rapid Silicon
(the "licensor") released under license and non-disclosure agreement to the
recipient (the "licensee").

The information shared and protected by the license and non-disclosure agreement
includes but is not limited to the following:
* operational algorithms of the product
* logos, graphics, source code, and visual presentation of the product
* confidential operational information of the licensor

The recipient of this source code is NOT permitted to publicly disclose,
re-use, archive beyond the period of the license agreement, transfer to a
sub-licensee, or re-implement any portion of the content covered by the license
and non-disclosure agreement without the prior written consent of the licensor.
*********************************************************************************/

Version  : 2024.12
Build    : 1.2.38
Hash     : 8dd56ae
Date     : Dec  5 2024
Type     : Engineering
Log Time   : Thu Dec  5 07:25:57 2024 GMT

[ 12:25:59 ] Analysis has started
[ 12:25:59 ] Command: /nfs_eda_sw/softwares/Raptor/instl_dir/12_05_2024_09_15_01/bin/yosys -s /nfs_scratch/scratch/CompilerValidation/zaheer_ahmad/os_fpga2/Validation/RTL_testcases/RTL_Benchmarks_Gap_Analysis/pwrmgr/results_dir/pwrmgr/run_1/synth_1_1/analysis/pwrmgr_analyzer.cmd
[ 12:26:11 ] Duration: 12321 ms. Max utilization: 1110 MB
[ 12:26:11 ] Synthesize has started
[ 12:26:11 ] Command: /nfs_eda_sw/softwares/Raptor/instl_dir/12_05_2024_09_15_01/bin/yosys -s pwrmgr.ys -l pwrmgr_synth.log
[ 12:26:29 ] Duration: 17799 ms. Max utilization: 1925 MB
