<suppressed ~7 debug messages>
Optimizing module $paramod$7e00d363ce130de0a5a3e36d8a0ef795833e2889\prim_subreg.
Optimizing module $paramod$8ec11ab84d267aa735efee7deaffb669de62e241\pwrmgr_reg_top.
<suppressed ~169 debug messages>
Optimizing module $paramod$ee0227794101df47ad9f37b0d88f82f880f9e439\tlul_adapter_reg.
<suppressed ~1 debug messages>
Optimizing module $paramod$b16ec1a2d37bb01b30b4807f6e7e5972c818c2d7\tlul_data_integ_enc.
Optimizing module $paramod$ff88e0cc5b79bb9c0662e183af7c9b980234cfc1\prim_flop.
Optimizing module prim_secded_inv_64_57_enc.
<suppressed ~14 debug messages>
Optimizing module prim_generic_buf.
Optimizing module prim_secded_inv_39_32_dec.
<suppressed ~14 debug messages>
Optimizing module $paramod$25ebe4329fda051e04aa1129a6e1ffd602984606\prim_generic_flop_2sync.
Optimizing module $paramod$b16ec1a2d37bb01b30b4807f6e7e5972c818c2d7\tlul_data_integ_dec.
Optimizing module prim_secded_inv_64_57_dec.
<suppressed ~14 debug messages>
Optimizing module $paramod\prim_generic_flop\Width=s32'00000000000000000000000000000010\ResetValue=2'10.
Optimizing module $paramod\prim_sec_anchor_flop\Width=s32'00000000000000000000000000000010\ResetValue=2'10.
Optimizing module $paramod\prim_sec_anchor_buf\Width=s32'00000000000000000000000000000001.
Optimizing module $paramod$cafc58aacea66ce361f30fc5fb51712913515c86\prim_generic_flop.
Optimizing module $paramod$18eae125e8070a5fb29a0bd9923127bd30ff2039\prim_subreg.
Optimizing module $paramod$55720f6f56ab0dcb7b0978d7b020cd5788c3bb7b\prim_buf.
Optimizing module $paramod\prim_diff_decode\AsyncOn=1'0.
<suppressed ~3 debug messages>
Optimizing module $paramod$1232de8c2fe4fff6a75b5663758d1bf50afa3825\prim_generic_flop_2sync.
Optimizing module $paramod$eca6cdb671bb55064ea4103fc00be19283c8611c\prim_buf.
Optimizing module $paramod$58cc36426b572d644c9bdaa50fac6b4ad91ed7ea\prim_esc_receiver.
<suppressed ~6 debug messages>
Optimizing module $paramod$30daef7d8fbea83f8d5d97bb6bbeea8d50f20643\tlul_rsp_intg_gen.
Optimizing module $paramod$e28d8d901a11ac5d5e5c27396dca7dc727aac42a\prim_subreg.
Optimizing module $paramod\prim_generic_flop_2sync\Width=s32'00000000000000000000000000000001\ResetValue=1'0.
Optimizing module $paramod$705fa05787a5d1cbfe2ae3dc7a01b0dd03c7a1d2\prim_flop.
Optimizing module $paramod$c5a2c670fcc80b1e00077cb7c12ddf5cd8beba26\prim_count.
<suppressed ~3 debug messages>
Optimizing module prim_secded_inv_39_32_enc.
<suppressed ~14 debug messages>
Optimizing module $paramod\prim_flop_2sync\Width=s32'00000000000000000000000000000001\ResetValue=1'0.
Optimizing module $paramod\prim_flop_2sync\Width=s32'00000000000000000000000000000001\ResetValue=1'1.
Optimizing module $paramod$b16ec1a2d37bb01b30b4807f6e7e5972c818c2d7\tlul_cmd_intg_chk.
<suppressed ~2 debug messages>
Optimizing module $paramod$d1667f769712e8f5d6feff44c8934483fca616bd\prim_flop.
Optimizing module $paramod$1f2cba5866897a44b387e1c2993af0b4468bf03a\prim_xor2.
Optimizing module prim_sync_reqack.
<suppressed ~14 debug messages>
Optimizing module $paramod\prim_clock_timeout\TimeOutCnt=s32'00000000000000000000000010000000.
Optimizing module pwrmgr.
<suppressed ~1 debug messages>
Optimizing module $paramod\prim_alert_sender\AsyncOn=1'1\ALERT_TX_DEFAULT=2'01\ALERT_RX_DEFAULT=4'0101.
<suppressed ~12 debug messages>
Optimizing module prim_generic_clock_buf.
Optimizing module $paramod$6ae18350b51be32fd7406c5aaac3c7582e0e6af0\prim_generic_flop_2sync.
Optimizing module $paramod$a15eb3e9e7e337a1d68c13676510cc99e563cdd3\prim_buf.
Optimizing module $paramod\prim_flop_2sync\Width=s32'00000000000000000000000000000010\ResetValue=2'00.
Optimizing module $paramod\prim_diff_decode\AsyncOn=1'1.
<suppressed ~16 debug messages>
Optimizing module $paramod$ebe0a97d65ac33a9414f47886a18e066f6dc6365\prim_flop.
Optimizing module $paramod\prim_generic_flop\Width=s32'00000000000000000000000000000001\ResetValue=1'0.
Optimizing module prim_lc_sender.
Optimizing module $paramod\prim_generic_flop_2sync\Width=s32'00000000000000000000000000000001\ResetValue=1'1.
Optimizing module $paramod\prim_generic_flop\Width=s32'00000000000000000000000000000001\ResetValue=1'1.
Optimizing module $paramod\prim_clock_buf\Impl=32'00000000000000000000000000000000.
Optimizing module $paramod$1922727dec4c1da7ed6ad3dc09fc46ad0b6c2a2c\prim_subreg.
Optimizing module $paramod$25ebe4329fda051e04aa1129a6e1ffd602984606\prim_flop_2sync.
Optimizing module $paramod$a7b283e8b9acadb82fb07886ab71c26207bbd72c\prim_mubi4_sync.
Optimizing module $paramod$21a513b276be09c9cb5553d5463fdf4800edca32\pwrmgr_cdc.
Optimizing module $paramod$25ebe4329fda051e04aa1129a6e1ffd602984606\prim_generic_flop.
Optimizing module $paramod\prim_intr_hw\Width=32'00000000000000000000000000000001\FlopOutput=1'1.
<suppressed ~1 debug messages>
Optimizing module $paramod$1232de8c2fe4fff6a75b5663758d1bf50afa3825\prim_flop_2sync.
Optimizing module $paramod$2454416d686f119c214b8f35dcdc5a0867f85a76\prim_generic_flop.
Optimizing module $paramod$1232de8c2fe4fff6a75b5663758d1bf50afa3825\prim_generic_flop.
Optimizing module $paramod\prim_generic_flop_2sync\Width=s32'00000000000000000000000000000010\ResetValue=2'00.
Optimizing module $paramod\prim_generic_flop\Width=s32'00000000000000000000000000000010\ResetValue=2'00.
Optimizing module $paramod$6ae18350b51be32fd7406c5aaac3c7582e0e6af0\prim_flop_2sync.
Optimizing module $paramod$6ae18350b51be32fd7406c5aaac3c7582e0e6af0\prim_generic_flop.
Optimizing module $paramod\prim_generic_xor2\Width=s32'00000000000000000000000000000100.
Optimizing module $paramod\prim_sec_anchor_buf\Width=s32'00000000000000000000000000000100.
Optimizing module $paramod$4c9652adfb17b2d533bb31a43b4ddd326554f0f1\prim_flop.
Optimizing module $paramod$f00c4529a1ee6db225b5a16a9e380cfcfefeb4fc\prim_buf.
Optimizing module $paramod\prim_clock_mux2\NoFpgaBufG=1'1\Impl=32'00000000000000000000000000000000.
Optimizing module $paramod\prim_generic_clock_mux2\NoFpgaBufG=1'1.
Optimizing module $paramod$21a513b276be09c9cb5553d5463fdf4800edca32\pwrmgr_wake_info.
Optimizing module $paramod$21db42bc4a37f19b92ab182268213f76666c0005\pwrmgr_slow_fsm.
<suppressed ~2 debug messages>
Optimizing module $paramod$a7aee46bd09813908c06b21f352766ca9cf9b3c9\prim_sparse_fsm_flop.
Optimizing module $paramod$44a1f8f9602035884579b7c1bf52cac427a84729\prim_flop.
Optimizing module $paramod$fe55b1bb949966d310e200acf24c2aa59944d626\prim_generic_flop.
Optimizing module $paramod$21a513b276be09c9cb5553d5463fdf4800edca32\pwrmgr_fsm.
<suppressed ~9 debug messages>
Optimizing module $paramod$572334ae2b5971ff7e4eb457c77e6e769d857e82\prim_sparse_fsm_flop.

4.19. Executing FLATTEN pass (flatten design).
<suppressed ~135 debug messages>
ERROR: Cell port pwrmgr.u_sw_req_flop.q_o is driving constant bits: 1'0 <= \u_sw_req_flop.q_o
ERROR: SYN: Design pwrmgr Synthesis failed
Design pwrmgr Synthesis failed
    while executing
"synthesize delay"
    (file "../raptor_tcl.tcl" line 66)
