********************************************
*  SURELOG SystemVerilog  Compiler/Linter  *
********************************************

Copyright (c) 2017-2023 Alain Dargelas,
http://www.apache.org/licenses/LICENSE-2.0

VERSION: 1.84
BUILT  : Nov 15 2024
DATE   : 2024-11-15.18:16:19
COMMAND: -nostdout -DSYNTHESIS=1 -top fabric_and2 /nfs_scratch/scratch/CompilerValidation/abdul_hameed/Validation/RTL_testcases/io_constraint_testcases/and2/results_dir/and2/run_1/synth_1_1/impl_1_1_1/routing/fabric_and2_post_route.v -v /nfs_eda_sw/softwares/Raptor/instl_dir/11_15_2024_09_15_02/share/raptor/sim_models/rapidsilicon/genesis3/primitives.v /nfs_eda_sw/softwares/Raptor/instl_dir/11_15_2024_09_15_02/share/raptor/sim_models/rapidsilicon/genesis3/FPGA_PRIMITIVES_MODELS/sim_models/primitives_mapping/DSP/rs_dsp_multxxx_post_pnr_mapping.v /nfs_eda_sw/softwares/Raptor/instl_dir/11_15_2024_09_15_02/share/raptor/sim_models/rapidsilicon/genesis3/FPGA_PRIMITIVES_MODELS/sim_models/primitives_mapping/BRAM/rs_tdp36k_post_pnr_mapping.v -y /nfs_eda_sw/softwares/Raptor/instl_dir/11_15_2024_09_15_02/share/raptor/sim_models/rapidsilicon/genesis3/FPGA_PRIMITIVES_MODELS/sim_models/verilog       

[INF:CM0023] Creating log file "/nfs_scratch/scratch/CompilerValidation/abdul_hameed/Validation/RTL_testcases/io_constraint_testcases/and2/results_dir/and2/run_1/synth_1_1/impl_1_1_1/simulate_pnr/and2/slpp_all/surelog.log".
[WRN:PA0205] /nfs_scratch/scratch/CompilerValidation/abdul_hameed/Validation/RTL_testcases/io_constraint_testcases/and2/results_dir/and2/run_1/synth_1_1/impl_1_1_1/routing/fabric_and2_post_route.v:2:1: No timescale set for "fabric_and2".
[WRN:PA0205] /nfs_eda_sw/softwares/Raptor/instl_dir/11_15_2024_09_15_02/share/raptor/sim_models/rapidsilicon/genesis3/FPGA_PRIMITIVES_MODELS/sim_models/primitives_mapping/DSP/rs_dsp_multxxx_post_pnr_mapping.v:15:1: No timescale set for "RS_DSP_MULT".
[WRN:PA0205] /nfs_eda_sw/softwares/Raptor/instl_dir/11_15_2024_09_15_02/share/raptor/sim_models/rapidsilicon/genesis3/FPGA_PRIMITIVES_MODELS/sim_models/primitives_mapping/DSP/rs_dsp_multxxx_post_pnr_mapping.v:78:1: No timescale set for "RS_DSP_MULT_REGIN".
[WRN:PA0205] /nfs_eda_sw/softwares/Raptor/instl_dir/11_15_2024_09_15_02/share/raptor/sim_models/rapidsilicon/genesis3/FPGA_PRIMITIVES_MODELS/sim_models/primitives_mapping/DSP/rs_dsp_multxxx_post_pnr_mapping.v:150:1: No timescale set for "RS_DSP_MULT_REGOUT".
[WRN:PA0205] /nfs_eda_sw/softwares/Raptor/instl_dir/11_15_2024_09_15_02/share/raptor/sim_models/rapidsilicon/genesis3/FPGA_PRIMITIVES_MODELS/sim_models/primitives_mapping/DSP/rs_dsp_multxxx_post_pnr_mapping.v:223:1: No timescale set for "RS_DSP_MULT_REGIN_REGOUT".
[WRN:PA0205] /nfs_eda_sw/softwares/Raptor/instl_dir/11_15_2024_09_15_02/share/raptor/sim_models/rapidsilicon/genesis3/FPGA_PRIMITIVES_MODELS/sim_models/primitives_mapping/DSP/rs_dsp_multxxx_post_pnr_mapping.v:296:1: No timescale set for "RS_DSP_MULTADD".
[WRN:PA0205] /nfs_eda_sw/softwares/Raptor/instl_dir/11_15_2024_09_15_02/share/raptor/sim_models/rapidsilicon/genesis3/FPGA_PRIMITIVES_MODELS/sim_models/primitives_mapping/DSP/rs_dsp_multxxx_post_pnr_mapping.v:390:1: No timescale set for "RS_DSP_MULTADD_REGIN".
[WRN:PA0205] /nfs_eda_sw/softwares/Raptor/instl_dir/11_15_2024_09_15_02/share/raptor/sim_models/rapidsilicon/genesis3/FPGA_PRIMITIVES_MODELS/sim_models/primitives_mapping/DSP/rs_dsp_multxxx_post_pnr_mapping.v:485:1: No timescale set for "RS_DSP_MULTADD_REGOUT".
[WRN:PA0205] /nfs_eda_sw/softwares/Raptor/instl_dir/11_15_2024_09_15_02/share/raptor/sim_models/rapidsilicon/genesis3/FPGA_PRIMITIVES_MODELS/sim_models/primitives_mapping/DSP/rs_dsp_multxxx_post_pnr_mapping.v:580:1: No timescale set for "RS_DSP_MULTADD_REGIN_REGOUT".
[WRN:PA0205] /nfs_eda_sw/softwares/Raptor/instl_dir/11_15_2024_09_15_02/share/raptor/sim_models/rapidsilicon/genesis3/FPGA_PRIMITIVES_MODELS/sim_models/primitives_mapping/DSP/rs_dsp_multxxx_post_pnr_mapping.v:675:1: No timescale set for "RS_DSP_MULTACC".
[WRN:PA0205] /nfs_eda_sw/softwares/Raptor/instl_dir/11_15_2024_09_15_02/share/raptor/sim_models/rapidsilicon/genesis3/FPGA_PRIMITIVES_MODELS/sim_models/primitives_mapping/DSP/rs_dsp_multxxx_post_pnr_mapping.v:763:1: No timescale set for "RS_DSP_MULTACC_REGIN".
[WRN:PA0205] /nfs_eda_sw/softwares/Raptor/instl_dir/11_15_2024_09_15_02/share/raptor/sim_models/rapidsilicon/genesis3/FPGA_PRIMITIVES_MODELS/sim_models/primitives_mapping/DSP/rs_dsp_multxxx_post_pnr_mapping.v:851:1: No timescale set for "RS_DSP_MULTACC_REGOUT".
[WRN:PA0205] /nfs_eda_sw/softwares/Raptor/instl_dir/11_15_2024_09_15_02/share/raptor/sim_models/rapidsilicon/genesis3/FPGA_PRIMITIVES_MODELS/sim_models/primitives_mapping/DSP/rs_dsp_multxxx_post_pnr_mapping.v:939:1: No timescale set for "RS_DSP_MULTACC_REGIN_REGOUT".
[INF:CP0300] Compilation...
[INF:CP0303] /nfs_eda_sw/softwares/Raptor/instl_dir/11_15_2024_09_15_02/share/raptor/sim_models/rapidsilicon/genesis3/FPGA_PRIMITIVES_MODELS/sim_models/verilog/BOOT_CLOCK.v:10:1: Compile module "work@BOOT_CLOCK".
[INF:CP0303] /nfs_eda_sw/softwares/Raptor/instl_dir/11_15_2024_09_15_02/share/raptor/sim_models/rapidsilicon/genesis3/FPGA_PRIMITIVES_MODELS/sim_models/verilog/CARRY.v:10:1: Compile module "work@CARRY".
[INF:CP0303] /nfs_eda_sw/softwares/Raptor/instl_dir/11_15_2024_09_15_02/share/raptor/sim_models/rapidsilicon/genesis3/FPGA_PRIMITIVES_MODELS/sim_models/verilog/CLK_BUF.v:10:1: Compile module "work@CLK_BUF".
[INF:CP0303] /nfs_eda_sw/softwares/Raptor/instl_dir/11_15_2024_09_15_02/share/raptor/sim_models/rapidsilicon/genesis3/primitives.v:453:1: Compile module "work@DFF".
[INF:CP0303] /nfs_eda_sw/softwares/Raptor/instl_dir/11_15_2024_09_15_02/share/raptor/sim_models/rapidsilicon/genesis3/FPGA_PRIMITIVES_MODELS/sim_models/verilog/DFFNRE.v:11:1: Compile module "work@DFFNRE".
[INF:CP0303] /nfs_eda_sw/softwares/Raptor/instl_dir/11_15_2024_09_15_02/share/raptor/sim_models/rapidsilicon/genesis3/FPGA_PRIMITIVES_MODELS/sim_models/verilog/DFFRE.v:11:1: Compile module "work@DFFRE".
[INF:CP0303] /nfs_eda_sw/softwares/Raptor/instl_dir/11_15_2024_09_15_02/share/raptor/sim_models/rapidsilicon/genesis3/primitives.v:615:1: Compile module "work@DFFSRE".
[INF:CP0303] /nfs_eda_sw/softwares/Raptor/instl_dir/11_15_2024_09_15_02/share/raptor/sim_models/rapidsilicon/genesis3/FPGA_PRIMITIVES_MODELS/sim_models/verilog/DLY_SEL_DECODER.v:10:1: Compile module "work@DLY_SEL_DECODER".
[INF:CP0303] /nfs_eda_sw/softwares/Raptor/instl_dir/11_15_2024_09_15_02/share/raptor/sim_models/rapidsilicon/genesis3/FPGA_PRIMITIVES_MODELS/sim_models/verilog/DLY_VALUE_MUX.v:10:1: Compile module "work@DLY_VALUE_MUX".
[INF:CP0303] /nfs_eda_sw/softwares/Raptor/instl_dir/11_15_2024_09_15_02/share/raptor/sim_models/rapidsilicon/genesis3/FPGA_PRIMITIVES_MODELS/sim_models/verilog/DSP19X2.v:10:1: Compile module "work@DSP19X2".
[INF:CP0303] /nfs_eda_sw/softwares/Raptor/instl_dir/11_15_2024_09_15_02/share/raptor/sim_models/rapidsilicon/genesis3/FPGA_PRIMITIVES_MODELS/sim_models/verilog/DSP38.v:10:1: Compile module "work@DSP38".
[INF:CP0303] /nfs_eda_sw/softwares/Raptor/instl_dir/11_15_2024_09_15_02/share/raptor/sim_models/rapidsilicon/genesis3/FPGA_PRIMITIVES_MODELS/sim_models/verilog/FCLK_BUF.v:10:1: Compile module "work@FCLK_BUF".
[INF:CP0303] /nfs_eda_sw/softwares/Raptor/instl_dir/11_15_2024_09_15_02/share/raptor/sim_models/rapidsilicon/genesis3/FPGA_PRIMITIVES_MODELS/sim_models/verilog/FIFO18KX2.v:10:1: Compile module "work@FIFO18KX2".
[INF:CP0303] /nfs_eda_sw/softwares/Raptor/instl_dir/11_15_2024_09_15_02/share/raptor/sim_models/rapidsilicon/genesis3/FPGA_PRIMITIVES_MODELS/sim_models/verilog/FIFO36K.v:10:1: Compile module "work@FIFO36K".
[INF:CP0303] /nfs_eda_sw/softwares/Raptor/instl_dir/11_15_2024_09_15_02/share/raptor/sim_models/rapidsilicon/genesis3/FPGA_PRIMITIVES_MODELS/sim_models/verilog/I_BUF.v:10:1: Compile module "work@I_BUF".
[INF:CP0303] /nfs_eda_sw/softwares/Raptor/instl_dir/11_15_2024_09_15_02/share/raptor/sim_models/rapidsilicon/genesis3/FPGA_PRIMITIVES_MODELS/sim_models/verilog/I_BUF_DS.v:10:1: Compile module "work@I_BUF_DS".
[INF:CP0303] /nfs_eda_sw/softwares/Raptor/instl_dir/11_15_2024_09_15_02/share/raptor/sim_models/rapidsilicon/genesis3/FPGA_PRIMITIVES_MODELS/sim_models/verilog/I_DDR.v:10:1: Compile module "work@I_DDR".
[INF:CP0303] /nfs_eda_sw/softwares/Raptor/instl_dir/11_15_2024_09_15_02/share/raptor/sim_models/rapidsilicon/genesis3/FPGA_PRIMITIVES_MODELS/sim_models/verilog/I_DELAY.v:10:1: Compile module "work@I_DELAY".
[INF:CP0303] /nfs_eda_sw/softwares/Raptor/instl_dir/11_15_2024_09_15_02/share/raptor/sim_models/rapidsilicon/genesis3/FPGA_PRIMITIVES_MODELS/sim_models/verilog/I_FAB.v:10:1: Compile module "work@I_FAB".
[INF:CP0303] /nfs_eda_sw/softwares/Raptor/instl_dir/11_15_2024_09_15_02/share/raptor/sim_models/rapidsilicon/genesis3/FPGA_PRIMITIVES_MODELS/sim_models/verilog/I_SERDES.v:247:1: Compile module "work@I_SERDES".
[INF:CP0303] /nfs_eda_sw/softwares/Raptor/instl_dir/11_15_2024_09_15_02/share/raptor/sim_models/rapidsilicon/genesis3/FPGA_PRIMITIVES_MODELS/sim_models/verilog/LUT1.v:10:1: Compile module "work@LUT1".
[INF:CP0303] /nfs_eda_sw/softwares/Raptor/instl_dir/11_15_2024_09_15_02/share/raptor/sim_models/rapidsilicon/genesis3/FPGA_PRIMITIVES_MODELS/sim_models/verilog/LUT2.v:10:1: Compile module "work@LUT2".
[INF:CP0303] /nfs_eda_sw/softwares/Raptor/instl_dir/11_15_2024_09_15_02/share/raptor/sim_models/rapidsilicon/genesis3/FPGA_PRIMITIVES_MODELS/sim_models/verilog/LUT3.v:10:1: Compile module "work@LUT3".
[INF:CP0303] /nfs_eda_sw/softwares/Raptor/instl_dir/11_15_2024_09_15_02/share/raptor/sim_models/rapidsilicon/genesis3/FPGA_PRIMITIVES_MODELS/sim_models/verilog/LUT4.v:11:1: Compile module "work@LUT4".
[INF:CP0303] /nfs_eda_sw/softwares/Raptor/instl_dir/11_15_2024_09_15_02/share/raptor/sim_models/rapidsilicon/genesis3/FPGA_PRIMITIVES_MODELS/sim_models/verilog/LUT5.v:10:1: Compile module "work@LUT5".
[INF:CP0303] /nfs_eda_sw/softwares/Raptor/instl_dir/11_15_2024_09_15_02/share/raptor/sim_models/rapidsilicon/genesis3/FPGA_PRIMITIVES_MODELS/sim_models/verilog/LUT6.v:10:1: Compile module "work@LUT6".
[INF:CP0303] /nfs_eda_sw/softwares/Raptor/instl_dir/11_15_2024_09_15_02/share/raptor/sim_models/rapidsilicon/genesis3/primitives.v:124:1: Compile module "work@LUT_K".
[INF:CP0303] /nfs_eda_sw/softwares/Raptor/instl_dir/11_15_2024_09_15_02/share/raptor/sim_models/rapidsilicon/genesis3/primitives.v:210:1: Compile module "work@LUT_K1".
[INF:CP0303] /nfs_eda_sw/softwares/Raptor/instl_dir/11_15_2024_09_15_02/share/raptor/sim_models/rapidsilicon/genesis3/primitives.v:236:1: Compile module "work@LUT_K2".
[INF:CP0303] /nfs_eda_sw/softwares/Raptor/instl_dir/11_15_2024_09_15_02/share/raptor/sim_models/rapidsilicon/genesis3/primitives.v:265:1: Compile module "work@LUT_K3".
[INF:CP0303] /nfs_eda_sw/softwares/Raptor/instl_dir/11_15_2024_09_15_02/share/raptor/sim_models/rapidsilicon/genesis3/primitives.v:296:1: Compile module "work@LUT_K4".
[INF:CP0303] /nfs_eda_sw/softwares/Raptor/instl_dir/11_15_2024_09_15_02/share/raptor/sim_models/rapidsilicon/genesis3/primitives.v:329:1: Compile module "work@LUT_K5".
[INF:CP0303] /nfs_eda_sw/softwares/Raptor/instl_dir/11_15_2024_09_15_02/share/raptor/sim_models/rapidsilicon/genesis3/primitives.v:364:1: Compile module "work@LUT_K6".
[INF:CP0303] /nfs_eda_sw/softwares/Raptor/instl_dir/11_15_2024_09_15_02/share/raptor/sim_models/rapidsilicon/genesis3/FPGA_PRIMITIVES_MODELS/sim_models/verilog/MIPI_RX.v:10:1: Compile module "work@MIPI_RX".
[INF:CP0303] /nfs_eda_sw/softwares/Raptor/instl_dir/11_15_2024_09_15_02/share/raptor/sim_models/rapidsilicon/genesis3/FPGA_PRIMITIVES_MODELS/sim_models/verilog/MIPI_TX.v:10:1: Compile module "work@MIPI_TX".
[INF:CP0303] /nfs_eda_sw/softwares/Raptor/instl_dir/11_15_2024_09_15_02/share/raptor/sim_models/rapidsilicon/genesis3/FPGA_PRIMITIVES_MODELS/sim_models/verilog/O_BUF.v:10:1: Compile module "work@O_BUF".
[INF:CP0303] /nfs_eda_sw/softwares/Raptor/instl_dir/11_15_2024_09_15_02/share/raptor/sim_models/rapidsilicon/genesis3/FPGA_PRIMITIVES_MODELS/sim_models/verilog/O_BUFT.v:10:1: Compile module "work@O_BUFT".
[INF:CP0303] /nfs_eda_sw/softwares/Raptor/instl_dir/11_15_2024_09_15_02/share/raptor/sim_models/rapidsilicon/genesis3/FPGA_PRIMITIVES_MODELS/sim_models/verilog/O_BUFT_DS.v:10:1: Compile module "work@O_BUFT_DS".
[INF:CP0303] /nfs_eda_sw/softwares/Raptor/instl_dir/11_15_2024_09_15_02/share/raptor/sim_models/rapidsilicon/genesis3/FPGA_PRIMITIVES_MODELS/sim_models/verilog/O_BUF_DS.v:10:1: Compile module "work@O_BUF_DS".
[INF:CP0303] /nfs_eda_sw/softwares/Raptor/instl_dir/11_15_2024_09_15_02/share/raptor/sim_models/rapidsilicon/genesis3/FPGA_PRIMITIVES_MODELS/sim_models/verilog/O_DDR.v:10:1: Compile module "work@O_DDR".
[INF:CP0303] /nfs_eda_sw/softwares/Raptor/instl_dir/11_15_2024_09_15_02/share/raptor/sim_models/rapidsilicon/genesis3/FPGA_PRIMITIVES_MODELS/sim_models/verilog/O_DELAY.v:10:1: Compile module "work@O_DELAY".
[INF:CP0303] /nfs_eda_sw/softwares/Raptor/instl_dir/11_15_2024_09_15_02/share/raptor/sim_models/rapidsilicon/genesis3/FPGA_PRIMITIVES_MODELS/sim_models/verilog/O_FAB.v:10:1: Compile module "work@O_FAB".
[INF:CP0303] /nfs_eda_sw/softwares/Raptor/instl_dir/11_15_2024_09_15_02/share/raptor/sim_models/rapidsilicon/genesis3/FPGA_PRIMITIVES_MODELS/sim_models/verilog/O_SERDES.v:66:1: Compile module "work@O_SERDES".
[INF:CP0303] /nfs_eda_sw/softwares/Raptor/instl_dir/11_15_2024_09_15_02/share/raptor/sim_models/rapidsilicon/genesis3/FPGA_PRIMITIVES_MODELS/sim_models/verilog/O_SERDES_CLK.v:10:1: Compile module "work@O_SERDES_CLK".
[INF:CP0303] /nfs_eda_sw/softwares/Raptor/instl_dir/11_15_2024_09_15_02/share/raptor/sim_models/rapidsilicon/genesis3/FPGA_PRIMITIVES_MODELS/sim_models/verilog/PLL.v:10:1: Compile module "work@PLL".
[INF:CP0303] /nfs_eda_sw/softwares/Raptor/instl_dir/11_15_2024_09_15_02/share/raptor/sim_models/rapidsilicon/genesis3/FPGA_PRIMITIVES_MODELS/sim_models/primitives_mapping/DSP/rs_dsp_multxxx_post_pnr_mapping.v:15:1: Compile module "work@RS_DSP_MULT".
[INF:CP0303] /nfs_eda_sw/softwares/Raptor/instl_dir/11_15_2024_09_15_02/share/raptor/sim_models/rapidsilicon/genesis3/FPGA_PRIMITIVES_MODELS/sim_models/primitives_mapping/DSP/rs_dsp_multxxx_post_pnr_mapping.v:675:1: Compile module "work@RS_DSP_MULTACC".
[INF:CP0303] /nfs_eda_sw/softwares/Raptor/instl_dir/11_15_2024_09_15_02/share/raptor/sim_models/rapidsilicon/genesis3/primitives.v:2986:1: Compile module "work@RS_DSP_MULTACC_BLASTED".
[INF:CP0303] /nfs_eda_sw/softwares/Raptor/instl_dir/11_15_2024_09_15_02/share/raptor/sim_models/rapidsilicon/genesis3/FPGA_PRIMITIVES_MODELS/sim_models/primitives_mapping/DSP/rs_dsp_multxxx_post_pnr_mapping.v:763:1: Compile module "work@RS_DSP_MULTACC_REGIN".
[INF:CP0303] /nfs_eda_sw/softwares/Raptor/instl_dir/11_15_2024_09_15_02/share/raptor/sim_models/rapidsilicon/genesis3/primitives.v:3101:1: Compile module "work@RS_DSP_MULTACC_REGIN_BLASTED".
[INF:CP0303] /nfs_eda_sw/softwares/Raptor/instl_dir/11_15_2024_09_15_02/share/raptor/sim_models/rapidsilicon/genesis3/FPGA_PRIMITIVES_MODELS/sim_models/primitives_mapping/DSP/rs_dsp_multxxx_post_pnr_mapping.v:939:1: Compile module "work@RS_DSP_MULTACC_REGIN_REGOUT".
[INF:CP0303] /nfs_eda_sw/softwares/Raptor/instl_dir/11_15_2024_09_15_02/share/raptor/sim_models/rapidsilicon/genesis3/primitives.v:3329:1: Compile module "work@RS_DSP_MULTACC_REGIN_REGOUT_BLASTED".
[INF:CP0303] /nfs_eda_sw/softwares/Raptor/instl_dir/11_15_2024_09_15_02/share/raptor/sim_models/rapidsilicon/genesis3/FPGA_PRIMITIVES_MODELS/sim_models/primitives_mapping/DSP/rs_dsp_multxxx_post_pnr_mapping.v:851:1: Compile module "work@RS_DSP_MULTACC_REGOUT".
[INF:CP0303] /nfs_eda_sw/softwares/Raptor/instl_dir/11_15_2024_09_15_02/share/raptor/sim_models/rapidsilicon/genesis3/primitives.v:3215:1: Compile module "work@RS_DSP_MULTACC_REGOUT_BLASTED".
[INF:CP0303] /nfs_eda_sw/softwares/Raptor/instl_dir/11_15_2024_09_15_02/share/raptor/sim_models/rapidsilicon/genesis3/FPGA_PRIMITIVES_MODELS/sim_models/primitives_mapping/DSP/rs_dsp_multxxx_post_pnr_mapping.v:296:1: Compile module "work@RS_DSP_MULTADD".
[INF:CP0303] /nfs_eda_sw/softwares/Raptor/instl_dir/11_15_2024_09_15_02/share/raptor/sim_models/rapidsilicon/genesis3/primitives.v:2416:1: Compile module "work@RS_DSP_MULTADD_BLASTED".
[INF:CP0303] /nfs_eda_sw/softwares/Raptor/instl_dir/11_15_2024_09_15_02/share/raptor/sim_models/rapidsilicon/genesis3/FPGA_PRIMITIVES_MODELS/sim_models/primitives_mapping/DSP/rs_dsp_multxxx_post_pnr_mapping.v:390:1: Compile module "work@RS_DSP_MULTADD_REGIN".
[INF:CP0303] /nfs_eda_sw/softwares/Raptor/instl_dir/11_15_2024_09_15_02/share/raptor/sim_models/rapidsilicon/genesis3/primitives.v:2557:1: Compile module "work@RS_DSP_MULTADD_REGIN_BLASTED".
[INF:CP0303] /nfs_eda_sw/softwares/Raptor/instl_dir/11_15_2024_09_15_02/share/raptor/sim_models/rapidsilicon/genesis3/FPGA_PRIMITIVES_MODELS/sim_models/primitives_mapping/DSP/rs_dsp_multxxx_post_pnr_mapping.v:580:1: Compile module "work@RS_DSP_MULTADD_REGIN_REGOUT".
[INF:CP0303] /nfs_eda_sw/softwares/Raptor/instl_dir/11_15_2024_09_15_02/share/raptor/sim_models/rapidsilicon/genesis3/primitives.v:2840:1: Compile module "work@RS_DSP_MULTADD_REGIN_REGOUT_BLASTED".
[INF:CP0303] /nfs_eda_sw/softwares/Raptor/instl_dir/11_15_2024_09_15_02/share/raptor/sim_models/rapidsilicon/genesis3/FPGA_PRIMITIVES_MODELS/sim_models/primitives_mapping/DSP/rs_dsp_multxxx_post_pnr_mapping.v:485:1: Compile module "work@RS_DSP_MULTADD_REGOUT".
[INF:CP0303] /nfs_eda_sw/softwares/Raptor/instl_dir/11_15_2024_09_15_02/share/raptor/sim_models/rapidsilicon/genesis3/primitives.v:2698:1: Compile module "work@RS_DSP_MULTADD_REGOUT_BLASTED".
[INF:CP0303] /nfs_eda_sw/softwares/Raptor/instl_dir/11_15_2024_09_15_02/share/raptor/sim_models/rapidsilicon/genesis3/primitives.v:639:1: Compile module "work@RS_DSP_MULT_BLASTED".
[INF:CP0303] /nfs_eda_sw/softwares/Raptor/instl_dir/11_15_2024_09_15_02/share/raptor/sim_models/rapidsilicon/genesis3/FPGA_PRIMITIVES_MODELS/sim_models/primitives_mapping/DSP/rs_dsp_multxxx_post_pnr_mapping.v:78:1: Compile module "work@RS_DSP_MULT_REGIN".
[INF:CP0303] /nfs_eda_sw/softwares/Raptor/instl_dir/11_15_2024_09_15_02/share/raptor/sim_models/rapidsilicon/genesis3/primitives.v:2133:1: Compile module "work@RS_DSP_MULT_REGIN_BLASTED".
[INF:CP0303] /nfs_eda_sw/softwares/Raptor/instl_dir/11_15_2024_09_15_02/share/raptor/sim_models/rapidsilicon/genesis3/FPGA_PRIMITIVES_MODELS/sim_models/primitives_mapping/DSP/rs_dsp_multxxx_post_pnr_mapping.v:223:1: Compile module "work@RS_DSP_MULT_REGIN_REGOUT".
[INF:CP0303] /nfs_eda_sw/softwares/Raptor/instl_dir/11_15_2024_09_15_02/share/raptor/sim_models/rapidsilicon/genesis3/primitives.v:2322:1: Compile module "work@RS_DSP_MULT_REGIN_REGOUT_BLASTED".
[INF:CP0303] /nfs_eda_sw/softwares/Raptor/instl_dir/11_15_2024_09_15_02/share/raptor/sim_models/rapidsilicon/genesis3/FPGA_PRIMITIVES_MODELS/sim_models/primitives_mapping/DSP/rs_dsp_multxxx_post_pnr_mapping.v:150:1: Compile module "work@RS_DSP_MULT_REGOUT".
[INF:CP0303] /nfs_eda_sw/softwares/Raptor/instl_dir/11_15_2024_09_15_02/share/raptor/sim_models/rapidsilicon/genesis3/primitives.v:2228:1: Compile module "work@RS_DSP_MULT_REGOUT_BLASTED".
[INF:CP0303] /nfs_eda_sw/softwares/Raptor/instl_dir/11_15_2024_09_15_02/share/raptor/sim_models/rapidsilicon/genesis3/FPGA_PRIMITIVES_MODELS/sim_models/primitives_mapping/BRAM/rs_tdp36k_post_pnr_mapping.v:9:1: Compile module "work@RS_TDP36K".
[INF:CP0303] /nfs_eda_sw/softwares/Raptor/instl_dir/11_15_2024_09_15_02/share/raptor/sim_models/rapidsilicon/genesis3/primitives.v:3442:1: Compile module "work@RS_TDP36K_BLASTED".
[INF:CP0303] /nfs_eda_sw/softwares/Raptor/instl_dir/11_15_2024_09_15_02/share/raptor/sim_models/rapidsilicon/genesis3/FPGA_PRIMITIVES_MODELS/sim_models/verilog/SOC_FPGA_INTF_AHB_M.v:10:1: Compile module "work@SOC_FPGA_INTF_AHB_M".
[INF:CP0303] /nfs_eda_sw/softwares/Raptor/instl_dir/11_15_2024_09_15_02/share/raptor/sim_models/rapidsilicon/genesis3/FPGA_PRIMITIVES_MODELS/sim_models/verilog/SOC_FPGA_INTF_AHB_S.v:10:1: Compile module "work@SOC_FPGA_INTF_AHB_S".
[INF:CP0303] /nfs_eda_sw/softwares/Raptor/instl_dir/11_15_2024_09_15_02/share/raptor/sim_models/rapidsilicon/genesis3/FPGA_PRIMITIVES_MODELS/sim_models/verilog/SOC_FPGA_INTF_AXI_M0.v:10:1: Compile module "work@SOC_FPGA_INTF_AXI_M0".
[INF:CP0303] /nfs_eda_sw/softwares/Raptor/instl_dir/11_15_2024_09_15_02/share/raptor/sim_models/rapidsilicon/genesis3/FPGA_PRIMITIVES_MODELS/sim_models/verilog/SOC_FPGA_INTF_AXI_M1.v:10:1: Compile module "work@SOC_FPGA_INTF_AXI_M1".
[INF:CP0303] /nfs_eda_sw/softwares/Raptor/instl_dir/11_15_2024_09_15_02/share/raptor/sim_models/rapidsilicon/genesis3/FPGA_PRIMITIVES_MODELS/sim_models/verilog/SOC_FPGA_INTF_DMA.v:10:1: Compile module "work@SOC_FPGA_INTF_DMA".
[INF:CP0303] /nfs_eda_sw/softwares/Raptor/instl_dir/11_15_2024_09_15_02/share/raptor/sim_models/rapidsilicon/genesis3/FPGA_PRIMITIVES_MODELS/sim_models/verilog/SOC_FPGA_INTF_IRQ.v:10:1: Compile module "work@SOC_FPGA_INTF_IRQ".
[INF:CP0303] /nfs_eda_sw/softwares/Raptor/instl_dir/11_15_2024_09_15_02/share/raptor/sim_models/rapidsilicon/genesis3/FPGA_PRIMITIVES_MODELS/sim_models/verilog/SOC_FPGA_INTF_JTAG.v:10:1: Compile module "work@SOC_FPGA_INTF_JTAG".
[INF:CP0303] /nfs_eda_sw/softwares/Raptor/instl_dir/11_15_2024_09_15_02/share/raptor/sim_models/rapidsilicon/genesis3/FPGA_PRIMITIVES_MODELS/sim_models/verilog/SOC_FPGA_TEMPERATURE.v:10:1: Compile module "work@SOC_FPGA_TEMPERATURE".
[INF:CP0303] /nfs_eda_sw/softwares/Raptor/instl_dir/11_15_2024_09_15_02/share/raptor/sim_models/rapidsilicon/genesis3/FPGA_PRIMITIVES_MODELS/sim_models/verilog/O_SERDES.v:13:1: Compile module "work@SyncFIFO".
[INF:CP0303] /nfs_eda_sw/softwares/Raptor/instl_dir/11_15_2024_09_15_02/share/raptor/sim_models/rapidsilicon/genesis3/FPGA_PRIMITIVES_MODELS/sim_models/verilog/TDP_RAM18KX2.v:10:1: Compile module "work@TDP_RAM18KX2".
[INF:CP0303] /nfs_eda_sw/softwares/Raptor/instl_dir/11_15_2024_09_15_02/share/raptor/sim_models/rapidsilicon/genesis3/FPGA_PRIMITIVES_MODELS/sim_models/verilog/TDP_RAM36K.v:10:1: Compile module "work@TDP_RAM36K".
[INF:CP0303] /nfs_eda_sw/softwares/Raptor/instl_dir/11_15_2024_09_15_02/share/raptor/sim_models/rapidsilicon/genesis3/primitives.v:532:1: Compile module "work@adder".
[INF:CP0303] /nfs_eda_sw/softwares/Raptor/instl_dir/11_15_2024_09_15_02/share/raptor/sim_models/rapidsilicon/genesis3/FPGA_PRIMITIVES_MODELS/sim_models/verilog/adder_carry.v:7:1: Compile module "work@adder_carry".
[INF:CP0303] /nfs_eda_sw/softwares/Raptor/instl_dir/11_15_2024_09_15_02/share/raptor/sim_models/rapidsilicon/genesis3/FPGA_PRIMITIVES_MODELS/sim_models/verilog/I_SERDES.v:135:1: Compile module "work@afifo".
[INF:CP0303] /nfs_eda_sw/softwares/Raptor/instl_dir/11_15_2024_09_15_02/share/raptor/sim_models/rapidsilicon/genesis3/primitives.v:431:1: Compile module "work@dffnre".
[INF:CP0303] /nfs_eda_sw/softwares/Raptor/instl_dir/11_15_2024_09_15_02/share/raptor/sim_models/rapidsilicon/genesis3/primitives.v:405:1: Compile module "work@dffre".
[INF:CP0303] /nfs_eda_sw/softwares/Raptor/instl_dir/11_15_2024_09_15_02/share/raptor/sim_models/rapidsilicon/genesis3/FPGA_PRIMITIVES_MODELS/sim_models/verilog/I_SERDES.v:81:1: Compile module "work@dual_port_ram".
[INF:CP0303] /nfs_scratch/scratch/CompilerValidation/abdul_hameed/Validation/RTL_testcases/io_constraint_testcases/and2/results_dir/and2/run_1/synth_1_1/impl_1_1_1/routing/fabric_and2_post_route.v:2:1: Compile module "work@fabric_and2".
[INF:CP0303] /nfs_eda_sw/softwares/Raptor/instl_dir/11_15_2024_09_15_02/share/raptor/sim_models/rapidsilicon/genesis3/primitives.v:493:1: Compile module "work@fpga_interconnect".
[INF:CP0303] /nfs_eda_sw/softwares/Raptor/instl_dir/11_15_2024_09_15_02/share/raptor/sim_models/rapidsilicon/genesis3/primitives.v:557:1: Compile module "work@multiply".
[INF:CP0303] /nfs_eda_sw/softwares/Raptor/instl_dir/11_15_2024_09_15_02/share/raptor/sim_models/rapidsilicon/genesis3/primitives.v:520:1: Compile module "work@mux".
[INF:CP0303] /nfs_eda_sw/softwares/Raptor/instl_dir/11_15_2024_09_15_02/share/raptor/sim_models/rapidsilicon/genesis3/primitives.v:578:1: Compile module "work@single_port_ram".
[INF:CP0303] /nfs_eda_sw/softwares/Raptor/instl_dir/11_15_2024_09_15_02/share/raptor/sim_models/rapidsilicon/genesis3/FPGA_PRIMITIVES_MODELS/sim_models/verilog/I_SERDES.v:11:1: Compile module "work@synchronizer".
[INF:CP0302] Compile class "work@mailbox".
[INF:CP0302] Compile class "work@process".
[INF:CP0302] Compile class "work@semaphore".
[NTE:CP0309] /nfs_eda_sw/softwares/Raptor/instl_dir/11_15_2024_09_15_02/share/raptor/sim_models/rapidsilicon/genesis3/FPGA_PRIMITIVES_MODELS/sim_models/verilog/CARRY.v:14:10: Implicit port type (wire) for "O",
there are 1 more instances of this message.
[NTE:CP0309] /nfs_eda_sw/softwares/Raptor/instl_dir/11_15_2024_09_15_02/share/raptor/sim_models/rapidsilicon/genesis3/FPGA_PRIMITIVES_MODELS/sim_models/verilog/CLK_BUF.v:12:10: Implicit port type (wire) for "O".
[NTE:CP0309] /nfs_eda_sw/softwares/Raptor/instl_dir/11_15_2024_09_15_02/share/raptor/sim_models/rapidsilicon/genesis3/FPGA_PRIMITIVES_MODELS/sim_models/verilog/DSP19X2.v:25:17: Implicit port type (wire) for "Z1",
there are 3 more instances of this message.
[NTE:CP0309] /nfs_eda_sw/softwares/Raptor/instl_dir/11_15_2024_09_15_02/share/raptor/sim_models/rapidsilicon/genesis3/FPGA_PRIMITIVES_MODELS/sim_models/verilog/DSP38.v:22:17: Implicit port type (wire) for "Z".
[NTE:CP0309] /nfs_eda_sw/softwares/Raptor/instl_dir/11_15_2024_09_15_02/share/raptor/sim_models/rapidsilicon/genesis3/FPGA_PRIMITIVES_MODELS/sim_models/verilog/FCLK_BUF.v:12:10: Implicit port type (wire) for "O".
[NTE:CP0309] /nfs_eda_sw/softwares/Raptor/instl_dir/11_15_2024_09_15_02/share/raptor/sim_models/rapidsilicon/genesis3/FPGA_PRIMITIVES_MODELS/sim_models/verilog/FIFO18KX2.v:28:33: Implicit port type (wire) for "RD_DATA1",
there are 1 more instances of this message.
[NTE:CP0309] /nfs_eda_sw/softwares/Raptor/instl_dir/11_15_2024_09_15_02/share/raptor/sim_models/rapidsilicon/genesis3/FPGA_PRIMITIVES_MODELS/sim_models/verilog/FIFO36K.v:23:32: Implicit port type (wire) for "RD_DATA".
[NTE:CP0309] /nfs_eda_sw/softwares/Raptor/instl_dir/11_15_2024_09_15_02/share/raptor/sim_models/rapidsilicon/genesis3/FPGA_PRIMITIVES_MODELS/sim_models/verilog/I_BUF.v:16:10: Implicit port type (wire) for "O".
[NTE:CP0309] /nfs_eda_sw/softwares/Raptor/instl_dir/11_15_2024_09_15_02/share/raptor/sim_models/rapidsilicon/genesis3/FPGA_PRIMITIVES_MODELS/sim_models/verilog/I_DELAY.v:17:16: Implicit port type (wire) for "DLY_TAP_VALUE",
there are 1 more instances of this message.
[NTE:CP0309] /nfs_eda_sw/softwares/Raptor/instl_dir/11_15_2024_09_15_02/share/raptor/sim_models/rapidsilicon/genesis3/FPGA_PRIMITIVES_MODELS/sim_models/verilog/I_FAB.v:12:10: Implicit port type (wire) for "O".
[NTE:CP0309] /nfs_eda_sw/softwares/Raptor/instl_dir/11_15_2024_09_15_02/share/raptor/sim_models/rapidsilicon/genesis3/FPGA_PRIMITIVES_MODELS/sim_models/verilog/I_SERDES.v:257:10: Implicit port type (wire) for "CLK_OUT",
there are 4 more instances of this message.
[NTE:CP0309] /nfs_eda_sw/softwares/Raptor/instl_dir/11_15_2024_09_15_02/share/raptor/sim_models/rapidsilicon/genesis3/FPGA_PRIMITIVES_MODELS/sim_models/verilog/LUT1.v:14:10: Implicit port type (wire) for "Y".
[NTE:CP0309] /nfs_eda_sw/softwares/Raptor/instl_dir/11_15_2024_09_15_02/share/raptor/sim_models/rapidsilicon/genesis3/FPGA_PRIMITIVES_MODELS/sim_models/verilog/LUT2.v:14:10: Implicit port type (wire) for "Y".
[NTE:CP0309] /nfs_eda_sw/softwares/Raptor/instl_dir/11_15_2024_09_15_02/share/raptor/sim_models/rapidsilicon/genesis3/FPGA_PRIMITIVES_MODELS/sim_models/verilog/LUT3.v:14:10: Implicit port type (wire) for "Y".
[NTE:CP0309] /nfs_eda_sw/softwares/Raptor/instl_dir/11_15_2024_09_15_02/share/raptor/sim_models/rapidsilicon/genesis3/FPGA_PRIMITIVES_MODELS/sim_models/verilog/LUT4.v:15:10: Implicit port type (wire) for "Y".
[NTE:CP0309] /nfs_eda_sw/softwares/Raptor/instl_dir/11_15_2024_09_15_02/share/raptor/sim_models/rapidsilicon/genesis3/FPGA_PRIMITIVES_MODELS/sim_models/verilog/LUT5.v:14:10: Implicit port type (wire) for "Y".
[NTE:CP0309] /nfs_eda_sw/softwares/Raptor/instl_dir/11_15_2024_09_15_02/share/raptor/sim_models/rapidsilicon/genesis3/FPGA_PRIMITIVES_MODELS/sim_models/verilog/LUT6.v:14:10: Implicit port type (wire) for "Y".
[NTE:CP0309] /nfs_eda_sw/softwares/Raptor/instl_dir/11_15_2024_09_15_02/share/raptor/sim_models/rapidsilicon/genesis3/primitives.v:134:12: Implicit port type (wire) for "out".
[NTE:CP0309] /nfs_eda_sw/softwares/Raptor/instl_dir/11_15_2024_09_15_02/share/raptor/sim_models/rapidsilicon/genesis3/primitives.v:215:12: Implicit port type (wire) for "out".
[NTE:CP0309] /nfs_eda_sw/softwares/Raptor/instl_dir/11_15_2024_09_15_02/share/raptor/sim_models/rapidsilicon/genesis3/primitives.v:242:12: Implicit port type (wire) for "out".
[NTE:CP0309] /nfs_eda_sw/softwares/Raptor/instl_dir/11_15_2024_09_15_02/share/raptor/sim_models/rapidsilicon/genesis3/primitives.v:272:12: Implicit port type (wire) for "out".
[NTE:CP0309] /nfs_eda_sw/softwares/Raptor/instl_dir/11_15_2024_09_15_02/share/raptor/sim_models/rapidsilicon/genesis3/primitives.v:304:12: Implicit port type (wire) for "out".
[NTE:CP0309] /nfs_eda_sw/softwares/Raptor/instl_dir/11_15_2024_09_15_02/share/raptor/sim_models/rapidsilicon/genesis3/primitives.v:338:12: Implicit port type (wire) for "out".
[NTE:CP0309] /nfs_eda_sw/softwares/Raptor/instl_dir/11_15_2024_09_15_02/share/raptor/sim_models/rapidsilicon/genesis3/primitives.v:374:12: Implicit port type (wire) for "out".
[NTE:CP0309] /nfs_eda_sw/softwares/Raptor/instl_dir/11_15_2024_09_15_02/share/raptor/sim_models/rapidsilicon/genesis3/FPGA_PRIMITIVES_MODELS/sim_models/verilog/MIPI_RX.v:28:16: Implicit port type (wire) for "DLY_TAP_VALUE",
there are 5 more instances of this message.
[NTE:CP0309] /nfs_eda_sw/softwares/Raptor/instl_dir/11_15_2024_09_15_02/share/raptor/sim_models/rapidsilicon/genesis3/FPGA_PRIMITIVES_MODELS/sim_models/verilog/MIPI_TX.v:30:10: Implicit port type (wire) for "TX_OE",
there are 3 more instances of this message.
[NTE:CP0309] /nfs_eda_sw/softwares/Raptor/instl_dir/11_15_2024_09_15_02/share/raptor/sim_models/rapidsilicon/genesis3/FPGA_PRIMITIVES_MODELS/sim_models/verilog/O_BUF.v:18:10: Implicit port type (wire) for "O".
[NTE:CP0309] /nfs_eda_sw/softwares/Raptor/instl_dir/11_15_2024_09_15_02/share/raptor/sim_models/rapidsilicon/genesis3/FPGA_PRIMITIVES_MODELS/sim_models/verilog/O_BUFT.v:18:10: Implicit port type (wire) for "O".
[NTE:CP0309] /nfs_eda_sw/softwares/Raptor/instl_dir/11_15_2024_09_15_02/share/raptor/sim_models/rapidsilicon/genesis3/FPGA_PRIMITIVES_MODELS/sim_models/verilog/O_BUFT_DS.v:17:10: Implicit port type (wire) for "O_P",
there are 1 more instances of this message.
[NTE:CP0309] /nfs_eda_sw/softwares/Raptor/instl_dir/11_15_2024_09_15_02/share/raptor/sim_models/rapidsilicon/genesis3/FPGA_PRIMITIVES_MODELS/sim_models/verilog/O_BUF_DS.v:17:10: Implicit port type (wire) for "O_P",
there are 1 more instances of this message.
[NTE:CP0309] /nfs_eda_sw/softwares/Raptor/instl_dir/11_15_2024_09_15_02/share/raptor/sim_models/rapidsilicon/genesis3/FPGA_PRIMITIVES_MODELS/sim_models/verilog/O_DELAY.v:17:16: Implicit port type (wire) for "DLY_TAP_VALUE",
there are 1 more instances of this message.
[NTE:CP0309] /nfs_eda_sw/softwares/Raptor/instl_dir/11_15_2024_09_15_02/share/raptor/sim_models/rapidsilicon/genesis3/FPGA_PRIMITIVES_MODELS/sim_models/verilog/O_FAB.v:12:10: Implicit port type (wire) for "O".
[NTE:CP0309] /nfs_eda_sw/softwares/Raptor/instl_dir/11_15_2024_09_15_02/share/raptor/sim_models/rapidsilicon/genesis3/FPGA_PRIMITIVES_MODELS/sim_models/verilog/O_SERDES.v:75:10: Implicit port type (wire) for "OE_OUT",
there are 2 more instances of this message.
[NTE:CP0309] /nfs_eda_sw/softwares/Raptor/instl_dir/11_15_2024_09_15_02/share/raptor/sim_models/rapidsilicon/genesis3/FPGA_PRIMITIVES_MODELS/sim_models/verilog/PLL.v:20:10: Implicit port type (wire) for "CLK_OUT",
there are 5 more instances of this message.
[NTE:CP0309] /nfs_eda_sw/softwares/Raptor/instl_dir/11_15_2024_09_15_02/share/raptor/sim_models/rapidsilicon/genesis3/FPGA_PRIMITIVES_MODELS/sim_models/verilog/SOC_FPGA_INTF_AHB_M.v:19:17: Implicit port type (wire) for "HRDATA",
there are 2 more instances of this message.
[NTE:CP0309] /nfs_eda_sw/softwares/Raptor/instl_dir/11_15_2024_09_15_02/share/raptor/sim_models/rapidsilicon/genesis3/FPGA_PRIMITIVES_MODELS/sim_models/verilog/SOC_FPGA_INTF_AHB_S.v:11:10: Implicit port type (wire) for "HRESETN_I",
there are 10 more instances of this message.
[NTE:CP0309] /nfs_eda_sw/softwares/Raptor/instl_dir/11_15_2024_09_15_02/share/raptor/sim_models/rapidsilicon/genesis3/FPGA_PRIMITIVES_MODELS/sim_models/verilog/SOC_FPGA_INTF_AXI_M0.v:18:10: Implicit port type (wire) for "M0_ARREADY",
there are 11 more instances of this message.
[NTE:CP0309] /nfs_eda_sw/softwares/Raptor/instl_dir/11_15_2024_09_15_02/share/raptor/sim_models/rapidsilicon/genesis3/FPGA_PRIMITIVES_MODELS/sim_models/verilog/SOC_FPGA_INTF_AXI_M1.v:18:10: Implicit port type (wire) for "M1_ARREADY",
there are 11 more instances of this message.
[NTE:CP0309] /nfs_eda_sw/softwares/Raptor/instl_dir/11_15_2024_09_15_02/share/raptor/sim_models/rapidsilicon/genesis3/FPGA_PRIMITIVES_MODELS/sim_models/verilog/SOC_FPGA_INTF_DMA.v:12:16: Implicit port type (wire) for "DMA_ACK".
[NTE:CP0309] /nfs_eda_sw/softwares/Raptor/instl_dir/11_15_2024_09_15_02/share/raptor/sim_models/rapidsilicon/genesis3/FPGA_PRIMITIVES_MODELS/sim_models/verilog/SOC_FPGA_INTF_IRQ.v:12:17: Implicit port type (wire) for "IRQ_SET".
[NTE:CP0309] /nfs_eda_sw/softwares/Raptor/instl_dir/11_15_2024_09_15_02/share/raptor/sim_models/rapidsilicon/genesis3/primitives.v:538:12: Implicit port type (wire) for "cout",
there are 1 more instances of this message.
[NTE:CP0309] /nfs_eda_sw/softwares/Raptor/instl_dir/11_15_2024_09_15_02/share/raptor/sim_models/rapidsilicon/genesis3/FPGA_PRIMITIVES_MODELS/sim_models/verilog/adder_carry.v:7:32: Implicit port type (wire) for "sumout",
there are 1 more instances of this message.
[NTE:CP0309] /nfs_eda_sw/softwares/Raptor/instl_dir/11_15_2024_09_15_02/share/raptor/sim_models/rapidsilicon/genesis3/FPGA_PRIMITIVES_MODELS/sim_models/verilog/I_SERDES.v:154:35: Implicit port type (wire) for "wr_full",
there are 1 more instances of this message.
[NTE:CP0309] /nfs_scratch/scratch/CompilerValidation/abdul_hameed/Validation/RTL_testcases/io_constraint_testcases/and2/results_dir/and2/run_1/synth_1_1/impl_1_1_1/routing/fabric_and2_post_route.v:9:12: Implicit port type (wire) for "$f2g_tx_out_$obuf_c",
there are 7 more instances of this message.
[NTE:CP0309] /nfs_eda_sw/softwares/Raptor/instl_dir/11_15_2024_09_15_02/share/raptor/sim_models/rapidsilicon/genesis3/primitives.v:495:12: Implicit port type (wire) for "dataout".
[NTE:CP0309] /nfs_eda_sw/softwares/Raptor/instl_dir/11_15_2024_09_15_02/share/raptor/sim_models/rapidsilicon/genesis3/primitives.v:563:26: Implicit port type (wire) for "out".
[NTE:CP0309] /nfs_eda_sw/softwares/Raptor/instl_dir/11_15_2024_09_15_02/share/raptor/sim_models/rapidsilicon/genesis3/primitives.v:524:12: Implicit port type (wire) for "z".
[NTE:CP0309] /nfs_eda_sw/softwares/Raptor/instl_dir/11_15_2024_09_15_02/share/raptor/sim_models/rapidsilicon/genesis3/FPGA_PRIMITIVES_MODELS/sim_models/verilog/I_SERDES.v:18:29: Implicit port type (wire) for "wptr_reg",
there are 1 more instances of this message.
[INF:EL0526] Design Elaboration...
[INF:CP0335] /nfs_eda_sw/softwares/Raptor/instl_dir/11_15_2024_09_15_02/share/raptor/sim_models/rapidsilicon/genesis3/primitives.v:186:14: Compile generate block "work@fabric_and2.lut_$abc$1018$abc$970$li2_li2.genblk1".
[INF:CP0335] /nfs_eda_sw/softwares/Raptor/instl_dir/11_15_2024_09_15_02/share/raptor/sim_models/rapidsilicon/genesis3/primitives.v:187:13: Compile generate block "work@fabric_and2.lut_$abc$1018$abc$970$li2_li2.genblk1.genblk1".
[INF:CP0335] /nfs_eda_sw/softwares/Raptor/instl_dir/11_15_2024_09_15_02/share/raptor/sim_models/rapidsilicon/genesis3/primitives.v:186:14: Compile generate block "work@fabric_and2.lut_$abc$1018$abc$970$li1_li1.genblk1".
[INF:CP0335] /nfs_eda_sw/softwares/Raptor/instl_dir/11_15_2024_09_15_02/share/raptor/sim_models/rapidsilicon/genesis3/primitives.v:187:13: Compile generate block "work@fabric_and2.lut_$abc$1018$abc$970$li1_li1.genblk1.genblk1".
[INF:CP0335] /nfs_eda_sw/softwares/Raptor/instl_dir/11_15_2024_09_15_02/share/raptor/sim_models/rapidsilicon/genesis3/primitives.v:186:14: Compile generate block "work@fabric_and2.lut_$f2g_tx_out_$obuf_c.genblk1".
[INF:CP0335] /nfs_eda_sw/softwares/Raptor/instl_dir/11_15_2024_09_15_02/share/raptor/sim_models/rapidsilicon/genesis3/primitives.v:187:13: Compile generate block "work@fabric_and2.lut_$f2g_tx_out_$obuf_c.genblk1.genblk1".
[INF:CP0335] /nfs_eda_sw/softwares/Raptor/instl_dir/11_15_2024_09_15_02/share/raptor/sim_models/rapidsilicon/genesis3/primitives.v:186:14: Compile generate block "work@fabric_and2.lut_$true.genblk1".
[INF:CP0335] /nfs_eda_sw/softwares/Raptor/instl_dir/11_15_2024_09_15_02/share/raptor/sim_models/rapidsilicon/genesis3/primitives.v:187:13: Compile generate block "work@fabric_and2.lut_$true.genblk1.genblk1".
[INF:CP0335] /nfs_eda_sw/softwares/Raptor/instl_dir/11_15_2024_09_15_02/share/raptor/sim_models/rapidsilicon/genesis3/primitives.v:186:14: Compile generate block "work@fabric_and2.lut_$abc$1018$abc$970$li6_li6.genblk1".
[INF:CP0335] /nfs_eda_sw/softwares/Raptor/instl_dir/11_15_2024_09_15_02/share/raptor/sim_models/rapidsilicon/genesis3/primitives.v:187:13: Compile generate block "work@fabric_and2.lut_$abc$1018$abc$970$li6_li6.genblk1.genblk1".
[INF:CP0335] /nfs_eda_sw/softwares/Raptor/instl_dir/11_15_2024_09_15_02/share/raptor/sim_models/rapidsilicon/genesis3/primitives.v:186:14: Compile generate block "work@fabric_and2.lut_$abc$1018$abc$970$li7_li7.genblk1".
[INF:CP0335] /nfs_eda_sw/softwares/Raptor/instl_dir/11_15_2024_09_15_02/share/raptor/sim_models/rapidsilicon/genesis3/primitives.v:187:13: Compile generate block "work@fabric_and2.lut_$abc$1018$abc$970$li7_li7.genblk1.genblk1".
[INF:CP0335] /nfs_eda_sw/softwares/Raptor/instl_dir/11_15_2024_09_15_02/share/raptor/sim_models/rapidsilicon/genesis3/primitives.v:186:14: Compile generate block "work@fabric_and2.lut_$abc$1018$abc$970$li4_li4.genblk1".
[INF:CP0335] /nfs_eda_sw/softwares/Raptor/instl_dir/11_15_2024_09_15_02/share/raptor/sim_models/rapidsilicon/genesis3/primitives.v:187:13: Compile generate block "work@fabric_and2.lut_$abc$1018$abc$970$li4_li4.genblk1.genblk1".
[INF:CP0335] /nfs_eda_sw/softwares/Raptor/instl_dir/11_15_2024_09_15_02/share/raptor/sim_models/rapidsilicon/genesis3/primitives.v:186:14: Compile generate block "work@fabric_and2.lut_$abc$1018$abc$970$li5_li5.genblk1".
[INF:CP0335] /nfs_eda_sw/softwares/Raptor/instl_dir/11_15_2024_09_15_02/share/raptor/sim_models/rapidsilicon/genesis3/primitives.v:187:13: Compile generate block "work@fabric_and2.lut_$abc$1018$abc$970$li5_li5.genblk1.genblk1".
[INF:CP0335] /nfs_eda_sw/softwares/Raptor/instl_dir/11_15_2024_09_15_02/share/raptor/sim_models/rapidsilicon/genesis3/primitives.v:186:14: Compile generate block "work@fabric_and2.lut_$auto_1721.genblk1".
[INF:CP0335] /nfs_eda_sw/softwares/Raptor/instl_dir/11_15_2024_09_15_02/share/raptor/sim_models/rapidsilicon/genesis3/primitives.v:187:13: Compile generate block "work@fabric_and2.lut_$auto_1721.genblk1.genblk1".
[INF:CP0335] /nfs_eda_sw/softwares/Raptor/instl_dir/11_15_2024_09_15_02/share/raptor/sim_models/rapidsilicon/genesis3/primitives.v:186:14: Compile generate block "work@fabric_and2.lut_$auto_1720.genblk1".
[INF:CP0335] /nfs_eda_sw/softwares/Raptor/instl_dir/11_15_2024_09_15_02/share/raptor/sim_models/rapidsilicon/genesis3/primitives.v:187:13: Compile generate block "work@fabric_and2.lut_$auto_1720.genblk1.genblk1".
[INF:CP0335] /nfs_eda_sw/softwares/Raptor/instl_dir/11_15_2024_09_15_02/share/raptor/sim_models/rapidsilicon/genesis3/primitives.v:194:14: Compile generate block "work@fabric_and2.lut_$abc$1686$new_new_n26__.genblk1".
[INF:CP0335] /nfs_eda_sw/softwares/Raptor/instl_dir/11_15_2024_09_15_02/share/raptor/sim_models/rapidsilicon/genesis3/primitives.v:195:13: Compile generate block "work@fabric_and2.lut_$abc$1686$new_new_n26__.genblk1.genblk1".
[INF:CP0335] /nfs_eda_sw/softwares/Raptor/instl_dir/11_15_2024_09_15_02/share/raptor/sim_models/rapidsilicon/genesis3/primitives.v:194:14: Compile generate block "work@fabric_and2.lut_$abc$1686$new_new_n25__.genblk1".
[INF:CP0335] /nfs_eda_sw/softwares/Raptor/instl_dir/11_15_2024_09_15_02/share/raptor/sim_models/rapidsilicon/genesis3/primitives.v:195:13: Compile generate block "work@fabric_and2.lut_$abc$1686$new_new_n25__.genblk1.genblk1".
[INF:CP0335] /nfs_eda_sw/softwares/Raptor/instl_dir/11_15_2024_09_15_02/share/raptor/sim_models/rapidsilicon/genesis3/primitives.v:186:14: Compile generate block "work@fabric_and2.lut_$abc$1018$abc$970$li3_li3.genblk1".
[INF:CP0335] /nfs_eda_sw/softwares/Raptor/instl_dir/11_15_2024_09_15_02/share/raptor/sim_models/rapidsilicon/genesis3/primitives.v:187:13: Compile generate block "work@fabric_and2.lut_$abc$1018$abc$970$li3_li3.genblk1.genblk1".
[INF:CP0335] /nfs_eda_sw/softwares/Raptor/instl_dir/11_15_2024_09_15_02/share/raptor/sim_models/rapidsilicon/genesis3/primitives.v:186:14: Compile generate block "work@fabric_and2.lut_$abc$1018$abc$970$li0_li0.genblk1".
[INF:CP0335] /nfs_eda_sw/softwares/Raptor/instl_dir/11_15_2024_09_15_02/share/raptor/sim_models/rapidsilicon/genesis3/primitives.v:187:13: Compile generate block "work@fabric_and2.lut_$abc$1018$abc$970$li0_li0.genblk1.genblk1".
[INF:CP0335] /nfs_eda_sw/softwares/Raptor/instl_dir/11_15_2024_09_15_02/share/raptor/sim_models/rapidsilicon/genesis3/primitives.v:186:14: Compile generate block "work@fabric_and2.lut_$auto_1719.genblk1".
[INF:CP0335] /nfs_eda_sw/softwares/Raptor/instl_dir/11_15_2024_09_15_02/share/raptor/sim_models/rapidsilicon/genesis3/primitives.v:187:13: Compile generate block "work@fabric_and2.lut_$auto_1719.genblk1.genblk1".
[INF:CP0335] /nfs_eda_sw/softwares/Raptor/instl_dir/11_15_2024_09_15_02/share/raptor/sim_models/rapidsilicon/genesis3/primitives.v:186:14: Compile generate block "work@fabric_and2.lut_$auto_1718.genblk1".
[INF:CP0335] /nfs_eda_sw/softwares/Raptor/instl_dir/11_15_2024_09_15_02/share/raptor/sim_models/rapidsilicon/genesis3/primitives.v:187:13: Compile generate block "work@fabric_and2.lut_$auto_1718.genblk1.genblk1".
[INF:CP0335] /nfs_eda_sw/softwares/Raptor/instl_dir/11_15_2024_09_15_02/share/raptor/sim_models/rapidsilicon/genesis3/primitives.v:186:14: Compile generate block "work@fabric_and2.lut_$auto_1716.genblk1".
[INF:CP0335] /nfs_eda_sw/softwares/Raptor/instl_dir/11_15_2024_09_15_02/share/raptor/sim_models/rapidsilicon/genesis3/primitives.v:187:13: Compile generate block "work@fabric_and2.lut_$auto_1716.genblk1.genblk1".
[INF:CP0335] /nfs_eda_sw/softwares/Raptor/instl_dir/11_15_2024_09_15_02/share/raptor/sim_models/rapidsilicon/genesis3/primitives.v:186:14: Compile generate block "work@fabric_and2.lut_$auto_1717.genblk1".
[INF:CP0335] /nfs_eda_sw/softwares/Raptor/instl_dir/11_15_2024_09_15_02/share/raptor/sim_models/rapidsilicon/genesis3/primitives.v:187:13: Compile generate block "work@fabric_and2.lut_$auto_1717.genblk1.genblk1".
[INF:CP0335] /nfs_eda_sw/softwares/Raptor/instl_dir/11_15_2024_09_15_02/share/raptor/sim_models/rapidsilicon/genesis3/primitives.v:186:14: Compile generate block "work@fabric_and2.lut_$auto_1722.genblk1".
[INF:CP0335] /nfs_eda_sw/softwares/Raptor/instl_dir/11_15_2024_09_15_02/share/raptor/sim_models/rapidsilicon/genesis3/primitives.v:187:13: Compile generate block "work@fabric_and2.lut_$auto_1722.genblk1.genblk1".
[NTE:EL0503] /nfs_scratch/scratch/CompilerValidation/abdul_hameed/Validation/RTL_testcases/io_constraint_testcases/and2/results_dir/and2/run_1/synth_1_1/impl_1_1_1/routing/fabric_and2_post_route.v:2:1: Top level module "work@fabric_and2".
[NTE:EL0508] Nb Top level modules: 1.
[NTE:EL0509] Max instance depth: 4.
[NTE:EL0510] Nb instances: 149.
[NTE:EL0511] Nb leaf instances: 129.
[INF:UH0706] Creating UHDM Model...
[INF:UH0708] Writing UHDM DB: /nfs_scratch/scratch/CompilerValidation/abdul_hameed/Validation/RTL_testcases/io_constraint_testcases/and2/results_dir/and2/run_1/synth_1_1/impl_1_1_1/simulate_pnr/and2/slpp_all/surelog.uhdm ...
[  FATAL] : 0
[ SYNTAX] : 0
[  ERROR] : 0
[WARNING] : 13
[   NOTE] : 53
