/*******************************************************************************
Copyright (c) 2022-2024 Rapid Silicon
This source code contains proprietary information belonging to Rapid Silicon
(the "licensor") released under license and non-disclosure agreement to the
recipient (the "licensee").

The information shared and protected by the license and non-disclosure agreement
includes but is not limited to the following:
* operational algorithms of the product
* logos, graphics, source code, and visual presentation of the product
* confidential operational information of the licensor

The recipient of this source code is NOT permitted to publicly disclose,
re-use, archive beyond the period of the license agreement, transfer to a
sub-licensee, or re-implement any portion of the content covered by the license
and non-disclosure agreement without the prior written consent of the licensor.
*********************************************************************************/

Version  : 2024.02
Build    : 0.9.30
Hash     : 9824168
Date     : Feb  1 2024
Type     : Engineering
Log Time   : Thu Feb  1 12:26:11 2024 GMT
#Timing report of worst 18 path(s)
# Unit scale: 1e-09 seconds
# Output precision: 3

# Logical Levels: 5
# Timing Graph Levels: 8

#Path 1
Startpoint: $auto$memory_libmap.cc:1544:generate_mux$93[1].Q[0] (dffre clocked by clkB)
Endpoint  : $auto$memory_libmap.cc:2266:execute$81[7].D[0] (dffre clocked by clkB)
Path Type : setup

Point                                                                              Incr      Path
-------------------------------------------------------------------------------------------------
clock clkB (rise edge)                                                            0.000     0.000
clock source latency                                                              0.000     0.000
clkB.inpad[0] (.input)                                                            0.000     0.000
$auto$memory_libmap.cc:1544:generate_mux$93[1].C[0] (dffre)                       0.894     0.894
$auto$memory_libmap.cc:1544:generate_mux$93[1].Q[0] (dffre) [clock-to-output]     0.154     1.048
$abc$4367$new_new_n150__.in[0] (.names)                                           0.305     1.353
$abc$4367$new_new_n150__.out[0] (.names)                                          0.218     1.571
doutB[7].in[1] (.names)                                                           0.308     1.879
doutB[7].out[0] (.names)                                                          0.218     2.097
$auto$memory_libmap.cc:2266:execute$81[7].D[0] (dffre)                            0.221     2.318
data arrival time                                                                           2.318

clock clkB (rise edge)                                                            2.500     2.500
clock source latency                                                              0.000     2.500
clkB.inpad[0] (.input)                                                            0.000     2.500
$auto$memory_libmap.cc:2266:execute$81[7].C[0] (dffre)                            0.894     3.394
clock uncertainty                                                                 0.000     3.394
cell setup time                                                                  -0.032     3.363
data required time                                                                          3.363
-------------------------------------------------------------------------------------------------
data required time                                                                          3.363
data arrival time                                                                          -2.318
-------------------------------------------------------------------------------------------------
slack (MET)                                                                                 1.045


#Path 2
Startpoint: $auto$memory_libmap.cc:1544:generate_mux$93[0].Q[0] (dffre clocked by clkB)
Endpoint  : $auto$memory_libmap.cc:2266:execute$81[5].D[0] (dffre clocked by clkB)
Path Type : setup

Point                                                                              Incr      Path
-------------------------------------------------------------------------------------------------
clock clkB (rise edge)                                                            0.000     0.000
clock source latency                                                              0.000     0.000
clkB.inpad[0] (.input)                                                            0.000     0.000
$auto$memory_libmap.cc:1544:generate_mux$93[0].C[0] (dffre)                       0.894     0.894
$auto$memory_libmap.cc:1544:generate_mux$93[0].Q[0] (dffre) [clock-to-output]     0.154     1.048
$abc$4367$new_new_n153__.in[1] (.names)                                           0.305     1.353
$abc$4367$new_new_n153__.out[0] (.names)                                          0.136     1.489
doutB[5].in[1] (.names)                                                           0.366     1.854
doutB[5].out[0] (.names)                                                          0.136     1.990
$auto$memory_libmap.cc:2266:execute$81[5].D[0] (dffre)                            0.303     2.293
data arrival time                                                                           2.293

clock clkB (rise edge)                                                            2.500     2.500
clock source latency                                                              0.000     2.500
clkB.inpad[0] (.input)                                                            0.000     2.500
$auto$memory_libmap.cc:2266:execute$81[5].C[0] (dffre)                            0.894     3.394
clock uncertainty                                                                 0.000     3.394
cell setup time                                                                  -0.032     3.363
data required time                                                                          3.363
-------------------------------------------------------------------------------------------------
data required time                                                                          3.363
data arrival time                                                                          -2.293
-------------------------------------------------------------------------------------------------
slack (MET)                                                                                 1.070


#Path 3
Startpoint: $auto$memory_libmap.cc:1544:generate_mux$114[1].Q[0] (dffre clocked by clkA)
Endpoint  : $auto$memory_libmap.cc:2266:execute$88[3].D[0] (dffre clocked by clkA)
Path Type : setup

Point                                                                               Incr      Path
--------------------------------------------------------------------------------------------------
clock clkA (rise edge)                                                             0.000     0.000
clock source latency                                                               0.000     0.000
clkA.inpad[0] (.input)                                                             0.000     0.000
$auto$memory_libmap.cc:1544:generate_mux$114[1].C[0] (dffre)                       0.894     0.894
$auto$memory_libmap.cc:1544:generate_mux$114[1].Q[0] (dffre) [clock-to-output]     0.154     1.048
$abc$4367$new_new_n167__.in[1] (.names)                                            0.305     1.353
$abc$4367$new_new_n167__.out[0] (.names)                                           0.218     1.571
doutA[3].in[1] (.names)                                                            0.085     1.656
doutA[3].out[0] (.names)                                                           0.218     1.874
$auto$memory_libmap.cc:2266:execute$88[3].D[0] (dffre)                             0.407     2.281
data arrival time                                                                            2.281

clock clkA (rise edge)                                                             2.500     2.500
clock source latency                                                               0.000     2.500
clkA.inpad[0] (.input)                                                             0.000     2.500
$auto$memory_libmap.cc:2266:execute$88[3].C[0] (dffre)                             0.894     3.394
clock uncertainty                                                                  0.000     3.394
cell setup time                                                                   -0.032     3.363
data required time                                                                           3.363
--------------------------------------------------------------------------------------------------
data required time                                                                           3.363
data arrival time                                                                           -2.281
--------------------------------------------------------------------------------------------------
slack (MET)                                                                                  1.081


#Path 4
Startpoint: $auto$memory_libmap.cc:1544:generate_mux$114[1].Q[0] (dffre clocked by clkA)
Endpoint  : $auto$memory_libmap.cc:2266:execute$88[0].D[0] (dffre clocked by clkA)
Path Type : setup

Point                                                                               Incr      Path
--------------------------------------------------------------------------------------------------
clock clkA (rise edge)                                                             0.000     0.000
clock source latency                                                               0.000     0.000
clkA.inpad[0] (.input)                                                             0.000     0.000
$auto$memory_libmap.cc:1544:generate_mux$114[1].C[0] (dffre)                       0.894     0.894
$auto$memory_libmap.cc:1544:generate_mux$114[1].Q[0] (dffre) [clock-to-output]     0.154     1.048
$abc$4367$new_new_n163__.in[1] (.names)                                            0.305     1.353
$abc$4367$new_new_n163__.out[0] (.names)                                           0.148     1.501
doutA[0].in[1] (.names)                                                            0.367     1.868
doutA[0].out[0] (.names)                                                           0.099     1.967
$auto$memory_libmap.cc:2266:execute$88[0].D[0] (dffre)                             0.303     2.270
data arrival time                                                                            2.270

clock clkA (rise edge)                                                             2.500     2.500
clock source latency                                                               0.000     2.500
clkA.inpad[0] (.input)                                                             0.000     2.500
$auto$memory_libmap.cc:2266:execute$88[0].C[0] (dffre)                             0.894     3.394
clock uncertainty                                                                  0.000     3.394
cell setup time                                                                   -0.032     3.363
data required time                                                                           3.363
--------------------------------------------------------------------------------------------------
data required time                                                                           3.363
data arrival time                                                                           -2.270
--------------------------------------------------------------------------------------------------
slack (MET)                                                                                  1.092


#Path 5
Startpoint: $auto$memory_libmap.cc:1544:generate_mux$114[1].Q[0] (dffre clocked by clkA)
Endpoint  : $auto$memory_libmap.cc:2266:execute$88[5].D[0] (dffre clocked by clkA)
Path Type : setup

Point                                                                               Incr      Path
--------------------------------------------------------------------------------------------------
clock clkA (rise edge)                                                             0.000     0.000
clock source latency                                                               0.000     0.000
clkA.inpad[0] (.input)                                                             0.000     0.000
$auto$memory_libmap.cc:1544:generate_mux$114[1].C[0] (dffre)                       0.894     0.894
$auto$memory_libmap.cc:1544:generate_mux$114[1].Q[0] (dffre) [clock-to-output]     0.154     1.048
$abc$4367$new_new_n133__.in[0] (.names)                                            0.305     1.353
$abc$4367$new_new_n133__.out[0] (.names)                                           0.148     1.501
doutA[5].in[2] (.names)                                                            0.308     1.809
doutA[5].out[0] (.names)                                                           0.218     2.027
$auto$memory_libmap.cc:2266:execute$88[5].D[0] (dffre)                             0.233     2.260
data arrival time                                                                            2.260

clock clkA (rise edge)                                                             2.500     2.500
clock source latency                                                               0.000     2.500
clkA.inpad[0] (.input)                                                             0.000     2.500
$auto$memory_libmap.cc:2266:execute$88[5].C[0] (dffre)                             0.894     3.394
clock uncertainty                                                                  0.000     3.394
cell setup time                                                                   -0.032     3.363
data required time                                                                           3.363
--------------------------------------------------------------------------------------------------
data required time                                                                           3.363
data arrival time                                                                           -2.260
--------------------------------------------------------------------------------------------------
slack (MET)                                                                                  1.103


#Path 6
Startpoint: $auto$memory_libmap.cc:1544:generate_mux$114[0].Q[0] (dffre clocked by clkA)
Endpoint  : $auto$memory_libmap.cc:2266:execute$88[8].D[0] (dffre clocked by clkA)
Path Type : setup

Point                                                                               Incr      Path
--------------------------------------------------------------------------------------------------
clock clkA (rise edge)                                                             0.000     0.000
clock source latency                                                               0.000     0.000
clkA.inpad[0] (.input)                                                             0.000     0.000
$auto$memory_libmap.cc:1544:generate_mux$114[0].C[0] (dffre)                       0.894     0.894
$auto$memory_libmap.cc:1544:generate_mux$114[0].Q[0] (dffre) [clock-to-output]     0.154     1.048
$abc$4367$new_new_n174__.in[0] (.names)                                            0.308     1.356
$abc$4367$new_new_n174__.out[0] (.names)                                           0.136     1.492
doutA[8].in[1] (.names)                                                            0.085     1.577
doutA[8].out[0] (.names)                                                           0.218     1.795
$auto$memory_libmap.cc:2266:execute$88[8].D[0] (dffre)                             0.456     2.250
data arrival time                                                                            2.250

clock clkA (rise edge)                                                             2.500     2.500
clock source latency                                                               0.000     2.500
clkA.inpad[0] (.input)                                                             0.000     2.500
$auto$memory_libmap.cc:2266:execute$88[8].C[0] (dffre)                             0.894     3.394
clock uncertainty                                                                  0.000     3.394
cell setup time                                                                   -0.032     3.363
data required time                                                                           3.363
--------------------------------------------------------------------------------------------------
data required time                                                                           3.363
data arrival time                                                                           -2.250
--------------------------------------------------------------------------------------------------
slack (MET)                                                                                  1.112


#Path 7
Startpoint: $auto$memory_libmap.cc:2266:execute$88[6].Q[0] (dffre clocked by clkA)
Endpoint  : $auto$memory_libmap.cc:2266:execute$88[6].D[0] (dffre clocked by clkA)
Path Type : setup

Point                                                                         Incr      Path
--------------------------------------------------------------------------------------------
clock clkA (rise edge)                                                       0.000     0.000
clock source latency                                                         0.000     0.000
clkA.inpad[0] (.input)                                                       0.000     0.000
$auto$memory_libmap.cc:2266:execute$88[6].C[0] (dffre)                       0.894     0.894
$auto$memory_libmap.cc:2266:execute$88[6].Q[0] (dffre) [clock-to-output]     0.154     1.048
doutA[6].in[2] (.names)                                                      0.424     1.472
doutA[6].out[0] (.names)                                                     0.136     1.607
$auto$memory_libmap.cc:2266:execute$88[6].D[0] (dffre)                       0.584     2.191
data arrival time                                                                      2.191

clock clkA (rise edge)                                                       2.500     2.500
clock source latency                                                         0.000     2.500
clkA.inpad[0] (.input)                                                       0.000     2.500
$auto$memory_libmap.cc:2266:execute$88[6].C[0] (dffre)                       0.894     3.394
clock uncertainty                                                            0.000     3.394
cell setup time                                                             -0.032     3.363
data required time                                                                     3.363
--------------------------------------------------------------------------------------------
data required time                                                                     3.363
data arrival time                                                                     -2.191
--------------------------------------------------------------------------------------------
slack (MET)                                                                            1.172


#Path 8
Startpoint: $auto$memory_libmap.cc:1544:generate_mux$93[0].Q[0] (dffre clocked by clkB)
Endpoint  : $auto$memory_libmap.cc:2266:execute$81[3].D[0] (dffre clocked by clkB)
Path Type : setup

Point                                                                              Incr      Path
-------------------------------------------------------------------------------------------------
clock clkB (rise edge)                                                            0.000     0.000
clock source latency                                                              0.000     0.000
clkB.inpad[0] (.input)                                                            0.000     0.000
$auto$memory_libmap.cc:1544:generate_mux$93[0].C[0] (dffre)                       0.894     0.894
$auto$memory_libmap.cc:1544:generate_mux$93[0].Q[0] (dffre) [clock-to-output]     0.154     1.048
$abc$4367$new_new_n155__.in[1] (.names)                                           0.247     1.295
$abc$4367$new_new_n155__.out[0] (.names)                                          0.148     1.443
doutB[3].in[1] (.names)                                                           0.085     1.528
doutB[3].out[0] (.names)                                                          0.135     1.664
$auto$memory_libmap.cc:2266:execute$81[3].D[0] (dffre)                            0.501     2.165
data arrival time                                                                           2.165

clock clkB (rise edge)                                                            2.500     2.500
clock source latency                                                              0.000     2.500
clkB.inpad[0] (.input)                                                            0.000     2.500
$auto$memory_libmap.cc:2266:execute$81[3].C[0] (dffre)                            0.894     3.394
clock uncertainty                                                                 0.000     3.394
cell setup time                                                                  -0.032     3.363
data required time                                                                          3.363
-------------------------------------------------------------------------------------------------
data required time                                                                          3.363
data arrival time                                                                          -2.165
-------------------------------------------------------------------------------------------------
slack (MET)                                                                                 1.198


#Path 9
Startpoint: $auto$memory_libmap.cc:1544:generate_mux$93[0].Q[0] (dffre clocked by clkB)
Endpoint  : $auto$memory_libmap.cc:2266:execute$81[4].D[0] (dffre clocked by clkB)
Path Type : setup

Point                                                                              Incr      Path
-------------------------------------------------------------------------------------------------
clock clkB (rise edge)                                                            0.000     0.000
clock source latency                                                              0.000     0.000
clkB.inpad[0] (.input)                                                            0.000     0.000
$auto$memory_libmap.cc:1544:generate_mux$93[0].C[0] (dffre)                       0.894     0.894
$auto$memory_libmap.cc:1544:generate_mux$93[0].Q[0] (dffre) [clock-to-output]     0.154     1.048
$abc$4367$new_new_n138__.in[1] (.names)                                           0.247     1.295
$abc$4367$new_new_n138__.out[0] (.names)                                          0.148     1.443
doutB[4].in[1] (.names)                                                           0.085     1.528
doutB[4].out[0] (.names)                                                          0.099     1.627
$auto$memory_libmap.cc:2266:execute$81[4].D[0] (dffre)                            0.526     2.153
data arrival time                                                                           2.153

clock clkB (rise edge)                                                            2.500     2.500
clock source latency                                                              0.000     2.500
clkB.inpad[0] (.input)                                                            0.000     2.500
$auto$memory_libmap.cc:2266:execute$81[4].C[0] (dffre)                            0.894     3.394
clock uncertainty                                                                 0.000     3.394
cell setup time                                                                  -0.032     3.363
data required time                                                                          3.363
-------------------------------------------------------------------------------------------------
data required time                                                                          3.363
data arrival time                                                                          -2.153
-------------------------------------------------------------------------------------------------
slack (MET)                                                                                 1.210


#Path 10
Startpoint: $auto$memory_libmap.cc:1544:generate_mux$93[1].Q[0] (dffre clocked by clkB)
Endpoint  : $auto$memory_libmap.cc:2266:execute$81[8].D[0] (dffre clocked by clkB)
Path Type : setup

Point                                                                              Incr      Path
-------------------------------------------------------------------------------------------------
clock clkB (rise edge)                                                            0.000     0.000
clock source latency                                                              0.000     0.000
clkB.inpad[0] (.input)                                                            0.000     0.000
$auto$memory_libmap.cc:1544:generate_mux$93[1].C[0] (dffre)                       0.894     0.894
$auto$memory_libmap.cc:1544:generate_mux$93[1].Q[0] (dffre) [clock-to-output]     0.154     1.048
$abc$4367$new_new_n165__.in[0] (.names)                                           0.305     1.353
$abc$4367$new_new_n165__.out[0] (.names)                                          0.148     1.501
doutB[8].in[1] (.names)                                                           0.247     1.748
doutB[8].out[0] (.names)                                                          0.148     1.895
$auto$memory_libmap.cc:2266:execute$81[8].D[0] (dffre)                            0.221     2.116
data arrival time                                                                           2.116

clock clkB (rise edge)                                                            2.500     2.500
clock source latency                                                              0.000     2.500
clkB.inpad[0] (.input)                                                            0.000     2.500
$auto$memory_libmap.cc:2266:execute$81[8].C[0] (dffre)                            0.894     3.394
clock uncertainty                                                                 0.000     3.394
cell setup time                                                                  -0.032     3.363
data required time                                                                          3.363
-------------------------------------------------------------------------------------------------
data required time                                                                          3.363
data arrival time                                                                          -2.116
-------------------------------------------------------------------------------------------------
slack (MET)                                                                                 1.247


#Path 11
Startpoint: $auto$memory_libmap.cc:1544:generate_mux$114[1].Q[0] (dffre clocked by clkA)
Endpoint  : $auto$memory_libmap.cc:2266:execute$88[4].D[0] (dffre clocked by clkA)
Path Type : setup

Point                                                                               Incr      Path
--------------------------------------------------------------------------------------------------
clock clkA (rise edge)                                                             0.000     0.000
clock source latency                                                               0.000     0.000
clkA.inpad[0] (.input)                                                             0.000     0.000
$auto$memory_libmap.cc:1544:generate_mux$114[1].C[0] (dffre)                       0.894     0.894
$auto$memory_libmap.cc:1544:generate_mux$114[1].Q[0] (dffre) [clock-to-output]     0.154     1.048
$abc$4367$new_new_n143__.in[1] (.names)                                            0.247     1.295
$abc$4367$new_new_n143__.out[0] (.names)                                           0.136     1.431
doutA[4].in[1] (.names)                                                            0.085     1.516
doutA[4].out[0] (.names)                                                           0.135     1.651
$auto$memory_libmap.cc:2266:execute$88[4].D[0] (dffre)                             0.456     2.107
data arrival time                                                                            2.107

clock clkA (rise edge)                                                             2.500     2.500
clock source latency                                                               0.000     2.500
clkA.inpad[0] (.input)                                                             0.000     2.500
$auto$memory_libmap.cc:2266:execute$88[4].C[0] (dffre)                             0.894     3.394
clock uncertainty                                                                  0.000     3.394
cell setup time                                                                   -0.032     3.363
data required time                                                                           3.363
--------------------------------------------------------------------------------------------------
data required time                                                                           3.363
data arrival time                                                                           -2.107
--------------------------------------------------------------------------------------------------
slack (MET)                                                                                  1.256


#Path 12
Startpoint: $auto$memory_libmap.cc:1544:generate_mux$114[0].Q[0] (dffre clocked by clkA)
Endpoint  : $auto$memory_libmap.cc:2266:execute$88[1].D[0] (dffre clocked by clkA)
Path Type : setup

Point                                                                               Incr      Path
--------------------------------------------------------------------------------------------------
clock clkA (rise edge)                                                             0.000     0.000
clock source latency                                                               0.000     0.000
clkA.inpad[0] (.input)                                                             0.000     0.000
$auto$memory_libmap.cc:1544:generate_mux$114[0].C[0] (dffre)                       0.894     0.894
$auto$memory_libmap.cc:1544:generate_mux$114[0].Q[0] (dffre) [clock-to-output]     0.154     1.048
$abc$4367$new_new_n159__.in[0] (.names)                                            0.305     1.353
$abc$4367$new_new_n159__.out[0] (.names)                                           0.218     1.571
doutA[1].in[1] (.names)                                                            0.085     1.656
doutA[1].out[0] (.names)                                                           0.218     1.874
$auto$memory_libmap.cc:2266:execute$88[1].D[0] (dffre)                             0.221     2.095
data arrival time                                                                            2.095

clock clkA (rise edge)                                                             2.500     2.500
clock source latency                                                               0.000     2.500
clkA.inpad[0] (.input)                                                             0.000     2.500
$auto$memory_libmap.cc:2266:execute$88[1].C[0] (dffre)                             0.894     3.394
clock uncertainty                                                                  0.000     3.394
cell setup time                                                                   -0.032     3.363
data required time                                                                           3.363
--------------------------------------------------------------------------------------------------
data required time                                                                           3.363
data arrival time                                                                           -2.095
--------------------------------------------------------------------------------------------------
slack (MET)                                                                                  1.268


#Path 13
Startpoint: $auto$memory_libmap.cc:1544:generate_mux$93[1].Q[0] (dffre clocked by clkB)
Endpoint  : $auto$memory_libmap.cc:2266:execute$81[0].D[0] (dffre clocked by clkB)
Path Type : setup

Point                                                                              Incr      Path
-------------------------------------------------------------------------------------------------
clock clkB (rise edge)                                                            0.000     0.000
clock source latency                                                              0.000     0.000
clkB.inpad[0] (.input)                                                            0.000     0.000
$auto$memory_libmap.cc:1544:generate_mux$93[1].C[0] (dffre)                       0.894     0.894
$auto$memory_libmap.cc:1544:generate_mux$93[1].Q[0] (dffre) [clock-to-output]     0.154     1.048
$abc$4367$new_new_n135__.in[1] (.names)                                           0.305     1.353
$abc$4367$new_new_n135__.out[0] (.names)                                          0.148     1.501
doutB[0].in[2] (.names)                                                           0.085     1.586
doutB[0].out[0] (.names)                                                          0.218     1.804
$auto$memory_libmap.cc:2266:execute$81[0].D[0] (dffre)                            0.233     2.037
data arrival time                                                                           2.037

clock clkB (rise edge)                                                            2.500     2.500
clock source latency                                                              0.000     2.500
clkB.inpad[0] (.input)                                                            0.000     2.500
$auto$memory_libmap.cc:2266:execute$81[0].C[0] (dffre)                            0.894     3.394
clock uncertainty                                                                 0.000     3.394
cell setup time                                                                  -0.032     3.363
data required time                                                                          3.363
-------------------------------------------------------------------------------------------------
data required time                                                                          3.363
data arrival time                                                                          -2.037
-------------------------------------------------------------------------------------------------
slack (MET)                                                                                 1.326


#Path 14
Startpoint: $auto$memory_libmap.cc:1544:generate_mux$93[1].Q[0] (dffre clocked by clkB)
Endpoint  : $auto$memory_libmap.cc:2266:execute$81[2].D[0] (dffre clocked by clkB)
Path Type : setup

Point                                                                              Incr      Path
-------------------------------------------------------------------------------------------------
clock clkB (rise edge)                                                            0.000     0.000
clock source latency                                                              0.000     0.000
clkB.inpad[0] (.input)                                                            0.000     0.000
$auto$memory_libmap.cc:1544:generate_mux$93[1].C[0] (dffre)                       0.894     0.894
$auto$memory_libmap.cc:1544:generate_mux$93[1].Q[0] (dffre) [clock-to-output]     0.154     1.048
$abc$4367$new_new_n145__.in[0] (.names)                                           0.247     1.295
$abc$4367$new_new_n145__.out[0] (.names)                                          0.136     1.431
doutB[2].in[1] (.names)                                                           0.085     1.516
doutB[2].out[0] (.names)                                                          0.197     1.713
$auto$memory_libmap.cc:2266:execute$81[2].D[0] (dffre)                            0.282     1.995
data arrival time                                                                           1.995

clock clkB (rise edge)                                                            2.500     2.500
clock source latency                                                              0.000     2.500
clkB.inpad[0] (.input)                                                            0.000     2.500
$auto$memory_libmap.cc:2266:execute$81[2].C[0] (dffre)                            0.894     3.394
clock uncertainty                                                                 0.000     3.394
cell setup time                                                                  -0.032     3.363
data required time                                                                          3.363
-------------------------------------------------------------------------------------------------
data required time                                                                          3.363
data arrival time                                                                          -1.995
-------------------------------------------------------------------------------------------------
slack (MET)                                                                                 1.368


#Path 15
Startpoint: $auto$memory_libmap.cc:1544:generate_mux$114[0].Q[0] (dffre clocked by clkA)
Endpoint  : $auto$memory_libmap.cc:2266:execute$88[2].D[0] (dffre clocked by clkA)
Path Type : setup

Point                                                                               Incr      Path
--------------------------------------------------------------------------------------------------
clock clkA (rise edge)                                                             0.000     0.000
clock source latency                                                               0.000     0.000
clkA.inpad[0] (.input)                                                             0.000     0.000
$auto$memory_libmap.cc:1544:generate_mux$114[0].C[0] (dffre)                       0.894     0.894
$auto$memory_libmap.cc:1544:generate_mux$114[0].Q[0] (dffre) [clock-to-output]     0.154     1.048
$abc$4367$new_new_n161__.in[0] (.names)                                            0.085     1.133
$abc$4367$new_new_n161__.out[0] (.names)                                           0.218     1.352
doutA[2].in[1] (.names)                                                            0.308     1.659
doutA[2].out[0] (.names)                                                           0.099     1.759
$auto$memory_libmap.cc:2266:execute$88[2].D[0] (dffre)                             0.221     1.979
data arrival time                                                                            1.979

clock clkA (rise edge)                                                             2.500     2.500
clock source latency                                                               0.000     2.500
clkA.inpad[0] (.input)                                                             0.000     2.500
$auto$memory_libmap.cc:2266:execute$88[2].C[0] (dffre)                             0.894     3.394
clock uncertainty                                                                  0.000     3.394
cell setup time                                                                   -0.032     3.363
data required time                                                                           3.363
--------------------------------------------------------------------------------------------------
data required time                                                                           3.363
data arrival time                                                                           -1.979
--------------------------------------------------------------------------------------------------
slack (MET)                                                                                  1.384


#Path 16
Startpoint: $auto$memory_libmap.cc:1544:generate_mux$114[0].Q[0] (dffre clocked by clkA)
Endpoint  : $auto$memory_libmap.cc:2266:execute$88[7].D[0] (dffre clocked by clkA)
Path Type : setup

Point                                                                               Incr      Path
--------------------------------------------------------------------------------------------------
clock clkA (rise edge)                                                             0.000     0.000
clock source latency                                                               0.000     0.000
clkA.inpad[0] (.input)                                                             0.000     0.000
$auto$memory_libmap.cc:1544:generate_mux$114[0].C[0] (dffre)                       0.894     0.894
$auto$memory_libmap.cc:1544:generate_mux$114[0].Q[0] (dffre) [clock-to-output]     0.154     1.048
$abc$4367$new_new_n172__.in[0] (.names)                                            0.308     1.356
$abc$4367$new_new_n172__.out[0] (.names)                                           0.136     1.492
doutA[7].in[1] (.names)                                                            0.085     1.577
doutA[7].out[0] (.names)                                                           0.148     1.725
$auto$memory_libmap.cc:2266:execute$88[7].D[0] (dffre)                             0.233     1.957
data arrival time                                                                            1.957

clock clkA (rise edge)                                                             2.500     2.500
clock source latency                                                               0.000     2.500
clkA.inpad[0] (.input)                                                             0.000     2.500
$auto$memory_libmap.cc:2266:execute$88[7].C[0] (dffre)                             0.894     3.394
clock uncertainty                                                                  0.000     3.394
cell setup time                                                                   -0.032     3.363
data required time                                                                           3.363
--------------------------------------------------------------------------------------------------
data required time                                                                           3.363
data arrival time                                                                           -1.957
--------------------------------------------------------------------------------------------------
slack (MET)                                                                                  1.405


#Path 17
Startpoint: $auto$memory_libmap.cc:1544:generate_mux$93[1].Q[0] (dffre clocked by clkB)
Endpoint  : $auto$memory_libmap.cc:2266:execute$81[6].D[0] (dffre clocked by clkB)
Path Type : setup

Point                                                                              Incr      Path
-------------------------------------------------------------------------------------------------
clock clkB (rise edge)                                                            0.000     0.000
clock source latency                                                              0.000     0.000
clkB.inpad[0] (.input)                                                            0.000     0.000
$auto$memory_libmap.cc:1544:generate_mux$93[1].C[0] (dffre)                       0.894     0.894
$auto$memory_libmap.cc:1544:generate_mux$93[1].Q[0] (dffre) [clock-to-output]     0.154     1.048
$abc$4367$new_new_n141__.in[0] (.names)                                           0.247     1.295
$abc$4367$new_new_n141__.out[0] (.names)                                          0.136     1.431
doutB[6].in[1] (.names)                                                           0.085     1.516
doutB[6].out[0] (.names)                                                          0.218     1.734
$auto$memory_libmap.cc:2266:execute$81[6].D[0] (dffre)                            0.184     1.918
data arrival time                                                                           1.918

clock clkB (rise edge)                                                            2.500     2.500
clock source latency                                                              0.000     2.500
clkB.inpad[0] (.input)                                                            0.000     2.500
$auto$memory_libmap.cc:2266:execute$81[6].C[0] (dffre)                            0.894     3.394
clock uncertainty                                                                 0.000     3.394
cell setup time                                                                  -0.032     3.363
data required time                                                                          3.363
-------------------------------------------------------------------------------------------------
data required time                                                                          3.363
data arrival time                                                                          -1.918
-------------------------------------------------------------------------------------------------
slack (MET)                                                                                 1.445


#Path 18
Startpoint: $auto$memory_libmap.cc:1544:generate_mux$93[1].Q[0] (dffre clocked by clkB)
Endpoint  : $auto$memory_libmap.cc:2266:execute$81[1].D[0] (dffre clocked by clkB)
Path Type : setup

Point                                                                              Incr      Path
-------------------------------------------------------------------------------------------------
clock clkB (rise edge)                                                            0.000     0.000
clock source latency                                                              0.000     0.000
clkB.inpad[0] (.input)                                                            0.000     0.000
$auto$memory_libmap.cc:1544:generate_mux$93[1].C[0] (dffre)                       0.894     0.894
$auto$memory_libmap.cc:1544:generate_mux$93[1].Q[0] (dffre) [clock-to-output]     0.154     1.048
$abc$4367$new_new_n147__.in[0] (.names)                                           0.247     1.295
$abc$4367$new_new_n147__.out[0] (.names)                                          0.136     1.431
doutB[1].in[1] (.names)                                                           0.085     1.516
doutB[1].out[0] (.names)                                                          0.148     1.664
$auto$memory_libmap.cc:2266:execute$81[1].D[0] (dffre)                            0.221     1.884
data arrival time                                                                           1.884

clock clkB (rise edge)                                                            2.500     2.500
clock source latency                                                              0.000     2.500
clkB.inpad[0] (.input)                                                            0.000     2.500
$auto$memory_libmap.cc:2266:execute$81[1].C[0] (dffre)                            0.894     3.394
clock uncertainty                                                                 0.000     3.394
cell setup time                                                                  -0.032     3.363
data required time                                                                          3.363
-------------------------------------------------------------------------------------------------
data required time                                                                          3.363
data arrival time                                                                          -1.884
-------------------------------------------------------------------------------------------------
slack (MET)                                                                                 1.479


#End of timing report
