********************************************
*  SURELOG SystemVerilog  Compiler/Linter  *
********************************************

Copyright (c) 2017-2023 Alain Dargelas,
http://www.apache.org/licenses/LICENSE-2.0

VERSION: 1.84
BUILT  : Dec  5 2024
DATE   : 2024-12-05.12:25:59
COMMAND: -synth -top pwrmgr -I../../../../.././rtl -I../../../../.. -I/nfs_scratch/scratch/CompilerValidation/zaheer_ahmad/os_fpga2/Validation/RTL_testcases/RTL_Benchmarks_Gap_Analysis/pwrmgr/results_dir/.././rtl -sv /nfs_scratch/scratch/CompilerValidation/zaheer_ahmad/os_fpga2/Validation/RTL_testcases/RTL_Benchmarks_Gap_Analysis/pwrmgr/results_dir/.././rtl/prim_alert_pkg.sv /nfs_scratch/scratch/CompilerValidation/zaheer_ahmad/os_fpga2/Validation/RTL_testcases/RTL_Benchmarks_Gap_Analysis/pwrmgr/results_dir/.././rtl/prim_mubi_pkg.sv /nfs_scratch/scratch/CompilerValidation/zaheer_ahmad/os_fpga2/Validation/RTL_testcases/RTL_Benchmarks_Gap_Analysis/pwrmgr/results_dir/.././rtl/prim_pkg.sv /nfs_scratch/scratch/CompilerValidation/zaheer_ahmad/os_fpga2/Validation/RTL_testcases/RTL_Benchmarks_Gap_Analysis/pwrmgr/results_dir/.././rtl/prim_secded_pkg.sv /nfs_scratch/scratch/CompilerValidation/zaheer_ahmad/os_fpga2/Validation/RTL_testcases/RTL_Benchmarks_Gap_Analysis/pwrmgr/results_dir/.././rtl/prim_subreg_pkg.sv /nfs_scratch/scratch/CompilerValidation/zaheer_ahmad/os_fpga2/Validation/RTL_testcases/RTL_Benchmarks_Gap_Analysis/pwrmgr/results_dir/.././rtl/prim_util_pkg.sv /nfs_scratch/scratch/CompilerValidation/zaheer_ahmad/os_fpga2/Validation/RTL_testcases/RTL_Benchmarks_Gap_Analysis/pwrmgr/results_dir/.././rtl/pwrmgr_reg_pkg.sv /nfs_scratch/scratch/CompilerValidation/zaheer_ahmad/os_fpga2/Validation/RTL_testcases/RTL_Benchmarks_Gap_Analysis/pwrmgr/results_dir/.././rtl/pwm_reg_pkg.sv /nfs_scratch/scratch/CompilerValidation/zaheer_ahmad/os_fpga2/Validation/RTL_testcases/RTL_Benchmarks_Gap_Analysis/pwrmgr/results_dir/.././rtl/prim_count_pkg.sv /nfs_scratch/scratch/CompilerValidation/zaheer_ahmad/os_fpga2/Validation/RTL_testcases/RTL_Benchmarks_Gap_Analysis/pwrmgr/results_dir/.././rtl/pwrmgr_pkg.sv /nfs_scratch/scratch/CompilerValidation/zaheer_ahmad/os_fpga2/Validation/RTL_testcases/RTL_Benchmarks_Gap_Analysis/pwrmgr/results_dir/.././rtl/lc_ctrl_pkg.sv /nfs_scratch/scratch/CompilerValidation/zaheer_ahmad/os_fpga2/Validation/RTL_testcases/RTL_Benchmarks_Gap_Analysis/pwrmgr/results_dir/.././rtl/rom_ctrl_pkg.sv /nfs_scratch/scratch/CompilerValidation/zaheer_ahmad/os_fpga2/Validation/RTL_testcases/RTL_Benchmarks_Gap_Analysis/pwrmgr/results_dir/.././rtl/prim_esc_pkg.sv /nfs_scratch/scratch/CompilerValidation/zaheer_ahmad/os_fpga2/Validation/RTL_testcases/RTL_Benchmarks_Gap_Analysis/pwrmgr/results_dir/.././rtl/alert_handler_reg_pkg.sv /nfs_scratch/scratch/CompilerValidation/zaheer_ahmad/os_fpga2/Validation/RTL_testcases/RTL_Benchmarks_Gap_Analysis/pwrmgr/results_dir/.././rtl/top_pkg.sv /nfs_scratch/scratch/CompilerValidation/zaheer_ahmad/os_fpga2/Validation/RTL_testcases/RTL_Benchmarks_Gap_Analysis/pwrmgr/results_dir/.././rtl/tlul_pkg.sv /nfs_scratch/scratch/CompilerValidation/zaheer_ahmad/os_fpga2/Validation/RTL_testcases/RTL_Benchmarks_Gap_Analysis/pwrmgr/results_dir/.././rtl/prim_alert_sender.sv /nfs_scratch/scratch/CompilerValidation/zaheer_ahmad/os_fpga2/Validation/RTL_testcases/RTL_Benchmarks_Gap_Analysis/pwrmgr/results_dir/.././rtl/prim_buf.sv /nfs_scratch/scratch/CompilerValidation/zaheer_ahmad/os_fpga2/Validation/RTL_testcases/RTL_Benchmarks_Gap_Analysis/pwrmgr/results_dir/.././rtl/prim_clock_buf.sv /nfs_scratch/scratch/CompilerValidation/zaheer_ahmad/os_fpga2/Validation/RTL_testcases/RTL_Benchmarks_Gap_Analysis/pwrmgr/results_dir/.././rtl/prim_clock_mux2.sv /nfs_scratch/scratch/CompilerValidation/zaheer_ahmad/os_fpga2/Validation/RTL_testcases/RTL_Benchmarks_Gap_Analysis/pwrmgr/results_dir/.././rtl/prim_clock_timeout.sv /nfs_scratch/scratch/CompilerValidation/zaheer_ahmad/os_fpga2/Validation/RTL_testcases/RTL_Benchmarks_Gap_Analysis/pwrmgr/results_dir/.././rtl/prim_count.sv /nfs_scratch/scratch/CompilerValidation/zaheer_ahmad/os_fpga2/Validation/RTL_testcases/RTL_Benchmarks_Gap_Analysis/pwrmgr/results_dir/.././rtl/prim_diff_decode.sv /nfs_scratch/scratch/CompilerValidation/zaheer_ahmad/os_fpga2/Validation/RTL_testcases/RTL_Benchmarks_Gap_Analysis/pwrmgr/results_dir/.././rtl/prim_esc_receiver.sv /nfs_scratch/scratch/CompilerValidation/zaheer_ahmad/os_fpga2/Validation/RTL_testcases/RTL_Benchmarks_Gap_Analysis/pwrmgr/results_dir/.././rtl/prim_flop.sv /nfs_scratch/scratch/CompilerValidation/zaheer_ahmad/os_fpga2/Validation/RTL_testcases/RTL_Benchmarks_Gap_Analysis/pwrmgr/results_dir/.././rtl/prim_flop_2sync.sv /nfs_scratch/scratch/CompilerValidation/zaheer_ahmad/os_fpga2/Validation/RTL_testcases/RTL_Benchmarks_Gap_Analysis/pwrmgr/results_dir/.././rtl/prim_generic_buf.sv /nfs_scratch/scratch/CompilerValidation/zaheer_ahmad/os_fpga2/Validation/RTL_testcases/RTL_Benchmarks_Gap_Analysis/pwrmgr/results_dir/.././rtl/prim_generic_clock_buf.sv /nfs_scratch/scratch/CompilerValidation/zaheer_ahmad/os_fpga2/Validation/RTL_testcases/RTL_Benchmarks_Gap_Analysis/pwrmgr/results_dir/.././rtl/prim_generic_clock_mux2.sv /nfs_scratch/scratch/CompilerValidation/zaheer_ahmad/os_fpga2/Validation/RTL_testcases/RTL_Benchmarks_Gap_Analysis/pwrmgr/results_dir/.././rtl/prim_generic_flop.sv /nfs_scratch/scratch/CompilerValidation/zaheer_ahmad/os_fpga2/Validation/RTL_testcases/RTL_Benchmarks_Gap_Analysis/pwrmgr/results_dir/.././rtl/prim_generic_flop_2sync.sv /nfs_scratch/scratch/CompilerValidation/zaheer_ahmad/os_fpga2/Validation/RTL_testcases/RTL_Benchmarks_Gap_Analysis/pwrmgr/results_dir/.././rtl/prim_generic_xor2.sv /nfs_scratch/scratch/CompilerValidation/zaheer_ahmad/os_fpga2/Validation/RTL_testcases/RTL_Benchmarks_Gap_Analysis/pwrmgr/results_dir/.././rtl/prim_intr_hw.sv /nfs_scratch/scratch/CompilerValidation/zaheer_ahmad/os_fpga2/Validation/RTL_testcases/RTL_Benchmarks_Gap_Analysis/pwrmgr/results_dir/.././rtl/prim_lc_sender.sv /nfs_scratch/scratch/CompilerValidation/zaheer_ahmad/os_fpga2/Validation/RTL_testcases/RTL_Benchmarks_Gap_Analysis/pwrmgr/results_dir/.././rtl/prim_mubi4_sync.sv /nfs_scratch/scratch/CompilerValidation/zaheer_ahmad/os_fpga2/Validation/RTL_testcases/RTL_Benchmarks_Gap_Analysis/pwrmgr/results_dir/.././rtl/prim_pulse_sync.sv /nfs_scratch/scratch/CompilerValidation/zaheer_ahmad/os_fpga2/Validation/RTL_testcases/RTL_Benchmarks_Gap_Analysis/pwrmgr/results_dir/.././rtl/prim_sec_anchor_buf.sv /nfs_scratch/scratch/CompilerValidation/zaheer_ahmad/os_fpga2/Validation/RTL_testcases/RTL_Benchmarks_Gap_Analysis/pwrmgr/results_dir/.././rtl/prim_sec_anchor_flop.sv /nfs_scratch/scratch/CompilerValidation/zaheer_ahmad/os_fpga2/Validation/RTL_testcases/RTL_Benchmarks_Gap_Analysis/pwrmgr/results_dir/.././rtl/prim_secded_inv_39_32_dec.sv /nfs_scratch/scratch/CompilerValidation/zaheer_ahmad/os_fpga2/Validation/RTL_testcases/RTL_Benchmarks_Gap_Analysis/pwrmgr/results_dir/.././rtl/prim_secded_inv_39_32_enc.sv /nfs_scratch/scratch/CompilerValidation/zaheer_ahmad/os_fpga2/Validation/RTL_testcases/RTL_Benchmarks_Gap_Analysis/pwrmgr/results_dir/.././rtl/prim_secded_inv_64_57_dec.sv /nfs_scratch/scratch/CompilerValidation/zaheer_ahmad/os_fpga2/Validation/RTL_testcases/RTL_Benchmarks_Gap_Analysis/pwrmgr/results_dir/.././rtl/prim_secded_inv_64_57_enc.sv /nfs_scratch/scratch/CompilerValidation/zaheer_ahmad/os_fpga2/Validation/RTL_testcases/RTL_Benchmarks_Gap_Analysis/pwrmgr/results_dir/.././rtl/prim_sparse_fsm_flop.sv /nfs_scratch/scratch/CompilerValidation/zaheer_ahmad/os_fpga2/Validation/RTL_testcases/RTL_Benchmarks_Gap_Analysis/pwrmgr/results_dir/.././rtl/prim_subreg.sv /nfs_scratch/scratch/CompilerValidation/zaheer_ahmad/os_fpga2/Validation/RTL_testcases/RTL_Benchmarks_Gap_Analysis/pwrmgr/results_dir/.././rtl/prim_subreg_ext.sv /nfs_scratch/scratch/CompilerValidation/zaheer_ahmad/os_fpga2/Validation/RTL_testcases/RTL_Benchmarks_Gap_Analysis/pwrmgr/results_dir/.././rtl/prim_sync_reqack.sv /nfs_scratch/scratch/CompilerValidation/zaheer_ahmad/os_fpga2/Validation/RTL_testcases/RTL_Benchmarks_Gap_Analysis/pwrmgr/results_dir/.././rtl/prim_xor2.sv /nfs_scratch/scratch/CompilerValidation/zaheer_ahmad/os_fpga2/Validation/RTL_testcases/RTL_Benchmarks_Gap_Analysis/pwrmgr/results_dir/.././rtl/pwrmgr.sv /nfs_scratch/scratch/CompilerValidation/zaheer_ahmad/os_fpga2/Validation/RTL_testcases/RTL_Benchmarks_Gap_Analysis/pwrmgr/results_dir/.././rtl/pwrmgr_cdc.sv /nfs_scratch/scratch/CompilerValidation/zaheer_ahmad/os_fpga2/Validation/RTL_testcases/RTL_Benchmarks_Gap_Analysis/pwrmgr/results_dir/.././rtl/pwrmgr_fsm.sv /nfs_scratch/scratch/CompilerValidation/zaheer_ahmad/os_fpga2/Validation/RTL_testcases/RTL_Benchmarks_Gap_Analysis/pwrmgr/results_dir/.././rtl/pwrmgr_reg_top.sv /nfs_scratch/scratch/CompilerValidation/zaheer_ahmad/os_fpga2/Validation/RTL_testcases/RTL_Benchmarks_Gap_Analysis/pwrmgr/results_dir/.././rtl/pwrmgr_slow_fsm.sv /nfs_scratch/scratch/CompilerValidation/zaheer_ahmad/os_fpga2/Validation/RTL_testcases/RTL_Benchmarks_Gap_Analysis/pwrmgr/results_dir/.././rtl/pwrmgr_wake_info.sv /nfs_scratch/scratch/CompilerValidation/zaheer_ahmad/os_fpga2/Validation/RTL_testcases/RTL_Benchmarks_Gap_Analysis/pwrmgr/results_dir/.././rtl/tlul_adapter_reg.sv /nfs_scratch/scratch/CompilerValidation/zaheer_ahmad/os_fpga2/Validation/RTL_testcases/RTL_Benchmarks_Gap_Analysis/pwrmgr/results_dir/.././rtl/tlul_cmd_intg_chk.sv /nfs_scratch/scratch/CompilerValidation/zaheer_ahmad/os_fpga2/Validation/RTL_testcases/RTL_Benchmarks_Gap_Analysis/pwrmgr/results_dir/.././rtl/tlul_data_integ_dec.sv /nfs_scratch/scratch/CompilerValidation/zaheer_ahmad/os_fpga2/Validation/RTL_testcases/RTL_Benchmarks_Gap_Analysis/pwrmgr/results_dir/.././rtl/tlul_data_integ_enc.sv /nfs_scratch/scratch/CompilerValidation/zaheer_ahmad/os_fpga2/Validation/RTL_testcases/RTL_Benchmarks_Gap_Analysis/pwrmgr/results_dir/.././rtl/tlul_err.sv /nfs_scratch/scratch/CompilerValidation/zaheer_ahmad/os_fpga2/Validation/RTL_testcases/RTL_Benchmarks_Gap_Analysis/pwrmgr/results_dir/.././rtl/tlul_rsp_intg_gen.sv -DYOSYS=1 -DSYNTHESIS=1

[INF:CM0023] Creating log file "/nfs_scratch/scratch/CompilerValidation/zaheer_ahmad/os_fpga2/Validation/RTL_testcases/RTL_Benchmarks_Gap_Analysis/pwrmgr/results_dir/pwrmgr/run_1/synth_1_1/analysis/slpp_all/surelog.log".
[INF:CP0300] Compilation...
[INF:CP0301] /nfs_scratch/scratch/CompilerValidation/zaheer_ahmad/os_fpga2/Validation/RTL_testcases/RTL_Benchmarks_Gap_Analysis/pwrmgr/rtl/prim_alert_pkg.sv:5:1: Compile package "prim_alert_pkg".
[INF:CP0301] /nfs_scratch/scratch/CompilerValidation/zaheer_ahmad/os_fpga2/Validation/RTL_testcases/RTL_Benchmarks_Gap_Analysis/pwrmgr/rtl/prim_mubi_pkg.sv:13:1: Compile package "prim_mubi_pkg".
[INF:CP0301] /nfs_scratch/scratch/CompilerValidation/zaheer_ahmad/os_fpga2/Validation/RTL_testcases/RTL_Benchmarks_Gap_Analysis/pwrmgr/rtl/prim_pkg.sv:11:1: Compile package "prim_pkg".
[INF:CP0301] /nfs_scratch/scratch/CompilerValidation/zaheer_ahmad/os_fpga2/Validation/RTL_testcases/RTL_Benchmarks_Gap_Analysis/pwrmgr/rtl/prim_secded_pkg.sv:8:1: Compile package "prim_secded_pkg".
[INF:CP0301] /nfs_scratch/scratch/CompilerValidation/zaheer_ahmad/os_fpga2/Validation/RTL_testcases/RTL_Benchmarks_Gap_Analysis/pwrmgr/rtl/prim_subreg_pkg.sv:5:1: Compile package "prim_subreg_pkg".
[INF:CP0301] /nfs_scratch/scratch/CompilerValidation/zaheer_ahmad/os_fpga2/Validation/RTL_testcases/RTL_Benchmarks_Gap_Analysis/pwrmgr/rtl/prim_util_pkg.sv:9:1: Compile package "prim_util_pkg".
[INF:CP0301] /nfs_scratch/scratch/CompilerValidation/zaheer_ahmad/os_fpga2/Validation/RTL_testcases/RTL_Benchmarks_Gap_Analysis/pwrmgr/rtl/pwrmgr_reg_pkg.sv:7:1: Compile package "pwrmgr_reg_pkg".
[INF:CP0301] /nfs_scratch/scratch/CompilerValidation/zaheer_ahmad/os_fpga2/Validation/RTL_testcases/RTL_Benchmarks_Gap_Analysis/pwrmgr/rtl/pwm_reg_pkg.sv:7:1: Compile package "pwm_reg_pkg".
[INF:CP0301] /nfs_scratch/scratch/CompilerValidation/zaheer_ahmad/os_fpga2/Validation/RTL_testcases/RTL_Benchmarks_Gap_Analysis/pwrmgr/rtl/prim_count_pkg.sv:8:1: Compile package "prim_count_pkg".
[INF:CP0301] /nfs_scratch/scratch/CompilerValidation/zaheer_ahmad/os_fpga2/Validation/RTL_testcases/RTL_Benchmarks_Gap_Analysis/pwrmgr/rtl/pwrmgr_pkg.sv:8:1: Compile package "pwrmgr_pkg".
[INF:CP0301] /nfs_scratch/scratch/CompilerValidation/zaheer_ahmad/os_fpga2/Validation/RTL_testcases/RTL_Benchmarks_Gap_Analysis/pwrmgr/rtl/lc_ctrl_pkg.sv:6:1: Compile package "lc_ctrl_pkg".
[INF:CP0301] /nfs_scratch/scratch/CompilerValidation/zaheer_ahmad/os_fpga2/Validation/RTL_testcases/RTL_Benchmarks_Gap_Analysis/pwrmgr/rtl/rom_ctrl_pkg.sv:6:1: Compile package "rom_ctrl_pkg".
[INF:CP0301] /nfs_scratch/scratch/CompilerValidation/zaheer_ahmad/os_fpga2/Validation/RTL_testcases/RTL_Benchmarks_Gap_Analysis/pwrmgr/rtl/prim_esc_pkg.sv:5:1: Compile package "prim_esc_pkg".
[INF:CP0301] /nfs_scratch/scratch/CompilerValidation/zaheer_ahmad/os_fpga2/Validation/RTL_testcases/RTL_Benchmarks_Gap_Analysis/pwrmgr/rtl/alert_handler_reg_pkg.sv:7:1: Compile package "alert_handler_reg_pkg".
[INF:CP0301] /nfs_scratch/scratch/CompilerValidation/zaheer_ahmad/os_fpga2/Validation/RTL_testcases/RTL_Benchmarks_Gap_Analysis/pwrmgr/rtl/top_pkg.sv:6:1: Compile package "top_pkg".
[INF:CP0301] /nfs_scratch/scratch/CompilerValidation/zaheer_ahmad/os_fpga2/Validation/RTL_testcases/RTL_Benchmarks_Gap_Analysis/pwrmgr/rtl/tlul_pkg.sv:6:1: Compile package "tlul_pkg".
[INF:CP0303] /nfs_scratch/scratch/CompilerValidation/zaheer_ahmad/os_fpga2/Validation/RTL_testcases/RTL_Benchmarks_Gap_Analysis/pwrmgr/rtl/prim_alert_sender.sv:32:1: Compile module "work@prim_alert_sender".
[INF:CP0303] /nfs_scratch/scratch/CompilerValidation/zaheer_ahmad/os_fpga2/Validation/RTL_testcases/RTL_Benchmarks_Gap_Analysis/pwrmgr/rtl/prim_buf.sv:16:1: Compile module "work@prim_buf".
[INF:CP0303] /nfs_scratch/scratch/CompilerValidation/zaheer_ahmad/os_fpga2/Validation/RTL_testcases/RTL_Benchmarks_Gap_Analysis/pwrmgr/rtl/prim_clock_buf.sv:16:1: Compile module "work@prim_clock_buf".
[INF:CP0303] /nfs_scratch/scratch/CompilerValidation/zaheer_ahmad/os_fpga2/Validation/RTL_testcases/RTL_Benchmarks_Gap_Analysis/pwrmgr/rtl/prim_clock_mux2.sv:16:1: Compile module "work@prim_clock_mux2".
[INF:CP0303] /nfs_scratch/scratch/CompilerValidation/zaheer_ahmad/os_fpga2/Validation/RTL_testcases/RTL_Benchmarks_Gap_Analysis/pwrmgr/rtl/prim_clock_timeout.sv:11:1: Compile module "work@prim_clock_timeout".
[INF:CP0303] /nfs_scratch/scratch/CompilerValidation/zaheer_ahmad/os_fpga2/Validation/RTL_testcases/RTL_Benchmarks_Gap_Analysis/pwrmgr/rtl/prim_count.sv:36:1: Compile module "work@prim_count".
[INF:CP0303] /nfs_scratch/scratch/CompilerValidation/zaheer_ahmad/os_fpga2/Validation/RTL_testcases/RTL_Benchmarks_Gap_Analysis/pwrmgr/rtl/prim_diff_decode.sv:19:1: Compile module "work@prim_diff_decode".
[INF:CP0303] /nfs_scratch/scratch/CompilerValidation/zaheer_ahmad/os_fpga2/Validation/RTL_testcases/RTL_Benchmarks_Gap_Analysis/pwrmgr/rtl/prim_esc_receiver.sv:20:1: Compile module "work@prim_esc_receiver".
[INF:CP0303] /nfs_scratch/scratch/CompilerValidation/zaheer_ahmad/os_fpga2/Validation/RTL_testcases/RTL_Benchmarks_Gap_Analysis/pwrmgr/rtl/prim_flop.sv:16:1: Compile module "work@prim_flop".
[INF:CP0303] /nfs_scratch/scratch/CompilerValidation/zaheer_ahmad/os_fpga2/Validation/RTL_testcases/RTL_Benchmarks_Gap_Analysis/pwrmgr/rtl/prim_flop_2sync.sv:13:1: Compile module "work@prim_flop_2sync".
[INF:CP0303] /nfs_scratch/scratch/CompilerValidation/zaheer_ahmad/os_fpga2/Validation/RTL_testcases/RTL_Benchmarks_Gap_Analysis/pwrmgr/rtl/prim_generic_buf.sv:6:1: Compile module "work@prim_generic_buf".
[INF:CP0303] /nfs_scratch/scratch/CompilerValidation/zaheer_ahmad/os_fpga2/Validation/RTL_testcases/RTL_Benchmarks_Gap_Analysis/pwrmgr/rtl/prim_generic_clock_buf.sv:6:1: Compile module "work@prim_generic_clock_buf".
[INF:CP0303] /nfs_scratch/scratch/CompilerValidation/zaheer_ahmad/os_fpga2/Validation/RTL_testcases/RTL_Benchmarks_Gap_Analysis/pwrmgr/rtl/prim_generic_clock_mux2.sv:6:1: Compile module "work@prim_generic_clock_mux2".
[INF:CP0303] /nfs_scratch/scratch/CompilerValidation/zaheer_ahmad/os_fpga2/Validation/RTL_testcases/RTL_Benchmarks_Gap_Analysis/pwrmgr/rtl/prim_generic_flop.sv:7:1: Compile module "work@prim_generic_flop".
[INF:CP0303] /nfs_scratch/scratch/CompilerValidation/zaheer_ahmad/os_fpga2/Validation/RTL_testcases/RTL_Benchmarks_Gap_Analysis/pwrmgr/rtl/prim_generic_flop_2sync.sv:9:1: Compile module "work@prim_generic_flop_2sync".
[INF:CP0303] /nfs_scratch/scratch/CompilerValidation/zaheer_ahmad/os_fpga2/Validation/RTL_testcases/RTL_Benchmarks_Gap_Analysis/pwrmgr/rtl/prim_generic_xor2.sv:6:1: Compile module "work@prim_generic_xor2".
[INF:CP0303] /nfs_scratch/scratch/CompilerValidation/zaheer_ahmad/os_fpga2/Validation/RTL_testcases/RTL_Benchmarks_Gap_Analysis/pwrmgr/rtl/prim_intr_hw.sv:10:1: Compile module "work@prim_intr_hw".
[INF:CP0303] /nfs_scratch/scratch/CompilerValidation/zaheer_ahmad/os_fpga2/Validation/RTL_testcases/RTL_Benchmarks_Gap_Analysis/pwrmgr/rtl/prim_lc_sender.sv:12:1: Compile module "work@prim_lc_sender".
[INF:CP0303] /nfs_scratch/scratch/CompilerValidation/zaheer_ahmad/os_fpga2/Validation/RTL_testcases/RTL_Benchmarks_Gap_Analysis/pwrmgr/rtl/prim_mubi4_sync.sv:13:1: Compile module "work@prim_mubi4_sync".
[INF:CP0303] /nfs_scratch/scratch/CompilerValidation/zaheer_ahmad/os_fpga2/Validation/RTL_testcases/RTL_Benchmarks_Gap_Analysis/pwrmgr/rtl/prim_pulse_sync.sv:11:1: Compile module "work@prim_pulse_sync".
[INF:CP0303] /nfs_scratch/scratch/CompilerValidation/zaheer_ahmad/os_fpga2/Validation/RTL_testcases/RTL_Benchmarks_Gap_Analysis/pwrmgr/rtl/prim_sec_anchor_buf.sv:6:1: Compile module "work@prim_sec_anchor_buf".
[INF:CP0303] /nfs_scratch/scratch/CompilerValidation/zaheer_ahmad/os_fpga2/Validation/RTL_testcases/RTL_Benchmarks_Gap_Analysis/pwrmgr/rtl/prim_sec_anchor_flop.sv:6:1: Compile module "work@prim_sec_anchor_flop".
[INF:CP0303] /nfs_scratch/scratch/CompilerValidation/zaheer_ahmad/os_fpga2/Validation/RTL_testcases/RTL_Benchmarks_Gap_Analysis/pwrmgr/rtl/prim_secded_inv_39_32_dec.sv:7:1: Compile module "work@prim_secded_inv_39_32_dec".
[INF:CP0303] /nfs_scratch/scratch/CompilerValidation/zaheer_ahmad/os_fpga2/Validation/RTL_testcases/RTL_Benchmarks_Gap_Analysis/pwrmgr/rtl/prim_secded_inv_39_32_enc.sv:7:1: Compile module "work@prim_secded_inv_39_32_enc".
[INF:CP0303] /nfs_scratch/scratch/CompilerValidation/zaheer_ahmad/os_fpga2/Validation/RTL_testcases/RTL_Benchmarks_Gap_Analysis/pwrmgr/rtl/prim_secded_inv_64_57_dec.sv:7:1: Compile module "work@prim_secded_inv_64_57_dec".
[INF:CP0303] /nfs_scratch/scratch/CompilerValidation/zaheer_ahmad/os_fpga2/Validation/RTL_testcases/RTL_Benchmarks_Gap_Analysis/pwrmgr/rtl/prim_secded_inv_64_57_enc.sv:7:1: Compile module "work@prim_secded_inv_64_57_enc".
[INF:CP0303] /nfs_scratch/scratch/CompilerValidation/zaheer_ahmad/os_fpga2/Validation/RTL_testcases/RTL_Benchmarks_Gap_Analysis/pwrmgr/rtl/prim_sparse_fsm_flop.sv:6:1: Compile module "work@prim_sparse_fsm_flop".
[INF:CP0303] /nfs_scratch/scratch/CompilerValidation/zaheer_ahmad/os_fpga2/Validation/RTL_testcases/RTL_Benchmarks_Gap_Analysis/pwrmgr/rtl/prim_subreg.sv:7:1: Compile module "work@prim_subreg".
[INF:CP0303] /nfs_scratch/scratch/CompilerValidation/zaheer_ahmad/os_fpga2/Validation/RTL_testcases/RTL_Benchmarks_Gap_Analysis/pwrmgr/rtl/prim_subreg_ext.sv:7:1: Compile module "work@prim_subreg_ext".
[INF:CP0303] /nfs_scratch/scratch/CompilerValidation/zaheer_ahmad/os_fpga2/Validation/RTL_testcases/RTL_Benchmarks_Gap_Analysis/pwrmgr/rtl/prim_sync_reqack.sv:26:1: Compile module "work@prim_sync_reqack".
[INF:CP0303] /nfs_scratch/scratch/CompilerValidation/zaheer_ahmad/os_fpga2/Validation/RTL_testcases/RTL_Benchmarks_Gap_Analysis/pwrmgr/rtl/prim_xor2.sv:16:1: Compile module "work@prim_xor2".
[INF:CP0303] /nfs_scratch/scratch/CompilerValidation/zaheer_ahmad/os_fpga2/Validation/RTL_testcases/RTL_Benchmarks_Gap_Analysis/pwrmgr/rtl/pwrmgr.sv:9:1: Compile module "work@pwrmgr".
[INF:CP0303] /nfs_scratch/scratch/CompilerValidation/zaheer_ahmad/os_fpga2/Validation/RTL_testcases/RTL_Benchmarks_Gap_Analysis/pwrmgr/rtl/pwrmgr_cdc.sv:9:1: Compile module "work@pwrmgr_cdc".
[INF:CP0303] /nfs_scratch/scratch/CompilerValidation/zaheer_ahmad/os_fpga2/Validation/RTL_testcases/RTL_Benchmarks_Gap_Analysis/pwrmgr/rtl/pwrmgr_fsm.sv:9:1: Compile module "work@pwrmgr_fsm".
[INF:CP0303] /nfs_scratch/scratch/CompilerValidation/zaheer_ahmad/os_fpga2/Validation/RTL_testcases/RTL_Benchmarks_Gap_Analysis/pwrmgr/rtl/pwrmgr_reg_top.sv:8:1: Compile module "work@pwrmgr_reg_top".
[INF:CP0303] /nfs_scratch/scratch/CompilerValidation/zaheer_ahmad/os_fpga2/Validation/RTL_testcases/RTL_Benchmarks_Gap_Analysis/pwrmgr/rtl/pwrmgr_slow_fsm.sv:9:1: Compile module "work@pwrmgr_slow_fsm".
[INF:CP0303] /nfs_scratch/scratch/CompilerValidation/zaheer_ahmad/os_fpga2/Validation/RTL_testcases/RTL_Benchmarks_Gap_Analysis/pwrmgr/rtl/pwrmgr_wake_info.sv:9:1: Compile module "work@pwrmgr_wake_info".
[INF:CP0303] /nfs_scratch/scratch/CompilerValidation/zaheer_ahmad/os_fpga2/Validation/RTL_testcases/RTL_Benchmarks_Gap_Analysis/pwrmgr/rtl/tlul_adapter_reg.sv:10:1: Compile module "work@tlul_adapter_reg".
[INF:CP0303] /nfs_scratch/scratch/CompilerValidation/zaheer_ahmad/os_fpga2/Validation/RTL_testcases/RTL_Benchmarks_Gap_Analysis/pwrmgr/rtl/tlul_cmd_intg_chk.sv:3:1: Compile module "work@tlul_cmd_intg_chk".
[INF:CP0303] /nfs_scratch/scratch/CompilerValidation/zaheer_ahmad/os_fpga2/Validation/RTL_testcases/RTL_Benchmarks_Gap_Analysis/pwrmgr/rtl/tlul_data_integ_dec.sv:10:1: Compile module "work@tlul_data_integ_dec".
[INF:CP0303] /nfs_scratch/scratch/CompilerValidation/zaheer_ahmad/os_fpga2/Validation/RTL_testcases/RTL_Benchmarks_Gap_Analysis/pwrmgr/rtl/tlul_data_integ_enc.sv:10:1: Compile module "work@tlul_data_integ_enc".
[INF:CP0303] /nfs_scratch/scratch/CompilerValidation/zaheer_ahmad/os_fpga2/Validation/RTL_testcases/RTL_Benchmarks_Gap_Analysis/pwrmgr/rtl/tlul_err.sv:7:1: Compile module "work@tlul_err".
[INF:CP0303] /nfs_scratch/scratch/CompilerValidation/zaheer_ahmad/os_fpga2/Validation/RTL_testcases/RTL_Benchmarks_Gap_Analysis/pwrmgr/rtl/tlul_rsp_intg_gen.sv:9:1: Compile module "work@tlul_rsp_intg_gen".
[INF:CP0302] Compile class "work@mailbox".
[INF:CP0302] Compile class "work@process".
[INF:CP0302] Compile class "work@semaphore".
[NTE:CP0309] /nfs_scratch/scratch/CompilerValidation/zaheer_ahmad/os_fpga2/Validation/RTL_testcases/RTL_Benchmarks_Gap_Analysis/pwrmgr/rtl/prim_intr_hw.sv:24:23: Implicit port type (wire) for "hw2reg_intr_state_de_o",
there are 1 more instances of this message.
[NTE:CP0309] /nfs_scratch/scratch/CompilerValidation/zaheer_ahmad/os_fpga2/Validation/RTL_testcases/RTL_Benchmarks_Gap_Analysis/pwrmgr/rtl/pwrmgr.sv:79:10: Implicit port type (wire) for "intr_wakeup_o".
[NTE:CP0309] /nfs_scratch/scratch/CompilerValidation/zaheer_ahmad/os_fpga2/Validation/RTL_testcases/RTL_Benchmarks_Gap_Analysis/pwrmgr/rtl/pwrmgr_cdc.sv:37:10: Implicit port type (wire) for "slow_usb_ip_clk_status_o".
[INF:EL0526] Design Elaboration...
[INF:CP0335] /nfs_scratch/scratch/CompilerValidation/zaheer_ahmad/os_fpga2/Validation/RTL_testcases/RTL_Benchmarks_Gap_Analysis/pwrmgr/rtl/prim_clock_buf.sv:30:10: Compile generate block "work@pwrmgr.u_esc_clk_buf.gen_generic".
[INF:CP0335] /nfs_scratch/scratch/CompilerValidation/zaheer_ahmad/os_fpga2/Validation/RTL_testcases/RTL_Benchmarks_Gap_Analysis/pwrmgr/rtl/prim_clock_buf.sv:30:10: Compile generate block "work@pwrmgr.u_esc_rst_buf.gen_generic".
[INF:CP0335] /nfs_scratch/scratch/CompilerValidation/zaheer_ahmad/os_fpga2/Validation/RTL_testcases/RTL_Benchmarks_Gap_Analysis/pwrmgr/rtl/prim_buf.sv:30:10: Compile generate block "work@pwrmgr.u_esc_rx.u_prim_buf_esc.gen_generic".
[INF:CP0335] /nfs_scratch/scratch/CompilerValidation/zaheer_ahmad/os_fpga2/Validation/RTL_testcases/RTL_Benchmarks_Gap_Analysis/pwrmgr/rtl/prim_diff_decode.sv:178:12: Compile generate block "work@pwrmgr.u_esc_rx.u_decode_esc.gen_no_async".
[INF:CP0335] /nfs_scratch/scratch/CompilerValidation/zaheer_ahmad/os_fpga2/Validation/RTL_testcases/RTL_Benchmarks_Gap_Analysis/pwrmgr/rtl/prim_count.sv:84:12: Compile generate block "work@pwrmgr.u_esc_rx.u_prim_count.gen_dupcnt_max_val".
[INF:CP0335] /nfs_scratch/scratch/CompilerValidation/zaheer_ahmad/os_fpga2/Validation/RTL_testcases/RTL_Benchmarks_Gap_Analysis/pwrmgr/rtl/prim_count.sv:88:42: Compile generate block "work@pwrmgr.u_esc_rx.u_prim_count.gen_cnts[0]".
[INF:CP0335] /nfs_scratch/scratch/CompilerValidation/zaheer_ahmad/os_fpga2/Validation/RTL_testcases/RTL_Benchmarks_Gap_Analysis/pwrmgr/rtl/prim_buf.sv:30:10: Compile generate block "work@pwrmgr.u_esc_rx.u_prim_count.gen_cnts[0].u_buf.gen_generic".
[INF:CP0335] /nfs_scratch/scratch/CompilerValidation/zaheer_ahmad/os_fpga2/Validation/RTL_testcases/RTL_Benchmarks_Gap_Analysis/pwrmgr/rtl/prim_flop.sv:39:10: Compile generate block "work@pwrmgr.u_esc_rx.u_prim_count.gen_cnts[0].u_cnt_flop.gen_generic".
[INF:CP0335] /nfs_scratch/scratch/CompilerValidation/zaheer_ahmad/os_fpga2/Validation/RTL_testcases/RTL_Benchmarks_Gap_Analysis/pwrmgr/rtl/prim_count.sv:88:42: Compile generate block "work@pwrmgr.u_esc_rx.u_prim_count.gen_cnts[1]".
[INF:CP0335] /nfs_scratch/scratch/CompilerValidation/zaheer_ahmad/os_fpga2/Validation/RTL_testcases/RTL_Benchmarks_Gap_Analysis/pwrmgr/rtl/prim_buf.sv:30:10: Compile generate block "work@pwrmgr.u_esc_rx.u_prim_count.gen_cnts[1].u_buf.gen_generic".
[INF:CP0335] /nfs_scratch/scratch/CompilerValidation/zaheer_ahmad/os_fpga2/Validation/RTL_testcases/RTL_Benchmarks_Gap_Analysis/pwrmgr/rtl/prim_flop.sv:39:10: Compile generate block "work@pwrmgr.u_esc_rx.u_prim_count.gen_cnts[1].u_cnt_flop.gen_generic".
[INF:CP0335] /nfs_scratch/scratch/CompilerValidation/zaheer_ahmad/os_fpga2/Validation/RTL_testcases/RTL_Benchmarks_Gap_Analysis/pwrmgr/rtl/prim_count.sv:145:5: Compile generate block "work@pwrmgr.u_esc_rx.u_prim_count.gen_dup_cnt_hardening".
[INF:CP0335] /nfs_scratch/scratch/CompilerValidation/zaheer_ahmad/os_fpga2/Validation/RTL_testcases/RTL_Benchmarks_Gap_Analysis/pwrmgr/rtl/prim_buf.sv:30:10: Compile generate block "work@pwrmgr.u_esc_rx.u_prim_buf_esc_req.u_secure_anchor_buf.gen_generic".
[INF:CP0335] /nfs_scratch/scratch/CompilerValidation/zaheer_ahmad/os_fpga2/Validation/RTL_testcases/RTL_Benchmarks_Gap_Analysis/pwrmgr/rtl/prim_flop.sv:39:10: Compile generate block "work@pwrmgr.u_esc_rx.u_prim_flop_esc.u_secure_anchor_flop.gen_generic".
[INF:CP0335] /nfs_scratch/scratch/CompilerValidation/zaheer_ahmad/os_fpga2/Validation/RTL_testcases/RTL_Benchmarks_Gap_Analysis/pwrmgr/rtl/prim_flop_2sync.sv:28:10: Compile generate block "work@pwrmgr.u_esc_timeout.u_ref_timeout.req_sync.gen_generic".
[INF:CP0335] /nfs_scratch/scratch/CompilerValidation/zaheer_ahmad/os_fpga2/Validation/RTL_testcases/RTL_Benchmarks_Gap_Analysis/pwrmgr/rtl/prim_flop_2sync.sv:28:10: Compile generate block "work@pwrmgr.u_esc_timeout.u_ref_timeout.ack_sync.gen_generic".
[INF:CP0335] /nfs_scratch/scratch/CompilerValidation/zaheer_ahmad/os_fpga2/Validation/RTL_testcases/RTL_Benchmarks_Gap_Analysis/pwrmgr/rtl/prim_flop.sv:39:10: Compile generate block "work@pwrmgr.u_esc_timeout.u_out.gen_generic".
[INF:CP0335] /nfs_scratch/scratch/CompilerValidation/zaheer_ahmad/os_fpga2/Validation/RTL_testcases/RTL_Benchmarks_Gap_Analysis/pwrmgr/rtl/prim_flop.sv:39:10: Compile generate block "work@pwrmgr.u_sw_req_flop.gen_generic".
[INF:CP0335] /nfs_scratch/scratch/CompilerValidation/zaheer_ahmad/os_fpga2/Validation/RTL_testcases/RTL_Benchmarks_Gap_Analysis/pwrmgr/rtl/tlul_rsp_intg_gen.sv:19:25: Compile generate block "work@pwrmgr.u_reg.u_rsp_intg_gen.gen_rsp_intg".
[INF:CP0335] /nfs_scratch/scratch/CompilerValidation/zaheer_ahmad/os_fpga2/Validation/RTL_testcases/RTL_Benchmarks_Gap_Analysis/pwrmgr/rtl/tlul_rsp_intg_gen.sv:34:26: Compile generate block "work@pwrmgr.u_reg.u_rsp_intg_gen.gen_data_intg".
[INF:CP0335] /nfs_scratch/scratch/CompilerValidation/zaheer_ahmad/os_fpga2/Validation/RTL_testcases/RTL_Benchmarks_Gap_Analysis/pwrmgr/rtl/prim_subreg.sv:60:12: Compile generate block "work@pwrmgr.u_reg.u_intr_state.gen_hw".
[INF:CP0335] /nfs_scratch/scratch/CompilerValidation/zaheer_ahmad/os_fpga2/Validation/RTL_testcases/RTL_Benchmarks_Gap_Analysis/pwrmgr/rtl/prim_subreg.sv:60:12: Compile generate block "work@pwrmgr.u_reg.u_intr_enable.gen_hw".
[INF:CP0335] /nfs_scratch/scratch/CompilerValidation/zaheer_ahmad/os_fpga2/Validation/RTL_testcases/RTL_Benchmarks_Gap_Analysis/pwrmgr/rtl/prim_subreg.sv:60:12: Compile generate block "work@pwrmgr.u_reg.u_control_low_power_hint.gen_hw".
[INF:CP0335] /nfs_scratch/scratch/CompilerValidation/zaheer_ahmad/os_fpga2/Validation/RTL_testcases/RTL_Benchmarks_Gap_Analysis/pwrmgr/rtl/prim_subreg.sv:60:12: Compile generate block "work@pwrmgr.u_reg.u_control_core_clk_en.gen_hw".
[INF:CP0335] /nfs_scratch/scratch/CompilerValidation/zaheer_ahmad/os_fpga2/Validation/RTL_testcases/RTL_Benchmarks_Gap_Analysis/pwrmgr/rtl/prim_subreg.sv:60:12: Compile generate block "work@pwrmgr.u_reg.u_control_io_clk_en.gen_hw".
[INF:CP0335] /nfs_scratch/scratch/CompilerValidation/zaheer_ahmad/os_fpga2/Validation/RTL_testcases/RTL_Benchmarks_Gap_Analysis/pwrmgr/rtl/prim_subreg.sv:60:12: Compile generate block "work@pwrmgr.u_reg.u_control_usb_clk_en_lp.gen_hw".
[INF:CP0335] /nfs_scratch/scratch/CompilerValidation/zaheer_ahmad/os_fpga2/Validation/RTL_testcases/RTL_Benchmarks_Gap_Analysis/pwrmgr/rtl/prim_subreg.sv:60:12: Compile generate block "work@pwrmgr.u_reg.u_control_usb_clk_en_active.gen_hw".
[INF:CP0335] /nfs_scratch/scratch/CompilerValidation/zaheer_ahmad/os_fpga2/Validation/RTL_testcases/RTL_Benchmarks_Gap_Analysis/pwrmgr/rtl/prim_subreg.sv:60:12: Compile generate block "work@pwrmgr.u_reg.u_control_main_pd_n.gen_hw".
[INF:CP0335] /nfs_scratch/scratch/CompilerValidation/zaheer_ahmad/os_fpga2/Validation/RTL_testcases/RTL_Benchmarks_Gap_Analysis/pwrmgr/rtl/prim_subreg.sv:60:12: Compile generate block "work@pwrmgr.u_reg.u_cfg_cdc_sync.gen_hw".
[INF:CP0335] /nfs_scratch/scratch/CompilerValidation/zaheer_ahmad/os_fpga2/Validation/RTL_testcases/RTL_Benchmarks_Gap_Analysis/pwrmgr/rtl/prim_subreg.sv:60:12: Compile generate block "work@pwrmgr.u_reg.u_wakeup_en_regwen.gen_hw".
[INF:CP0335] /nfs_scratch/scratch/CompilerValidation/zaheer_ahmad/os_fpga2/Validation/RTL_testcases/RTL_Benchmarks_Gap_Analysis/pwrmgr/rtl/prim_subreg.sv:60:12: Compile generate block "work@pwrmgr.u_reg.u_wakeup_en.gen_hw".
[INF:CP0335] /nfs_scratch/scratch/CompilerValidation/zaheer_ahmad/os_fpga2/Validation/RTL_testcases/RTL_Benchmarks_Gap_Analysis/pwrmgr/rtl/prim_subreg.sv:60:12: Compile generate block "work@pwrmgr.u_reg.u_wake_status.gen_hw".
[INF:CP0335] /nfs_scratch/scratch/CompilerValidation/zaheer_ahmad/os_fpga2/Validation/RTL_testcases/RTL_Benchmarks_Gap_Analysis/pwrmgr/rtl/prim_subreg.sv:60:12: Compile generate block "work@pwrmgr.u_reg.u_reset_en_regwen.gen_hw".
[INF:CP0335] /nfs_scratch/scratch/CompilerValidation/zaheer_ahmad/os_fpga2/Validation/RTL_testcases/RTL_Benchmarks_Gap_Analysis/pwrmgr/rtl/prim_subreg.sv:60:12: Compile generate block "work@pwrmgr.u_reg.u_reset_en.gen_hw".
[INF:CP0335] /nfs_scratch/scratch/CompilerValidation/zaheer_ahmad/os_fpga2/Validation/RTL_testcases/RTL_Benchmarks_Gap_Analysis/pwrmgr/rtl/prim_subreg.sv:60:12: Compile generate block "work@pwrmgr.u_reg.u_reset_status.gen_hw".
[INF:CP0335] /nfs_scratch/scratch/CompilerValidation/zaheer_ahmad/os_fpga2/Validation/RTL_testcases/RTL_Benchmarks_Gap_Analysis/pwrmgr/rtl/prim_subreg.sv:60:12: Compile generate block "work@pwrmgr.u_reg.u_wake_info_capture_dis.gen_hw".
[INF:CP0335] /nfs_scratch/scratch/CompilerValidation/zaheer_ahmad/os_fpga2/Validation/RTL_testcases/RTL_Benchmarks_Gap_Analysis/pwrmgr/rtl/pwrmgr.sv:272:42: Compile generate block "work@pwrmgr.gen_alert_tx[0]".
[INF:CP0335] /nfs_scratch/scratch/CompilerValidation/zaheer_ahmad/os_fpga2/Validation/RTL_testcases/RTL_Benchmarks_Gap_Analysis/pwrmgr/rtl/prim_diff_decode.sv:44:16: Compile generate block "work@pwrmgr.gen_alert_tx[0].u_prim_alert_sender.i_decode_ping.gen_async".
[INF:CP0335] /nfs_scratch/scratch/CompilerValidation/zaheer_ahmad/os_fpga2/Validation/RTL_testcases/RTL_Benchmarks_Gap_Analysis/pwrmgr/rtl/prim_flop_2sync.sv:28:10: Compile generate block "work@pwrmgr.gen_alert_tx[0].u_prim_alert_sender.i_decode_ping.gen_async.i_sync_p.gen_generic".
[INF:CP0335] /nfs_scratch/scratch/CompilerValidation/zaheer_ahmad/os_fpga2/Validation/RTL_testcases/RTL_Benchmarks_Gap_Analysis/pwrmgr/rtl/prim_flop_2sync.sv:28:10: Compile generate block "work@pwrmgr.gen_alert_tx[0].u_prim_alert_sender.i_decode_ping.gen_async.i_sync_n.gen_generic".
[INF:CP0335] /nfs_scratch/scratch/CompilerValidation/zaheer_ahmad/os_fpga2/Validation/RTL_testcases/RTL_Benchmarks_Gap_Analysis/pwrmgr/rtl/prim_diff_decode.sv:44:16: Compile generate block "work@pwrmgr.gen_alert_tx[0].u_prim_alert_sender.i_decode_ack.gen_async".
[INF:CP0335] /nfs_scratch/scratch/CompilerValidation/zaheer_ahmad/os_fpga2/Validation/RTL_testcases/RTL_Benchmarks_Gap_Analysis/pwrmgr/rtl/prim_flop_2sync.sv:28:10: Compile generate block "work@pwrmgr.gen_alert_tx[0].u_prim_alert_sender.i_decode_ack.gen_async.i_sync_p.gen_generic".
[INF:CP0335] /nfs_scratch/scratch/CompilerValidation/zaheer_ahmad/os_fpga2/Validation/RTL_testcases/RTL_Benchmarks_Gap_Analysis/pwrmgr/rtl/prim_flop_2sync.sv:28:10: Compile generate block "work@pwrmgr.gen_alert_tx[0].u_prim_alert_sender.i_decode_ack.gen_async.i_sync_n.gen_generic".
[INF:CP0335] /nfs_scratch/scratch/CompilerValidation/zaheer_ahmad/os_fpga2/Validation/RTL_testcases/RTL_Benchmarks_Gap_Analysis/pwrmgr/rtl/prim_buf.sv:30:10: Compile generate block "work@pwrmgr.gen_alert_tx[0].u_prim_alert_sender.u_prim_buf_p.gen_generic".
[INF:CP0335] /nfs_scratch/scratch/CompilerValidation/zaheer_ahmad/os_fpga2/Validation/RTL_testcases/RTL_Benchmarks_Gap_Analysis/pwrmgr/rtl/prim_buf.sv:30:10: Compile generate block "work@pwrmgr.gen_alert_tx[0].u_prim_alert_sender.u_prim_buf_n.gen_generic".
[INF:CP0335] /nfs_scratch/scratch/CompilerValidation/zaheer_ahmad/os_fpga2/Validation/RTL_testcases/RTL_Benchmarks_Gap_Analysis/pwrmgr/rtl/prim_flop_2sync.sv:28:10: Compile generate block "work@pwrmgr.u_cdc.u_req_pwrdn_sync.gen_generic".
[INF:CP0335] /nfs_scratch/scratch/CompilerValidation/zaheer_ahmad/os_fpga2/Validation/RTL_testcases/RTL_Benchmarks_Gap_Analysis/pwrmgr/rtl/prim_flop_2sync.sv:28:10: Compile generate block "work@pwrmgr.u_cdc.u_ack_pwrup_sync.gen_generic".
[INF:CP0335] /nfs_scratch/scratch/CompilerValidation/zaheer_ahmad/os_fpga2/Validation/RTL_testcases/RTL_Benchmarks_Gap_Analysis/pwrmgr/rtl/prim_flop_2sync.sv:28:10: Compile generate block "work@pwrmgr.u_cdc.u_slow_cdc_sync.prim_flop_2sync.gen_generic".
[INF:CP0335] /nfs_scratch/scratch/CompilerValidation/zaheer_ahmad/os_fpga2/Validation/RTL_testcases/RTL_Benchmarks_Gap_Analysis/pwrmgr/rtl/prim_flop_2sync.sv:28:10: Compile generate block "work@pwrmgr.u_cdc.u_slow_ext_req_sync.gen_generic".
[INF:CP0335] /nfs_scratch/scratch/CompilerValidation/zaheer_ahmad/os_fpga2/Validation/RTL_testcases/RTL_Benchmarks_Gap_Analysis/pwrmgr/rtl/prim_flop_2sync.sv:28:10: Compile generate block "work@pwrmgr.u_cdc.u_ip_clk_status_sync.gen_generic".
[INF:CP0335] /nfs_scratch/scratch/CompilerValidation/zaheer_ahmad/os_fpga2/Validation/RTL_testcases/RTL_Benchmarks_Gap_Analysis/pwrmgr/rtl/prim_flop_2sync.sv:28:10: Compile generate block "work@pwrmgr.u_cdc.u_ast_sync.gen_generic".
[INF:CP0335] /nfs_scratch/scratch/CompilerValidation/zaheer_ahmad/os_fpga2/Validation/RTL_testcases/RTL_Benchmarks_Gap_Analysis/pwrmgr/rtl/prim_flop_2sync.sv:28:10: Compile generate block "work@pwrmgr.u_cdc.u_req_pwrup_sync.gen_generic".
[INF:CP0335] /nfs_scratch/scratch/CompilerValidation/zaheer_ahmad/os_fpga2/Validation/RTL_testcases/RTL_Benchmarks_Gap_Analysis/pwrmgr/rtl/prim_flop_2sync.sv:28:10: Compile generate block "work@pwrmgr.u_cdc.u_ack_pwrdn_sync.gen_generic".
[INF:CP0335] /nfs_scratch/scratch/CompilerValidation/zaheer_ahmad/os_fpga2/Validation/RTL_testcases/RTL_Benchmarks_Gap_Analysis/pwrmgr/rtl/prim_flop_2sync.sv:28:10: Compile generate block "work@pwrmgr.u_cdc.u_int_fsm_invalid_sync.gen_generic".
[INF:CP0335] /nfs_scratch/scratch/CompilerValidation/zaheer_ahmad/os_fpga2/Validation/RTL_testcases/RTL_Benchmarks_Gap_Analysis/pwrmgr/rtl/prim_flop_2sync.sv:28:10: Compile generate block "work@pwrmgr.u_cdc.u_pwrup_chg_sync.gen_generic".
[INF:CP0335] /nfs_scratch/scratch/CompilerValidation/zaheer_ahmad/os_fpga2/Validation/RTL_testcases/RTL_Benchmarks_Gap_Analysis/pwrmgr/rtl/prim_flop_2sync.sv:28:10: Compile generate block "work@pwrmgr.u_cdc.u_ip_clk_en_sync.gen_generic".
[INF:CP0335] /nfs_scratch/scratch/CompilerValidation/zaheer_ahmad/os_fpga2/Validation/RTL_testcases/RTL_Benchmarks_Gap_Analysis/pwrmgr/rtl/prim_flop_2sync.sv:28:10: Compile generate block "work@pwrmgr.u_cdc.u_scdc_sync.prim_flop_2sync.gen_generic".
[INF:CP0335] /nfs_scratch/scratch/CompilerValidation/zaheer_ahmad/os_fpga2/Validation/RTL_testcases/RTL_Benchmarks_Gap_Analysis/pwrmgr/rtl/prim_flop_2sync.sv:28:10: Compile generate block "work@pwrmgr.u_cdc.u_ext_req_sync.gen_generic".
[INF:CP0335] /nfs_scratch/scratch/CompilerValidation/zaheer_ahmad/os_fpga2/Validation/RTL_testcases/RTL_Benchmarks_Gap_Analysis/pwrmgr/rtl/prim_flop_2sync.sv:28:10: Compile generate block "work@pwrmgr.u_cdc.u_sync_flash_idle.gen_generic".
[INF:CP0335] /nfs_scratch/scratch/CompilerValidation/zaheer_ahmad/os_fpga2/Validation/RTL_testcases/RTL_Benchmarks_Gap_Analysis/pwrmgr/rtl/prim_flop_2sync.sv:28:10: Compile generate block "work@pwrmgr.u_cdc.u_sync_otp.gen_generic".
[INF:CP0335] /nfs_scratch/scratch/CompilerValidation/zaheer_ahmad/os_fpga2/Validation/RTL_testcases/RTL_Benchmarks_Gap_Analysis/pwrmgr/rtl/prim_mubi4_sync.sv:42:16: Compile generate block "work@pwrmgr.u_cdc.u_sync_rom_ctrl.gen_flops".
[INF:CP0335] /nfs_scratch/scratch/CompilerValidation/zaheer_ahmad/os_fpga2/Validation/RTL_testcases/RTL_Benchmarks_Gap_Analysis/pwrmgr/rtl/prim_flop_2sync.sv:28:10: Compile generate block "work@pwrmgr.u_cdc.u_sync_rom_ctrl.gen_flops.u_prim_flop_2sync.gen_generic".
[INF:CP0335] /nfs_scratch/scratch/CompilerValidation/zaheer_ahmad/os_fpga2/Validation/RTL_testcases/RTL_Benchmarks_Gap_Analysis/pwrmgr/rtl/prim_mubi4_sync.sv:54:25: Compile generate block "work@pwrmgr.u_cdc.u_sync_rom_ctrl.gen_flops.gen_stable_chks".
[INF:CP0335] /nfs_scratch/scratch/CompilerValidation/zaheer_ahmad/os_fpga2/Validation/RTL_testcases/RTL_Benchmarks_Gap_Analysis/pwrmgr/rtl/prim_flop.sv:39:10: Compile generate block "work@pwrmgr.u_cdc.u_sync_rom_ctrl.gen_flops.gen_stable_chks.u_prim_flop_3rd_stage.gen_generic".
[INF:CP0335] /nfs_scratch/scratch/CompilerValidation/zaheer_ahmad/os_fpga2/Validation/RTL_testcases/RTL_Benchmarks_Gap_Analysis/pwrmgr/rtl/prim_xor2.sv:35:10: Compile generate block "work@pwrmgr.u_cdc.u_sync_rom_ctrl.gen_flops.gen_stable_chks.u_mubi_xor.gen_generic".
[INF:CP0335] /nfs_scratch/scratch/CompilerValidation/zaheer_ahmad/os_fpga2/Validation/RTL_testcases/RTL_Benchmarks_Gap_Analysis/pwrmgr/rtl/prim_mubi4_sync.sv:78:47: Compile generate block "work@pwrmgr.u_cdc.u_sync_rom_ctrl.gen_flops.gen_stable_chks.gen_bufs_muxes[0]".
[INF:CP0335] /nfs_scratch/scratch/CompilerValidation/zaheer_ahmad/os_fpga2/Validation/RTL_testcases/RTL_Benchmarks_Gap_Analysis/pwrmgr/rtl/prim_buf.sv:30:10: Compile generate block "work@pwrmgr.u_cdc.u_sync_rom_ctrl.gen_flops.gen_stable_chks.gen_bufs_muxes[0].u_sig_unstable_buf.u_secure_anchor_buf.gen_generic".
[INF:CP0335] /nfs_scratch/scratch/CompilerValidation/zaheer_ahmad/os_fpga2/Validation/RTL_testcases/RTL_Benchmarks_Gap_Analysis/pwrmgr/rtl/prim_clock_mux2.sv:36:10: Compile generate block "work@pwrmgr.u_cdc.u_sync_rom_ctrl.gen_flops.gen_stable_chks.gen_bufs_muxes[0].u_mux.gen_generic".
[INF:CP0335] /nfs_scratch/scratch/CompilerValidation/zaheer_ahmad/os_fpga2/Validation/RTL_testcases/RTL_Benchmarks_Gap_Analysis/pwrmgr/rtl/prim_mubi4_sync.sv:78:47: Compile generate block "work@pwrmgr.u_cdc.u_sync_rom_ctrl.gen_flops.gen_stable_chks.gen_bufs_muxes[1]".
[INF:CP0335] /nfs_scratch/scratch/CompilerValidation/zaheer_ahmad/os_fpga2/Validation/RTL_testcases/RTL_Benchmarks_Gap_Analysis/pwrmgr/rtl/prim_buf.sv:30:10: Compile generate block "work@pwrmgr.u_cdc.u_sync_rom_ctrl.gen_flops.gen_stable_chks.gen_bufs_muxes[1].u_sig_unstable_buf.u_secure_anchor_buf.gen_generic".
[INF:CP0335] /nfs_scratch/scratch/CompilerValidation/zaheer_ahmad/os_fpga2/Validation/RTL_testcases/RTL_Benchmarks_Gap_Analysis/pwrmgr/rtl/prim_clock_mux2.sv:36:10: Compile generate block "work@pwrmgr.u_cdc.u_sync_rom_ctrl.gen_flops.gen_stable_chks.gen_bufs_muxes[1].u_mux.gen_generic".
[INF:CP0335] /nfs_scratch/scratch/CompilerValidation/zaheer_ahmad/os_fpga2/Validation/RTL_testcases/RTL_Benchmarks_Gap_Analysis/pwrmgr/rtl/prim_mubi4_sync.sv:78:47: Compile generate block "work@pwrmgr.u_cdc.u_sync_rom_ctrl.gen_flops.gen_stable_chks.gen_bufs_muxes[2]".
[INF:CP0335] /nfs_scratch/scratch/CompilerValidation/zaheer_ahmad/os_fpga2/Validation/RTL_testcases/RTL_Benchmarks_Gap_Analysis/pwrmgr/rtl/prim_buf.sv:30:10: Compile generate block "work@pwrmgr.u_cdc.u_sync_rom_ctrl.gen_flops.gen_stable_chks.gen_bufs_muxes[2].u_sig_unstable_buf.u_secure_anchor_buf.gen_generic".
[INF:CP0335] /nfs_scratch/scratch/CompilerValidation/zaheer_ahmad/os_fpga2/Validation/RTL_testcases/RTL_Benchmarks_Gap_Analysis/pwrmgr/rtl/prim_clock_mux2.sv:36:10: Compile generate block "work@pwrmgr.u_cdc.u_sync_rom_ctrl.gen_flops.gen_stable_chks.gen_bufs_muxes[2].u_mux.gen_generic".
[INF:CP0335] /nfs_scratch/scratch/CompilerValidation/zaheer_ahmad/os_fpga2/Validation/RTL_testcases/RTL_Benchmarks_Gap_Analysis/pwrmgr/rtl/prim_mubi4_sync.sv:78:47: Compile generate block "work@pwrmgr.u_cdc.u_sync_rom_ctrl.gen_flops.gen_stable_chks.gen_bufs_muxes[3]".
[INF:CP0335] /nfs_scratch/scratch/CompilerValidation/zaheer_ahmad/os_fpga2/Validation/RTL_testcases/RTL_Benchmarks_Gap_Analysis/pwrmgr/rtl/prim_buf.sv:30:10: Compile generate block "work@pwrmgr.u_cdc.u_sync_rom_ctrl.gen_flops.gen_stable_chks.gen_bufs_muxes[3].u_sig_unstable_buf.u_secure_anchor_buf.gen_generic".
[INF:CP0335] /nfs_scratch/scratch/CompilerValidation/zaheer_ahmad/os_fpga2/Validation/RTL_testcases/RTL_Benchmarks_Gap_Analysis/pwrmgr/rtl/prim_clock_mux2.sv:36:10: Compile generate block "work@pwrmgr.u_cdc.u_sync_rom_ctrl.gen_flops.gen_stable_chks.gen_bufs_muxes[3].u_mux.gen_generic".
[INF:CP0335] /nfs_scratch/scratch/CompilerValidation/zaheer_ahmad/os_fpga2/Validation/RTL_testcases/RTL_Benchmarks_Gap_Analysis/pwrmgr/rtl/prim_mubi4_sync.sv:113:42: Compile generate block "work@pwrmgr.u_cdc.u_sync_rom_ctrl.gen_buffs[0]".
[INF:CP0335] /nfs_scratch/scratch/CompilerValidation/zaheer_ahmad/os_fpga2/Validation/RTL_testcases/RTL_Benchmarks_Gap_Analysis/pwrmgr/rtl/prim_mubi4_sync.sv:115:45: Compile generate block "work@pwrmgr.u_cdc.u_sync_rom_ctrl.gen_buffs[0].gen_bits[0]".
[INF:CP0335] /nfs_scratch/scratch/CompilerValidation/zaheer_ahmad/os_fpga2/Validation/RTL_testcases/RTL_Benchmarks_Gap_Analysis/pwrmgr/rtl/prim_buf.sv:30:10: Compile generate block "work@pwrmgr.u_cdc.u_sync_rom_ctrl.gen_buffs[0].gen_bits[0].u_prim_buf.gen_generic".
[INF:CP0335] /nfs_scratch/scratch/CompilerValidation/zaheer_ahmad/os_fpga2/Validation/RTL_testcases/RTL_Benchmarks_Gap_Analysis/pwrmgr/rtl/prim_mubi4_sync.sv:115:45: Compile generate block "work@pwrmgr.u_cdc.u_sync_rom_ctrl.gen_buffs[0].gen_bits[1]".
[INF:CP0335] /nfs_scratch/scratch/CompilerValidation/zaheer_ahmad/os_fpga2/Validation/RTL_testcases/RTL_Benchmarks_Gap_Analysis/pwrmgr/rtl/prim_buf.sv:30:10: Compile generate block "work@pwrmgr.u_cdc.u_sync_rom_ctrl.gen_buffs[0].gen_bits[1].u_prim_buf.gen_generic".
[INF:CP0335] /nfs_scratch/scratch/CompilerValidation/zaheer_ahmad/os_fpga2/Validation/RTL_testcases/RTL_Benchmarks_Gap_Analysis/pwrmgr/rtl/prim_mubi4_sync.sv:115:45: Compile generate block "work@pwrmgr.u_cdc.u_sync_rom_ctrl.gen_buffs[0].gen_bits[2]".
[INF:CP0335] /nfs_scratch/scratch/CompilerValidation/zaheer_ahmad/os_fpga2/Validation/RTL_testcases/RTL_Benchmarks_Gap_Analysis/pwrmgr/rtl/prim_buf.sv:30:10: Compile generate block "work@pwrmgr.u_cdc.u_sync_rom_ctrl.gen_buffs[0].gen_bits[2].u_prim_buf.gen_generic".
[INF:CP0335] /nfs_scratch/scratch/CompilerValidation/zaheer_ahmad/os_fpga2/Validation/RTL_testcases/RTL_Benchmarks_Gap_Analysis/pwrmgr/rtl/prim_mubi4_sync.sv:115:45: Compile generate block "work@pwrmgr.u_cdc.u_sync_rom_ctrl.gen_buffs[0].gen_bits[3]".
[INF:CP0335] /nfs_scratch/scratch/CompilerValidation/zaheer_ahmad/os_fpga2/Validation/RTL_testcases/RTL_Benchmarks_Gap_Analysis/pwrmgr/rtl/prim_buf.sv:30:10: Compile generate block "work@pwrmgr.u_cdc.u_sync_rom_ctrl.gen_buffs[0].gen_bits[3].u_prim_buf.gen_generic".
[INF:CP0335] /nfs_scratch/scratch/CompilerValidation/zaheer_ahmad/os_fpga2/Validation/RTL_testcases/RTL_Benchmarks_Gap_Analysis/pwrmgr/rtl/prim_flop_2sync.sv:28:10: Compile generate block "work@pwrmgr.u_cdc.u_clr_reqack.req_sync.gen_generic".
[INF:CP0335] /nfs_scratch/scratch/CompilerValidation/zaheer_ahmad/os_fpga2/Validation/RTL_testcases/RTL_Benchmarks_Gap_Analysis/pwrmgr/rtl/prim_flop_2sync.sv:28:10: Compile generate block "work@pwrmgr.u_cdc.u_clr_reqack.ack_sync.gen_generic".
[INF:CP0335] /nfs_scratch/scratch/CompilerValidation/zaheer_ahmad/os_fpga2/Validation/RTL_testcases/RTL_Benchmarks_Gap_Analysis/pwrmgr/rtl/pwrmgr.sv:394:41: Compile generate block "work@pwrmgr.gen_wakeup_status[0]".
[INF:CP0335] /nfs_scratch/scratch/CompilerValidation/zaheer_ahmad/os_fpga2/Validation/RTL_testcases/RTL_Benchmarks_Gap_Analysis/pwrmgr/rtl/pwrmgr.sv:394:41: Compile generate block "work@pwrmgr.gen_wakeup_status[1]".
[INF:CP0335] /nfs_scratch/scratch/CompilerValidation/zaheer_ahmad/os_fpga2/Validation/RTL_testcases/RTL_Benchmarks_Gap_Analysis/pwrmgr/rtl/pwrmgr.sv:394:41: Compile generate block "work@pwrmgr.gen_wakeup_status[2]".
[INF:CP0335] /nfs_scratch/scratch/CompilerValidation/zaheer_ahmad/os_fpga2/Validation/RTL_testcases/RTL_Benchmarks_Gap_Analysis/pwrmgr/rtl/pwrmgr.sv:394:41: Compile generate block "work@pwrmgr.gen_wakeup_status[3]".
[INF:CP0335] /nfs_scratch/scratch/CompilerValidation/zaheer_ahmad/os_fpga2/Validation/RTL_testcases/RTL_Benchmarks_Gap_Analysis/pwrmgr/rtl/pwrmgr.sv:394:41: Compile generate block "work@pwrmgr.gen_wakeup_status[4]".
[INF:CP0335] /nfs_scratch/scratch/CompilerValidation/zaheer_ahmad/os_fpga2/Validation/RTL_testcases/RTL_Benchmarks_Gap_Analysis/pwrmgr/rtl/pwrmgr.sv:394:41: Compile generate block "work@pwrmgr.gen_wakeup_status[5]".
[INF:CP0335] /nfs_scratch/scratch/CompilerValidation/zaheer_ahmad/os_fpga2/Validation/RTL_testcases/RTL_Benchmarks_Gap_Analysis/pwrmgr/rtl/pwrmgr.sv:399:43: Compile generate block "work@pwrmgr.gen_reset_status[0]".
[INF:CP0335] /nfs_scratch/scratch/CompilerValidation/zaheer_ahmad/os_fpga2/Validation/RTL_testcases/RTL_Benchmarks_Gap_Analysis/pwrmgr/rtl/pwrmgr.sv:399:43: Compile generate block "work@pwrmgr.gen_reset_status[1]".
[INF:CP0335] /nfs_scratch/scratch/CompilerValidation/zaheer_ahmad/os_fpga2/Validation/RTL_testcases/RTL_Benchmarks_Gap_Analysis/pwrmgr/rtl/prim_flop.sv:39:10: Compile generate block "work@pwrmgr.u_slow_fsm.u_state_regs.u_state_flop.gen_generic".
[INF:CP0335] /nfs_scratch/scratch/CompilerValidation/zaheer_ahmad/os_fpga2/Validation/RTL_testcases/RTL_Benchmarks_Gap_Analysis/pwrmgr/rtl/prim_flop.sv:39:10: Compile generate block "work@pwrmgr.u_slow_fsm.u_usb_clk_en.gen_generic".
[INF:CP0335] /nfs_scratch/scratch/CompilerValidation/zaheer_ahmad/os_fpga2/Validation/RTL_testcases/RTL_Benchmarks_Gap_Analysis/pwrmgr/rtl/prim_flop.sv:39:10: Compile generate block "work@pwrmgr.u_fsm.u_state_regs.u_state_flop.gen_generic".
[INF:CP0335] /nfs_scratch/scratch/CompilerValidation/zaheer_ahmad/os_fpga2/Validation/RTL_testcases/RTL_Benchmarks_Gap_Analysis/pwrmgr/rtl/prim_flop_2sync.sv:28:10: Compile generate block "work@pwrmgr.u_fsm.u_slow_sync_lc_done.gen_generic".
[INF:CP0335] /nfs_scratch/scratch/CompilerValidation/zaheer_ahmad/os_fpga2/Validation/RTL_testcases/RTL_Benchmarks_Gap_Analysis/pwrmgr/rtl/prim_flop_2sync.sv:28:10: Compile generate block "work@pwrmgr.u_fsm.u_sync_lc_done.gen_generic".
[INF:CP0335] /nfs_scratch/scratch/CompilerValidation/zaheer_ahmad/os_fpga2/Validation/RTL_testcases/RTL_Benchmarks_Gap_Analysis/pwrmgr/rtl/prim_flop.sv:39:10: Compile generate block "work@pwrmgr.u_fsm.u_usb_ip_clk_en.gen_generic".
[INF:CP0335] /nfs_scratch/scratch/CompilerValidation/zaheer_ahmad/os_fpga2/Validation/RTL_testcases/RTL_Benchmarks_Gap_Analysis/pwrmgr/rtl/prim_flop.sv:39:10: Compile generate block "work@pwrmgr.u_fsm.u_reg_otp_init.gen_generic".
[INF:CP0335] /nfs_scratch/scratch/CompilerValidation/zaheer_ahmad/os_fpga2/Validation/RTL_testcases/RTL_Benchmarks_Gap_Analysis/pwrmgr/rtl/prim_flop.sv:39:10: Compile generate block "work@pwrmgr.u_fsm.u_reg_lc_init.gen_generic".
[INF:CP0335] /nfs_scratch/scratch/CompilerValidation/zaheer_ahmad/os_fpga2/Validation/RTL_testcases/RTL_Benchmarks_Gap_Analysis/pwrmgr/rtl/prim_intr_hw.sv:39:24: Compile generate block "work@pwrmgr.intr_wakeup.gen_flop_intr_output".
[NTE:EL0503] /nfs_scratch/scratch/CompilerValidation/zaheer_ahmad/os_fpga2/Validation/RTL_testcases/RTL_Benchmarks_Gap_Analysis/pwrmgr/rtl/pwrmgr.sv:9:1: Top level module "work@pwrmgr".
[NTE:EL0508] Nb Top level modules: 1.
[NTE:EL0509] Max instance depth: 10.
[NTE:EL0510] Nb instances: 230.
[NTE:EL0511] Nb leaf instances: 26.
[INF:UH0706] Creating UHDM Model...
[INF:UH0707] Elaborating UHDM...
[  FATAL] : 0
[ SYNTAX] : 0
[  ERROR] : 0
[WARNING] : 0
[   NOTE] : 8
