/*******************************************************************************
Copyright (c) 2022-2024 Rapid Silicon
This source code contains proprietary information belonging to Rapid Silicon
(the "licensor") released under license and non-disclosure agreement to the
recipient (the "licensee").

The information shared and protected by the license and non-disclosure agreement
includes but is not limited to the following:
* operational algorithms of the product
* logos, graphics, source code, and visual presentation of the product
* confidential operational information of the licensor

The recipient of this source code is NOT permitted to publicly disclose,
re-use, archive beyond the period of the license agreement, transfer to a
sub-licensee, or re-implement any portion of the content covered by the license
and non-disclosure agreement without the prior written consent of the licensor.
*********************************************************************************/

Version  : 2024.11
Build    : 1.2.34
Hash     : b845ea2
Date     : Nov 30 2024
Type     : Engineering
Log Time   : Sat Nov 30 21:12:10 2024 GMT
/*******************************************************************************
Copyright (c) 2022-2024 Rapid Silicon
This source code contains proprietary information belonging to Rapid Silicon
(the "licensor") released under license and non-disclosure agreement to the
recipient (the "licensee").

The information shared and protected by the license and non-disclosure agreement
includes but is not limited to the following:
* operational algorithms of the product
* logos, graphics, source code, and visual presentation of the product
* confidential operational information of the licensor

The recipient of this source code is NOT permitted to publicly disclose,
re-use, archive beyond the period of the license agreement, transfer to a
sub-licensee, or re-implement any portion of the content covered by the license
and non-disclosure agreement without the prior written consent of the licensor.
*********************************************************************************/

Version  : 2024.11
Build    : 1.2.34
Hash     : b845ea2
Date     : Nov 30 2024
Type     : Engineering
Log Time   : Sat Nov 30 21:12:10 2024 GMT

 /----------------------------------------------------------------------------\
 |  yosys -- Yosys Open SYnthesis Suite                                       |
 |  Copyright (C) 2012 - 2024  Claire Xenia Wolf <claire@yosyshq.com>         |
 |  Distributed under an ISC-like license, type "license" to see terms        |
 \----------------------------------------------------------------------------/

 Yosys 0.44 (git sha1 8e1826a47, g++ 11.2.1 -fPIC -O3)

-- Executing script file `/nfs_scratch/scratch/CGA/repo/2024-11-30-22-25-48_T12694R122/Validation/RTL_testcases/litex_designs/vexriscv_axi_cdma/results_dir/vex_soc/run_1/synth_1_1/analysis/vex_soc_analyzer.cmd' --

1. Executing Verilog-2005 frontend: /nfs_eda_sw/softwares/Raptor/instl_dir/11_30_2024_09_15_01/share/raptor/sim_models/rapidsilicon/genesis3/FPGA_PRIMITIVES_MODELS/blackbox_models/cell_sim_blackbox.v
Parsing SystemVerilog input from `/nfs_eda_sw/softwares/Raptor/instl_dir/11_30_2024_09_15_01/share/raptor/sim_models/rapidsilicon/genesis3/FPGA_PRIMITIVES_MODELS/blackbox_models/cell_sim_blackbox.v' to AST representation.
Generating RTLIL representation for module `\BOOT_CLOCK'.
Generating RTLIL representation for module `\CARRY_BREAK'.
Generating RTLIL representation for module `\CARRY'.
Generating RTLIL representation for module `\CLK_BUF'.
Generating RTLIL representation for module `\DFFNRE'.
Generating RTLIL representation for module `\DFFRE'.
Generating RTLIL representation for module `\DLY_SEL_DECODER'.
Generating RTLIL representation for module `\DLY_VALUE_MUX'.
Generating RTLIL representation for module `\DSP19X2'.
Generating RTLIL representation for module `\DSP38'.
Generating RTLIL representation for module `\FCLK_BUF'.
Generating RTLIL representation for module `\FIFO18KX2'.
Generating RTLIL representation for module `\FIFO36K'.
Generating RTLIL representation for module `\I_BUF_DS'.
Generating RTLIL representation for module `\I_BUF'.
Generating RTLIL representation for module `\I_DDR'.
Generating RTLIL representation for module `\I_DELAY'.
Generating RTLIL representation for module `\I_FAB'.
Generating RTLIL representation for module `\I_SERDES'.
Generating RTLIL representation for module `\LATCHNR'.
Generating RTLIL representation for module `\LATCHNS'.
Generating RTLIL representation for module `\LATCHN'.
Generating RTLIL representation for module `\LATCHR'.
Generating RTLIL representation for module `\LATCHS'.
Generating RTLIL representation for module `\LATCH'.
Generating RTLIL representation for module `\LUT1'.
Generating RTLIL representation for module `\LUT2'.
Generating RTLIL representation for module `\LUT3'.
Generating RTLIL representation for module `\LUT4'.
Generating RTLIL representation for module `\LUT5'.
Generating RTLIL representation for module `\LUT6'.
Generating RTLIL representation for module `\MIPI_RX'.
Generating RTLIL representation for module `\MIPI_TX'.
Generating RTLIL representation for module `\O_BUF_DS'.
Generating RTLIL representation for module `\O_BUFT_DS'.
Generating RTLIL representation for module `\O_BUFT'.
Generating RTLIL representation for module `\O_BUF'.
Generating RTLIL representation for module `\O_DDR'.
Generating RTLIL representation for module `\O_DELAY'.
Generating RTLIL representation for module `\O_FAB'.
Generating RTLIL representation for module `\O_SERDES_CLK'.
Generating RTLIL representation for module `\O_SERDES'.
Generating RTLIL representation for module `\PLL'.
Generating RTLIL representation for module `\SOC_FPGA_INTF_AHB_M'.
Generating RTLIL representation for module `\SOC_FPGA_INTF_AHB_S'.
Generating RTLIL representation for module `\SOC_FPGA_INTF_AXI_M0'.
Generating RTLIL representation for module `\SOC_FPGA_INTF_AXI_M1'.
Generating RTLIL representation for module `\SOC_FPGA_INTF_DMA'.
Generating RTLIL representation for module `\SOC_FPGA_INTF_IRQ'.
Generating RTLIL representation for module `\SOC_FPGA_INTF_JTAG'.
Generating RTLIL representation for module `\SOC_FPGA_TEMPERATURE'.
Generating RTLIL representation for module `\TDP_RAM18KX2'.
Generating RTLIL representation for module `\TDP_RAM36K'.
Successfully finished Verilog frontend.

2. Executing Verilog-2005 frontend: /nfs_scratch/scratch/CGA/repo/2024-11-30-22-25-48_T12694R122/Validation/RTL_testcases/litex_designs/vexriscv_axi_cdma/results_dir/.././rtl/vex_soc.v
Parsing Verilog input from `/nfs_scratch/scratch/CGA/repo/2024-11-30-22-25-48_T12694R122/Validation/RTL_testcases/litex_designs/vexriscv_axi_cdma/results_dir/.././rtl/vex_soc.v' to AST representation.
Generating RTLIL representation for module `\vex_soc'.
Successfully finished Verilog frontend.

3. Executing Verilog-2005 frontend: ../../../../.././rtl/axi_interconnect_wrapper.v
Parsing Verilog input from `../../../../.././rtl/axi_interconnect_wrapper.v' to AST representation.
Generating RTLIL representation for module `\axi_interconnect_wrapper'.
Successfully finished Verilog frontend.

4. Executing Verilog-2005 frontend: ../../../../.././rtl/uart_debug_if.v
Parsing Verilog input from `../../../../.././rtl/uart_debug_if.v' to AST representation.
Warning: Encountered `translate_off' comment! Such legacy hot comments are supported by Yosys, but are not part of any formal language specification. Using a portable and standards-compliant construct such as `ifdef is recommended!
Generating RTLIL representation for module `\uart_debug_if'.
Note: Assuming pure combinatorial block at ../../../../.././rtl/uart_debug_if.v:118.1-126.9 in
compliance with IEC 62142(E):2005 / IEEE Std. 1364.1(E):2002. Recommending
use of @* instead of @(...) for better match of synthesis and simulation.
Successfully finished Verilog frontend.

5. Executing Verilog-2005 frontend: ../../../../.././rtl/sfifo.v
Parsing Verilog input from `../../../../.././rtl/sfifo.v' to AST representation.
Generating RTLIL representation for module `\sfifo'.
Successfully finished Verilog frontend.

6. Executing Verilog-2005 frontend: ../../../../.././rtl/VexRiscvAxi4.v
Parsing Verilog input from `../../../../.././rtl/VexRiscvAxi4.v' to AST representation.
Generating RTLIL representation for module `\VexRiscvAxi4'.
Generating RTLIL representation for module `\SystemDebugger'.
Generating RTLIL representation for module `\JtagBridge'.
Generating RTLIL representation for module `\StreamFork'.
Generating RTLIL representation for module `\StreamFifoLowLatency'.
Generating RTLIL representation for module `\FlowCCByToggle'.
Generating RTLIL representation for module `\BufferCC'.
Successfully finished Verilog frontend.

7. Executing Verilog-2005 frontend: ../../../../.././rtl/uart_sync_flops.v
Parsing Verilog input from `../../../../.././rtl/uart_sync_flops.v' to AST representation.
Generating RTLIL representation for module `\uart_sync_flops'.
Successfully finished Verilog frontend.

8. Executing Verilog-2005 frontend: ../../../../.././rtl/axi4lite_uart_top.v
Parsing Verilog input from `../../../../.././rtl/axi4lite_uart_top.v' to AST representation.
Generating RTLIL representation for module `\axi4lite_uart_top'.
Successfully finished Verilog frontend.

9. Executing Verilog-2005 frontend: ../../../../.././rtl/priority_encoder.v
Parsing Verilog input from `../../../../.././rtl/priority_encoder.v' to AST representation.
Generating RTLIL representation for module `\priority_encoder'.
Successfully finished Verilog frontend.

10. Executing Verilog-2005 frontend: ../../../../.././rtl/axil_interconnect.v
Parsing Verilog input from `../../../../.././rtl/axil_interconnect.v' to AST representation.
Generating RTLIL representation for module `\axil_interconnect'.
Addressing configuration for axil_interconnect instance \axil_interconnect
          0 (          0): 00000000 / 24 -- 00000000-00ffffff
          1 (          0): 01000000 / 24 -- 01000000-01ffffff
          2 (          0): 02000000 / 24 -- 02000000-02ffffff
          3 (          0): 03000000 / 24 -- 03000000-03ffffff
Successfully finished Verilog frontend.

11. Executing Verilog-2005 frontend: ../../../../.././rtl/axi_addr.v
Parsing Verilog input from `../../../../.././rtl/axi_addr.v' to AST representation.
Generating RTLIL representation for module `\axi_addr'.
Successfully finished Verilog frontend.

12. Executing Verilog-2005 frontend: ../../../../.././rtl/uart_transmitter.v
Parsing Verilog input from `../../../../.././rtl/uart_transmitter.v' to AST representation.
Generating RTLIL representation for module `\uart_transmitter'.
Successfully finished Verilog frontend.

13. Executing Verilog-2005 frontend: ../../../../.././rtl/axi_ram.v
Parsing Verilog input from `../../../../.././rtl/axi_ram.v' to AST representation.
Generating RTLIL representation for module `\axi_ram'.
Successfully finished Verilog frontend.

14. Executing Verilog-2005 frontend: ../../../../.././rtl/axi2axilite.v
Parsing Verilog input from `../../../../.././rtl/axi2axilite.v' to AST representation.
Generating RTLIL representation for module `\axi2axilite'.
Successfully finished Verilog frontend.

15. Executing Verilog-2005 frontend: ../../../../.././rtl/axi4lite_slave.v
Parsing Verilog input from `../../../../.././rtl/axi4lite_slave.v' to AST representation.
Generating RTLIL representation for module `\axi4lite_slave'.
Successfully finished Verilog frontend.

16. Executing Verilog-2005 frontend: ../../../../.././rtl/skidbuffer.v
Parsing Verilog input from `../../../../.././rtl/skidbuffer.v' to AST representation.
Generating RTLIL representation for module `\skidbuffer'.
Successfully finished Verilog frontend.

17. Executing Verilog-2005 frontend: ../../../../.././rtl/raminfr.v
Parsing Verilog input from `../../../../.././rtl/raminfr.v' to AST representation.
Generating RTLIL representation for module `\raminfr'.
Successfully finished Verilog frontend.

18. Executing Verilog-2005 frontend: ../../../../.././rtl/axi_ram_per.v
Parsing Verilog input from `../../../../.././rtl/axi_ram_per.v' to AST representation.
Generating RTLIL representation for module `\axi_ram_per'.
Successfully finished Verilog frontend.

19. Executing Verilog-2005 frontend: ../../../../.././rtl/axi_interconnect.v
Parsing Verilog input from `../../../../.././rtl/axi_interconnect.v' to AST representation.
Generating RTLIL representation for module `\axi_interconnect'.
Addressing configuration for axi_interconnect instance \axi_interconnect
          0 (          0): 00000000 / 24 -- 00000000-00ffffff
          1 (          0): 01000000 / 24 -- 01000000-01ffffff
          2 (          0): 02000000 / 24 -- 02000000-02ffffff
          3 (          0): 03000000 / 24 -- 03000000-03ffffff
Successfully finished Verilog frontend.

20. Executing Verilog-2005 frontend: ../../../../.././rtl/offset_remove_comb.v
Parsing Verilog input from `../../../../.././rtl/offset_remove_comb.v' to AST representation.
Generating RTLIL representation for module `\offset_remove_comb'.
Successfully finished Verilog frontend.

21. Executing Verilog-2005 frontend: ../../../../.././rtl/uart_rfifo.v
Parsing Verilog input from `../../../../.././rtl/uart_rfifo.v' to AST representation.
Generating RTLIL representation for module `\uart_rfifo'.
Warning: Replacing memory \fifo with list of registers. See ../../../../.././rtl/uart_rfifo.v:217
Successfully finished Verilog frontend.

22. Executing Verilog-2005 frontend: ../../../../.././rtl/axi_cdma.v
Parsing Verilog input from `../../../../.././rtl/axi_cdma.v' to AST representation.
Generating RTLIL representation for module `\axi_cdma'.
Successfully finished Verilog frontend.

23. Executing Verilog-2005 frontend: ../../../../.././rtl/uart_tfifo.v
Parsing Verilog input from `../../../../.././rtl/uart_tfifo.v' to AST representation.
Generating RTLIL representation for module `\uart_tfifo'.
Successfully finished Verilog frontend.

24. Executing Verilog-2005 frontend: ../../../../.././rtl/uart_regs.v
Parsing Verilog input from `../../../../.././rtl/uart_regs.v' to AST representation.
Generating RTLIL representation for module `\uart_regs'.
Note: Assuming pure combinatorial block at ../../../../.././rtl/uart_regs.v:441.1-454.4 in
compliance with IEC 62142(E):2005 / IEEE Std. 1364.1(E):2002. Recommending
use of @* instead of @(...) for better match of synthesis and simulation.
Note: Assuming pure combinatorial block at ../../../../.././rtl/uart_regs.v:597.1-603.9 in
compliance with IEC 62142(E):2005 / IEEE Std. 1364.1(E):2002. Recommending
use of @* instead of @(...) for better match of synthesis and simulation.
Note: Assuming pure combinatorial block at ../../../../.././rtl/uart_regs.v:753.1-763.10 in
compliance with IEC 62142(E):2005 / IEEE Std. 1364.1(E):2002. Recommending
use of @* instead of @(...) for better match of synthesis and simulation.
Successfully finished Verilog frontend.

25. Executing Verilog-2005 frontend: ../../../../.././rtl/uart_receiver.v
Parsing Verilog input from `../../../../.././rtl/uart_receiver.v' to AST representation.
Generating RTLIL representation for module `\uart_receiver'.
Note: Assuming pure combinatorial block at ../../../../.././rtl/uart_receiver.v:450.1-460.9 in
compliance with IEC 62142(E):2005 / IEEE Std. 1364.1(E):2002. Recommending
use of @* instead of @(...) for better match of synthesis and simulation.
Successfully finished Verilog frontend.

26. Executing Verilog-2005 frontend: ../../../../.././rtl/axil_interconnect_1x2.v
Parsing Verilog input from `../../../../.././rtl/axil_interconnect_1x2.v' to AST representation.
Generating RTLIL representation for module `\axil_interconnect_1x2'.
Successfully finished Verilog frontend.

27. Executing Verilog-2005 frontend: ../../../../.././rtl/arbiter.v
Parsing Verilog input from `../../../../.././rtl/arbiter.v' to AST representation.
Generating RTLIL representation for module `\arbiter'.
Successfully finished Verilog frontend.

-- Running command `hierarchy -top vex_soc' --

28. Executing HIERARCHY pass (managing design hierarchy).

28.1. Analyzing design hierarchy..
Top module:  \vex_soc
Used module:     \axi_ram_per
Used module:     \axi_interconnect_wrapper
Used module:         \axi_interconnect
Used module:             \arbiter
Used module:                 \priority_encoder
Used module:     \axi4lite_uart_top
Used module:         \uart_debug_if
Used module:         \uart_regs
Used module:             \uart_receiver
Used module:                 \uart_rfifo
Used module:                     \raminfr
Used module:             \uart_sync_flops
Used module:             \uart_transmitter
Used module:                 \uart_tfifo
Used module:         \axi4lite_slave
Used module:     \axi_cdma
Used module:         \sfifo
Used module:         \skidbuffer
Used module:     \offset_remove_comb
Used module:     \axil_interconnect_1x2
Used module:         \axil_interconnect
Used module:     \axi2axilite
Used module:         \axi_addr
Used module:     \VexRiscvAxi4
Used module:         \SystemDebugger
Used module:         \JtagBridge
Used module:             \FlowCCByToggle
Used module:                 \BufferCC
Used module:         \StreamFork
Used module:         \StreamFifoLowLatency
Used module:     \axi_ram
Parameter \BW = 10
Parameter \LGFLEN = 4

28.2. Executing AST frontend in derive mode using pre-parsed AST for module `\sfifo'.
Parameter \BW = 10
Parameter \LGFLEN = 4
Generating RTLIL representation for module `$paramod$7191fc26d20a58ed903b8c69917700080d1ee827\sfifo'.
Parameter \AW = 32
Parameter \DW = 32

28.3. Executing AST frontend in derive mode using pre-parsed AST for module `\axi_addr'.
Parameter \AW = 32
Parameter \DW = 32
Generating RTLIL representation for module `$paramod$6648458bd9bc2edd447afbf8aff5a713854dd05b\axi_addr'.
Parameter \OPT_LOWPOWER = 0
Parameter \OPT_OUTREG = 0
Parameter \DW = 34

28.4. Executing AST frontend in derive mode using pre-parsed AST for module `\skidbuffer'.
Parameter \OPT_LOWPOWER = 0
Parameter \OPT_OUTREG = 0
Parameter \DW = 34
Generating RTLIL representation for module `$paramod$fa344c755c712400389326a2b4398df87a021985\skidbuffer'.
Parameter \OPT_LOWPOWER = 0
Parameter \OPT_OUTREG = 0
Parameter \DW = 47

28.5. Executing AST frontend in derive mode using pre-parsed AST for module `\skidbuffer'.
Parameter \OPT_LOWPOWER = 0
Parameter \OPT_OUTREG = 0
Parameter \DW = 47
Generating RTLIL representation for module `$paramod$1ef7da899c85a505e51bac2d24ea4a51fdb2ec7c\skidbuffer'.
Parameter \BW = 10
Parameter \LGFLEN = 4
Found cached RTLIL representation for module `$paramod$7191fc26d20a58ed903b8c69917700080d1ee827\sfifo'.
Parameter \AW = 32
Parameter \DW = 32
Found cached RTLIL representation for module `$paramod$6648458bd9bc2edd447afbf8aff5a713854dd05b\axi_addr'.
Parameter \OPT_LOWPOWER = 0
Parameter \OPT_OUTREG = 0
Parameter \DW = 2

28.6. Executing AST frontend in derive mode using pre-parsed AST for module `\skidbuffer'.
Parameter \OPT_LOWPOWER = 0
Parameter \OPT_OUTREG = 0
Parameter \DW = 2
Generating RTLIL representation for module `$paramod$a3dc7be9a3a085f5918128c3b68c4f52face5d2f\skidbuffer'.
Parameter \OPT_LOWPOWER = 0
Parameter \OPT_OUTREG = 1
Parameter \DW = 36

28.7. Executing AST frontend in derive mode using pre-parsed AST for module `\skidbuffer'.
Parameter \OPT_LOWPOWER = 0
Parameter \OPT_OUTREG = 1
Parameter \DW = 36
Generating RTLIL representation for module `$paramod$5ab7f930a8819733f0b1b1b26ed8ecdfd713202c\skidbuffer'.
Parameter \OPT_LOWPOWER = 0
Parameter \OPT_OUTREG = 0
Parameter \DW = 37

28.8. Executing AST frontend in derive mode using pre-parsed AST for module `\skidbuffer'.
Parameter \OPT_LOWPOWER = 0
Parameter \OPT_OUTREG = 0
Parameter \DW = 37
Generating RTLIL representation for module `$paramod$e8b35e44c6d8b17d77914384e2e3c5d5cc24c566\skidbuffer'.
Parameter \OPT_LOWPOWER = 0
Parameter \OPT_OUTREG = 0
Parameter \DW = 47
Found cached RTLIL representation for module `$paramod$1ef7da899c85a505e51bac2d24ea4a51fdb2ec7c\skidbuffer'.
Parameter \S_COUNT = 1
Parameter \M_COUNT = 2
Parameter \DATA_WIDTH = 32
Parameter \ADDR_WIDTH = 32

28.9. Executing AST frontend in derive mode using pre-parsed AST for module `\axil_interconnect'.
Parameter \S_COUNT = 1
Parameter \M_COUNT = 2
Parameter \DATA_WIDTH = 32
Parameter \ADDR_WIDTH = 32
Generating RTLIL representation for module `$paramod$b5442e6877ba96bf3d75cf67b4589504df1dcbf7\axil_interconnect'.
Addressing configuration for axil_interconnect instance $paramod$b5442e6877ba96bf3d75cf67b4589504df1dcbf7\axil_interconnect
          0 (          0): 00000000 / 24 -- 00000000-00ffffff
          1 (          0): 01000000 / 24 -- 01000000-01ffffff
Parameter \BW = 32
Parameter \LGFLEN = 9
Parameter \OPT_ASYNC_READ = 1'1

28.10. Executing AST frontend in derive mode using pre-parsed AST for module `\sfifo'.
Parameter \BW = 32
Parameter \LGFLEN = 9
Parameter \OPT_ASYNC_READ = 1'1
Generating RTLIL representation for module `$paramod$84846aada98275afc81db166c5d70c0fbb5db328\sfifo'.
Parameter \OPT_OUTREG = 0
Parameter \DW = 3

28.11. Executing AST frontend in derive mode using pre-parsed AST for module `\skidbuffer'.
Parameter \OPT_OUTREG = 0
Parameter \DW = 3
Generating RTLIL representation for module `$paramod$6279d6c6fd951376592884482fcc413f77ace771\skidbuffer'.
Parameter \OPT_OUTREG = 0
Parameter \DW = 36

28.12. Executing AST frontend in derive mode using pre-parsed AST for module `\skidbuffer'.
Parameter \OPT_OUTREG = 0
Parameter \DW = 36
Generating RTLIL representation for module `$paramod$4224eaf20b5fe9d325c679ff0e5b4ce3a940e9b7\skidbuffer'.
Parameter \OPT_OUTREG = 0
Parameter \DW = 3
Found cached RTLIL representation for module `$paramod$6279d6c6fd951376592884482fcc413f77ace771\skidbuffer'.
Parameter \ADDRESS_WIDTH = 16
Parameter \DATA_WIDTH = 8
Parameter \PROT_WIDTH = 3

28.13. Executing AST frontend in derive mode using pre-parsed AST for module `\axi4lite_slave'.
Parameter \ADDRESS_WIDTH = 16
Parameter \DATA_WIDTH = 8
Parameter \PROT_WIDTH = 3
Generating RTLIL representation for module `$paramod$6891f3151988b1cfa5d603d1b927e0273cfc11f6\axi4lite_slave'.
../../../../.././rtl/axi4lite_slave.v:223: Warning: Range select [15:8] out of bounds on signal `\wdata': Setting all 8 result bits to undef.
../../../../.././rtl/axi4lite_slave.v:224: Warning: Range select [23:16] out of bounds on signal `\wdata': Setting all 8 result bits to undef.
../../../../.././rtl/axi4lite_slave.v:225: Warning: Range select [31:24] out of bounds on signal `\wdata': Setting all 8 result bits to undef.
Parameter \S_COUNT = 1
Parameter \M_COUNT = 2
Parameter \DATA_WIDTH = 32
Parameter \ADDR_WIDTH = 32
Parameter \ID_WIDTH = 8
Parameter \AWUSER_ENABLE = 1'1
Parameter \AWUSER_WIDTH = 1
Parameter \WUSER_ENABLE = 1'1
Parameter \WUSER_WIDTH = 1
Parameter \BUSER_ENABLE = 1'1
Parameter \BUSER_WIDTH = 1
Parameter \ARUSER_ENABLE = 1'1
Parameter \ARUSER_WIDTH = 1
Parameter \RUSER_ENABLE = 1'1
Parameter \RUSER_WIDTH = 1

28.14. Executing AST frontend in derive mode using pre-parsed AST for module `\axi_interconnect'.
Parameter \S_COUNT = 1
Parameter \M_COUNT = 2
Parameter \DATA_WIDTH = 32
Parameter \ADDR_WIDTH = 32
Parameter \ID_WIDTH = 8
Parameter \AWUSER_ENABLE = 1'1
Parameter \AWUSER_WIDTH = 1
Parameter \WUSER_ENABLE = 1'1
Parameter \WUSER_WIDTH = 1
Parameter \BUSER_ENABLE = 1'1
Parameter \BUSER_WIDTH = 1
Parameter \ARUSER_ENABLE = 1'1
Parameter \ARUSER_WIDTH = 1
Parameter \RUSER_ENABLE = 1'1
Parameter \RUSER_WIDTH = 1
Generating RTLIL representation for module `$paramod$18fa2803bda713ebc6e7a20886407d1e1709d9f9\axi_interconnect'.
Addressing configuration for axi_interconnect instance $paramod$18fa2803bda713ebc6e7a20886407d1e1709d9f9\axi_interconnect
          0 (          0): 00000000 / 24 -- 00000000-00ffffff
          1 (          0): 01000000 / 24 -- 01000000-01ffffff
Parameter \PORTS = 8
Parameter \ARB_TYPE_ROUND_ROBIN = 1
Parameter \ARB_BLOCK = 1
Parameter \ARB_BLOCK_ACK = 1
Parameter \ARB_LSB_HIGH_PRIORITY = 1

28.15. Executing AST frontend in derive mode using pre-parsed AST for module `\arbiter'.
Parameter \PORTS = 8
Parameter \ARB_TYPE_ROUND_ROBIN = 1
Parameter \ARB_BLOCK = 1
Parameter \ARB_BLOCK_ACK = 1
Parameter \ARB_LSB_HIGH_PRIORITY = 1
Generating RTLIL representation for module `$paramod$14bd044610b1345c99b1796f5f3aa819efc856b3\arbiter'.
Parameter \width = 1
Parameter \init_value = 1'1

28.16. Executing AST frontend in derive mode using pre-parsed AST for module `\uart_sync_flops'.
Parameter \width = 1
Parameter \init_value = 1'1
Generating RTLIL representation for module `$paramod\uart_sync_flops\width=s32'00000000000000000000000000000001\init_value=1'1'.
Parameter \PORTS = 8
Parameter \ARB_TYPE_ROUND_ROBIN = 1
Parameter \ARB_BLOCK = 1
Parameter \ARB_BLOCK_ACK = 1
Parameter \ARB_LSB_HIGH_PRIORITY = 1
Found cached RTLIL representation for module `$paramod$14bd044610b1345c99b1796f5f3aa819efc856b3\arbiter'.
Parameter \WIDTH = 4
Parameter \LSB_HIGH_PRIORITY = 0

28.17. Executing AST frontend in derive mode using pre-parsed AST for module `\priority_encoder'.
Parameter \WIDTH = 4
Parameter \LSB_HIGH_PRIORITY = 0
Generating RTLIL representation for module `$paramod$95efb9f064d3fdb304fabfd1cd672278f012a843\priority_encoder'.
Parameter \WIDTH = 4
Parameter \LSB_HIGH_PRIORITY = 0
Found cached RTLIL representation for module `$paramod$95efb9f064d3fdb304fabfd1cd672278f012a843\priority_encoder'.
Parameter 1 (\addr_width) = 4
Parameter 2 (\data_width) = 8
Parameter 3 (\depth) = 16

28.18. Executing AST frontend in derive mode using pre-parsed AST for module `\raminfr'.
Parameter 1 (\addr_width) = 4
Parameter 2 (\data_width) = 8
Parameter 3 (\depth) = 16
Generating RTLIL representation for module `$paramod$5409023ed62e51a90c7a1a5e2fb5908f52c323ea\raminfr'.
Parameter 1 (\addr_width) = 4
Parameter 2 (\data_width) = 8
Parameter 3 (\depth) = 16
Found cached RTLIL representation for module `$paramod$5409023ed62e51a90c7a1a5e2fb5908f52c323ea\raminfr'.
Parameter 1 (\fifo_width) = 11

28.19. Executing AST frontend in derive mode using pre-parsed AST for module `\uart_rfifo'.
Parameter 1 (\fifo_width) = 11
Generating RTLIL representation for module `$paramod\uart_rfifo\fifo_width=s32'00000000000000000000000000001011'.
Warning: Replacing memory \fifo with list of registers. See ../../../../.././rtl/uart_rfifo.v:217

28.20. Analyzing design hierarchy..
Top module:  \vex_soc
Used module:     \axi_ram_per
Used module:     \axi_interconnect_wrapper
Used module:         $paramod$18fa2803bda713ebc6e7a20886407d1e1709d9f9\axi_interconnect
Used module:             \arbiter
Used module:                 $paramod$95efb9f064d3fdb304fabfd1cd672278f012a843\priority_encoder
Used module:     \axi4lite_uart_top
Used module:         \uart_debug_if
Used module:         \uart_regs
Used module:             \uart_receiver
Used module:                 $paramod\uart_rfifo\fifo_width=s32'00000000000000000000000000001011
Used module:                     \raminfr
Used module:             $paramod\uart_sync_flops\width=s32'00000000000000000000000000000001\init_value=1'1
Used module:             \uart_transmitter
Used module:                 \uart_tfifo
Used module:                     $paramod$5409023ed62e51a90c7a1a5e2fb5908f52c323ea\raminfr
Used module:         $paramod$6891f3151988b1cfa5d603d1b927e0273cfc11f6\axi4lite_slave
Used module:     \axi_cdma
Used module:         $paramod$84846aada98275afc81db166c5d70c0fbb5db328\sfifo
Used module:         $paramod$6279d6c6fd951376592884482fcc413f77ace771\skidbuffer
Used module:         $paramod$4224eaf20b5fe9d325c679ff0e5b4ce3a940e9b7\skidbuffer
Used module:     \offset_remove_comb
Used module:     \axil_interconnect_1x2
Used module:         $paramod$b5442e6877ba96bf3d75cf67b4589504df1dcbf7\axil_interconnect
Used module:     \axi2axilite
Used module:         $paramod$7191fc26d20a58ed903b8c69917700080d1ee827\sfifo
Used module:         $paramod$6648458bd9bc2edd447afbf8aff5a713854dd05b\axi_addr
Used module:         $paramod$fa344c755c712400389326a2b4398df87a021985\skidbuffer
Used module:         $paramod$1ef7da899c85a505e51bac2d24ea4a51fdb2ec7c\skidbuffer
Used module:         $paramod$a3dc7be9a3a085f5918128c3b68c4f52face5d2f\skidbuffer
Used module:         $paramod$5ab7f930a8819733f0b1b1b26ed8ecdfd713202c\skidbuffer
Used module:         $paramod$e8b35e44c6d8b17d77914384e2e3c5d5cc24c566\skidbuffer
Used module:     \VexRiscvAxi4
Used module:         \SystemDebugger
Used module:         \JtagBridge
Used module:             \FlowCCByToggle
Used module:                 \BufferCC
Used module:         \StreamFork
Used module:         \StreamFifoLowLatency
Used module:     \axi_ram
Parameter \PORTS = 2
Parameter \ARB_TYPE_ROUND_ROBIN = 1
Parameter \ARB_BLOCK = 1
Parameter \ARB_BLOCK_ACK = 1
Parameter \ARB_LSB_HIGH_PRIORITY = 1

28.21. Executing AST frontend in derive mode using pre-parsed AST for module `\arbiter'.
Parameter \PORTS = 2
Parameter \ARB_TYPE_ROUND_ROBIN = 1
Parameter \ARB_BLOCK = 1
Parameter \ARB_BLOCK_ACK = 1
Parameter \ARB_LSB_HIGH_PRIORITY = 1
Generating RTLIL representation for module `$paramod$59e56c8c0ae98a02309b6cc733d9327916ec486b\arbiter'.
Parameter \PORTS = 2
Parameter \ARB_TYPE_ROUND_ROBIN = 1
Parameter \ARB_BLOCK = 1
Parameter \ARB_BLOCK_ACK = 1
Parameter \ARB_LSB_HIGH_PRIORITY = 1
Found cached RTLIL representation for module `$paramod$59e56c8c0ae98a02309b6cc733d9327916ec486b\arbiter'.
Parameter 1 (\addr_width) = 4
Parameter 2 (\data_width) = 8
Parameter 3 (\depth) = 16
Found cached RTLIL representation for module `$paramod$5409023ed62e51a90c7a1a5e2fb5908f52c323ea\raminfr'.

28.22. Analyzing design hierarchy..
Top module:  \vex_soc
Used module:     \axi_ram_per
Used module:     \axi_interconnect_wrapper
Used module:         $paramod$18fa2803bda713ebc6e7a20886407d1e1709d9f9\axi_interconnect
Used module:             $paramod$59e56c8c0ae98a02309b6cc733d9327916ec486b\arbiter
Used module:                 \priority_encoder
Used module:     \axi4lite_uart_top
Used module:         \uart_debug_if
Used module:         \uart_regs
Used module:             \uart_receiver
Used module:                 $paramod\uart_rfifo\fifo_width=s32'00000000000000000000000000001011
Used module:                     $paramod$5409023ed62e51a90c7a1a5e2fb5908f52c323ea\raminfr
Used module:             $paramod\uart_sync_flops\width=s32'00000000000000000000000000000001\init_value=1'1
Used module:             \uart_transmitter
Used module:                 \uart_tfifo
Used module:         $paramod$6891f3151988b1cfa5d603d1b927e0273cfc11f6\axi4lite_slave
Used module:     \axi_cdma
Used module:         $paramod$84846aada98275afc81db166c5d70c0fbb5db328\sfifo
Used module:         $paramod$6279d6c6fd951376592884482fcc413f77ace771\skidbuffer
Used module:         $paramod$4224eaf20b5fe9d325c679ff0e5b4ce3a940e9b7\skidbuffer
Used module:     \offset_remove_comb
Used module:     \axil_interconnect_1x2
Used module:         $paramod$b5442e6877ba96bf3d75cf67b4589504df1dcbf7\axil_interconnect
Used module:     \axi2axilite
Used module:         $paramod$7191fc26d20a58ed903b8c69917700080d1ee827\sfifo
Used module:         $paramod$6648458bd9bc2edd447afbf8aff5a713854dd05b\axi_addr
Used module:         $paramod$fa344c755c712400389326a2b4398df87a021985\skidbuffer
Used module:         $paramod$1ef7da899c85a505e51bac2d24ea4a51fdb2ec7c\skidbuffer
Used module:         $paramod$a3dc7be9a3a085f5918128c3b68c4f52face5d2f\skidbuffer
Used module:         $paramod$5ab7f930a8819733f0b1b1b26ed8ecdfd713202c\skidbuffer
Used module:         $paramod$e8b35e44c6d8b17d77914384e2e3c5d5cc24c566\skidbuffer
Used module:     \VexRiscvAxi4
Used module:         \SystemDebugger
Used module:         \JtagBridge
Used module:             \FlowCCByToggle
Used module:                 \BufferCC
Used module:         \StreamFork
Used module:         \StreamFifoLowLatency
Used module:     \axi_ram
Parameter \WIDTH = 2
Parameter \LSB_HIGH_PRIORITY = 1

28.23. Executing AST frontend in derive mode using pre-parsed AST for module `\priority_encoder'.
Parameter \WIDTH = 2
Parameter \LSB_HIGH_PRIORITY = 1
Generating RTLIL representation for module `$paramod$303b225a78d0e13695de3086b2061ccd0aa62371\priority_encoder'.
Parameter \WIDTH = 2
Parameter \LSB_HIGH_PRIORITY = 1
Found cached RTLIL representation for module `$paramod$303b225a78d0e13695de3086b2061ccd0aa62371\priority_encoder'.

28.24. Analyzing design hierarchy..
Top module:  \vex_soc
Used module:     \axi_ram_per
Used module:     \axi_interconnect_wrapper
Used module:         $paramod$18fa2803bda713ebc6e7a20886407d1e1709d9f9\axi_interconnect
Used module:             $paramod$59e56c8c0ae98a02309b6cc733d9327916ec486b\arbiter
Used module:                 $paramod$303b225a78d0e13695de3086b2061ccd0aa62371\priority_encoder
Used module:     \axi4lite_uart_top
Used module:         \uart_debug_if
Used module:         \uart_regs
Used module:             \uart_receiver
Used module:                 $paramod\uart_rfifo\fifo_width=s32'00000000000000000000000000001011
Used module:                     $paramod$5409023ed62e51a90c7a1a5e2fb5908f52c323ea\raminfr
Used module:             $paramod\uart_sync_flops\width=s32'00000000000000000000000000000001\init_value=1'1
Used module:             \uart_transmitter
Used module:                 \uart_tfifo
Used module:         $paramod$6891f3151988b1cfa5d603d1b927e0273cfc11f6\axi4lite_slave
Used module:     \axi_cdma
Used module:         $paramod$84846aada98275afc81db166c5d70c0fbb5db328\sfifo
Used module:         $paramod$6279d6c6fd951376592884482fcc413f77ace771\skidbuffer
Used module:         $paramod$4224eaf20b5fe9d325c679ff0e5b4ce3a940e9b7\skidbuffer
Used module:     \offset_remove_comb
Used module:     \axil_interconnect_1x2
Used module:         $paramod$b5442e6877ba96bf3d75cf67b4589504df1dcbf7\axil_interconnect
Used module:     \axi2axilite
Used module:         $paramod$7191fc26d20a58ed903b8c69917700080d1ee827\sfifo
Used module:         $paramod$6648458bd9bc2edd447afbf8aff5a713854dd05b\axi_addr
Used module:         $paramod$fa344c755c712400389326a2b4398df87a021985\skidbuffer
Used module:         $paramod$1ef7da899c85a505e51bac2d24ea4a51fdb2ec7c\skidbuffer
Used module:         $paramod$a3dc7be9a3a085f5918128c3b68c4f52face5d2f\skidbuffer
Used module:         $paramod$5ab7f930a8819733f0b1b1b26ed8ecdfd713202c\skidbuffer
Used module:         $paramod$e8b35e44c6d8b17d77914384e2e3c5d5cc24c566\skidbuffer
Used module:     \VexRiscvAxi4
Used module:         \SystemDebugger
Used module:         \JtagBridge
Used module:             \FlowCCByToggle
Used module:                 \BufferCC
Used module:         \StreamFork
Used module:         \StreamFifoLowLatency
Used module:     \axi_ram

28.25. Analyzing design hierarchy..
Top module:  \vex_soc
Used module:     \axi_ram_per
Used module:     \axi_interconnect_wrapper
Used module:         $paramod$18fa2803bda713ebc6e7a20886407d1e1709d9f9\axi_interconnect
Used module:             $paramod$59e56c8c0ae98a02309b6cc733d9327916ec486b\arbiter
Used module:                 $paramod$303b225a78d0e13695de3086b2061ccd0aa62371\priority_encoder
Used module:     \axi4lite_uart_top
Used module:         \uart_debug_if
Used module:         \uart_regs
Used module:             \uart_receiver
Used module:                 $paramod\uart_rfifo\fifo_width=s32'00000000000000000000000000001011
Used module:                     $paramod$5409023ed62e51a90c7a1a5e2fb5908f52c323ea\raminfr
Used module:             $paramod\uart_sync_flops\width=s32'00000000000000000000000000000001\init_value=1'1
Used module:             \uart_transmitter
Used module:                 \uart_tfifo
Used module:         $paramod$6891f3151988b1cfa5d603d1b927e0273cfc11f6\axi4lite_slave
Used module:     \axi_cdma
Used module:         $paramod$84846aada98275afc81db166c5d70c0fbb5db328\sfifo
Used module:         $paramod$6279d6c6fd951376592884482fcc413f77ace771\skidbuffer
Used module:         $paramod$4224eaf20b5fe9d325c679ff0e5b4ce3a940e9b7\skidbuffer
Used module:     \offset_remove_comb
Used module:     \axil_interconnect_1x2
Used module:         $paramod$b5442e6877ba96bf3d75cf67b4589504df1dcbf7\axil_interconnect
Used module:     \axi2axilite
Used module:         $paramod$7191fc26d20a58ed903b8c69917700080d1ee827\sfifo
Used module:         $paramod$6648458bd9bc2edd447afbf8aff5a713854dd05b\axi_addr
Used module:         $paramod$fa344c755c712400389326a2b4398df87a021985\skidbuffer
Used module:         $paramod$1ef7da899c85a505e51bac2d24ea4a51fdb2ec7c\skidbuffer
Used module:         $paramod$a3dc7be9a3a085f5918128c3b68c4f52face5d2f\skidbuffer
Used module:         $paramod$5ab7f930a8819733f0b1b1b26ed8ecdfd713202c\skidbuffer
Used module:         $paramod$e8b35e44c6d8b17d77914384e2e3c5d5cc24c566\skidbuffer
Used module:     \VexRiscvAxi4
Used module:         \SystemDebugger
Used module:         \JtagBridge
Used module:             \FlowCCByToggle
Used module:                 \BufferCC
Used module:         \StreamFork
Used module:         \StreamFifoLowLatency
Used module:     \axi_ram
Removing unused module `$paramod$95efb9f064d3fdb304fabfd1cd672278f012a843\priority_encoder'.
Removing unused module `$paramod$14bd044610b1345c99b1796f5f3aa819efc856b3\arbiter'.
Removing unused module `\arbiter'.
Removing unused module `\uart_rfifo'.
Removing unused module `\axi_interconnect'.
Removing unused module `\raminfr'.
Removing unused module `\skidbuffer'.
Removing unused module `\axi4lite_slave'.
Removing unused module `\axi_addr'.
Removing unused module `\axil_interconnect'.
Removing unused module `\priority_encoder'.
Removing unused module `\uart_sync_flops'.
Removing unused module `\sfifo'.
Removed 13 unused modules.
Module axil_interconnect_1x2 directly or indirectly displays text -> setting "keep" attribute.
Module $paramod$18fa2803bda713ebc6e7a20886407d1e1709d9f9\axi_interconnect directly or indirectly displays text -> setting "keep" attribute.
Module $paramod$b5442e6877ba96bf3d75cf67b4589504df1dcbf7\axil_interconnect directly or indirectly displays text -> setting "keep" attribute.
Module axi_interconnect_wrapper directly or indirectly displays text -> setting "keep" attribute.
Module vex_soc directly or indirectly displays text -> setting "keep" attribute.
Mapping positional arguments of cell axi_cdma.REALIGNMENT_FIFO.middata ($paramod$84846aada98275afc81db166c5d70c0fbb5db328\sfifo).
Mapping positional arguments of cell axi2axilite.IMPLEMENT_READS.ridlnfifo ($paramod$7191fc26d20a58ed903b8c69917700080d1ee827\sfifo).
Mapping positional arguments of cell axi2axilite.IMPLEMENT_READS.calcrdaddr ($paramod$6648458bd9bc2edd447afbf8aff5a713854dd05b\axi_addr).
Mapping positional arguments of cell axi2axilite.IMPLEMENT_READS.rskid ($paramod$fa344c755c712400389326a2b4398df87a021985\skidbuffer).
Mapping positional arguments of cell axi2axilite.IMPLEMENT_READS.arskid ($paramod$1ef7da899c85a505e51bac2d24ea4a51fdb2ec7c\skidbuffer).
Mapping positional arguments of cell axi2axilite.IMPLEMENT_WRITES.bidlnfifo ($paramod$7191fc26d20a58ed903b8c69917700080d1ee827\sfifo).
Mapping positional arguments of cell axi2axilite.IMPLEMENT_WRITES.calcwraddr ($paramod$6648458bd9bc2edd447afbf8aff5a713854dd05b\axi_addr).
Mapping positional arguments of cell axi2axilite.IMPLEMENT_WRITES.bskid ($paramod$a3dc7be9a3a085f5918128c3b68c4f52face5d2f\skidbuffer).
Mapping positional arguments of cell axi2axilite.IMPLEMENT_WRITES.mwskid ($paramod$5ab7f930a8819733f0b1b1b26ed8ecdfd713202c\skidbuffer).
Mapping positional arguments of cell axi2axilite.IMPLEMENT_WRITES.wskid ($paramod$e8b35e44c6d8b17d77914384e2e3c5d5cc24c566\skidbuffer).
Mapping positional arguments of cell axi2axilite.IMPLEMENT_WRITES.awskid ($paramod$1ef7da899c85a505e51bac2d24ea4a51fdb2ec7c\skidbuffer).
Warning: Resizing cell port axi4lite_uart_top.uart_debug_if_dut.wb_dat32_o from 8 bits to 32 bits.
Warning: Resizing cell port axi4lite_uart_top.uart_debug_if_dut.wb_adr_i from 16 bits to 5 bits.
Warning: Resizing cell port axi4lite_uart_top.uart_regs_dut.wb_addr_i from 16 bits to 5 bits.
Warning: Resizing cell port vex_soc.ram_periph2.s_axi_araddr from 32 bits to 16 bits.
Warning: Resizing cell port vex_soc.ram_periph2.s_axi_awaddr from 32 bits to 16 bits.
Warning: Resizing cell port vex_soc.ram_periph1.s_axi_araddr from 32 bits to 16 bits.
Warning: Resizing cell port vex_soc.ram_periph1.s_axi_awaddr from 32 bits to 16 bits.
Warning: Resizing cell port vex_soc.uart.s_axi_rdata from 32 bits to 8 bits.
Warning: Resizing cell port vex_soc.uart.s_axi_araddr from 32 bits to 16 bits.
Warning: Resizing cell port vex_soc.uart.s_axi_wstrb from 4 bits to 1 bits.
Warning: Resizing cell port vex_soc.uart.s_axi_wdata from 32 bits to 8 bits.
Warning: Resizing cell port vex_soc.uart.s_axi_awaddr from 32 bits to 16 bits.
Warning: Resizing cell port vex_soc.axi_cdma.M_AXI_RID from 8 bits to 1 bits.
Warning: Resizing cell port vex_soc.axi_cdma.M_AXI_ARID from 8 bits to 1 bits.
Warning: Resizing cell port vex_soc.axi_cdma.M_AXI_BID from 8 bits to 1 bits.
Warning: Resizing cell port vex_soc.axi_cdma.M_AXI_AWID from 8 bits to 1 bits.
Warning: Resizing cell port vex_soc.axi_cdma.S_AXIL_ARADDR from 32 bits to 5 bits.
Warning: Resizing cell port vex_soc.axi_cdma.S_AXIL_AWADDR from 32 bits to 5 bits.
Warning: Resizing cell port vex_soc.axi2axil.S_AXI_RID from 8 bits to 2 bits.
Warning: Resizing cell port vex_soc.axi2axil.S_AXI_ARID from 8 bits to 2 bits.
Warning: Resizing cell port vex_soc.axi2axil.S_AXI_BID from 8 bits to 2 bits.
Warning: Resizing cell port vex_soc.axi2axil.S_AXI_AWSIZE from 4 bits to 3 bits.
Warning: Resizing cell port vex_soc.axi2axil.S_AXI_AWID from 1 bits to 2 bits.
Warning: Resizing cell port vex_soc.cpu.iBusAxi_ar_payload_region from 1 bits to 4 bits.
Warning: Resizing cell port vex_soc.cpu.iBusAxi_ar_payload_lock from 2 bits to 1 bits.
Warning: Resizing cell port vex_soc.cpu.dBusAxi_aw_payload_size from 4 bits to 3 bits.
Warning: Resizing cell port vex_soc.cpu.dBusAxi_aw_payload_region from 1 bits to 4 bits.
Warning: Resizing cell port vex_soc.cpu.dBusAxi_ar_payload_id from 8 bits to 1 bits.
Warning: Resizing cell port vex_soc.cpu.iBusAxi_r_payload_id from 8 bits to 1 bits.
Warning: Resizing cell port vex_soc.cpu.dBusAxi_r_payload_id from 8 bits to 1 bits.
Warning: Resizing cell port vex_soc.cpu.dBusAxi_b_payload_id from 8 bits to 1 bits.
Warning: Resizing cell port vex_soc.ram_inst.s_axi_arlock from 2 bits to 1 bits.
Warning: Resizing cell port vex_soc.ram_inst.s_axi_araddr from 32 bits to 16 bits.
Warning: Resizing cell port vex_soc.ram_inst.s_axi_arid from 1 bits to 8 bits.
Warning: Resizing cell port vex_soc.ram_inst.s_axi_awaddr from 32 bits to 16 bits.

Dumping file hier_info.json ...
 Process module "$paramod$18fa2803bda713ebc6e7a20886407d1e1709d9f9\\axi_interconnect"
 Process module "$paramod$1ef7da899c85a505e51bac2d24ea4a51fdb2ec7c\\skidbuffer"
 Process module "$paramod$303b225a78d0e13695de3086b2061ccd0aa62371\\priority_encoder"
 Process module "$paramod$4224eaf20b5fe9d325c679ff0e5b4ce3a940e9b7\\skidbuffer"
 Process module "$paramod$5409023ed62e51a90c7a1a5e2fb5908f52c323ea\\raminfr"
 Process module "$paramod$59e56c8c0ae98a02309b6cc733d9327916ec486b\\arbiter"
 Process module "$paramod$5ab7f930a8819733f0b1b1b26ed8ecdfd713202c\\skidbuffer"
 Process module "$paramod$6279d6c6fd951376592884482fcc413f77ace771\\skidbuffer"
 Process module "$paramod$6648458bd9bc2edd447afbf8aff5a713854dd05b\\axi_addr"
 Process module "$paramod$6891f3151988b1cfa5d603d1b927e0273cfc11f6\\axi4lite_slave"
 Process module "$paramod$7191fc26d20a58ed903b8c69917700080d1ee827\\sfifo"
 Process module "$paramod$84846aada98275afc81db166c5d70c0fbb5db328\\sfifo"
 Process module "$paramod$a3dc7be9a3a085f5918128c3b68c4f52face5d2f\\skidbuffer"
 Process module "$paramod$b5442e6877ba96bf3d75cf67b4589504df1dcbf7\\axil_interconnect"
 Process module "$paramod$e8b35e44c6d8b17d77914384e2e3c5d5cc24c566\\skidbuffer"
 Process module "$paramod$fa344c755c712400389326a2b4398df87a021985\\skidbuffer"
 Process module "$paramod\\uart_rfifo\\fifo_width=s32'00000000000000000000000000001011"
 Process module "$paramod\\uart_sync_flops\\width=s32'00000000000000000000000000000001\\init_value=1'1"
 Process module "BufferCC"
 Process module "FlowCCByToggle"
 Process module "JtagBridge"
 Process module "StreamFifoLowLatency"
 Process module "StreamFork"
 Process module "SystemDebugger"
 Process module "VexRiscvAxi4"
 Process module "axi2axilite"
 Process module "axi4lite_uart_top"
 Process module "axi_cdma"
 Process module "axi_interconnect_wrapper"
 Process module "axi_ram"
 Process module "axi_ram_per"
 Process module "axil_interconnect_1x2"
 Process module "offset_remove_comb"
 Process module "uart_debug_if"
 Process module "uart_receiver"
 Process module "uart_regs"
 Process module "uart_tfifo"
 Process module "uart_transmitter"
Dumping file port_info.json ...

Warnings: 40 unique messages, 41 total
End of script. Logfile hash: a46396560a, CPU: user 182.46s system 0.26s, MEM: 389.17 MB peak
Yosys 0.44 (git sha1 8e1826a47, g++ 11.2.1 -fPIC -O3)
Time spent: 99% 54x read_verilog (181 sec), 0% 1x hierarchy (0 sec), ...
