/*******************************************************************************
Copyright (c) 2022-2024 Rapid Silicon
This source code contains proprietary information belonging to Rapid Silicon
(the "licensor") released under license and non-disclosure agreement to the
recipient (the "licensee").

The information shared and protected by the license and non-disclosure agreement
includes but is not limited to the following:
* operational algorithms of the product
* logos, graphics, source code, and visual presentation of the product
* confidential operational information of the licensor

The recipient of this source code is NOT permitted to publicly disclose,
re-use, archive beyond the period of the license agreement, transfer to a
sub-licensee, or re-implement any portion of the content covered by the license
and non-disclosure agreement without the prior written consent of the licensor.
*********************************************************************************/

Version  : 2024.03
Build    : 1.0.17
Hash     : 7566e6a
Date     : Mar 20 2024
Type     : Engineering
Log Time   : Wed Mar 20 09:10:20 2024 GMT
#Timing report of worst 33 path(s)
# Unit scale: 1e-09 seconds
# Output precision: 3

# Logical Levels: 6
# Timing Graph Levels: 10

#Path 1
Startpoint: $iopadmap$a[2].inpad[0] (.input clocked by clk)
Endpoint  : out:$iopadmap$sum[2].outpad[0] (.output clocked by clk)
Path Type : hold

Point                                                             Incr      Path
--------------------------------------------------------------------------------
clock clk (rise edge)                                            0.000     0.000
clock source latency                                             0.000     0.000
input external delay                                             1.000     1.000
$iopadmap$a[2].inpad[0] (.input)                                 0.000     1.000
$iopadmap$sum[2].in[2] (.names)                                  1.126     2.126
$iopadmap$sum[2].out[0] (.names)                                 0.144     2.270
out:$iopadmap$sum[2].outpad[0] (.output)                         0.735     3.005
data arrival time                                                          3.005

clock clk (rise edge)                                            0.000     0.000
clock source latency                                             0.000     0.000
clock uncertainty                                                0.000     0.000
output external delay                                           -1.000    -1.000
data required time                                                        -1.000
--------------------------------------------------------------------------------
data required time                                                         1.000
data arrival time                                                          3.005
--------------------------------------------------------------------------------
slack (MET)                                                                4.005


#Path 2
Startpoint: $iopadmap$b[4].inpad[0] (.input clocked by clk)
Endpoint  : out:$iopadmap$sum[4].outpad[0] (.output clocked by clk)
Path Type : hold

Point                                                             Incr      Path
--------------------------------------------------------------------------------
clock clk (rise edge)                                            0.000     0.000
clock source latency                                             0.000     0.000
input external delay                                             1.000     1.000
$iopadmap$b[4].inpad[0] (.input)                                 0.000     1.000
$iopadmap$sum[4].in[0] (.names)                                  1.129     2.129
$iopadmap$sum[4].out[0] (.names)                                 0.144     2.273
out:$iopadmap$sum[4].outpad[0] (.output)                         0.854     3.127
data arrival time                                                          3.127

clock clk (rise edge)                                            0.000     0.000
clock source latency                                             0.000     0.000
clock uncertainty                                                0.000     0.000
output external delay                                           -1.000    -1.000
data required time                                                        -1.000
--------------------------------------------------------------------------------
data required time                                                         1.000
data arrival time                                                          3.127
--------------------------------------------------------------------------------
slack (MET)                                                                4.127


#Path 3
Startpoint: $iopadmap$b[26].inpad[0] (.input clocked by clk)
Endpoint  : out:$iopadmap$sum[27].outpad[0] (.output clocked by clk)
Path Type : hold

Point                                                             Incr      Path
--------------------------------------------------------------------------------
clock clk (rise edge)                                            0.000     0.000
clock source latency                                             0.000     0.000
input external delay                                             1.000     1.000
$iopadmap$b[26].inpad[0] (.input)                                0.000     1.000
$iopadmap$sum[27].in[2] (.names)                                 1.245     2.245
$iopadmap$sum[27].out[0] (.names)                                0.073     2.318
out:$iopadmap$sum[27].outpad[0] (.output)                        0.857     3.175
data arrival time                                                          3.175

clock clk (rise edge)                                            0.000     0.000
clock source latency                                             0.000     0.000
clock uncertainty                                                0.000     0.000
output external delay                                           -1.000    -1.000
data required time                                                        -1.000
--------------------------------------------------------------------------------
data required time                                                         1.000
data arrival time                                                          3.175
--------------------------------------------------------------------------------
slack (MET)                                                                4.175


#Path 4
Startpoint: $iopadmap$b[10].inpad[0] (.input clocked by clk)
Endpoint  : out:$iopadmap$sum[10].outpad[0] (.output clocked by clk)
Path Type : hold

Point                                                             Incr      Path
--------------------------------------------------------------------------------
clock clk (rise edge)                                            0.000     0.000
clock source latency                                             0.000     0.000
input external delay                                             1.000     1.000
$iopadmap$b[10].inpad[0] (.input)                                0.000     1.000
$iopadmap$sum[10].in[0] (.names)                                 1.184     2.184
$iopadmap$sum[10].out[0] (.names)                                0.154     2.338
out:$iopadmap$sum[10].outpad[0] (.output)                        0.854     3.193
data arrival time                                                          3.193

clock clk (rise edge)                                            0.000     0.000
clock source latency                                             0.000     0.000
clock uncertainty                                                0.000     0.000
output external delay                                           -1.000    -1.000
data required time                                                        -1.000
--------------------------------------------------------------------------------
data required time                                                         1.000
data arrival time                                                          3.193
--------------------------------------------------------------------------------
slack (MET)                                                                4.193


#Path 5
Startpoint: $iopadmap$b[30].inpad[0] (.input clocked by clk)
Endpoint  : out:$iopadmap$sum[30].outpad[0] (.output clocked by clk)
Path Type : hold

Point                                                             Incr      Path
--------------------------------------------------------------------------------
clock clk (rise edge)                                            0.000     0.000
clock source latency                                             0.000     0.000
input external delay                                             1.000     1.000
$iopadmap$b[30].inpad[0] (.input)                                0.000     1.000
$iopadmap$sum[30].in[0] (.names)                                 1.245     2.245
$iopadmap$sum[30].out[0] (.names)                                0.065     2.310
out:$iopadmap$sum[30].outpad[0] (.output)                        0.915     3.225
data arrival time                                                          3.225

clock clk (rise edge)                                            0.000     0.000
clock source latency                                             0.000     0.000
clock uncertainty                                                0.000     0.000
output external delay                                           -1.000    -1.000
data required time                                                        -1.000
--------------------------------------------------------------------------------
data required time                                                         1.000
data arrival time                                                          3.225
--------------------------------------------------------------------------------
slack (MET)                                                                4.225


#Path 6
Startpoint: $iopadmap$b[0].inpad[0] (.input clocked by clk)
Endpoint  : out:$iopadmap$sum[1].outpad[0] (.output clocked by clk)
Path Type : hold

Point                                                             Incr      Path
--------------------------------------------------------------------------------
clock clk (rise edge)                                            0.000     0.000
clock source latency                                             0.000     0.000
input external delay                                             1.000     1.000
$iopadmap$b[0].inpad[0] (.input)                                 0.000     1.000
$iopadmap$sum[1].in[2] (.names)                                  1.126     2.126
$iopadmap$sum[1].out[0] (.names)                                 0.065     2.191
out:$iopadmap$sum[1].outpad[0] (.output)                         1.037     3.228
data arrival time                                                          3.228

clock clk (rise edge)                                            0.000     0.000
clock source latency                                             0.000     0.000
clock uncertainty                                                0.000     0.000
output external delay                                           -1.000    -1.000
data required time                                                        -1.000
--------------------------------------------------------------------------------
data required time                                                         1.000
data arrival time                                                          3.228
--------------------------------------------------------------------------------
slack (MET)                                                                4.228


#Path 7
Startpoint: $iopadmap$b[22].inpad[0] (.input clocked by clk)
Endpoint  : out:$iopadmap$sum[22].outpad[0] (.output clocked by clk)
Path Type : hold

Point                                                             Incr      Path
--------------------------------------------------------------------------------
clock clk (rise edge)                                            0.000     0.000
clock source latency                                             0.000     0.000
input external delay                                             1.000     1.000
$iopadmap$b[22].inpad[0] (.input)                                0.000     1.000
$iopadmap$sum[22].in[1] (.names)                                 1.187     2.187
$iopadmap$sum[22].out[0] (.names)                                0.073     2.260
out:$iopadmap$sum[22].outpad[0] (.output)                        0.976     3.236
data arrival time                                                          3.236

clock clk (rise edge)                                            0.000     0.000
clock source latency                                             0.000     0.000
clock uncertainty                                                0.000     0.000
output external delay                                           -1.000    -1.000
data required time                                                        -1.000
--------------------------------------------------------------------------------
data required time                                                         1.000
data arrival time                                                          3.236
--------------------------------------------------------------------------------
slack (MET)                                                                4.236


#Path 8
Startpoint: $iopadmap$a[30].inpad[0] (.input clocked by clk)
Endpoint  : out:$iopadmap$sum[31].outpad[0] (.output clocked by clk)
Path Type : hold

Point                                                             Incr      Path
--------------------------------------------------------------------------------
clock clk (rise edge)                                            0.000     0.000
clock source latency                                             0.000     0.000
input external delay                                             1.000     1.000
$iopadmap$a[30].inpad[0] (.input)                                0.000     1.000
$iopadmap$sum[31].in[3] (.names)                                 1.126     2.126
$iopadmap$sum[31].out[0] (.names)                                0.017     2.144
out:$iopadmap$sum[31].outpad[0] (.output)                        1.095     3.239
data arrival time                                                          3.239

clock clk (rise edge)                                            0.000     0.000
clock source latency                                             0.000     0.000
clock uncertainty                                                0.000     0.000
output external delay                                           -1.000    -1.000
data required time                                                        -1.000
--------------------------------------------------------------------------------
data required time                                                         1.000
data arrival time                                                          3.239
--------------------------------------------------------------------------------
slack (MET)                                                                4.239


#Path 9
Startpoint: $iopadmap$a[13].inpad[0] (.input clocked by clk)
Endpoint  : out:$iopadmap$sum[13].outpad[0] (.output clocked by clk)
Path Type : hold

Point                                                             Incr      Path
--------------------------------------------------------------------------------
clock clk (rise edge)                                            0.000     0.000
clock source latency                                             0.000     0.000
input external delay                                             1.000     1.000
$iopadmap$a[13].inpad[0] (.input)                                0.000     1.000
$iopadmap$sum[13].in[1] (.names)                                 1.190     2.190
$iopadmap$sum[13].out[0] (.names)                                0.017     2.207
out:$iopadmap$sum[13].outpad[0] (.output)                        1.034     3.242
data arrival time                                                          3.242

clock clk (rise edge)                                            0.000     0.000
clock source latency                                             0.000     0.000
clock uncertainty                                                0.000     0.000
output external delay                                           -1.000    -1.000
data required time                                                        -1.000
--------------------------------------------------------------------------------
data required time                                                         1.000
data arrival time                                                          3.242
--------------------------------------------------------------------------------
slack (MET)                                                                4.242


#Path 10
Startpoint: $iopadmap$a[16].inpad[0] (.input clocked by clk)
Endpoint  : out:$iopadmap$sum[17].outpad[0] (.output clocked by clk)
Path Type : hold

Point                                                             Incr      Path
--------------------------------------------------------------------------------
clock clk (rise edge)                                            0.000     0.000
clock source latency                                             0.000     0.000
input external delay                                             1.000     1.000
$iopadmap$a[16].inpad[0] (.input)                                0.000     1.000
$iopadmap$sum[17].in[3] (.names)                                 1.248     2.248
$iopadmap$sum[17].out[0] (.names)                                0.144     2.392
out:$iopadmap$sum[17].outpad[0] (.output)                        0.857     3.249
data arrival time                                                          3.249

clock clk (rise edge)                                            0.000     0.000
clock source latency                                             0.000     0.000
clock uncertainty                                                0.000     0.000
output external delay                                           -1.000    -1.000
data required time                                                        -1.000
--------------------------------------------------------------------------------
data required time                                                         1.000
data arrival time                                                          3.249
--------------------------------------------------------------------------------
slack (MET)                                                                4.249


#Path 11
Startpoint: $iopadmap$b[28].inpad[0] (.input clocked by clk)
Endpoint  : out:$iopadmap$sum[28].outpad[0] (.output clocked by clk)
Path Type : hold

Point                                                             Incr      Path
--------------------------------------------------------------------------------
clock clk (rise edge)                                            0.000     0.000
clock source latency                                             0.000     0.000
input external delay                                             1.000     1.000
$iopadmap$b[28].inpad[0] (.input)                                0.000     1.000
$iopadmap$sum[28].in[1] (.names)                                 1.126     2.126
$iopadmap$sum[28].out[0] (.names)                                0.154     2.280
out:$iopadmap$sum[28].outpad[0] (.output)                        0.976     3.257
data arrival time                                                          3.257

clock clk (rise edge)                                            0.000     0.000
clock source latency                                             0.000     0.000
clock uncertainty                                                0.000     0.000
output external delay                                           -1.000    -1.000
data required time                                                        -1.000
--------------------------------------------------------------------------------
data required time                                                         1.000
data arrival time                                                          3.257
--------------------------------------------------------------------------------
slack (MET)                                                                4.257


#Path 12
Startpoint: $iopadmap$b[19].inpad[0] (.input clocked by clk)
Endpoint  : out:$iopadmap$sum[19].outpad[0] (.output clocked by clk)
Path Type : hold

Point                                                             Incr      Path
--------------------------------------------------------------------------------
clock clk (rise edge)                                            0.000     0.000
clock source latency                                             0.000     0.000
input external delay                                             1.000     1.000
$iopadmap$b[19].inpad[0] (.input)                                0.000     1.000
$iopadmap$sum[19].in[0] (.names)                                 1.245     2.245
$iopadmap$sum[19].out[0] (.names)                                0.154     2.399
out:$iopadmap$sum[19].outpad[0] (.output)                        0.857     3.257
data arrival time                                                          3.257

clock clk (rise edge)                                            0.000     0.000
clock source latency                                             0.000     0.000
clock uncertainty                                                0.000     0.000
output external delay                                           -1.000    -1.000
data required time                                                        -1.000
--------------------------------------------------------------------------------
data required time                                                         1.000
data arrival time                                                          3.257
--------------------------------------------------------------------------------
slack (MET)                                                                4.257


#Path 13
Startpoint: $iopadmap$b[8].inpad[0] (.input clocked by clk)
Endpoint  : out:$iopadmap$sum[8].outpad[0] (.output clocked by clk)
Path Type : hold

Point                                                             Incr      Path
--------------------------------------------------------------------------------
clock clk (rise edge)                                            0.000     0.000
clock source latency                                             0.000     0.000
input external delay                                             1.000     1.000
$iopadmap$b[8].inpad[0] (.input)                                 0.000     1.000
$iopadmap$sum[8].in[0] (.names)                                  1.306     2.306
$iopadmap$sum[8].out[0] (.names)                                 0.065     2.371
out:$iopadmap$sum[8].outpad[0] (.output)                         0.915     3.286
data arrival time                                                          3.286

clock clk (rise edge)                                            0.000     0.000
clock source latency                                             0.000     0.000
clock uncertainty                                                0.000     0.000
output external delay                                           -1.000    -1.000
data required time                                                        -1.000
--------------------------------------------------------------------------------
data required time                                                         1.000
data arrival time                                                          3.286
--------------------------------------------------------------------------------
slack (MET)                                                                4.286


#Path 14
Startpoint: $iopadmap$a[25].inpad[0] (.input clocked by clk)
Endpoint  : out:$iopadmap$sum[25].outpad[0] (.output clocked by clk)
Path Type : hold

Point                                                             Incr      Path
--------------------------------------------------------------------------------
clock clk (rise edge)                                            0.000     0.000
clock source latency                                             0.000     0.000
input external delay                                             1.000     1.000
$iopadmap$a[25].inpad[0] (.input)                                0.000     1.000
$iopadmap$sum[25].in[2] (.names)                                 1.303     2.303
$iopadmap$sum[25].out[0] (.names)                                0.065     2.368
out:$iopadmap$sum[25].outpad[0] (.output)                        0.918     3.286
data arrival time                                                          3.286

clock clk (rise edge)                                            0.000     0.000
clock source latency                                             0.000     0.000
clock uncertainty                                                0.000     0.000
output external delay                                           -1.000    -1.000
data required time                                                        -1.000
--------------------------------------------------------------------------------
data required time                                                         1.000
data arrival time                                                          3.286
--------------------------------------------------------------------------------
slack (MET)                                                                4.286


#Path 15
Startpoint: $iopadmap$b[0].inpad[0] (.input clocked by clk)
Endpoint  : out:$iopadmap$sum[0].outpad[0] (.output clocked by clk)
Path Type : hold

Point                                                             Incr      Path
--------------------------------------------------------------------------------
clock clk (rise edge)                                            0.000     0.000
clock source latency                                             0.000     0.000
input external delay                                             1.000     1.000
$iopadmap$b[0].inpad[0] (.input)                                 0.000     1.000
$iopadmap$sum[0].in[0] (.names)                                  1.126     2.126
$iopadmap$sum[0].out[0] (.names)                                 0.065     2.191
out:$iopadmap$sum[0].outpad[0] (.output)                         1.095     3.286
data arrival time                                                          3.286

clock clk (rise edge)                                            0.000     0.000
clock source latency                                             0.000     0.000
clock uncertainty                                                0.000     0.000
output external delay                                           -1.000    -1.000
data required time                                                        -1.000
--------------------------------------------------------------------------------
data required time                                                         1.000
data arrival time                                                          3.286
--------------------------------------------------------------------------------
slack (MET)                                                                4.286


#Path 16
Startpoint: $iopadmap$b[11].inpad[0] (.input clocked by clk)
Endpoint  : out:$iopadmap$sum[12].outpad[0] (.output clocked by clk)
Path Type : hold

Point                                                             Incr      Path
--------------------------------------------------------------------------------
clock clk (rise edge)                                            0.000     0.000
clock source latency                                             0.000     0.000
input external delay                                             1.000     1.000
$iopadmap$b[11].inpad[0] (.input)                                0.000     1.000
$iopadmap$sum[12].in[2] (.names)                                 1.126     2.126
$iopadmap$sum[12].out[0] (.names)                                0.065     2.191
out:$iopadmap$sum[12].outpad[0] (.output)                        1.095     3.286
data arrival time                                                          3.286

clock clk (rise edge)                                            0.000     0.000
clock source latency                                             0.000     0.000
clock uncertainty                                                0.000     0.000
output external delay                                           -1.000    -1.000
data required time                                                        -1.000
--------------------------------------------------------------------------------
data required time                                                         1.000
data arrival time                                                          3.286
--------------------------------------------------------------------------------
slack (MET)                                                                4.286


#Path 17
Startpoint: $iopadmap$b[28].inpad[0] (.input clocked by clk)
Endpoint  : out:$iopadmap$sum[29].outpad[0] (.output clocked by clk)
Path Type : hold

Point                                                             Incr      Path
--------------------------------------------------------------------------------
clock clk (rise edge)                                            0.000     0.000
clock source latency                                             0.000     0.000
input external delay                                             1.000     1.000
$iopadmap$b[28].inpad[0] (.input)                                0.000     1.000
$iopadmap$sum[29].in[2] (.names)                                 1.126     2.126
$iopadmap$sum[29].out[0] (.names)                                0.132     2.258
out:$iopadmap$sum[29].outpad[0] (.output)                        1.037     3.295
data arrival time                                                          3.295

clock clk (rise edge)                                            0.000     0.000
clock source latency                                             0.000     0.000
clock uncertainty                                                0.000     0.000
output external delay                                           -1.000    -1.000
data required time                                                        -1.000
--------------------------------------------------------------------------------
data required time                                                         1.000
data arrival time                                                          3.295
--------------------------------------------------------------------------------
slack (MET)                                                                4.295


#Path 18
Startpoint: $iopadmap$a[17].inpad[0] (.input clocked by clk)
Endpoint  : out:$iopadmap$sum[18].outpad[0] (.output clocked by clk)
Path Type : hold

Point                                                             Incr      Path
--------------------------------------------------------------------------------
clock clk (rise edge)                                            0.000     0.000
clock source latency                                             0.000     0.000
input external delay                                             1.000     1.000
$iopadmap$a[17].inpad[0] (.input)                                0.000     1.000
$iopadmap$sum[18].in[4] (.names)                                 1.245     2.245
$iopadmap$sum[18].out[0] (.names)                                0.076     2.321
out:$iopadmap$sum[18].outpad[0] (.output)                        0.976     3.298
data arrival time                                                          3.298

clock clk (rise edge)                                            0.000     0.000
clock source latency                                             0.000     0.000
clock uncertainty                                                0.000     0.000
output external delay                                           -1.000    -1.000
data required time                                                        -1.000
--------------------------------------------------------------------------------
data required time                                                         1.000
data arrival time                                                          3.298
--------------------------------------------------------------------------------
slack (MET)                                                                4.298


#Path 19
Startpoint: $iopadmap$b[11].inpad[0] (.input clocked by clk)
Endpoint  : out:$iopadmap$sum[11].outpad[0] (.output clocked by clk)
Path Type : hold

Point                                                             Incr      Path
--------------------------------------------------------------------------------
clock clk (rise edge)                                            0.000     0.000
clock source latency                                             0.000     0.000
input external delay                                             1.000     1.000
$iopadmap$b[11].inpad[0] (.input)                                0.000     1.000
$iopadmap$sum[11].in[0] (.names)                                 1.126     2.126
$iopadmap$sum[11].out[0] (.names)                                0.076     2.203
out:$iopadmap$sum[11].outpad[0] (.output)                        1.098     3.301
data arrival time                                                          3.301

clock clk (rise edge)                                            0.000     0.000
clock source latency                                             0.000     0.000
clock uncertainty                                                0.000     0.000
output external delay                                           -1.000    -1.000
data required time                                                        -1.000
--------------------------------------------------------------------------------
data required time                                                         1.000
data arrival time                                                          3.301
--------------------------------------------------------------------------------
slack (MET)                                                                4.301


#Path 20
Startpoint: $iopadmap$b[6].inpad[0] (.input clocked by clk)
Endpoint  : out:$iopadmap$sum[6].outpad[0] (.output clocked by clk)
Path Type : hold

Point                                                             Incr      Path
--------------------------------------------------------------------------------
clock clk (rise edge)                                            0.000     0.000
clock source latency                                             0.000     0.000
input external delay                                             1.000     1.000
$iopadmap$b[6].inpad[0] (.input)                                 0.000     1.000
$iopadmap$sum[6].in[0] (.names)                                  1.126     2.126
$iopadmap$sum[6].out[0] (.names)                                 0.144     2.270
out:$iopadmap$sum[6].outpad[0] (.output)                         1.037     3.307
data arrival time                                                          3.307

clock clk (rise edge)                                            0.000     0.000
clock source latency                                             0.000     0.000
clock uncertainty                                                0.000     0.000
output external delay                                           -1.000    -1.000
data required time                                                        -1.000
--------------------------------------------------------------------------------
data required time                                                         1.000
data arrival time                                                          3.307
--------------------------------------------------------------------------------
slack (MET)                                                                4.307


#Path 21
Startpoint: $iopadmap$a[16].inpad[0] (.input clocked by clk)
Endpoint  : out:$iopadmap$sum[16].outpad[0] (.output clocked by clk)
Path Type : hold

Point                                                             Incr      Path
--------------------------------------------------------------------------------
clock clk (rise edge)                                            0.000     0.000
clock source latency                                             0.000     0.000
input external delay                                             1.000     1.000
$iopadmap$a[16].inpad[0] (.input)                                0.000     1.000
$iopadmap$sum[16].in[1] (.names)                                 1.248     2.248
$iopadmap$sum[16].out[0] (.names)                                0.144     2.392
out:$iopadmap$sum[16].outpad[0] (.output)                        0.918     3.310
data arrival time                                                          3.310

clock clk (rise edge)                                            0.000     0.000
clock source latency                                             0.000     0.000
clock uncertainty                                                0.000     0.000
output external delay                                           -1.000    -1.000
data required time                                                        -1.000
--------------------------------------------------------------------------------
data required time                                                         1.000
data arrival time                                                          3.310
--------------------------------------------------------------------------------
slack (MET)                                                                4.310


#Path 22
Startpoint: $iopadmap$a[15].inpad[0] (.input clocked by clk)
Endpoint  : out:$iopadmap$sum[15].outpad[0] (.output clocked by clk)
Path Type : hold

Point                                                             Incr      Path
--------------------------------------------------------------------------------
clock clk (rise edge)                                            0.000     0.000
clock source latency                                             0.000     0.000
input external delay                                             1.000     1.000
$iopadmap$a[15].inpad[0] (.input)                                0.000     1.000
$iopadmap$sum[15].in[1] (.names)                                 1.184     2.184
$iopadmap$sum[15].out[0] (.names)                                0.099     2.283
out:$iopadmap$sum[15].outpad[0] (.output)                        1.037     3.320
data arrival time                                                          3.320

clock clk (rise edge)                                            0.000     0.000
clock source latency                                             0.000     0.000
clock uncertainty                                                0.000     0.000
output external delay                                           -1.000    -1.000
data required time                                                        -1.000
--------------------------------------------------------------------------------
data required time                                                         1.000
data arrival time                                                          3.320
--------------------------------------------------------------------------------
slack (MET)                                                                4.320


#Path 23
Startpoint: $iopadmap$a[26].inpad[0] (.input clocked by clk)
Endpoint  : out:$iopadmap$sum[26].outpad[0] (.output clocked by clk)
Path Type : hold

Point                                                             Incr      Path
--------------------------------------------------------------------------------
clock clk (rise edge)                                            0.000     0.000
clock source latency                                             0.000     0.000
input external delay                                             1.000     1.000
$iopadmap$a[26].inpad[0] (.input)                                0.000     1.000
$iopadmap$sum[26].in[1] (.names)                                 1.187     2.187
$iopadmap$sum[26].out[0] (.names)                                0.099     2.286
out:$iopadmap$sum[26].outpad[0] (.output)                        1.034     3.320
data arrival time                                                          3.320

clock clk (rise edge)                                            0.000     0.000
clock source latency                                             0.000     0.000
clock uncertainty                                                0.000     0.000
output external delay                                           -1.000    -1.000
data required time                                                        -1.000
--------------------------------------------------------------------------------
data required time                                                         1.000
data arrival time                                                          3.320
--------------------------------------------------------------------------------
slack (MET)                                                                4.320


#Path 24
Startpoint: $iopadmap$b[21].inpad[0] (.input clocked by clk)
Endpoint  : out:$iopadmap$sum[21].outpad[0] (.output clocked by clk)
Path Type : hold

Point                                                             Incr      Path
--------------------------------------------------------------------------------
clock clk (rise edge)                                            0.000     0.000
clock source latency                                             0.000     0.000
input external delay                                             1.000     1.000
$iopadmap$b[21].inpad[0] (.input)                                0.000     1.000
$iopadmap$sum[21].in[0] (.names)                                 1.309     2.309
$iopadmap$sum[21].out[0] (.names)                                0.099     2.408
out:$iopadmap$sum[21].outpad[0] (.output)                        0.915     3.323
data arrival time                                                          3.323

clock clk (rise edge)                                            0.000     0.000
clock source latency                                             0.000     0.000
clock uncertainty                                                0.000     0.000
output external delay                                           -1.000    -1.000
data required time                                                        -1.000
--------------------------------------------------------------------------------
data required time                                                         1.000
data arrival time                                                          3.323
--------------------------------------------------------------------------------
slack (MET)                                                                4.323


#Path 25
Startpoint: $iopadmap$a[23].inpad[0] (.input clocked by clk)
Endpoint  : out:$iopadmap$sum[23].outpad[0] (.output clocked by clk)
Path Type : hold

Point                                                             Incr      Path
--------------------------------------------------------------------------------
clock clk (rise edge)                                            0.000     0.000
clock source latency                                             0.000     0.000
input external delay                                             1.000     1.000
$iopadmap$a[23].inpad[0] (.input)                                0.000     1.000
$iopadmap$sum[23].in[2] (.names)                                 1.126     2.126
$iopadmap$sum[23].out[0] (.names)                                0.101     2.227
out:$iopadmap$sum[23].outpad[0] (.output)                        1.098     3.325
data arrival time                                                          3.325

clock clk (rise edge)                                            0.000     0.000
clock source latency                                             0.000     0.000
clock uncertainty                                                0.000     0.000
output external delay                                           -1.000    -1.000
data required time                                                        -1.000
--------------------------------------------------------------------------------
data required time                                                         1.000
data arrival time                                                          3.325
--------------------------------------------------------------------------------
slack (MET)                                                                4.325


#Path 26
Startpoint: $iopadmap$a[23].inpad[0] (.input clocked by clk)
Endpoint  : out:$iopadmap$sum[24].outpad[0] (.output clocked by clk)
Path Type : hold

Point                                                             Incr      Path
--------------------------------------------------------------------------------
clock clk (rise edge)                                            0.000     0.000
clock source latency                                             0.000     0.000
input external delay                                             1.000     1.000
$iopadmap$a[23].inpad[0] (.input)                                0.000     1.000
$iopadmap$sum[24].in[4] (.names)                                 1.126     2.126
$iopadmap$sum[24].out[0] (.names)                                0.101     2.227
out:$iopadmap$sum[24].outpad[0] (.output)                        1.098     3.325
data arrival time                                                          3.325

clock clk (rise edge)                                            0.000     0.000
clock source latency                                             0.000     0.000
clock uncertainty                                                0.000     0.000
output external delay                                           -1.000    -1.000
data required time                                                        -1.000
--------------------------------------------------------------------------------
data required time                                                         1.000
data arrival time                                                          3.325
--------------------------------------------------------------------------------
slack (MET)                                                                4.325


#Path 27
Startpoint: $iopadmap$a[1].inpad[0] (.input clocked by clk)
Endpoint  : out:$iopadmap$sum[7].outpad[0] (.output clocked by clk)
Path Type : hold

Point                                                             Incr      Path
--------------------------------------------------------------------------------
clock clk (rise edge)                                            0.000     0.000
clock source latency                                             0.000     0.000
input external delay                                             1.000     1.000
$iopadmap$a[1].inpad[0] (.input)                                 0.000     1.000
$abc$4980$new_new_n102__.in[0] (.names)                          1.065     2.065
$abc$4980$new_new_n102__.out[0] (.names)                         0.119     2.184
$abc$4980$new_new_n146__.in[3] (.names)                          0.066     2.251
$abc$4980$new_new_n146__.out[0] (.names)                         0.099     2.350
$iopadmap$sum[7].in[0] (.names)                                  0.066     2.416
$iopadmap$sum[7].out[0] (.names)                                 0.144     2.560
out:$iopadmap$sum[7].outpad[0] (.output)                         0.857     3.417
data arrival time                                                          3.417

clock clk (rise edge)                                            0.000     0.000
clock source latency                                             0.000     0.000
clock uncertainty                                                0.000     0.000
output external delay                                           -1.000    -1.000
data required time                                                        -1.000
--------------------------------------------------------------------------------
data required time                                                         1.000
data arrival time                                                          3.417
--------------------------------------------------------------------------------
slack (MET)                                                                4.417


#Path 28
Startpoint: $iopadmap$a[2].inpad[0] (.input clocked by clk)
Endpoint  : out:$iopadmap$sum[3].outpad[0] (.output clocked by clk)
Path Type : hold

Point                                                             Incr      Path
--------------------------------------------------------------------------------
clock clk (rise edge)                                            0.000     0.000
clock source latency                                             0.000     0.000
input external delay                                             1.000     1.000
$iopadmap$a[2].inpad[0] (.input)                                 0.000     1.000
$iopadmap$sum[3].in[4] (.names)                                  1.126     2.126
$iopadmap$sum[3].out[0] (.names)                                 0.144     2.270
out:$iopadmap$sum[3].outpad[0] (.output)                         1.156     3.426
data arrival time                                                          3.426

clock clk (rise edge)                                            0.000     0.000
clock source latency                                             0.000     0.000
clock uncertainty                                                0.000     0.000
output external delay                                           -1.000    -1.000
data required time                                                        -1.000
--------------------------------------------------------------------------------
data required time                                                         1.000
data arrival time                                                          3.426
--------------------------------------------------------------------------------
slack (MET)                                                                4.426


#Path 29
Startpoint: $iopadmap$b[20].inpad[0] (.input clocked by clk)
Endpoint  : out:$iopadmap$sum[20].outpad[0] (.output clocked by clk)
Path Type : hold

Point                                                             Incr      Path
--------------------------------------------------------------------------------
clock clk (rise edge)                                            0.000     0.000
clock source latency                                             0.000     0.000
input external delay                                             1.000     1.000
$iopadmap$b[20].inpad[0] (.input)                                0.000     1.000
$iopadmap$sum[20].in[2] (.names)                                 1.309     2.309
$iopadmap$sum[20].out[0] (.names)                                0.101     2.410
out:$iopadmap$sum[20].outpad[0] (.output)                        1.034     3.444
data arrival time                                                          3.444

clock clk (rise edge)                                            0.000     0.000
clock source latency                                             0.000     0.000
clock uncertainty                                                0.000     0.000
output external delay                                           -1.000    -1.000
data required time                                                        -1.000
--------------------------------------------------------------------------------
data required time                                                         1.000
data arrival time                                                          3.444
--------------------------------------------------------------------------------
slack (MET)                                                                4.444


#Path 30
Startpoint: $iopadmap$b[30].inpad[0] (.input clocked by clk)
Endpoint  : out:$iopadmap$cout.outpad[0] (.output clocked by clk)
Path Type : hold

Point                                                             Incr      Path
--------------------------------------------------------------------------------
clock clk (rise edge)                                            0.000     0.000
clock source latency                                             0.000     0.000
input external delay                                             1.000     1.000
$iopadmap$b[30].inpad[0] (.input)                                0.000     1.000
$iopadmap$cout.in[1] (.names)                                    1.245     2.245
$iopadmap$cout.out[0] (.names)                                   0.065     2.310
out:$iopadmap$cout.outpad[0] (.output)                           1.153     3.463
data arrival time                                                          3.463

clock clk (rise edge)                                            0.000     0.000
clock source latency                                             0.000     0.000
clock uncertainty                                                0.000     0.000
output external delay                                           -1.000    -1.000
data required time                                                        -1.000
--------------------------------------------------------------------------------
data required time                                                         1.000
data arrival time                                                          3.463
--------------------------------------------------------------------------------
slack (MET)                                                                4.463


#Path 31
Startpoint: $iopadmap$b[5].inpad[0] (.input clocked by clk)
Endpoint  : out:$iopadmap$sum[5].outpad[0] (.output clocked by clk)
Path Type : hold

Point                                                             Incr      Path
--------------------------------------------------------------------------------
clock clk (rise edge)                                            0.000     0.000
clock source latency                                             0.000     0.000
input external delay                                             1.000     1.000
$iopadmap$b[5].inpad[0] (.input)                                 0.000     1.000
$iopadmap$sum[5].in[2] (.names)                                  1.245     2.245
$iopadmap$sum[5].out[0] (.names)                                 0.065     2.310
out:$iopadmap$sum[5].outpad[0] (.output)                         1.156     3.466
data arrival time                                                          3.466

clock clk (rise edge)                                            0.000     0.000
clock source latency                                             0.000     0.000
clock uncertainty                                                0.000     0.000
output external delay                                           -1.000    -1.000
data required time                                                        -1.000
--------------------------------------------------------------------------------
data required time                                                         1.000
data arrival time                                                          3.466
--------------------------------------------------------------------------------
slack (MET)                                                                4.466


#Path 32
Startpoint: $iopadmap$b[8].inpad[0] (.input clocked by clk)
Endpoint  : out:$iopadmap$sum[9].outpad[0] (.output clocked by clk)
Path Type : hold

Point                                                             Incr      Path
--------------------------------------------------------------------------------
clock clk (rise edge)                                            0.000     0.000
clock source latency                                             0.000     0.000
input external delay                                             1.000     1.000
$iopadmap$b[8].inpad[0] (.input)                                 0.000     1.000
$iopadmap$sum[9].in[3] (.names)                                  1.306     2.306
$iopadmap$sum[9].out[0] (.names)                                 0.101     2.407
out:$iopadmap$sum[9].outpad[0] (.output)                         1.095     3.502
data arrival time                                                          3.502

clock clk (rise edge)                                            0.000     0.000
clock source latency                                             0.000     0.000
clock uncertainty                                                0.000     0.000
output external delay                                           -1.000    -1.000
data required time                                                        -1.000
--------------------------------------------------------------------------------
data required time                                                         1.000
data arrival time                                                          3.502
--------------------------------------------------------------------------------
slack (MET)                                                                4.502


#Path 33
Startpoint: $iopadmap$b[14].inpad[0] (.input clocked by clk)
Endpoint  : out:$iopadmap$sum[14].outpad[0] (.output clocked by clk)
Path Type : hold

Point                                                             Incr      Path
--------------------------------------------------------------------------------
clock clk (rise edge)                                            0.000     0.000
clock source latency                                             0.000     0.000
input external delay                                             1.000     1.000
$iopadmap$b[14].inpad[0] (.input)                                0.000     1.000
$iopadmap$sum[14].in[1] (.names)                                 1.309     2.309
$iopadmap$sum[14].out[0] (.names)                                0.144     2.453
out:$iopadmap$sum[14].outpad[0] (.output)                        1.098     3.551
data arrival time                                                          3.551

clock clk (rise edge)                                            0.000     0.000
clock source latency                                             0.000     0.000
clock uncertainty                                                0.000     0.000
output external delay                                           -1.000    -1.000
data required time                                                        -1.000
--------------------------------------------------------------------------------
data required time                                                         1.000
data arrival time                                                          3.551
--------------------------------------------------------------------------------
slack (MET)                                                                4.551


#End of timing report
