/*******************************************************************************
Copyright (c) 2022-2024 Rapid Silicon
This source code contains proprietary information belonging to Rapid Silicon
(the "licensor") released under license and non-disclosure agreement to the
recipient (the "licensee").

The information shared and protected by the license and non-disclosure agreement
includes but is not limited to the following:
* operational algorithms of the product
* logos, graphics, source code, and visual presentation of the product
* confidential operational information of the licensor

The recipient of this source code is NOT permitted to publicly disclose,
re-use, archive beyond the period of the license agreement, transfer to a
sub-licensee, or re-implement any portion of the content covered by the license
and non-disclosure agreement without the prior written consent of the licensor.
*********************************************************************************/

Version  : 2024.11
Build    : 1.2.29
Hash     : 7d8208b
Date     : Nov 15 2024
Type     : Engineering
Log Time   : Fri Nov 15 13:16:18 2024 GMT
/*******************************************************************************
Copyright (c) 2022-2024 Rapid Silicon
This source code contains proprietary information belonging to Rapid Silicon
(the "licensor") released under license and non-disclosure agreement to the
recipient (the "licensee").

The information shared and protected by the license and non-disclosure agreement
includes but is not limited to the following:
* operational algorithms of the product
* logos, graphics, source code, and visual presentation of the product
* confidential operational information of the licensor

The recipient of this source code is NOT permitted to publicly disclose,
re-use, archive beyond the period of the license agreement, transfer to a
sub-licensee, or re-implement any portion of the content covered by the license
and non-disclosure agreement without the prior written consent of the licensor.
*********************************************************************************/

Version  : 2024.11
Build    : 1.2.29
Hash     : 7d8208b
Date     : Nov 15 2024
Type     : Engineering
Log Time   : Fri Nov 15 12:11:29 2024 GMT
#Timing report of worst 9 path(s)
# Unit scale: 1e-09 seconds
# Output precision: 3

# Logical Levels: 0
# Timing Graph Levels: 8

#Path 1
Startpoint: c_sub_out_reg[6].Q[0] (dffre clocked by clock0)
Endpoint  : out:c.outpad[0] (.output clocked by clock0)
Path Type : setup

Point                                                              Incr      Path
---------------------------------------------------------------------------------
clock clock0 (rise edge)                           0.000     0.000
clock source latency                                              0.000     0.000
clock0.inpad[0] (.input)                           0.000     0.000
c_sub_out_reg[6].C[0] (dffre)                                     0.890     0.890
c_sub_out_reg[6].Q[0] (dffre) [clock-to-output]                   0.154     1.044
$abc$1686$new_new_n26__.in[2] (.names)                            0.890     1.935
$abc$1686$new_new_n26__.out[0] (.names)                           0.103     2.038
c.in[1] (.names)                                0.890     2.928
c.out[0] (.names)                               0.197     3.125
out:c.outpad[0] (.output)                       0.890     4.015
data arrival time                                                           4.015

clock clock0 (rise edge)                           0.000     0.000
clock source latency                                              0.000     0.000
clock uncertainty                                                 0.000     0.000
output external delay                                             0.000     0.000
data required time                                                          0.000
---------------------------------------------------------------------------------
data required time                                                          0.000
data arrival time                                                          -4.015
---------------------------------------------------------------------------------
slack (VIOLATED)                                                           -4.015


#Path 2
Startpoint: a.inpad[0] (.input clocked by clock0)
Endpoint  : c_sub_out_reg[0].D[0] (dffre clocked by clock0)
Path Type : setup

Point                                                             Incr      Path
--------------------------------------------------------------------------------
clock clock0 (rise edge)                          0.000     0.000
clock source latency                                             0.000     0.000
input external delay                                             0.000     0.000
a.inpad[0] (.input)                                        0.000     0.000
$abc$1018$abc$970$li0_li0.in[0] (.names)                         0.890     0.890
$abc$1018$abc$970$li0_li0.out[0] (.names)                        0.218     1.109
c_sub_out_reg[0].D[0] (dffre)                                    0.890     1.999
data arrival time                                                          1.999

clock clock0 (rise edge)                          0.000     0.000
clock source latency                                             0.000     0.000
clock0.inpad[0] (.input)                          0.000     0.000
c_sub_out_reg[0].C[0] (dffre)                                    0.890     0.890
clock uncertainty                                                0.000     0.890
cell setup time                                                 -0.032     0.859
data required time                                                         0.859
--------------------------------------------------------------------------------
data required time                                                         0.859
data arrival time                                                         -1.999
--------------------------------------------------------------------------------
slack (VIOLATED)                                                          -1.140


#Path 3
Startpoint: id[0].inpad[0] (.input clocked by clock0)
Endpoint  : c_sub_out_reg[7].D[0] (dffre clocked by clock0)
Path Type : setup

Point                                                             Incr      Path
--------------------------------------------------------------------------------
clock clock0 (rise edge)                          0.000     0.000
clock source latency                                             0.000     0.000
input external delay                                             0.000     0.000
id[0].inpad[0] (.input)                                    0.000     0.000
$abc$1018$abc$970$li7_li7.in[0] (.names)                         0.890     0.890
$abc$1018$abc$970$li7_li7.out[0] (.names)                        0.218     1.109
c_sub_out_reg[7].D[0] (dffre)                                    0.890     1.999
data arrival time                                                          1.999

clock clock0 (rise edge)                          0.000     0.000
clock source latency                                             0.000     0.000
clock0.inpad[0] (.input)                          0.000     0.000
c_sub_out_reg[7].C[0] (dffre)                                    0.890     0.890
clock uncertainty                                                0.000     0.890
cell setup time                                                 -0.032     0.859
data required time                                                         0.859
--------------------------------------------------------------------------------
data required time                                                         0.859
data arrival time                                                         -1.999
--------------------------------------------------------------------------------
slack (VIOLATED)                                                          -1.140


#Path 4
Startpoint: id[1].inpad[0] (.input clocked by clock0)
Endpoint  : c_sub_out_reg[6].D[0] (dffre clocked by clock0)
Path Type : setup

Point                                                             Incr      Path
--------------------------------------------------------------------------------
clock clock0 (rise edge)                          0.000     0.000
clock source latency                                             0.000     0.000
input external delay                                             0.000     0.000
id[1].inpad[0] (.input)                                    0.000     0.000
$abc$1018$abc$970$li6_li6.in[0] (.names)                         0.890     0.890
$abc$1018$abc$970$li6_li6.out[0] (.names)                        0.218     1.109
c_sub_out_reg[6].D[0] (dffre)                                    0.890     1.999
data arrival time                                                          1.999

clock clock0 (rise edge)                          0.000     0.000
clock source latency                                             0.000     0.000
clock0.inpad[0] (.input)                          0.000     0.000
c_sub_out_reg[6].C[0] (dffre)                                    0.890     0.890
clock uncertainty                                                0.000     0.890
cell setup time                                                 -0.032     0.859
data required time                                                         0.859
--------------------------------------------------------------------------------
data required time                                                         0.859
data arrival time                                                         -1.999
--------------------------------------------------------------------------------
slack (VIOLATED)                                                          -1.140


#Path 5
Startpoint: id[0].inpad[0] (.input clocked by clock0)
Endpoint  : c_sub_out_reg[5].D[0] (dffre clocked by clock0)
Path Type : setup

Point                                                             Incr      Path
--------------------------------------------------------------------------------
clock clock0 (rise edge)                          0.000     0.000
clock source latency                                             0.000     0.000
input external delay                                             0.000     0.000
id[0].inpad[0] (.input)                                    0.000     0.000
$abc$1018$abc$970$li5_li5.in[0] (.names)                         0.890     0.890
$abc$1018$abc$970$li5_li5.out[0] (.names)                        0.218     1.109
c_sub_out_reg[5].D[0] (dffre)                                    0.890     1.999
data arrival time                                                          1.999

clock clock0 (rise edge)                          0.000     0.000
clock source latency                                             0.000     0.000
clock0.inpad[0] (.input)                          0.000     0.000
c_sub_out_reg[5].C[0] (dffre)                                    0.890     0.890
clock uncertainty                                                0.000     0.890
cell setup time                                                 -0.032     0.859
data required time                                                         0.859
--------------------------------------------------------------------------------
data required time                                                         0.859
data arrival time                                                         -1.999
--------------------------------------------------------------------------------
slack (VIOLATED)                                                          -1.140


#Path 6
Startpoint: b.inpad[0] (.input clocked by clock0)
Endpoint  : c_sub_out_reg[4].D[0] (dffre clocked by clock0)
Path Type : setup

Point                                                             Incr      Path
--------------------------------------------------------------------------------
clock clock0 (rise edge)                          0.000     0.000
clock source latency                                             0.000     0.000
input external delay                                             0.000     0.000
b.inpad[0] (.input)                                        0.000     0.000
$abc$1018$abc$970$li4_li4.in[0] (.names)                         0.890     0.890
$abc$1018$abc$970$li4_li4.out[0] (.names)                        0.218     1.109
c_sub_out_reg[4].D[0] (dffre)                                    0.890     1.999
data arrival time                                                          1.999

clock clock0 (rise edge)                          0.000     0.000
clock source latency                                             0.000     0.000
clock0.inpad[0] (.input)                          0.000     0.000
c_sub_out_reg[4].C[0] (dffre)                                    0.890     0.890
clock uncertainty                                                0.000     0.890
cell setup time                                                 -0.032     0.859
data required time                                                         0.859
--------------------------------------------------------------------------------
data required time                                                         0.859
data arrival time                                                         -1.999
--------------------------------------------------------------------------------
slack (VIOLATED)                                                          -1.140


#Path 7
Startpoint: id[0].inpad[0] (.input clocked by clock0)
Endpoint  : c_sub_out_reg[3].D[0] (dffre clocked by clock0)
Path Type : setup

Point                                                             Incr      Path
--------------------------------------------------------------------------------
clock clock0 (rise edge)                          0.000     0.000
clock source latency                                             0.000     0.000
input external delay                                             0.000     0.000
id[0].inpad[0] (.input)                                    0.000     0.000
$abc$1018$abc$970$li3_li3.in[0] (.names)                         0.890     0.890
$abc$1018$abc$970$li3_li3.out[0] (.names)                        0.218     1.109
c_sub_out_reg[3].D[0] (dffre)                                    0.890     1.999
data arrival time                                                          1.999

clock clock0 (rise edge)                          0.000     0.000
clock source latency                                             0.000     0.000
clock0.inpad[0] (.input)                          0.000     0.000
c_sub_out_reg[3].C[0] (dffre)                                    0.890     0.890
clock uncertainty                                                0.000     0.890
cell setup time                                                 -0.032     0.859
data required time                                                         0.859
--------------------------------------------------------------------------------
data required time                                                         0.859
data arrival time                                                         -1.999
--------------------------------------------------------------------------------
slack (VIOLATED)                                                          -1.140


#Path 8
Startpoint: b.inpad[0] (.input clocked by clock0)
Endpoint  : c_sub_out_reg[2].D[0] (dffre clocked by clock0)
Path Type : setup

Point                                                             Incr      Path
--------------------------------------------------------------------------------
clock clock0 (rise edge)                          0.000     0.000
clock source latency                                             0.000     0.000
input external delay                                             0.000     0.000
b.inpad[0] (.input)                                        0.000     0.000
$abc$1018$abc$970$li2_li2.in[0] (.names)                         0.890     0.890
$abc$1018$abc$970$li2_li2.out[0] (.names)                        0.218     1.109
c_sub_out_reg[2].D[0] (dffre)                                    0.890     1.999
data arrival time                                                          1.999

clock clock0 (rise edge)                          0.000     0.000
clock source latency                                             0.000     0.000
clock0.inpad[0] (.input)                          0.000     0.000
c_sub_out_reg[2].C[0] (dffre)                                    0.890     0.890
clock uncertainty                                                0.000     0.890
cell setup time                                                 -0.032     0.859
data required time                                                         0.859
--------------------------------------------------------------------------------
data required time                                                         0.859
data arrival time                                                         -1.999
--------------------------------------------------------------------------------
slack (VIOLATED)                                                          -1.140


#Path 9
Startpoint: id[0].inpad[0] (.input clocked by clock0)
Endpoint  : c_sub_out_reg[1].D[0] (dffre clocked by clock0)
Path Type : setup

Point                                                             Incr      Path
--------------------------------------------------------------------------------
clock clock0 (rise edge)                          0.000     0.000
clock source latency                                             0.000     0.000
input external delay                                             0.000     0.000
id[0].inpad[0] (.input)                                    0.000     0.000
$abc$1018$abc$970$li1_li1.in[0] (.names)                         0.890     0.890
$abc$1018$abc$970$li1_li1.out[0] (.names)                        0.218     1.109
c_sub_out_reg[1].D[0] (dffre)                                    0.890     1.999
data arrival time                                                          1.999

clock clock0 (rise edge)                          0.000     0.000
clock source latency                                             0.000     0.000
clock0.inpad[0] (.input)                          0.000     0.000
c_sub_out_reg[1].C[0] (dffre)                                    0.890     0.890
clock uncertainty                                                0.000     0.890
cell setup time                                                 -0.032     0.859
data required time                                                         0.859
--------------------------------------------------------------------------------
data required time                                                         0.859
data arrival time                                                         -1.999
--------------------------------------------------------------------------------
slack (VIOLATED)                                                          -1.140


#End of timing report
