Checking Buffer connections
All IO connections are correct.

Checking I_DELAY data inputs
================================================================

Checking O_DELAY data outputs
================================================================

Checking I_SERDES data inputs
================================================================

Checking O_SERDES data outputss
================================================================

Checking I_DDR data inputs
================================================================

Checking O_DDR data outputss
================================================================

Checking Buffer control signals
================================================================
================================================================

Checking FCLK_BUF connections
================================================================
================================================================

Checking O_DELAY data inputss
================================================================

Checking I_DELAY data outputss
================================================================

Checking I_DELAY/O_DELAY control signals
================================================================
================================================================

Checking I_DDR/O_DDR control signals
================================================================
================================================================

Checking I_DDR data outputs
================================================================

Checking O_DDR data inputss
================================================================

Checking I_SERDES data outputs
================================================================

Checking O_SERDES data inputss
================================================================

Checking I_SERDES/O_SERDES control signals
================================================================
================================================================
