/*******************************************************************************
Copyright (c) 2022-2024 Rapid Silicon
This source code contains proprietary information belonging to Rapid Silicon
(the "licensor") released under license and non-disclosure agreement to the
recipient (the "licensee").

The information shared and protected by the license and non-disclosure agreement
includes but is not limited to the following:
* operational algorithms of the product
* logos, graphics, source code, and visual presentation of the product
* confidential operational information of the licensor

The recipient of this source code is NOT permitted to publicly disclose,
re-use, archive beyond the period of the license agreement, transfer to a
sub-licensee, or re-implement any portion of the content covered by the license
and non-disclosure agreement without the prior written consent of the licensor.
*********************************************************************************/

Version  : 2024.10
Build    : 1.2.24
Hash     : efcef41
Date     : Oct 31 2024
Type     : Engineering
Log Time   : Thu Oct 31 05:43:38 2024 GMT

[ 10:43:38 ] Analysis has started
[ 10:43:38 ] Command: /nfs_eda_sw/softwares/Raptor/instl_dir/10_31_2024_09_15_01/bin/yosys -s /nfs_scratch/scratch/CompilerValidation/zaheer_ahmad/os-fpga/Validation/RTL_testcases/titan_benchmarks/bitonic_mesh/bitonic_mesh/run_1/synth_1_1/analysis/bitonic_mesh_analyzer.cmd
[ 10:43:40 ] Duration: 1657 ms. Max utilization: 135 MB
[ 10:43:40 ] Synthesize has started
[ 10:43:40 ] Command: /nfs_eda_sw/softwares/Raptor/instl_dir/10_31_2024_09_15_01/bin/yosys -s bitonic_mesh.ys -l bitonic_mesh_synth.log
[ 13:27:01 ] Duration: 9801172 ms. Max utilization: 18838 MB
[ 13:27:08 ] Packing has started
[ 13:27:08 ] Analysis has started
[ 13:27:08 ] Command: /nfs_eda_sw/softwares/Raptor/instl_dir/10_31_2024_09_15_01/bin/vpr /nfs_eda_sw/softwares/Raptor/instl_dir/10_31_2024_09_15_01/share/raptor/etc/devices/gemini_compact_320x218/gemini_vpr.xml /nfs_scratch/scratch/CompilerValidation/zaheer_ahmad/os-fpga/Validation/RTL_testcases/titan_benchmarks/bitonic_mesh/bitonic_mesh/run_1/synth_1_1/synthesis/fabric_bitonic_mesh_post_synth.eblif --sdc_file /nfs_scratch/scratch/CompilerValidation/zaheer_ahmad/os-fpga/Validation/RTL_testcases/titan_benchmarks/bitonic_mesh/bitonic_mesh/run_1/synth_1_1/impl_1_1_1/packing/fabric_bitonic_mesh_openfpga.sdc --route_chan_width 300 --suppress_warnings check_rr_node_warnings.log,check_rr_node --clock_modeling ideal --absorb_buffer_luts off --skip_sync_clustering_and_routing_results off --constant_net_method route --post_place_timing_report bitonic_mesh_post_place_timing.rpt --device castor320x218_heterogeneous --allow_unrelated_clustering on --allow_dangling_combinational_nodes on --place_delta_delay_matrix_calculation_method dijkstra --gen_post_synthesis_netlist on --post_synth_netlist_unconn_inputs gnd --inner_loop_recompute_divider 1 --max_router_iterations 1500 --timing_report_detail detailed --timing_report_npaths 100 --top system100 --net_file /nfs_scratch/scratch/CompilerValidation/zaheer_ahmad/os-fpga/Validation/RTL_testcases/titan_benchmarks/bitonic_mesh/bitonic_mesh/run_1/synth_1_1/impl_1_1_1/packing/fabric_bitonic_mesh_post_synth.net --place_file /nfs_scratch/scratch/CompilerValidation/zaheer_ahmad/os-fpga/Validation/RTL_testcases/titan_benchmarks/bitonic_mesh/bitonic_mesh/run_1/synth_1_1/impl_1_1_1/placement/fabric_bitonic_mesh_post_synth.place --route_file /nfs_scratch/scratch/CompilerValidation/zaheer_ahmad/os-fpga/Validation/RTL_testcases/titan_benchmarks/bitonic_mesh/bitonic_mesh/run_1/synth_1_1/impl_1_1_1/routing/fabric_bitonic_mesh_post_synth.route --pack
[ 14:52:04 ] Duration: 5096809 ms. Max utilization: 17818 MB
[ 14:52:05 ] Placement has started
[ 14:52:05 ] Command: /nfs_eda_sw/softwares/Raptor/instl_dir/10_31_2024_09_15_01/bin/vpr /nfs_eda_sw/softwares/Raptor/instl_dir/10_31_2024_09_15_01/share/raptor/etc/devices/gemini_compact_320x218/gemini_vpr.xml /nfs_scratch/scratch/CompilerValidation/zaheer_ahmad/os-fpga/Validation/RTL_testcases/titan_benchmarks/bitonic_mesh/bitonic_mesh/run_1/synth_1_1/synthesis/fabric_bitonic_mesh_post_synth.eblif --sdc_file /nfs_scratch/scratch/CompilerValidation/zaheer_ahmad/os-fpga/Validation/RTL_testcases/titan_benchmarks/bitonic_mesh/bitonic_mesh/run_1/synth_1_1/impl_1_1_1/packing/fabric_bitonic_mesh_openfpga.sdc --route_chan_width 300 --suppress_warnings check_rr_node_warnings.log,check_rr_node --clock_modeling ideal --absorb_buffer_luts off --skip_sync_clustering_and_routing_results off --constant_net_method route --post_place_timing_report bitonic_mesh_post_place_timing.rpt --device castor320x218_heterogeneous --allow_unrelated_clustering on --allow_dangling_combinational_nodes on --place_delta_delay_matrix_calculation_method dijkstra --gen_post_synthesis_netlist on --post_synth_netlist_unconn_inputs gnd --inner_loop_recompute_divider 1 --max_router_iterations 1500 --timing_report_detail detailed --timing_report_npaths 100 --top system100 --net_file /nfs_scratch/scratch/CompilerValidation/zaheer_ahmad/os-fpga/Validation/RTL_testcases/titan_benchmarks/bitonic_mesh/bitonic_mesh/run_1/synth_1_1/impl_1_1_1/packing/fabric_bitonic_mesh_post_synth.net --place_file /nfs_scratch/scratch/CompilerValidation/zaheer_ahmad/os-fpga/Validation/RTL_testcases/titan_benchmarks/bitonic_mesh/bitonic_mesh/run_1/synth_1_1/impl_1_1_1/placement/fabric_bitonic_mesh_post_synth.place --route_file /nfs_scratch/scratch/CompilerValidation/zaheer_ahmad/os-fpga/Validation/RTL_testcases/titan_benchmarks/bitonic_mesh/bitonic_mesh/run_1/synth_1_1/impl_1_1_1/routing/fabric_bitonic_mesh_post_synth.route --place
[ 22:41:25 ] Duration: 28159731 ms. Max utilization: 17701 MB
[ 22:41:25 ] Route has started
[ 22:41:25 ] Command: /nfs_eda_sw/softwares/Raptor/instl_dir/10_31_2024_09_15_01/bin/vpr /nfs_eda_sw/softwares/Raptor/instl_dir/10_31_2024_09_15_01/share/raptor/etc/devices/gemini_compact_320x218/gemini_vpr.xml /nfs_scratch/scratch/CompilerValidation/zaheer_ahmad/os-fpga/Validation/RTL_testcases/titan_benchmarks/bitonic_mesh/bitonic_mesh/run_1/synth_1_1/synthesis/fabric_bitonic_mesh_post_synth.eblif --sdc_file /nfs_scratch/scratch/CompilerValidation/zaheer_ahmad/os-fpga/Validation/RTL_testcases/titan_benchmarks/bitonic_mesh/bitonic_mesh/run_1/synth_1_1/impl_1_1_1/packing/fabric_bitonic_mesh_openfpga.sdc --route_chan_width 300 --suppress_warnings check_rr_node_warnings.log,check_rr_node --clock_modeling ideal --absorb_buffer_luts off --skip_sync_clustering_and_routing_results off --constant_net_method route --post_place_timing_report bitonic_mesh_post_place_timing.rpt --device castor320x218_heterogeneous --allow_unrelated_clustering on --allow_dangling_combinational_nodes on --place_delta_delay_matrix_calculation_method dijkstra --gen_post_synthesis_netlist on --post_synth_netlist_unconn_inputs gnd --inner_loop_recompute_divider 1 --max_router_iterations 1500 --timing_report_detail detailed --timing_report_npaths 100 --top system100 --net_file /nfs_scratch/scratch/CompilerValidation/zaheer_ahmad/os-fpga/Validation/RTL_testcases/titan_benchmarks/bitonic_mesh/bitonic_mesh/run_1/synth_1_1/impl_1_1_1/packing/fabric_bitonic_mesh_post_synth.net --place_file /nfs_scratch/scratch/CompilerValidation/zaheer_ahmad/os-fpga/Validation/RTL_testcases/titan_benchmarks/bitonic_mesh/bitonic_mesh/run_1/synth_1_1/impl_1_1_1/placement/fabric_bitonic_mesh_post_synth.place --route_file /nfs_scratch/scratch/CompilerValidation/zaheer_ahmad/os-fpga/Validation/RTL_testcases/titan_benchmarks/bitonic_mesh/bitonic_mesh/run_1/synth_1_1/impl_1_1_1/routing/fabric_bitonic_mesh_post_synth.route --route
[ 23:50:16 ] Duration: 4131119 ms. Max utilization: 17701 MB
[ 23:50:16 ] Command: /nfs_eda_sw/softwares/Raptor/instl_dir/10_31_2024_09_15_01/bin/finalize  /nfs_scratch/scratch/CompilerValidation/zaheer_ahmad/os-fpga/Validation/RTL_testcases/titan_benchmarks/bitonic_mesh/bitonic_mesh/run_1/synth_1_1/impl_1_1_1/routing/fabric_system100_post_synthesis.v /nfs_scratch/scratch/CompilerValidation/zaheer_ahmad/os-fpga/Validation/RTL_testcases/titan_benchmarks/bitonic_mesh/bitonic_mesh/run_1/synth_1_1/impl_1_1_1/routing/fabric_system100_post_synthesis.v_
[ 23:50:34 ] Duration: 18049 ms. Max utilization: 1786 MB
[ 23:50:35 ] TimingAnalysis has started
[ 23:50:35 ] Command: /nfs_eda_sw/softwares/Raptor/instl_dir/10_31_2024_09_15_01/bin/vpr /nfs_eda_sw/softwares/Raptor/instl_dir/10_31_2024_09_15_01/share/raptor/etc/devices/gemini_compact_320x218/gemini_vpr.xml /nfs_scratch/scratch/CompilerValidation/zaheer_ahmad/os-fpga/Validation/RTL_testcases/titan_benchmarks/bitonic_mesh/bitonic_mesh/run_1/synth_1_1/synthesis/fabric_bitonic_mesh_post_synth.eblif --sdc_file /nfs_scratch/scratch/CompilerValidation/zaheer_ahmad/os-fpga/Validation/RTL_testcases/titan_benchmarks/bitonic_mesh/bitonic_mesh/run_1/synth_1_1/impl_1_1_1/packing/fabric_bitonic_mesh_openfpga.sdc --route_chan_width 300 --suppress_warnings check_rr_node_warnings.log,check_rr_node --clock_modeling ideal --absorb_buffer_luts off --skip_sync_clustering_and_routing_results off --constant_net_method route --post_place_timing_report bitonic_mesh_post_place_timing.rpt --device castor320x218_heterogeneous --allow_unrelated_clustering on --allow_dangling_combinational_nodes on --place_delta_delay_matrix_calculation_method dijkstra --post_synth_netlist_unconn_inputs gnd --inner_loop_recompute_divider 1 --max_router_iterations 1500 --timing_report_detail detailed --timing_report_npaths 100 --top system100 --net_file /nfs_scratch/scratch/CompilerValidation/zaheer_ahmad/os-fpga/Validation/RTL_testcases/titan_benchmarks/bitonic_mesh/bitonic_mesh/run_1/synth_1_1/impl_1_1_1/packing/fabric_bitonic_mesh_post_synth.net --place_file /nfs_scratch/scratch/CompilerValidation/zaheer_ahmad/os-fpga/Validation/RTL_testcases/titan_benchmarks/bitonic_mesh/bitonic_mesh/run_1/synth_1_1/impl_1_1_1/placement/fabric_bitonic_mesh_post_synth.place --route_file /nfs_scratch/scratch/CompilerValidation/zaheer_ahmad/os-fpga/Validation/RTL_testcases/titan_benchmarks/bitonic_mesh/bitonic_mesh/run_1/synth_1_1/impl_1_1_1/routing/fabric_bitonic_mesh_post_synth.route --analysis
[ 00:05:37 ] Duration: 902529 ms. Max utilization: 17709 MB
[ 00:05:38 ] PowerAnalysis has started
[ 00:05:38 ] Command: /nfs_eda_sw/softwares/Raptor/instl_dir/10_31_2024_09_15_01/bin/yosys -s pw_extract.ys -l bitonic_mesh_power.log
[ 00:08:02 ] Duration: 144678 ms. Max utilization: 7286 MB
[ 00:08:02 ] GenerateBitstream has started
