/*******************************************************************************
Copyright (c) 2022-2024 Rapid Silicon
This source code contains proprietary information belonging to Rapid Silicon
(the "licensor") released under license and non-disclosure agreement to the
recipient (the "licensee").

The information shared and protected by the license and non-disclosure agreement
includes but is not limited to the following:
* operational algorithms of the product
* logos, graphics, source code, and visual presentation of the product
* confidential operational information of the licensor

The recipient of this source code is NOT permitted to publicly disclose,
re-use, archive beyond the period of the license agreement, transfer to a
sub-licensee, or re-implement any portion of the content covered by the license
and non-disclosure agreement without the prior written consent of the licensor.
*********************************************************************************/

Version  : 2024.11
Build    : 1.2.29
Hash     : 7d8208b
Date     : Nov 15 2024
Type     : Engineering
Log Time   : Fri Nov 15 12:16:48 2024 GMT
#Timing report of worst 9 path(s)
# Unit scale: 1e-09 seconds
# Output precision: 3

# Logical Levels: 0
# Timing Graph Levels: 8

#Path 1
Startpoint: $ibuf_id[0].inpad[0] (.input clocked by $clk_buf_$ibuf_clock0)
Endpoint  : out:$f2g_tx_out_$obuf_c.outpad[0] (.output clocked by $clk_buf_$ibuf_clock0)
Path Type : setup

Point                                                              Incr      Path
---------------------------------------------------------------------------------
clock $clk_buf_$ibuf_clock0 (rise edge)                           0.000     0.000
clock source latency                                              0.000     0.000
input external delay                                              0.000     0.000
$ibuf_id[0].inpad[0] (.input)                                     0.000     0.000
$abc$1686$new_new_n25__.in[0] (.names)                            1.440     1.440
$abc$1686$new_new_n25__.out[0] (.names)                           0.103     1.543
$f2g_tx_out_$obuf_c.in[2] (.names)                                0.247     1.789
$f2g_tx_out_$obuf_c.out[0] (.names)                               0.148     1.937
out:$f2g_tx_out_$obuf_c.outpad[0] (.output)                       2.089     4.027
data arrival time                                                           4.027

clock $clk_buf_$ibuf_clock0 (rise edge)                           0.000     0.000
clock source latency                                              0.000     0.000
clock uncertainty                                                 0.000     0.000
output external delay                                             0.000     0.000
data required time                                                          0.000
---------------------------------------------------------------------------------
data required time                                                          0.000
data arrival time                                                          -4.027
---------------------------------------------------------------------------------
slack (VIOLATED)                                                           -4.027


#Path 2
Startpoint: $ibuf_b.inpad[0] (.input clocked by $clk_buf_$ibuf_clock0)
Endpoint  : c_sub_out_reg[0].D[0] (dffre clocked by $clk_buf_$ibuf_clock0)
Path Type : setup

Point                                                             Incr      Path
--------------------------------------------------------------------------------
clock $clk_buf_$ibuf_clock0 (rise edge)                          0.000     0.000
clock source latency                                             0.000     0.000
input external delay                                             0.000     0.000
$ibuf_b.inpad[0] (.input)                                        0.000     0.000
$abc$1018$abc$970$li0_li0.in[1] (.names)                         3.897     3.897
$abc$1018$abc$970$li0_li0.out[0] (.names)                        0.218     4.115
c_sub_out_reg[0].D[0] (dffre)                                    0.000     4.115
data arrival time                                                          4.115

clock $clk_buf_$ibuf_clock0 (rise edge)                          0.000     0.000
clock source latency                                             0.000     0.000
$clk_buf_$ibuf_clock0.inpad[0] (.input)                          0.000     0.000
c_sub_out_reg[0].C[0] (dffre)                                    0.894     0.894
clock uncertainty                                                0.000     0.894
cell setup time                                                 -0.032     0.863
data required time                                                         0.863
--------------------------------------------------------------------------------
data required time                                                         0.863
data arrival time                                                         -4.115
--------------------------------------------------------------------------------
slack (VIOLATED)                                                          -3.252


#Path 3
Startpoint: $ibuf_b.inpad[0] (.input clocked by $clk_buf_$ibuf_clock0)
Endpoint  : c_sub_out_reg[3].D[0] (dffre clocked by $clk_buf_$ibuf_clock0)
Path Type : setup

Point                                                             Incr      Path
--------------------------------------------------------------------------------
clock $clk_buf_$ibuf_clock0 (rise edge)                          0.000     0.000
clock source latency                                             0.000     0.000
input external delay                                             0.000     0.000
$ibuf_b.inpad[0] (.input)                                        0.000     0.000
$abc$1018$abc$970$li3_li3.in[3] (.names)                         3.897     3.897
$abc$1018$abc$970$li3_li3.out[0] (.names)                        0.218     4.115
c_sub_out_reg[3].D[0] (dffre)                                    0.000     4.115
data arrival time                                                          4.115

clock $clk_buf_$ibuf_clock0 (rise edge)                          0.000     0.000
clock source latency                                             0.000     0.000
$clk_buf_$ibuf_clock0.inpad[0] (.input)                          0.000     0.000
c_sub_out_reg[3].C[0] (dffre)                                    0.894     0.894
clock uncertainty                                                0.000     0.894
cell setup time                                                 -0.032     0.863
data required time                                                         0.863
--------------------------------------------------------------------------------
data required time                                                         0.863
data arrival time                                                         -4.115
--------------------------------------------------------------------------------
slack (VIOLATED)                                                          -3.252


#Path 4
Startpoint: $ibuf_b.inpad[0] (.input clocked by $clk_buf_$ibuf_clock0)
Endpoint  : c_sub_out_reg[2].D[0] (dffre clocked by $clk_buf_$ibuf_clock0)
Path Type : setup

Point                                                             Incr      Path
--------------------------------------------------------------------------------
clock $clk_buf_$ibuf_clock0 (rise edge)                          0.000     0.000
clock source latency                                             0.000     0.000
input external delay                                             0.000     0.000
$ibuf_b.inpad[0] (.input)                                        0.000     0.000
$abc$1018$abc$970$li2_li2.in[0] (.names)                         3.897     3.897
$abc$1018$abc$970$li2_li2.out[0] (.names)                        0.218     4.115
c_sub_out_reg[2].D[0] (dffre)                                    0.000     4.115
data arrival time                                                          4.115

clock $clk_buf_$ibuf_clock0 (rise edge)                          0.000     0.000
clock source latency                                             0.000     0.000
$clk_buf_$ibuf_clock0.inpad[0] (.input)                          0.000     0.000
c_sub_out_reg[2].C[0] (dffre)                                    0.894     0.894
clock uncertainty                                                0.000     0.894
cell setup time                                                 -0.032     0.863
data required time                                                         0.863
--------------------------------------------------------------------------------
data required time                                                         0.863
data arrival time                                                         -4.115
--------------------------------------------------------------------------------
slack (VIOLATED)                                                          -3.252


#Path 5
Startpoint: $ibuf_b.inpad[0] (.input clocked by $clk_buf_$ibuf_clock0)
Endpoint  : c_sub_out_reg[1].D[0] (dffre clocked by $clk_buf_$ibuf_clock0)
Path Type : setup

Point                                                             Incr      Path
--------------------------------------------------------------------------------
clock $clk_buf_$ibuf_clock0 (rise edge)                          0.000     0.000
clock source latency                                             0.000     0.000
input external delay                                             0.000     0.000
$ibuf_b.inpad[0] (.input)                                        0.000     0.000
$abc$1018$abc$970$li1_li1.in[1] (.names)                         3.897     3.897
$abc$1018$abc$970$li1_li1.out[0] (.names)                        0.218     4.115
c_sub_out_reg[1].D[0] (dffre)                                    0.000     4.115
data arrival time                                                          4.115

clock $clk_buf_$ibuf_clock0 (rise edge)                          0.000     0.000
clock source latency                                             0.000     0.000
$clk_buf_$ibuf_clock0.inpad[0] (.input)                          0.000     0.000
c_sub_out_reg[1].C[0] (dffre)                                    0.894     0.894
clock uncertainty                                                0.000     0.894
cell setup time                                                 -0.032     0.863
data required time                                                         0.863
--------------------------------------------------------------------------------
data required time                                                         0.863
data arrival time                                                         -4.115
--------------------------------------------------------------------------------
slack (VIOLATED)                                                          -3.252


#Path 6
Startpoint: $ibuf_b.inpad[0] (.input clocked by $clk_buf_$ibuf_clock0)
Endpoint  : c_sub_out_reg[5].D[0] (dffre clocked by $clk_buf_$ibuf_clock0)
Path Type : setup

Point                                                             Incr      Path
--------------------------------------------------------------------------------
clock $clk_buf_$ibuf_clock0 (rise edge)                          0.000     0.000
clock source latency                                             0.000     0.000
input external delay                                             0.000     0.000
$ibuf_b.inpad[0] (.input)                                        0.000     0.000
$abc$1018$abc$970$li5_li5.in[3] (.names)                         3.897     3.897
$abc$1018$abc$970$li5_li5.out[0] (.names)                        0.148     4.045
c_sub_out_reg[5].D[0] (dffre)                                    0.000     4.045
data arrival time                                                          4.045

clock $clk_buf_$ibuf_clock0 (rise edge)                          0.000     0.000
clock source latency                                             0.000     0.000
$clk_buf_$ibuf_clock0.inpad[0] (.input)                          0.000     0.000
c_sub_out_reg[5].C[0] (dffre)                                    0.894     0.894
clock uncertainty                                                0.000     0.894
cell setup time                                                 -0.032     0.863
data required time                                                         0.863
--------------------------------------------------------------------------------
data required time                                                         0.863
data arrival time                                                         -4.045
--------------------------------------------------------------------------------
slack (VIOLATED)                                                          -3.182


#Path 7
Startpoint: $ibuf_b.inpad[0] (.input clocked by $clk_buf_$ibuf_clock0)
Endpoint  : c_sub_out_reg[4].D[0] (dffre clocked by $clk_buf_$ibuf_clock0)
Path Type : setup

Point                                                             Incr      Path
--------------------------------------------------------------------------------
clock $clk_buf_$ibuf_clock0 (rise edge)                          0.000     0.000
clock source latency                                             0.000     0.000
input external delay                                             0.000     0.000
$ibuf_b.inpad[0] (.input)                                        0.000     0.000
$abc$1018$abc$970$li4_li4.in[0] (.names)                         3.897     3.897
$abc$1018$abc$970$li4_li4.out[0] (.names)                        0.148     4.045
c_sub_out_reg[4].D[0] (dffre)                                    0.000     4.045
data arrival time                                                          4.045

clock $clk_buf_$ibuf_clock0 (rise edge)                          0.000     0.000
clock source latency                                             0.000     0.000
$clk_buf_$ibuf_clock0.inpad[0] (.input)                          0.000     0.000
c_sub_out_reg[4].C[0] (dffre)                                    0.894     0.894
clock uncertainty                                                0.000     0.894
cell setup time                                                 -0.032     0.863
data required time                                                         0.863
--------------------------------------------------------------------------------
data required time                                                         0.863
data arrival time                                                         -4.045
--------------------------------------------------------------------------------
slack (VIOLATED)                                                          -3.182


#Path 8
Startpoint: $ibuf_b.inpad[0] (.input clocked by $clk_buf_$ibuf_clock0)
Endpoint  : c_sub_out_reg[7].D[0] (dffre clocked by $clk_buf_$ibuf_clock0)
Path Type : setup

Point                                                             Incr      Path
--------------------------------------------------------------------------------
clock $clk_buf_$ibuf_clock0 (rise edge)                          0.000     0.000
clock source latency                                             0.000     0.000
input external delay                                             0.000     0.000
$ibuf_b.inpad[0] (.input)                                        0.000     0.000
$abc$1018$abc$970$li7_li7.in[3] (.names)                         3.897     3.897
$abc$1018$abc$970$li7_li7.out[0] (.names)                        0.099     3.996
c_sub_out_reg[7].D[0] (dffre)                                    0.000     3.996
data arrival time                                                          3.996

clock $clk_buf_$ibuf_clock0 (rise edge)                          0.000     0.000
clock source latency                                             0.000     0.000
$clk_buf_$ibuf_clock0.inpad[0] (.input)                          0.000     0.000
c_sub_out_reg[7].C[0] (dffre)                                    0.894     0.894
clock uncertainty                                                0.000     0.894
cell setup time                                                 -0.032     0.863
data required time                                                         0.863
--------------------------------------------------------------------------------
data required time                                                         0.863
data arrival time                                                         -3.996
--------------------------------------------------------------------------------
slack (VIOLATED)                                                          -3.133


#Path 9
Startpoint: $ibuf_b.inpad[0] (.input clocked by $clk_buf_$ibuf_clock0)
Endpoint  : c_sub_out_reg[6].D[0] (dffre clocked by $clk_buf_$ibuf_clock0)
Path Type : setup

Point                                                             Incr      Path
--------------------------------------------------------------------------------
clock $clk_buf_$ibuf_clock0 (rise edge)                          0.000     0.000
clock source latency                                             0.000     0.000
input external delay                                             0.000     0.000
$ibuf_b.inpad[0] (.input)                                        0.000     0.000
$abc$1018$abc$970$li6_li6.in[3] (.names)                         3.897     3.897
$abc$1018$abc$970$li6_li6.out[0] (.names)                        0.099     3.996
c_sub_out_reg[6].D[0] (dffre)                                    0.000     3.996
data arrival time                                                          3.996

clock $clk_buf_$ibuf_clock0 (rise edge)                          0.000     0.000
clock source latency                                             0.000     0.000
$clk_buf_$ibuf_clock0.inpad[0] (.input)                          0.000     0.000
c_sub_out_reg[6].C[0] (dffre)                                    0.894     0.894
clock uncertainty                                                0.000     0.894
cell setup time                                                 -0.032     0.863
data required time                                                         0.863
--------------------------------------------------------------------------------
data required time                                                         0.863
data arrival time                                                         -3.996
--------------------------------------------------------------------------------
slack (VIOLATED)                                                          -3.133


#End of timing report
