/*******************************************************************************
Copyright (c) 2022-2024 Rapid Silicon
This source code contains proprietary information belonging to Rapid Silicon
(the "licensor") released under license and non-disclosure agreement to the
recipient (the "licensee").

The information shared and protected by the license and non-disclosure agreement
includes but is not limited to the following:
* operational algorithms of the product
* logos, graphics, source code, and visual presentation of the product
* confidential operational information of the licensor

The recipient of this source code is NOT permitted to publicly disclose,
re-use, archive beyond the period of the license agreement, transfer to a
sub-licensee, or re-implement any portion of the content covered by the license
and non-disclosure agreement without the prior written consent of the licensor.
*********************************************************************************/

Version  : 2024.11
Build    : 1.2.29
Hash     : 7d8208b
Date     : Nov 15 2024
Type     : Engineering
Log Time   : Fri Nov 15 12:16:48 2024 GMT
#Timing report of worst 9 path(s)
# Unit scale: 1e-09 seconds
# Output precision: 3

# Logical Levels: 0
# Timing Graph Levels: 8

#Path 1
Startpoint: $ibuf_id[1].inpad[0] (.input clocked by $clk_buf_$ibuf_clock0)
Endpoint  : c_sub_out_reg[0].D[0] (dffre clocked by $clk_buf_$ibuf_clock0)
Path Type : hold

Point                                                             Incr      Path
--------------------------------------------------------------------------------
clock $clk_buf_$ibuf_clock0 (rise edge)                          0.000     0.000
clock source latency                                             0.000     0.000
input external delay                                             0.000     0.000
$ibuf_id[1].inpad[0] (.input)                                    0.000     0.000
$abc$1018$abc$970$li0_li0.in[4] (.names)                         1.184     1.184
$abc$1018$abc$970$li0_li0.out[0] (.names)                        0.065     1.249
c_sub_out_reg[0].D[0] (dffre)                                    0.000     1.249
data arrival time                                                          1.249

clock $clk_buf_$ibuf_clock0 (rise edge)                          0.000     0.000
clock source latency                                             0.000     0.000
$clk_buf_$ibuf_clock0.inpad[0] (.input)                          0.000     0.000
c_sub_out_reg[0].C[0] (dffre)                                    0.779     0.779
clock uncertainty                                                0.000     0.779
cell hold time                                                  -0.028     0.751
data required time                                                         0.751
--------------------------------------------------------------------------------
data required time                                                        -0.751
data arrival time                                                          1.249
--------------------------------------------------------------------------------
slack (MET)                                                                0.498


#Path 2
Startpoint: $ibuf_id[1].inpad[0] (.input clocked by $clk_buf_$ibuf_clock0)
Endpoint  : c_sub_out_reg[3].D[0] (dffre clocked by $clk_buf_$ibuf_clock0)
Path Type : hold

Point                                                             Incr      Path
--------------------------------------------------------------------------------
clock $clk_buf_$ibuf_clock0 (rise edge)                          0.000     0.000
clock source latency                                             0.000     0.000
input external delay                                             0.000     0.000
$ibuf_id[1].inpad[0] (.input)                                    0.000     0.000
$abc$1018$abc$970$li3_li3.in[1] (.names)                         1.184     1.184
$abc$1018$abc$970$li3_li3.out[0] (.names)                        0.065     1.249
c_sub_out_reg[3].D[0] (dffre)                                    0.000     1.249
data arrival time                                                          1.249

clock $clk_buf_$ibuf_clock0 (rise edge)                          0.000     0.000
clock source latency                                             0.000     0.000
$clk_buf_$ibuf_clock0.inpad[0] (.input)                          0.000     0.000
c_sub_out_reg[3].C[0] (dffre)                                    0.779     0.779
clock uncertainty                                                0.000     0.779
cell hold time                                                  -0.028     0.751
data required time                                                         0.751
--------------------------------------------------------------------------------
data required time                                                        -0.751
data arrival time                                                          1.249
--------------------------------------------------------------------------------
slack (MET)                                                                0.498


#Path 3
Startpoint: $ibuf_id[1].inpad[0] (.input clocked by $clk_buf_$ibuf_clock0)
Endpoint  : c_sub_out_reg[2].D[0] (dffre clocked by $clk_buf_$ibuf_clock0)
Path Type : hold

Point                                                             Incr      Path
--------------------------------------------------------------------------------
clock $clk_buf_$ibuf_clock0 (rise edge)                          0.000     0.000
clock source latency                                             0.000     0.000
input external delay                                             0.000     0.000
$ibuf_id[1].inpad[0] (.input)                                    0.000     0.000
$abc$1018$abc$970$li2_li2.in[1] (.names)                         1.184     1.184
$abc$1018$abc$970$li2_li2.out[0] (.names)                        0.101     1.285
c_sub_out_reg[2].D[0] (dffre)                                    0.000     1.285
data arrival time                                                          1.285

clock $clk_buf_$ibuf_clock0 (rise edge)                          0.000     0.000
clock source latency                                             0.000     0.000
$clk_buf_$ibuf_clock0.inpad[0] (.input)                          0.000     0.000
c_sub_out_reg[2].C[0] (dffre)                                    0.779     0.779
clock uncertainty                                                0.000     0.779
cell hold time                                                  -0.028     0.751
data required time                                                         0.751
--------------------------------------------------------------------------------
data required time                                                        -0.751
data arrival time                                                          1.285
--------------------------------------------------------------------------------
slack (MET)                                                                0.534


#Path 4
Startpoint: $ibuf_id[1].inpad[0] (.input clocked by $clk_buf_$ibuf_clock0)
Endpoint  : c_sub_out_reg[1].D[0] (dffre clocked by $clk_buf_$ibuf_clock0)
Path Type : hold

Point                                                             Incr      Path
--------------------------------------------------------------------------------
clock $clk_buf_$ibuf_clock0 (rise edge)                          0.000     0.000
clock source latency                                             0.000     0.000
input external delay                                             0.000     0.000
$ibuf_id[1].inpad[0] (.input)                                    0.000     0.000
$abc$1018$abc$970$li1_li1.in[4] (.names)                         1.184     1.184
$abc$1018$abc$970$li1_li1.out[0] (.names)                        0.101     1.285
c_sub_out_reg[1].D[0] (dffre)                                    0.000     1.285
data arrival time                                                          1.285

clock $clk_buf_$ibuf_clock0 (rise edge)                          0.000     0.000
clock source latency                                             0.000     0.000
$clk_buf_$ibuf_clock0.inpad[0] (.input)                          0.000     0.000
c_sub_out_reg[1].C[0] (dffre)                                    0.779     0.779
clock uncertainty                                                0.000     0.779
cell hold time                                                  -0.028     0.751
data required time                                                         0.751
--------------------------------------------------------------------------------
data required time                                                        -0.751
data arrival time                                                          1.285
--------------------------------------------------------------------------------
slack (MET)                                                                0.534


#Path 5
Startpoint: $ibuf_id[1].inpad[0] (.input clocked by $clk_buf_$ibuf_clock0)
Endpoint  : c_sub_out_reg[7].D[0] (dffre clocked by $clk_buf_$ibuf_clock0)
Path Type : hold

Point                                                             Incr      Path
--------------------------------------------------------------------------------
clock $clk_buf_$ibuf_clock0 (rise edge)                          0.000     0.000
clock source latency                                             0.000     0.000
input external delay                                             0.000     0.000
$ibuf_id[1].inpad[0] (.input)                                    0.000     0.000
$abc$1018$abc$970$li7_li7.in[4] (.names)                         1.184     1.184
$abc$1018$abc$970$li7_li7.out[0] (.names)                        0.154     1.338
c_sub_out_reg[7].D[0] (dffre)                                    0.000     1.338
data arrival time                                                          1.338

clock $clk_buf_$ibuf_clock0 (rise edge)                          0.000     0.000
clock source latency                                             0.000     0.000
$clk_buf_$ibuf_clock0.inpad[0] (.input)                          0.000     0.000
c_sub_out_reg[7].C[0] (dffre)                                    0.779     0.779
clock uncertainty                                                0.000     0.779
cell hold time                                                  -0.028     0.751
data required time                                                         0.751
--------------------------------------------------------------------------------
data required time                                                        -0.751
data arrival time                                                          1.338
--------------------------------------------------------------------------------
slack (MET)                                                                0.588


#Path 6
Startpoint: $ibuf_id[1].inpad[0] (.input clocked by $clk_buf_$ibuf_clock0)
Endpoint  : c_sub_out_reg[6].D[0] (dffre clocked by $clk_buf_$ibuf_clock0)
Path Type : hold

Point                                                             Incr      Path
--------------------------------------------------------------------------------
clock $clk_buf_$ibuf_clock0 (rise edge)                          0.000     0.000
clock source latency                                             0.000     0.000
input external delay                                             0.000     0.000
$ibuf_id[1].inpad[0] (.input)                                    0.000     0.000
$abc$1018$abc$970$li6_li6.in[0] (.names)                         1.184     1.184
$abc$1018$abc$970$li6_li6.out[0] (.names)                        0.154     1.338
c_sub_out_reg[6].D[0] (dffre)                                    0.000     1.338
data arrival time                                                          1.338

clock $clk_buf_$ibuf_clock0 (rise edge)                          0.000     0.000
clock source latency                                             0.000     0.000
$clk_buf_$ibuf_clock0.inpad[0] (.input)                          0.000     0.000
c_sub_out_reg[6].C[0] (dffre)                                    0.779     0.779
clock uncertainty                                                0.000     0.779
cell hold time                                                  -0.028     0.751
data required time                                                         0.751
--------------------------------------------------------------------------------
data required time                                                        -0.751
data arrival time                                                          1.338
--------------------------------------------------------------------------------
slack (MET)                                                                0.588


#Path 7
Startpoint: $ibuf_id[1].inpad[0] (.input clocked by $clk_buf_$ibuf_clock0)
Endpoint  : c_sub_out_reg[5].D[0] (dffre clocked by $clk_buf_$ibuf_clock0)
Path Type : hold

Point                                                             Incr      Path
--------------------------------------------------------------------------------
clock $clk_buf_$ibuf_clock0 (rise edge)                          0.000     0.000
clock source latency                                             0.000     0.000
input external delay                                             0.000     0.000
$ibuf_id[1].inpad[0] (.input)                                    0.000     0.000
$abc$1018$abc$970$li5_li5.in[4] (.names)                         1.184     1.184
$abc$1018$abc$970$li5_li5.out[0] (.names)                        0.154     1.338
c_sub_out_reg[5].D[0] (dffre)                                    0.000     1.338
data arrival time                                                          1.338

clock $clk_buf_$ibuf_clock0 (rise edge)                          0.000     0.000
clock source latency                                             0.000     0.000
$clk_buf_$ibuf_clock0.inpad[0] (.input)                          0.000     0.000
c_sub_out_reg[5].C[0] (dffre)                                    0.779     0.779
clock uncertainty                                                0.000     0.779
cell hold time                                                  -0.028     0.751
data required time                                                         0.751
--------------------------------------------------------------------------------
data required time                                                        -0.751
data arrival time                                                          1.338
--------------------------------------------------------------------------------
slack (MET)                                                                0.588


#Path 8
Startpoint: $ibuf_id[1].inpad[0] (.input clocked by $clk_buf_$ibuf_clock0)
Endpoint  : c_sub_out_reg[4].D[0] (dffre clocked by $clk_buf_$ibuf_clock0)
Path Type : hold

Point                                                             Incr      Path
--------------------------------------------------------------------------------
clock $clk_buf_$ibuf_clock0 (rise edge)                          0.000     0.000
clock source latency                                             0.000     0.000
input external delay                                             0.000     0.000
$ibuf_id[1].inpad[0] (.input)                                    0.000     0.000
$abc$1018$abc$970$li4_li4.in[4] (.names)                         1.184     1.184
$abc$1018$abc$970$li4_li4.out[0] (.names)                        0.154     1.338
c_sub_out_reg[4].D[0] (dffre)                                    0.000     1.338
data arrival time                                                          1.338

clock $clk_buf_$ibuf_clock0 (rise edge)                          0.000     0.000
clock source latency                                             0.000     0.000
$clk_buf_$ibuf_clock0.inpad[0] (.input)                          0.000     0.000
c_sub_out_reg[4].C[0] (dffre)                                    0.779     0.779
clock uncertainty                                                0.000     0.779
cell hold time                                                  -0.028     0.751
data required time                                                         0.751
--------------------------------------------------------------------------------
data required time                                                        -0.751
data arrival time                                                          1.338
--------------------------------------------------------------------------------
slack (MET)                                                                0.588


#Path 9
Startpoint: c_sub_out_reg[5].Q[0] (dffre clocked by $clk_buf_$ibuf_clock0)
Endpoint  : out:$f2g_tx_out_$obuf_c.outpad[0] (.output clocked by $clk_buf_$ibuf_clock0)
Path Type : hold

Point                                                              Incr      Path
---------------------------------------------------------------------------------
clock $clk_buf_$ibuf_clock0 (rise edge)                           0.000     0.000
clock source latency                                              0.000     0.000
$clk_buf_$ibuf_clock0.inpad[0] (.input)                           0.000     0.000
c_sub_out_reg[5].C[0] (dffre)                                     0.779     0.779
c_sub_out_reg[5].Q[0] (dffre) [clock-to-output]                   0.029     0.808
$abc$1686$new_new_n26__.in[5] (.names)                            0.066     0.874
$abc$1686$new_new_n26__.out[0] (.names)                           0.076     0.951
$f2g_tx_out_$obuf_c.in[1] (.names)                                0.066     1.017
$f2g_tx_out_$obuf_c.out[0] (.names)                               0.065     1.082
out:$f2g_tx_out_$obuf_c.outpad[0] (.output)                       1.872     2.955
data arrival time                                                           2.955

clock $clk_buf_$ibuf_clock0 (rise edge)                           0.000     0.000
clock source latency                                              0.000     0.000
clock uncertainty                                                 0.000     0.000
output external delay                                             0.000     0.000
data required time                                                          0.000
---------------------------------------------------------------------------------
data required time                                                         -0.000
data arrival time                                                           2.955
---------------------------------------------------------------------------------
slack (MET)                                                                 2.955


#End of timing report
