/nfs_scratch/scratch/CompilerValidation/zaheer_ahmad/os_fpga2/Validation/RTL_testcases/RTL_Benchmarks_Gap_Analysis/lpif/results_dir/lpif/run_1/synth_1_1/synthesis/slpp_all/lib/work/rtl/level_delay.sv
/nfs_scratch/scratch/CompilerValidation/zaheer_ahmad/os_fpga2/Validation/RTL_testcases/RTL_Benchmarks_Gap_Analysis/lpif/results_dir/lpif/run_1/synth_1_1/synthesis/slpp_all/lib/work/rtl/levelsync.sv
/nfs_scratch/scratch/CompilerValidation/zaheer_ahmad/os_fpga2/Validation/RTL_testcases/RTL_Benchmarks_Gap_Analysis/lpif/results_dir/lpif/run_1/synth_1_1/synthesis/slpp_all/lib/work/rtl/ll_auto_sync.sv
/nfs_scratch/scratch/CompilerValidation/zaheer_ahmad/os_fpga2/Validation/RTL_testcases/RTL_Benchmarks_Gap_Analysis/lpif/results_dir/lpif/run_1/synth_1_1/synthesis/slpp_all/lib/work/rtl/lpif_ctl.sv
/nfs_scratch/scratch/CompilerValidation/zaheer_ahmad/os_fpga2/Validation/RTL_testcases/RTL_Benchmarks_Gap_Analysis/lpif/results_dir/lpif/run_1/synth_1_1/synthesis/slpp_all/lib/work/rtl/lpif_lpbk.sv
/nfs_scratch/scratch/CompilerValidation/zaheer_ahmad/os_fpga2/Validation/RTL_testcases/RTL_Benchmarks_Gap_Analysis/lpif/results_dir/lpif/run_1/synth_1_1/synthesis/slpp_all/lib/work/rtl/lpif_lsm.sv
/nfs_scratch/scratch/CompilerValidation/zaheer_ahmad/os_fpga2/Validation/RTL_testcases/RTL_Benchmarks_Gap_Analysis/lpif/results_dir/lpif/run_1/synth_1_1/synthesis/slpp_all/lib/work/rtl/lpif_pipeline.sv
/nfs_scratch/scratch/CompilerValidation/zaheer_ahmad/os_fpga2/Validation/RTL_testcases/RTL_Benchmarks_Gap_Analysis/lpif/results_dir/lpif/run_1/synth_1_1/synthesis/slpp_all/lib/work/rtl/lpif_prot_neg.sv
/nfs_scratch/scratch/CompilerValidation/zaheer_ahmad/os_fpga2/Validation/RTL_testcases/RTL_Benchmarks_Gap_Analysis/lpif/results_dir/lpif/run_1/synth_1_1/synthesis/slpp_all/lib/work/rtl/lpif_txrx.sv
/nfs_scratch/scratch/CompilerValidation/zaheer_ahmad/os_fpga2/Validation/RTL_testcases/RTL_Benchmarks_Gap_Analysis/lpif/results_dir/lpif/run_1/synth_1_1/synthesis/slpp_all/lib/work/rtl/lpif_txrx_x16_asym2_full_master_concat.sv
/nfs_scratch/scratch/CompilerValidation/zaheer_ahmad/os_fpga2/Validation/RTL_testcases/RTL_Benchmarks_Gap_Analysis/lpif/results_dir/lpif/run_1/synth_1_1/synthesis/slpp_all/lib/work/rtl/lpif_txrx_x16_asym2_full_master_name.sv
/nfs_scratch/scratch/CompilerValidation/zaheer_ahmad/os_fpga2/Validation/RTL_testcases/RTL_Benchmarks_Gap_Analysis/lpif/results_dir/lpif/run_1/synth_1_1/synthesis/slpp_all/lib/work/rtl/lpif_txrx_x16_asym2_full_master_top.sv
/nfs_scratch/scratch/CompilerValidation/zaheer_ahmad/os_fpga2/Validation/RTL_testcases/RTL_Benchmarks_Gap_Analysis/lpif/results_dir/lpif/run_1/synth_1_1/synthesis/slpp_all/lib/work/rtl/marker_gen.sv
/nfs_scratch/scratch/CompilerValidation/zaheer_ahmad/os_fpga2/Validation/RTL_testcases/RTL_Benchmarks_Gap_Analysis/lpif/results_dir/lpif/run_1/synth_1_1/synthesis/slpp_all/lib/work/rtl/strobe_gen.sv
/nfs_scratch/scratch/CompilerValidation/zaheer_ahmad/os_fpga2/Validation/RTL_testcases/RTL_Benchmarks_Gap_Analysis/lpif/results_dir/lpif/run_1/synth_1_1/synthesis/slpp_all/lib/work/rtl/strobe_gen_w_delay.sv
/nfs_scratch/scratch/CompilerValidation/zaheer_ahmad/os_fpga2/Validation/RTL_testcases/RTL_Benchmarks_Gap_Analysis/lpif/results_dir/lpif/run_1/synth_1_1/synthesis/slpp_all/lib/work/rtl/syncfifo_reg.sv
/nfs_scratch/scratch/CompilerValidation/zaheer_ahmad/os_fpga2/Validation/RTL_testcases/RTL_Benchmarks_Gap_Analysis/lpif/results_dir/lpif/run_1/synth_1_1/synthesis/slpp_all/lib/work/rtl/lpif.sv
