/*******************************************************************************
Copyright (c) 2022-2024 Rapid Silicon
This source code contains proprietary information belonging to Rapid Silicon
(the "licensor") released under license and non-disclosure agreement to the
recipient (the "licensee").

The information shared and protected by the license and non-disclosure agreement
includes but is not limited to the following:
* operational algorithms of the product
* logos, graphics, source code, and visual presentation of the product
* confidential operational information of the licensor

The recipient of this source code is NOT permitted to publicly disclose,
re-use, archive beyond the period of the license agreement, transfer to a
sub-licensee, or re-implement any portion of the content covered by the license
and non-disclosure agreement without the prior written consent of the licensor.
*********************************************************************************/

Version  : 2024.10
Build    : 1.2.24
Hash     : efcef41
Date     : Oct 31 2024
Type     : Engineering
Log Time   : Thu Oct 31 19:08:02 2024 GMT

 /----------------------------------------------------------------------------\
 |  yosys -- Yosys Open SYnthesis Suite                                       |
 |  Copyright (C) 2012 - 2024  Claire Xenia Wolf <claire@yosyshq.com>         |
 |  Distributed under an ISC-like license, type "license" to see terms        |
 \----------------------------------------------------------------------------/

 Yosys 0.44 (git sha1 86a09ee26, g++ 11.2.1 -fPIC -O3)

-- Executing script file `pw_extract.ys' --

1. Executing Verilog-2005 frontend: /nfs_scratch/scratch/CompilerValidation/zaheer_ahmad/os-fpga/Validation/RTL_testcases/titan_benchmarks/bitonic_mesh/bitonic_mesh/run_1/synth_1_1/synthesis/bitonic_mesh_post_synth.v
Parsing Verilog input from `/nfs_scratch/scratch/CompilerValidation/zaheer_ahmad/os-fpga/Validation/RTL_testcases/titan_benchmarks/bitonic_mesh/bitonic_mesh/run_1/synth_1_1/synthesis/bitonic_mesh_post_synth.v' to AST representation.
Generating RTLIL representation for module `\system100'.
Successfully finished Verilog frontend.

2. Executing power extraction pass: v0.4.196

2.1. Executing Verilog-2005 frontend: /nfs_eda_sw/softwares/Raptor/instl_dir/10_31_2024_09_15_01/bin/../share/yosys/rapidsilicon/common/cells_sim.v
Parsing Verilog input from `/nfs_eda_sw/softwares/Raptor/instl_dir/10_31_2024_09_15_01/bin/../share/yosys/rapidsilicon/common/cells_sim.v' to AST representation.
Generating RTLIL representation for module `\inv'.
Generating RTLIL representation for module `\buff'.
Generating RTLIL representation for module `\logic_0'.
Generating RTLIL representation for module `\logic_1'.
Generating RTLIL representation for module `\gclkbuff'.
Successfully finished Verilog frontend.

2.2. Executing Verilog-2005 frontend: /nfs_eda_sw/softwares/Raptor/instl_dir/10_31_2024_09_15_01/bin/../share/yosys/rapidsilicon/genesis3/FPGA_PRIMITIVES_MODELS/sim_models/verilog/CARRY.v
Parsing Verilog input from `/nfs_eda_sw/softwares/Raptor/instl_dir/10_31_2024_09_15_01/bin/../share/yosys/rapidsilicon/genesis3/FPGA_PRIMITIVES_MODELS/sim_models/verilog/CARRY.v' to AST representation.
Generating RTLIL representation for module `\CARRY'.
Successfully finished Verilog frontend.

2.3. Executing Verilog-2005 frontend: /nfs_eda_sw/softwares/Raptor/instl_dir/10_31_2024_09_15_01/bin/../share/yosys/rapidsilicon/genesis3/llatches_sim.v
Parsing Verilog input from `/nfs_eda_sw/softwares/Raptor/instl_dir/10_31_2024_09_15_01/bin/../share/yosys/rapidsilicon/genesis3/llatches_sim.v' to AST representation.
Generating RTLIL representation for module `\LATCH'.
Generating RTLIL representation for module `\LATCHN'.
Generating RTLIL representation for module `\LATCHR'.
Generating RTLIL representation for module `\LATCHS'.
Generating RTLIL representation for module `\LATCHNR'.
Generating RTLIL representation for module `\LATCHNS'.
Generating RTLIL representation for module `\LATCHSRE'.
Generating RTLIL representation for module `\LATCHNSRE'.
Successfully finished Verilog frontend.

2.4. Executing Verilog-2005 frontend: /nfs_eda_sw/softwares/Raptor/instl_dir/10_31_2024_09_15_01/bin/../share/yosys/rapidsilicon/genesis3/FPGA_PRIMITIVES_MODELS/sim_models/verilog/DFFRE.v
Parsing Verilog input from `/nfs_eda_sw/softwares/Raptor/instl_dir/10_31_2024_09_15_01/bin/../share/yosys/rapidsilicon/genesis3/FPGA_PRIMITIVES_MODELS/sim_models/verilog/DFFRE.v' to AST representation.
Generating RTLIL representation for module `\DFFRE'.
Successfully finished Verilog frontend.

2.5. Executing Verilog-2005 frontend: /nfs_eda_sw/softwares/Raptor/instl_dir/10_31_2024_09_15_01/bin/../share/yosys/rapidsilicon/genesis3/FPGA_PRIMITIVES_MODELS/sim_models/verilog/DFFNRE.v
Parsing Verilog input from `/nfs_eda_sw/softwares/Raptor/instl_dir/10_31_2024_09_15_01/bin/../share/yosys/rapidsilicon/genesis3/FPGA_PRIMITIVES_MODELS/sim_models/verilog/DFFNRE.v' to AST representation.
Generating RTLIL representation for module `\DFFNRE'.
Successfully finished Verilog frontend.

2.6. Executing Verilog-2005 frontend: /nfs_eda_sw/softwares/Raptor/instl_dir/10_31_2024_09_15_01/bin/../share/yosys/rapidsilicon/genesis3/FPGA_PRIMITIVES_MODELS/sim_models/verilog/LUT1.v
Parsing Verilog input from `/nfs_eda_sw/softwares/Raptor/instl_dir/10_31_2024_09_15_01/bin/../share/yosys/rapidsilicon/genesis3/FPGA_PRIMITIVES_MODELS/sim_models/verilog/LUT1.v' to AST representation.
Generating RTLIL representation for module `\LUT1'.
Successfully finished Verilog frontend.

2.7. Executing Verilog-2005 frontend: /nfs_eda_sw/softwares/Raptor/instl_dir/10_31_2024_09_15_01/bin/../share/yosys/rapidsilicon/genesis3/FPGA_PRIMITIVES_MODELS/sim_models/verilog/LUT2.v
Parsing Verilog input from `/nfs_eda_sw/softwares/Raptor/instl_dir/10_31_2024_09_15_01/bin/../share/yosys/rapidsilicon/genesis3/FPGA_PRIMITIVES_MODELS/sim_models/verilog/LUT2.v' to AST representation.
Generating RTLIL representation for module `\LUT2'.
Successfully finished Verilog frontend.

2.8. Executing Verilog-2005 frontend: /nfs_eda_sw/softwares/Raptor/instl_dir/10_31_2024_09_15_01/bin/../share/yosys/rapidsilicon/genesis3/FPGA_PRIMITIVES_MODELS/sim_models/verilog/LUT3.v
Parsing Verilog input from `/nfs_eda_sw/softwares/Raptor/instl_dir/10_31_2024_09_15_01/bin/../share/yosys/rapidsilicon/genesis3/FPGA_PRIMITIVES_MODELS/sim_models/verilog/LUT3.v' to AST representation.
Generating RTLIL representation for module `\LUT3'.
Successfully finished Verilog frontend.

2.9. Executing Verilog-2005 frontend: /nfs_eda_sw/softwares/Raptor/instl_dir/10_31_2024_09_15_01/bin/../share/yosys/rapidsilicon/genesis3/FPGA_PRIMITIVES_MODELS/sim_models/verilog/LUT4.v
Parsing Verilog input from `/nfs_eda_sw/softwares/Raptor/instl_dir/10_31_2024_09_15_01/bin/../share/yosys/rapidsilicon/genesis3/FPGA_PRIMITIVES_MODELS/sim_models/verilog/LUT4.v' to AST representation.
Generating RTLIL representation for module `\LUT4'.
Successfully finished Verilog frontend.

2.10. Executing Verilog-2005 frontend: /nfs_eda_sw/softwares/Raptor/instl_dir/10_31_2024_09_15_01/bin/../share/yosys/rapidsilicon/genesis3/FPGA_PRIMITIVES_MODELS/sim_models/verilog/LUT5.v
Parsing Verilog input from `/nfs_eda_sw/softwares/Raptor/instl_dir/10_31_2024_09_15_01/bin/../share/yosys/rapidsilicon/genesis3/FPGA_PRIMITIVES_MODELS/sim_models/verilog/LUT5.v' to AST representation.
Generating RTLIL representation for module `\LUT5'.
Successfully finished Verilog frontend.

2.11. Executing Verilog-2005 frontend: /nfs_eda_sw/softwares/Raptor/instl_dir/10_31_2024_09_15_01/bin/../share/yosys/rapidsilicon/genesis3/FPGA_PRIMITIVES_MODELS/sim_models/verilog/LUT6.v
Parsing Verilog input from `/nfs_eda_sw/softwares/Raptor/instl_dir/10_31_2024_09_15_01/bin/../share/yosys/rapidsilicon/genesis3/FPGA_PRIMITIVES_MODELS/sim_models/verilog/LUT6.v' to AST representation.
Generating RTLIL representation for module `\LUT6'.
Successfully finished Verilog frontend.

2.12. Executing Verilog-2005 frontend: /nfs_eda_sw/softwares/Raptor/instl_dir/10_31_2024_09_15_01/bin/../share/yosys/rapidsilicon/genesis3/FPGA_PRIMITIVES_MODELS/sim_models/verilog/CLK_BUF.v
Parsing Verilog input from `/nfs_eda_sw/softwares/Raptor/instl_dir/10_31_2024_09_15_01/bin/../share/yosys/rapidsilicon/genesis3/FPGA_PRIMITIVES_MODELS/sim_models/verilog/CLK_BUF.v' to AST representation.
Generating RTLIL representation for module `\CLK_BUF'.
Successfully finished Verilog frontend.

2.13. Executing Verilog-2005 frontend: /nfs_eda_sw/softwares/Raptor/instl_dir/10_31_2024_09_15_01/bin/../share/yosys/rapidsilicon/genesis3/FPGA_PRIMITIVES_MODELS/sim_models/verilog/O_BUF.v
Parsing Verilog input from `/nfs_eda_sw/softwares/Raptor/instl_dir/10_31_2024_09_15_01/bin/../share/yosys/rapidsilicon/genesis3/FPGA_PRIMITIVES_MODELS/sim_models/verilog/O_BUF.v' to AST representation.
Generating RTLIL representation for module `\O_BUF'.
Successfully finished Verilog frontend.

2.14. Executing Verilog-2005 frontend: /nfs_eda_sw/softwares/Raptor/instl_dir/10_31_2024_09_15_01/bin/../share/yosys/rapidsilicon/genesis3/FPGA_PRIMITIVES_MODELS/sim_models/verilog/DSP38.v
Parsing Verilog input from `/nfs_eda_sw/softwares/Raptor/instl_dir/10_31_2024_09_15_01/bin/../share/yosys/rapidsilicon/genesis3/FPGA_PRIMITIVES_MODELS/sim_models/verilog/DSP38.v' to AST representation.
Generating RTLIL representation for module `\DSP38'.
Successfully finished Verilog frontend.

2.15. Executing Verilog-2005 frontend: /nfs_eda_sw/softwares/Raptor/instl_dir/10_31_2024_09_15_01/bin/../share/yosys/rapidsilicon/genesis3/bram_map_rs.v
Parsing Verilog input from `/nfs_eda_sw/softwares/Raptor/instl_dir/10_31_2024_09_15_01/bin/../share/yosys/rapidsilicon/genesis3/bram_map_rs.v' to AST representation.
Generating RTLIL representation for module `\TDP_RAM36K'.
Generating RTLIL representation for module `\TDP_RAM18KX2'.
Generating RTLIL representation for module `\RS_DSP3'.
Generating RTLIL representation for module `\DSP19X2'.
Successfully finished Verilog frontend.

2.16. Executing Verilog-2005 frontend: /nfs_eda_sw/softwares/Raptor/instl_dir/10_31_2024_09_15_01/bin/../share/yosys/rapidsilicon/genesis3/brams_sim.v
Parsing Verilog input from `/nfs_eda_sw/softwares/Raptor/instl_dir/10_31_2024_09_15_01/bin/../share/yosys/rapidsilicon/genesis3/brams_sim.v' to AST representation.
Generating RTLIL representation for module `\TDP_BRAM18'.
Generating RTLIL representation for module `\BRAM2x18_TDP'.
Generating RTLIL representation for module `\BRAM2x18_SDP'.
Generating RTLIL representation for module `\_$_mem_v2_asymmetric'.
Successfully finished Verilog frontend.
Split bus into bits ...

2.17. Executing SPLITNETS pass (splitting up multi-bit signals).
      [ Splitnet runTime = 1.76 sec.]

Building Sig2cells ...  [1.78 sec.]
Building Sig2sig ...    [0.00 sec.]
Forward traversal ...   [2.08 sec.]
Backward traversal ...  [2.34 sec.]
Merging clk domains ... [0.40 sec.]

 -------------------------------------------------
  Number of cells processed    : 195622
  Number of Multi Clocks cells : 0
  Extracted clocks[Nb cells]   : \$clk_buf_$ibuf_clk[195494] 
  Number of cells with no clock: 128
 -------------------------------------------------
[Total clock domains extraction runTime = 9.24 sec.]
All Clocks:
	Clock Name: create_clock Period 2.500000
LUTs: 185553
	Enabled : 84709 : \clk : 0.125 : Very_High
	Enabled : 23447 : \clk : 0.125 : High
	Enabled : 77397 : \clk : 0.125 : Typical
DFFs: 163002
	Enabled 163002 \clk 0.125 Typical 0.530895
BRAM's : 200
	36k SDP : \clk \clk : 36 36 : 1.000000 0.000000 : 0.000000 0.500000 : 200
DSP's : 100
	DSP38 : \clk : 0 15 : 1
	DSP38 : \clk : 1 15 : 1
	DSP38 : \clk : 1 18 : 1
	DSP38 : \clk : 3 15 : 2
	DSP38 : \clk : 3 18 : 1
	DSP38 : \clk : 7 15 : 1
	DSP38 : \clk : 7 18 : 1
	DSP38 : \clk : 13 0 : 1
	DSP38 : \clk : 13 8 : 1
	DSP38 : \clk : 13 14 : 1
	DSP38 : \clk : 13 15 : 96
	DSP38 : \clk : 13 18 : 95
	DSP38 : \clk : 20 8 : 1
	DSP38 : \clk : 20 14 : 1
	DSP38 : \clk : 20 15 : 96
	DSP38 : \clk : 20 18 : 100
IOs: 9
	1 \clk Input Clock  \clk
	1 \resetn Input SDR  \clk
	8 \processor_select Input SDR  \clk
	14 \boot_iaddr Input SDR  \clk
	32 \boot_idata Input SDR  \clk

INFO: PWR: Created /nfs_scratch/scratch/CompilerValidation/zaheer_ahmad/os-fpga/Validation/RTL_testcases/titan_benchmarks/bitonic_mesh/bitonic_mesh/run_1/synth_1_1/impl_1_1_1/power_analysis/power.csv

Time taken by power data extraction tool = 33.797556s

End of script. Logfile hash: 2b41e4dae5, CPU: user 129.42s system 6.28s, MEM: 7183.00 MB peak
Yosys 0.44 (git sha1 86a09ee26, g++ 11.2.1 -fPIC -O3)
Time spent: 75% 19x read_verilog (101 sec), 23% 1x pow_extract (31 sec), ...
