/*******************************************************************************
Copyright (c) 2022-2024 Rapid Silicon
This source code contains proprietary information belonging to Rapid Silicon
(the "licensor") released under license and non-disclosure agreement to the
recipient (the "licensee").

The information shared and protected by the license and non-disclosure agreement
includes but is not limited to the following:
* operational algorithms of the product
* logos, graphics, source code, and visual presentation of the product
* confidential operational information of the licensor

The recipient of this source code is NOT permitted to publicly disclose,
re-use, archive beyond the period of the license agreement, transfer to a
sub-licensee, or re-implement any portion of the content covered by the license
and non-disclosure agreement without the prior written consent of the licensor.
*********************************************************************************/

Version  : 2024.11
Build    : 1.2.29
Hash     : 7d8208b
Date     : Nov 15 2024
Type     : Engineering
Log Time   : Fri Nov 15 13:16:18 2024 GMT
/*******************************************************************************
Copyright (c) 2022-2024 Rapid Silicon
This source code contains proprietary information belonging to Rapid Silicon
(the "licensor") released under license and non-disclosure agreement to the
recipient (the "licensee").

The information shared and protected by the license and non-disclosure agreement
includes but is not limited to the following:
* operational algorithms of the product
* logos, graphics, source code, and visual presentation of the product
* confidential operational information of the licensor

The recipient of this source code is NOT permitted to publicly disclose,
re-use, archive beyond the period of the license agreement, transfer to a
sub-licensee, or re-implement any portion of the content covered by the license
and non-disclosure agreement without the prior written consent of the licensor.
*********************************************************************************/

Version  : 2024.11
Build    : 1.2.29
Hash     : 7d8208b
Date     : Nov 15 2024
Type     : Engineering
Log Time   : Fri Nov 15 12:12:50 2024 GMT
#Timing report of worst 9 path(s)
# Unit scale: 1e-09 seconds
# Output precision: 3

# Logical Levels: 0
# Timing Graph Levels: 8

#Path 1
Startpoint: c_sub_out_reg[2].Q[0] (dffre at (59,25) clocked by clock0)
Endpoint  : out:c.outpad[0] (.output at (62,3) clocked by clock0)
Path Type : setup

Point                                                                        Incr      Path
-------------------------------------------------------------------------------------------
clock clock0 (rise edge)                                     0.000     0.000
clock source latency                                                        0.000     0.000
clock0.inpad[0] (.input at (38,44))                          0.000     0.000
| (intra 'io' routing)                                                      0.894     0.894
| (inter-block routing)                                                     0.000     0.894
| (intra 'clb' routing)                                                     0.000     0.894
c_sub_out_reg[2].C[0] (dffre at (59,25))                                    0.000     0.894
| (primitive 'dffre' Tcq_max)                                               0.154     1.048
c_sub_out_reg[2].Q[0] (dffre at (59,25)) [clock-to-output]                  0.000     1.048
| (intra 'clb' routing)                                                     0.000     1.048
| (inter-block routing)                                                     0.162     1.210
| (intra 'clb' routing)                                                     0.085     1.295
$abc$1686$new_new_n25__.in[3] (.names at (59,25))                          -0.000     1.295
| (primitive '.names' combinational delay)                                  0.152     1.447
$abc$1686$new_new_n25__.out[0] (.names at (59,25))                          0.000     1.447
| (intra 'clb' routing)                                                     0.000     1.447
| (inter-block routing)                                                     0.162     1.608
| (intra 'clb' routing)                                                     0.085     1.694
c.in[2] (.names at (59,25))                              -0.000     1.694
| (primitive '.names' combinational delay)                                  0.148     1.841
c.out[0] (.names at (59,25))                              0.000     1.841
| (intra 'clb' routing)                                                     0.000     1.841
| (inter-block routing)                                                     1.113     2.954
| (intra 'io' routing)                                                      0.733     3.687
out:c.outpad[0] (.output at (62,3))                       0.000     3.687
data arrival time                                                                     3.687

clock clock0 (rise edge)                                     0.000     0.000
clock source latency                                                        0.000     0.000
clock uncertainty                                                           0.000     0.000
output external delay                                                       0.000     0.000
data required time                                                                    0.000
-------------------------------------------------------------------------------------------
data required time                                                                    0.000
data arrival time                                                                    -3.687
-------------------------------------------------------------------------------------------
slack (VIOLATED)                                                                     -3.687


#Path 2
Startpoint: b.inpad[0] (.input at (1,11) clocked by clock0)
Endpoint  : c_sub_out_reg[0].D[0] (dffre at (59,25) clocked by clock0)
Path Type : setup

Point                                                                       Incr      Path
------------------------------------------------------------------------------------------
clock clock0 (rise edge)                                    0.000     0.000
clock source latency                                                       0.000     0.000
input external delay                                                       0.000     0.000
b.inpad[0] (.input at (1,11))                                        0.000     0.000
| (intra 'io' routing)                                                     0.894     0.894
| (inter-block routing)                                                    2.717     3.611
| (intra 'clb' routing)                                                    0.085     3.696
$abc$1018$abc$970$li0_li0.in[1] (.names at (59,25))                        0.000     3.696
| (primitive '.names' combinational delay)                                 0.218     3.914
$abc$1018$abc$970$li0_li0.out[0] (.names at (59,25))                       0.000     3.914
| (intra 'clb' routing)                                                    0.000     3.914
c_sub_out_reg[0].D[0] (dffre at (59,25))                                   0.000     3.914
data arrival time                                                                    3.914

clock clock0 (rise edge)                                    0.000     0.000
clock source latency                                                       0.000     0.000
clock0.inpad[0] (.input at (38,44))                         0.000     0.000
| (intra 'io' routing)                                                     0.894     0.894
| (inter-block routing)                                                    0.000     0.894
| (intra 'clb' routing)                                                    0.000     0.894
c_sub_out_reg[0].C[0] (dffre at (59,25))                                   0.000     0.894
clock uncertainty                                                          0.000     0.894
cell setup time                                                           -0.032     0.863
data required time                                                                   0.863
------------------------------------------------------------------------------------------
data required time                                                                   0.863
data arrival time                                                                   -3.914
------------------------------------------------------------------------------------------
slack (VIOLATED)                                                                    -3.051


#Path 3
Startpoint: b.inpad[0] (.input at (1,11) clocked by clock0)
Endpoint  : c_sub_out_reg[3].D[0] (dffre at (59,25) clocked by clock0)
Path Type : setup

Point                                                                       Incr      Path
------------------------------------------------------------------------------------------
clock clock0 (rise edge)                                    0.000     0.000
clock source latency                                                       0.000     0.000
input external delay                                                       0.000     0.000
b.inpad[0] (.input at (1,11))                                        0.000     0.000
| (intra 'io' routing)                                                     0.894     0.894
| (inter-block routing)                                                    2.717     3.611
| (intra 'clb' routing)                                                    0.085     3.696
$abc$1018$abc$970$li3_li3.in[3] (.names at (59,25))                        0.000     3.696
| (primitive '.names' combinational delay)                                 0.218     3.914
$abc$1018$abc$970$li3_li3.out[0] (.names at (59,25))                       0.000     3.914
| (intra 'clb' routing)                                                    0.000     3.914
c_sub_out_reg[3].D[0] (dffre at (59,25))                                   0.000     3.914
data arrival time                                                                    3.914

clock clock0 (rise edge)                                    0.000     0.000
clock source latency                                                       0.000     0.000
clock0.inpad[0] (.input at (38,44))                         0.000     0.000
| (intra 'io' routing)                                                     0.894     0.894
| (inter-block routing)                                                    0.000     0.894
| (intra 'clb' routing)                                                    0.000     0.894
c_sub_out_reg[3].C[0] (dffre at (59,25))                                   0.000     0.894
clock uncertainty                                                          0.000     0.894
cell setup time                                                           -0.032     0.863
data required time                                                                   0.863
------------------------------------------------------------------------------------------
data required time                                                                   0.863
data arrival time                                                                   -3.914
------------------------------------------------------------------------------------------
slack (VIOLATED)                                                                    -3.051


#Path 4
Startpoint: b.inpad[0] (.input at (1,11) clocked by clock0)
Endpoint  : c_sub_out_reg[2].D[0] (dffre at (59,25) clocked by clock0)
Path Type : setup

Point                                                                       Incr      Path
------------------------------------------------------------------------------------------
clock clock0 (rise edge)                                    0.000     0.000
clock source latency                                                       0.000     0.000
input external delay                                                       0.000     0.000
b.inpad[0] (.input at (1,11))                                        0.000     0.000
| (intra 'io' routing)                                                     0.894     0.894
| (inter-block routing)                                                    2.717     3.611
| (intra 'clb' routing)                                                    0.085     3.696
$abc$1018$abc$970$li2_li2.in[0] (.names at (59,25))                        0.000     3.696
| (primitive '.names' combinational delay)                                 0.218     3.914
$abc$1018$abc$970$li2_li2.out[0] (.names at (59,25))                       0.000     3.914
| (intra 'clb' routing)                                                    0.000     3.914
c_sub_out_reg[2].D[0] (dffre at (59,25))                                   0.000     3.914
data arrival time                                                                    3.914

clock clock0 (rise edge)                                    0.000     0.000
clock source latency                                                       0.000     0.000
clock0.inpad[0] (.input at (38,44))                         0.000     0.000
| (intra 'io' routing)                                                     0.894     0.894
| (inter-block routing)                                                    0.000     0.894
| (intra 'clb' routing)                                                    0.000     0.894
c_sub_out_reg[2].C[0] (dffre at (59,25))                                   0.000     0.894
clock uncertainty                                                          0.000     0.894
cell setup time                                                           -0.032     0.863
data required time                                                                   0.863
------------------------------------------------------------------------------------------
data required time                                                                   0.863
data arrival time                                                                   -3.914
------------------------------------------------------------------------------------------
slack (VIOLATED)                                                                    -3.051


#Path 5
Startpoint: b.inpad[0] (.input at (1,11) clocked by clock0)
Endpoint  : c_sub_out_reg[1].D[0] (dffre at (59,25) clocked by clock0)
Path Type : setup

Point                                                                       Incr      Path
------------------------------------------------------------------------------------------
clock clock0 (rise edge)                                    0.000     0.000
clock source latency                                                       0.000     0.000
input external delay                                                       0.000     0.000
b.inpad[0] (.input at (1,11))                                        0.000     0.000
| (intra 'io' routing)                                                     0.894     0.894
| (inter-block routing)                                                    2.717     3.611
| (intra 'clb' routing)                                                    0.085     3.696
$abc$1018$abc$970$li1_li1.in[1] (.names at (59,25))                        0.000     3.696
| (primitive '.names' combinational delay)                                 0.218     3.914
$abc$1018$abc$970$li1_li1.out[0] (.names at (59,25))                       0.000     3.914
| (intra 'clb' routing)                                                    0.000     3.914
c_sub_out_reg[1].D[0] (dffre at (59,25))                                   0.000     3.914
data arrival time                                                                    3.914

clock clock0 (rise edge)                                    0.000     0.000
clock source latency                                                       0.000     0.000
clock0.inpad[0] (.input at (38,44))                         0.000     0.000
| (intra 'io' routing)                                                     0.894     0.894
| (inter-block routing)                                                    0.000     0.894
| (intra 'clb' routing)                                                    0.000     0.894
c_sub_out_reg[1].C[0] (dffre at (59,25))                                   0.000     0.894
clock uncertainty                                                          0.000     0.894
cell setup time                                                           -0.032     0.863
data required time                                                                   0.863
------------------------------------------------------------------------------------------
data required time                                                                   0.863
data arrival time                                                                   -3.914
------------------------------------------------------------------------------------------
slack (VIOLATED)                                                                    -3.051


#Path 6
Startpoint: b.inpad[0] (.input at (1,11) clocked by clock0)
Endpoint  : c_sub_out_reg[5].D[0] (dffre at (59,25) clocked by clock0)
Path Type : setup

Point                                                                       Incr      Path
------------------------------------------------------------------------------------------
clock clock0 (rise edge)                                    0.000     0.000
clock source latency                                                       0.000     0.000
input external delay                                                       0.000     0.000
b.inpad[0] (.input at (1,11))                                        0.000     0.000
| (intra 'io' routing)                                                     0.894     0.894
| (inter-block routing)                                                    2.717     3.611
| (intra 'clb' routing)                                                    0.085     3.696
$abc$1018$abc$970$li5_li5.in[3] (.names at (59,25))                        0.000     3.696
| (primitive '.names' combinational delay)                                 0.148     3.844
$abc$1018$abc$970$li5_li5.out[0] (.names at (59,25))                       0.000     3.844
| (intra 'clb' routing)                                                    0.000     3.844
c_sub_out_reg[5].D[0] (dffre at (59,25))                                   0.000     3.844
data arrival time                                                                    3.844

clock clock0 (rise edge)                                    0.000     0.000
clock source latency                                                       0.000     0.000
clock0.inpad[0] (.input at (38,44))                         0.000     0.000
| (intra 'io' routing)                                                     0.894     0.894
| (inter-block routing)                                                    0.000     0.894
| (intra 'clb' routing)                                                    0.000     0.894
c_sub_out_reg[5].C[0] (dffre at (59,25))                                   0.000     0.894
clock uncertainty                                                          0.000     0.894
cell setup time                                                           -0.032     0.863
data required time                                                                   0.863
------------------------------------------------------------------------------------------
data required time                                                                   0.863
data arrival time                                                                   -3.844
------------------------------------------------------------------------------------------
slack (VIOLATED)                                                                    -2.981


#Path 7
Startpoint: b.inpad[0] (.input at (1,11) clocked by clock0)
Endpoint  : c_sub_out_reg[4].D[0] (dffre at (59,25) clocked by clock0)
Path Type : setup

Point                                                                       Incr      Path
------------------------------------------------------------------------------------------
clock clock0 (rise edge)                                    0.000     0.000
clock source latency                                                       0.000     0.000
input external delay                                                       0.000     0.000
b.inpad[0] (.input at (1,11))                                        0.000     0.000
| (intra 'io' routing)                                                     0.894     0.894
| (inter-block routing)                                                    2.717     3.611
| (intra 'clb' routing)                                                    0.085     3.696
$abc$1018$abc$970$li4_li4.in[0] (.names at (59,25))                        0.000     3.696
| (primitive '.names' combinational delay)                                 0.148     3.844
$abc$1018$abc$970$li4_li4.out[0] (.names at (59,25))                       0.000     3.844
| (intra 'clb' routing)                                                    0.000     3.844
c_sub_out_reg[4].D[0] (dffre at (59,25))                                   0.000     3.844
data arrival time                                                                    3.844

clock clock0 (rise edge)                                    0.000     0.000
clock source latency                                                       0.000     0.000
clock0.inpad[0] (.input at (38,44))                         0.000     0.000
| (intra 'io' routing)                                                     0.894     0.894
| (inter-block routing)                                                    0.000     0.894
| (intra 'clb' routing)                                                    0.000     0.894
c_sub_out_reg[4].C[0] (dffre at (59,25))                                   0.000     0.894
clock uncertainty                                                          0.000     0.894
cell setup time                                                           -0.032     0.863
data required time                                                                   0.863
------------------------------------------------------------------------------------------
data required time                                                                   0.863
data arrival time                                                                   -3.844
------------------------------------------------------------------------------------------
slack (VIOLATED)                                                                    -2.981


#Path 8
Startpoint: b.inpad[0] (.input at (1,11) clocked by clock0)
Endpoint  : c_sub_out_reg[7].D[0] (dffre at (59,25) clocked by clock0)
Path Type : setup

Point                                                                       Incr      Path
------------------------------------------------------------------------------------------
clock clock0 (rise edge)                                    0.000     0.000
clock source latency                                                       0.000     0.000
input external delay                                                       0.000     0.000
b.inpad[0] (.input at (1,11))                                        0.000     0.000
| (intra 'io' routing)                                                     0.894     0.894
| (inter-block routing)                                                    2.717     3.611
| (intra 'clb' routing)                                                    0.085     3.696
$abc$1018$abc$970$li7_li7.in[3] (.names at (59,25))                        0.000     3.696
| (primitive '.names' combinational delay)                                 0.099     3.795
$abc$1018$abc$970$li7_li7.out[0] (.names at (59,25))                       0.000     3.795
| (intra 'clb' routing)                                                    0.000     3.795
c_sub_out_reg[7].D[0] (dffre at (59,25))                                   0.000     3.795
data arrival time                                                                    3.795

clock clock0 (rise edge)                                    0.000     0.000
clock source latency                                                       0.000     0.000
clock0.inpad[0] (.input at (38,44))                         0.000     0.000
| (intra 'io' routing)                                                     0.894     0.894
| (inter-block routing)                                                    0.000     0.894
| (intra 'clb' routing)                                                    0.000     0.894
c_sub_out_reg[7].C[0] (dffre at (59,25))                                   0.000     0.894
clock uncertainty                                                          0.000     0.894
cell setup time                                                           -0.032     0.863
data required time                                                                   0.863
------------------------------------------------------------------------------------------
data required time                                                                   0.863
data arrival time                                                                   -3.795
------------------------------------------------------------------------------------------
slack (VIOLATED)                                                                    -2.932


#Path 9
Startpoint: b.inpad[0] (.input at (1,11) clocked by clock0)
Endpoint  : c_sub_out_reg[6].D[0] (dffre at (59,25) clocked by clock0)
Path Type : setup

Point                                                                       Incr      Path
------------------------------------------------------------------------------------------
clock clock0 (rise edge)                                    0.000     0.000
clock source latency                                                       0.000     0.000
input external delay                                                       0.000     0.000
b.inpad[0] (.input at (1,11))                                        0.000     0.000
| (intra 'io' routing)                                                     0.894     0.894
| (inter-block routing)                                                    2.717     3.611
| (intra 'clb' routing)                                                    0.085     3.696
$abc$1018$abc$970$li6_li6.in[3] (.names at (59,25))                        0.000     3.696
| (primitive '.names' combinational delay)                                 0.099     3.795
$abc$1018$abc$970$li6_li6.out[0] (.names at (59,25))                       0.000     3.795
| (intra 'clb' routing)                                                    0.000     3.795
c_sub_out_reg[6].D[0] (dffre at (59,25))                                   0.000     3.795
data arrival time                                                                    3.795

clock clock0 (rise edge)                                    0.000     0.000
clock source latency                                                       0.000     0.000
clock0.inpad[0] (.input at (38,44))                         0.000     0.000
| (intra 'io' routing)                                                     0.894     0.894
| (inter-block routing)                                                    0.000     0.894
| (intra 'clb' routing)                                                    0.000     0.894
c_sub_out_reg[6].C[0] (dffre at (59,25))                                   0.000     0.894
clock uncertainty                                                          0.000     0.894
cell setup time                                                           -0.032     0.863
data required time                                                                   0.863
------------------------------------------------------------------------------------------
data required time                                                                   0.863
data arrival time                                                                   -3.795
------------------------------------------------------------------------------------------
slack (VIOLATED)                                                                    -2.932


#End of timing report
