	 pln0363
	 compiled:  Nov 15 2024  10:18:49

    pin_c
Flags :
Params :
	--assign_unconstrained_pins	in_define_order
	--blif	/nfs_scratch/scratch/CompilerValidation/abdul_hameed/Validation/RTL_testcases/io_constraint_testcases/and2/results_dir/and2/run_1/synth_1_1/synthesis/fabric_and2_post_synth.eblif
	--clk_map	and2.temp_file_clkmap
	--csv	/nfs_eda_sw/softwares/Raptor/instl_dir/11_15_2024_09_15_02/share/raptor/etc/devices/gemini_compact_62x44/Virgo_Pin_Table.csv
	--edits	/nfs_scratch/scratch/CompilerValidation/abdul_hameed/Validation/RTL_testcases/io_constraint_testcases/and2/results_dir/and2/run_1/synth_1_1/synthesis/config.json
	--output	and2_pin_loc.place
	--pcf	and2_openfpga.pcf
	--read_repack	/nfs_eda_sw/softwares/Raptor/instl_dir/11_15_2024_09_15_02/share/raptor/etc/devices/gemini_compact_62x44/fpga_repack_constraints.xml
	--write_repack	and2_repack_constraints.xml

********************************


********************************


  === pin_c options ===
        xml_name (--xml) : 
        csv_name (--csv) : /nfs_eda_sw/softwares/Raptor/instl_dir/11_15_2024_09_15_02/share/raptor/etc/devices/gemini_compact_62x44/Virgo_Pin_Table.csv
       user_pcf_ (--pcf) : and2_openfpga.pcf
      blif_name (--blif) : /nfs_scratch/scratch/CompilerValidation/abdul_hameed/Validation/RTL_testcases/io_constraint_testcases/and2/results_dir/and2/run_1/synth_1_1/synthesis/fabric_and2_post_synth.eblif
 json_name (--port_info) : 
    edits_file (--edits) : /nfs_scratch/scratch/CompilerValidation/abdul_hameed/Validation/RTL_testcases/io_constraint_testcases/and2/results_dir/and2/run_1/synth_1_1/synthesis/config.json
    output_name (--output) : and2_pin_loc.place
	 assign_method= in_define_order

... reading /nfs_scratch/scratch/CompilerValidation/abdul_hameed/Validation/RTL_testcases/io_constraint_testcases/and2/results_dir/and2/run_1/synth_1_1/synthesis/fabric_and2_post_synth.eblif

____ BEGIN pinc_check_blif:  /nfs_scratch/scratch/CompilerValidation/abdul_hameed/Validation/RTL_testcases/io_constraint_testcases/and2/results_dir/and2/run_1/synth_1_1/synthesis/fabric_and2_post_synth.eblif

  (blif_file)  #inputs= 6  #outputs= 8  topModel= fabric_and2

>>>>> checking BLIF /nfs_scratch/scratch/CompilerValidation/abdul_hameed/Validation/RTL_testcases/io_constraint_testcases/and2/results_dir/and2/run_1/synth_1_1/synthesis/fabric_and2_post_synth.eblif  ...


=====  passed: YES
-----    topModel: fabric_and2
-----        file: /nfs_scratch/scratch/CompilerValidation/abdul_hameed/Validation/RTL_testcases/io_constraint_testcases/and2/results_dir/and2/run_1/synth_1_1/synthesis/fabric_and2_post_synth.eblif
-----     #inputs= 6
-----    #outputs= 8
-----
-----   #ALL_LUTs= 11
-----       #LUT1= 0
-----       #LUT2= 0
-----       #LUT3= 1
-----       #LUT4= 0
-----       #LUT5= 8
-----       #LUT6= 2
-----    #FFs= 8
-----
-----     #I_BUFs= 0   #I_FABs= 0
-----     #O_BUFs= 0   #O_FABs= 0
-----   #CLK_BUFs= 0
-----
-----     #I_SERDES= 0
-----       #DSP19X= 0
-----        #DSP38= 0
-----   #TDP_RAM36K= 0
----- #TDP_RAM18KX2= 0
-----        #CARRY= 0
-----        #WIREs= 7
-----
-----    PinGraph: fabric_and2__PinGraph.dot
=====    has warnings: NO
=====  passed: YES

=====  BLIF is OK.

           pinc_check_blif STATUS = PASS

------ END pinc_check_blif:  /nfs_scratch/scratch/CompilerValidation/abdul_hameed/Validation/RTL_testcases/io_constraint_testcases/and2/results_dir/and2/run_1/synth_1_1/synthesis/fabric_and2_post_synth.eblif

  (blif_file)   #inputs= 6  #outputs= 8  topModel= fabric_and2

pin_c: finished read_blif().  #inputs= 6  #outputs= 8

DONE read_design_ports()  #udes_inputs= 6  #udes_outputs= 8


read_PT_CSV() __ Reading csv
  cvs_name= /nfs_eda_sw/softwares/Raptor/instl_dir/11_15_2024_09_15_02/share/raptor/etc/devices/gemini_compact_62x44/Virgo_Pin_Table.csv
pin_c CsvReader::read_csv( /nfs_eda_sw/softwares/Raptor/instl_dir/11_15_2024_09_15_02/share/raptor/etc/devices/gemini_compact_62x44/Virgo_Pin_Table.csv )  num_udes_pins= 14
pin_c CSV:  #rows= 5310   #colums= 76
  #RX_cols= 17  #TX_cols= 17  #GPIO_cols= 1

initRows:  num_rows= 5310  num_cols= 76  start_GBOX_GPIO_row_= 367


	  ***  pin_c  read_PT_CSV  SUCCEEDED  ***


	  has_edits_ : /nfs_scratch/scratch/CompilerValidation/abdul_hameed/Validation/RTL_testcases/io_constraint_testcases/and2/results_dir/and2/run_1/synth_1_1/synthesis/config.json

pin_c: reading .pcf from and2_openfpga.pcf

PcfReader::read_pcf_file( and2_openfpga.pcf )
pin_c PCF:  num_pcf_commands= 13  num_internal_pins= 13

	  ***  pin_c  read_PCF  SUCCEEDED  ***
translatePinNames() @ (finalize_edits)

DONE translatePinNames() @ (finalize_edits)
     number of translated pins = 0  (inp:0 out:0)
PCF command translation:  #input translations= 0  #output translations= 0
total number of translated PCF commands = 0

pin_c: writing .place output file: and2_pin_loc.place

written 13 pins to and2_pin_loc.place
  min_pt_row= 402  max_pt_row= 2754
pin_c:  write_clocks_logical_to_physical()..
pin_c:  current directory= /nfs_scratch/scratch/CompilerValidation/abdul_hameed/Validation/RTL_testcases/io_constraint_testcases/and2/results_dir/and2/run_1/synth_1_1/impl_1_1_1/placement

clock mapping:  # user-design clocks = 1  # device clocks = 1pin_c:  written OK: and2_repack_constraints.xml
full path: /nfs_scratch/scratch/CompilerValidation/abdul_hameed/Validation/RTL_testcases/io_constraint_testcases/and2/results_dir/and2/run_1/synth_1_1/impl_1_1_1/placement/and2_repack_constraints.xml
input was: /nfs_eda_sw/softwares/Raptor/instl_dir/11_15_2024_09_15_02/share/raptor/etc/devices/gemini_compact_62x44/fpga_repack_constraints.xml
pin_c:  removed clock-map file: and2.temp_file_clkmap
PinPlacer::map_clocks() returns OK

pin_c done:  read_and_write() succeeded.  map_clk_status= 1

======== pin_c stats:
 --> got 6 inputs and 8 outputs

 ---- inputs(6): ---- 
  I  $clk_buf_$ibuf_clock0   trans-->  $clk_buf_$ibuf_clock0 
  I  $ibuf_a   trans-->  $ibuf_a   placed at (1 25 _22)  device: HR_2_0_0P  pt_row: 1150  Fullchip_N: g2f_rx_in[0]_A
  I  $ibuf_b   trans-->  $ibuf_b   placed at (1 11 _22)  device: HR_1_16_8P  pt_row: 678  Fullchip_N: g2f_rx_in[0]_A
  I  $ibuf_id[0]   trans-->  $ibuf_id[0]   placed at (62 25 _22)  device: HR_5_0_0P  pt_row: 2670  Fullchip_N: g2f_rx_in[0]_A
  I  $ibuf_id[1]   trans-->  $ibuf_id[1]   placed at (62 26 _22)  device: HR_5_2_1P  pt_row: 2706  Fullchip_N: g2f_rx_in[0]_A
  I  $ibuf_id[2]   trans-->  $ibuf_id[2]   placed at (62 27 _22)  device: HR_5_4_2P  pt_row: 2742  Fullchip_N: g2f_rx_in[0]_A

 ---- outputs(8): ---- 
  O  $auto_1716   trans-->  $auto_1716   placed at (1 25 _68)  device: HR_2_0_0P  pt_row: 1164  Fullchip_N: f2g_in_en_A
  O  $auto_1717   trans-->  $auto_1717   placed at (1 11 _68)  device: HR_1_16_8P  pt_row: 692  Fullchip_N: f2g_in_en_A
  O  $auto_1718   trans-->  $auto_1718   placed at (1 3 _68)  device: HR_1_0_0P  pt_row: 404  Fullchip_N: f2g_in_en_A
  O  $auto_1719   trans-->  $auto_1719   placed at (62 25 _68)  device: HR_5_0_0P  pt_row: 2684  Fullchip_N: f2g_in_en_A
  O  $auto_1720   trans-->  $auto_1720   placed at (62 26 _68)  device: HR_5_2_1P  pt_row: 2720  Fullchip_N: f2g_in_en_A
  O  $auto_1721   trans-->  $auto_1721   placed at (62 27 _68)  device: HR_5_4_2P  pt_row: 2756  Fullchip_N: f2g_in_en_A
  O  $auto_1722   trans-->  $auto_1722   placed at (62 3 _67)  device: HR_3_0_0P  pt_row: 1925  Fullchip_N: f2g_tx_oe_A
  O  $f2g_tx_out_$obuf_c   trans-->  $f2g_tx_out_$obuf_c   placed at (62 3 _65)  device: HR_3_0_0P  pt_row: 1927  Fullchip_N: f2g_tx_out[0]_A

 <----- pin_c got 6 inputs and 8 outputs
 <-- pin_c placed 5 inputs and 8 outputs
  min_pt_row= 404  max_pt_row= 2756

ROW-RECORD stats ( numRows= 5310 )
              No_dir : 710
           Input_dir : 1992
          Output_dir : 1320
         HasBoth_dir : 840
      AllEnabled_dir : 448
        #AXI = 0
       #GPIO = 50
  #GBOX_GPIO = 4880
   #inp_colm A2F = 1815
   #out_colm F2A = 3395
======== end pin_c stats.

======== pin_c summary:
   Pin Table csv :  /nfs_eda_sw/softwares/Raptor/instl_dir/11_15_2024_09_15_02/share/raptor/etc/devices/gemini_compact_62x44/Virgo_Pin_Table.csv
       BLIF file :  /nfs_scratch/scratch/CompilerValidation/abdul_hameed/Validation/RTL_testcases/io_constraint_testcases/and2/results_dir/and2/run_1/synth_1_1/synthesis/fabric_and2_post_synth.eblif
        total design inputs: 6   placed design inputs: 5
       total design outputs: 8   placed design outputs: 8
     pin_c output :  and2_pin_loc.place
     auto-PCF : FALSE
     user-PCF : and2_openfpga.pcf
     has edits (config.json) : /nfs_scratch/scratch/CompilerValidation/abdul_hameed/Validation/RTL_testcases/io_constraint_testcases/and2/results_dir/and2/run_1/synth_1_1/synthesis/config.json
     number of translated pins = 0  (input: 0  output: 0)
                clk_map_file : and2.temp_file_clkmap
           check BLIF status : PASS
  pinc_trace verbosity= 3
======== end pin_c summary.

deal_pinc() succeeded.

