/*******************************************************************************
Copyright (c) 2022-2024 Rapid Silicon
This source code contains proprietary information belonging to Rapid Silicon
(the "licensor") released under license and non-disclosure agreement to the
recipient (the "licensee").

The information shared and protected by the license and non-disclosure agreement
includes but is not limited to the following:
* operational algorithms of the product
* logos, graphics, source code, and visual presentation of the product
* confidential operational information of the licensor

The recipient of this source code is NOT permitted to publicly disclose,
re-use, archive beyond the period of the license agreement, transfer to a
sub-licensee, or re-implement any portion of the content covered by the license
and non-disclosure agreement without the prior written consent of the licensor.
*********************************************************************************/

Version  : 2024.11
Build    : 1.2.29
Hash     : 7d8208b
Date     : Nov 15 2024
Type     : Engineering
Log Time   : Fri Nov 15 13:16:18 2024 GMT
/*******************************************************************************
Copyright (c) 2022-2024 Rapid Silicon
This source code contains proprietary information belonging to Rapid Silicon
(the "licensor") released under license and non-disclosure agreement to the
recipient (the "licensee").

The information shared and protected by the license and non-disclosure agreement
includes but is not limited to the following:
* operational algorithms of the product
* logos, graphics, source code, and visual presentation of the product
* confidential operational information of the licensor

The recipient of this source code is NOT permitted to publicly disclose,
re-use, archive beyond the period of the license agreement, transfer to a
sub-licensee, or re-implement any portion of the content covered by the license
and non-disclosure agreement without the prior written consent of the licensor.
*********************************************************************************/

Version  : 2024.11
Build    : 1.2.29
Hash     : 7d8208b
Date     : Nov 15 2024
Type     : Engineering
Log Time   : Fri Nov 15 12:13:34 2024 GMT
#Timing report of worst 9 path(s)
# Unit scale: 1e-09 seconds
# Output precision: 3

# Logical Levels: 0
# Timing Graph Levels: 8

#Path 1
Startpoint: id[1].inpad[0] (.input at (62,26) clocked by clock0)
Endpoint  : c_sub_out_reg[0].D[0] (dffre at (59,25) clocked by clock0)
Path Type : hold

Point                                                                       Incr      Path
------------------------------------------------------------------------------------------
clock clock0 (rise edge)                                    0.000     0.000
clock source latency                                                       0.000     0.000
input external delay                                                       0.000     0.000
id[1].inpad[0] (.input at (62,26))                                   0.000     0.000
| (intra 'io' routing)                                                     0.779     0.779
| (OPIN:562736 side: (RIGHT,) (62,26,0))                                   0.000     0.779
| (CHANY:1364249 L4 length:4 (62,26,0-> (62,23,0))                         0.119     0.898
| (CHANX:1104717 L4 length:4 (62,25,0-> (59,25,0))                         0.119     1.017
| (IPIN:542252 side: (TOP,) (59,25,0))                                     0.101     1.118
| (intra 'clb' routing)                                                    0.066     1.184
$abc$1018$abc$970$li0_li0.in[4] (.names at (59,25))                        0.000     1.184
| (primitive '.names' combinational delay)                                 0.065     1.249
$abc$1018$abc$970$li0_li0.out[0] (.names at (59,25))                       0.000     1.249
| (intra 'clb' routing)                                                    0.000     1.249
c_sub_out_reg[0].D[0] (dffre at (59,25))                                   0.000     1.249
data arrival time                                                                    1.249

clock clock0 (rise edge)                                    0.000     0.000
clock source latency                                                       0.000     0.000
clock0.inpad[0] (.input at (38,44))                         0.000     0.000
| (intra 'io' routing)                                                     0.779     0.779
| (inter-block routing:global net)                                         0.000     0.779
| (intra 'clb' routing)                                                    0.000     0.779
c_sub_out_reg[0].C[0] (dffre at (59,25))                                   0.000     0.779
clock uncertainty                                                          0.000     0.779
cell hold time                                                            -0.028     0.751
data required time                                                                   0.751
------------------------------------------------------------------------------------------
data required time                                                                  -0.751
data arrival time                                                                    1.249
------------------------------------------------------------------------------------------
slack (MET)                                                                          0.498


#Path 2
Startpoint: id[1].inpad[0] (.input at (62,26) clocked by clock0)
Endpoint  : c_sub_out_reg[3].D[0] (dffre at (59,25) clocked by clock0)
Path Type : hold

Point                                                                       Incr      Path
------------------------------------------------------------------------------------------
clock clock0 (rise edge)                                    0.000     0.000
clock source latency                                                       0.000     0.000
input external delay                                                       0.000     0.000
id[1].inpad[0] (.input at (62,26))                                   0.000     0.000
| (intra 'io' routing)                                                     0.779     0.779
| (OPIN:562736 side: (RIGHT,) (62,26,0))                                   0.000     0.779
| (CHANY:1364249 L4 length:4 (62,26,0-> (62,23,0))                         0.119     0.898
| (CHANX:1104717 L4 length:4 (62,25,0-> (59,25,0))                         0.119     1.017
| (IPIN:542252 side: (TOP,) (59,25,0))                                     0.101     1.118
| (intra 'clb' routing)                                                    0.066     1.184
$abc$1018$abc$970$li3_li3.in[1] (.names at (59,25))                        0.000     1.184
| (primitive '.names' combinational delay)                                 0.065     1.249
$abc$1018$abc$970$li3_li3.out[0] (.names at (59,25))                       0.000     1.249
| (intra 'clb' routing)                                                    0.000     1.249
c_sub_out_reg[3].D[0] (dffre at (59,25))                                   0.000     1.249
data arrival time                                                                    1.249

clock clock0 (rise edge)                                    0.000     0.000
clock source latency                                                       0.000     0.000
clock0.inpad[0] (.input at (38,44))                         0.000     0.000
| (intra 'io' routing)                                                     0.779     0.779
| (inter-block routing:global net)                                         0.000     0.779
| (intra 'clb' routing)                                                    0.000     0.779
c_sub_out_reg[3].C[0] (dffre at (59,25))                                   0.000     0.779
clock uncertainty                                                          0.000     0.779
cell hold time                                                            -0.028     0.751
data required time                                                                   0.751
------------------------------------------------------------------------------------------
data required time                                                                  -0.751
data arrival time                                                                    1.249
------------------------------------------------------------------------------------------
slack (MET)                                                                          0.498


#Path 3
Startpoint: id[1].inpad[0] (.input at (62,26) clocked by clock0)
Endpoint  : c_sub_out_reg[2].D[0] (dffre at (59,25) clocked by clock0)
Path Type : hold

Point                                                                       Incr      Path
------------------------------------------------------------------------------------------
clock clock0 (rise edge)                                    0.000     0.000
clock source latency                                                       0.000     0.000
input external delay                                                       0.000     0.000
id[1].inpad[0] (.input at (62,26))                                   0.000     0.000
| (intra 'io' routing)                                                     0.779     0.779
| (OPIN:562736 side: (RIGHT,) (62,26,0))                                   0.000     0.779
| (CHANY:1364249 L4 length:4 (62,26,0-> (62,23,0))                         0.119     0.898
| (CHANX:1104717 L4 length:4 (62,25,0-> (59,25,0))                         0.119     1.017
| (IPIN:542252 side: (TOP,) (59,25,0))                                     0.101     1.118
| (intra 'clb' routing)                                                    0.066     1.184
$abc$1018$abc$970$li2_li2.in[1] (.names at (59,25))                        0.000     1.184
| (primitive '.names' combinational delay)                                 0.101     1.285
$abc$1018$abc$970$li2_li2.out[0] (.names at (59,25))                       0.000     1.285
| (intra 'clb' routing)                                                    0.000     1.285
c_sub_out_reg[2].D[0] (dffre at (59,25))                                   0.000     1.285
data arrival time                                                                    1.285

clock clock0 (rise edge)                                    0.000     0.000
clock source latency                                                       0.000     0.000
clock0.inpad[0] (.input at (38,44))                         0.000     0.000
| (intra 'io' routing)                                                     0.779     0.779
| (inter-block routing:global net)                                         0.000     0.779
| (intra 'clb' routing)                                                    0.000     0.779
c_sub_out_reg[2].C[0] (dffre at (59,25))                                   0.000     0.779
clock uncertainty                                                          0.000     0.779
cell hold time                                                            -0.028     0.751
data required time                                                                   0.751
------------------------------------------------------------------------------------------
data required time                                                                  -0.751
data arrival time                                                                    1.285
------------------------------------------------------------------------------------------
slack (MET)                                                                          0.534


#Path 4
Startpoint: id[1].inpad[0] (.input at (62,26) clocked by clock0)
Endpoint  : c_sub_out_reg[1].D[0] (dffre at (59,25) clocked by clock0)
Path Type : hold

Point                                                                       Incr      Path
------------------------------------------------------------------------------------------
clock clock0 (rise edge)                                    0.000     0.000
clock source latency                                                       0.000     0.000
input external delay                                                       0.000     0.000
id[1].inpad[0] (.input at (62,26))                                   0.000     0.000
| (intra 'io' routing)                                                     0.779     0.779
| (OPIN:562736 side: (RIGHT,) (62,26,0))                                   0.000     0.779
| (CHANY:1364249 L4 length:4 (62,26,0-> (62,23,0))                         0.119     0.898
| (CHANX:1104717 L4 length:4 (62,25,0-> (59,25,0))                         0.119     1.017
| (IPIN:542252 side: (TOP,) (59,25,0))                                     0.101     1.118
| (intra 'clb' routing)                                                    0.066     1.184
$abc$1018$abc$970$li1_li1.in[4] (.names at (59,25))                        0.000     1.184
| (primitive '.names' combinational delay)                                 0.101     1.285
$abc$1018$abc$970$li1_li1.out[0] (.names at (59,25))                       0.000     1.285
| (intra 'clb' routing)                                                    0.000     1.285
c_sub_out_reg[1].D[0] (dffre at (59,25))                                   0.000     1.285
data arrival time                                                                    1.285

clock clock0 (rise edge)                                    0.000     0.000
clock source latency                                                       0.000     0.000
clock0.inpad[0] (.input at (38,44))                         0.000     0.000
| (intra 'io' routing)                                                     0.779     0.779
| (inter-block routing:global net)                                         0.000     0.779
| (intra 'clb' routing)                                                    0.000     0.779
c_sub_out_reg[1].C[0] (dffre at (59,25))                                   0.000     0.779
clock uncertainty                                                          0.000     0.779
cell hold time                                                            -0.028     0.751
data required time                                                                   0.751
------------------------------------------------------------------------------------------
data required time                                                                  -0.751
data arrival time                                                                    1.285
------------------------------------------------------------------------------------------
slack (MET)                                                                          0.534


#Path 5
Startpoint: id[1].inpad[0] (.input at (62,26) clocked by clock0)
Endpoint  : c_sub_out_reg[7].D[0] (dffre at (59,25) clocked by clock0)
Path Type : hold

Point                                                                       Incr      Path
------------------------------------------------------------------------------------------
clock clock0 (rise edge)                                    0.000     0.000
clock source latency                                                       0.000     0.000
input external delay                                                       0.000     0.000
id[1].inpad[0] (.input at (62,26))                                   0.000     0.000
| (intra 'io' routing)                                                     0.779     0.779
| (OPIN:562736 side: (RIGHT,) (62,26,0))                                   0.000     0.779
| (CHANY:1364249 L4 length:4 (62,26,0-> (62,23,0))                         0.119     0.898
| (CHANX:1104717 L4 length:4 (62,25,0-> (59,25,0))                         0.119     1.017
| (IPIN:542252 side: (TOP,) (59,25,0))                                     0.101     1.118
| (intra 'clb' routing)                                                    0.066     1.184
$abc$1018$abc$970$li7_li7.in[4] (.names at (59,25))                        0.000     1.184
| (primitive '.names' combinational delay)                                 0.154     1.338
$abc$1018$abc$970$li7_li7.out[0] (.names at (59,25))                       0.000     1.338
| (intra 'clb' routing)                                                    0.000     1.338
c_sub_out_reg[7].D[0] (dffre at (59,25))                                   0.000     1.338
data arrival time                                                                    1.338

clock clock0 (rise edge)                                    0.000     0.000
clock source latency                                                       0.000     0.000
clock0.inpad[0] (.input at (38,44))                         0.000     0.000
| (intra 'io' routing)                                                     0.779     0.779
| (inter-block routing:global net)                                         0.000     0.779
| (intra 'clb' routing)                                                    0.000     0.779
c_sub_out_reg[7].C[0] (dffre at (59,25))                                   0.000     0.779
clock uncertainty                                                          0.000     0.779
cell hold time                                                            -0.028     0.751
data required time                                                                   0.751
------------------------------------------------------------------------------------------
data required time                                                                  -0.751
data arrival time                                                                    1.338
------------------------------------------------------------------------------------------
slack (MET)                                                                          0.588


#Path 6
Startpoint: id[1].inpad[0] (.input at (62,26) clocked by clock0)
Endpoint  : c_sub_out_reg[6].D[0] (dffre at (59,25) clocked by clock0)
Path Type : hold

Point                                                                       Incr      Path
------------------------------------------------------------------------------------------
clock clock0 (rise edge)                                    0.000     0.000
clock source latency                                                       0.000     0.000
input external delay                                                       0.000     0.000
id[1].inpad[0] (.input at (62,26))                                   0.000     0.000
| (intra 'io' routing)                                                     0.779     0.779
| (OPIN:562736 side: (RIGHT,) (62,26,0))                                   0.000     0.779
| (CHANY:1364249 L4 length:4 (62,26,0-> (62,23,0))                         0.119     0.898
| (CHANX:1104717 L4 length:4 (62,25,0-> (59,25,0))                         0.119     1.017
| (IPIN:542252 side: (TOP,) (59,25,0))                                     0.101     1.118
| (intra 'clb' routing)                                                    0.066     1.184
$abc$1018$abc$970$li6_li6.in[0] (.names at (59,25))                        0.000     1.184
| (primitive '.names' combinational delay)                                 0.154     1.338
$abc$1018$abc$970$li6_li6.out[0] (.names at (59,25))                       0.000     1.338
| (intra 'clb' routing)                                                    0.000     1.338
c_sub_out_reg[6].D[0] (dffre at (59,25))                                   0.000     1.338
data arrival time                                                                    1.338

clock clock0 (rise edge)                                    0.000     0.000
clock source latency                                                       0.000     0.000
clock0.inpad[0] (.input at (38,44))                         0.000     0.000
| (intra 'io' routing)                                                     0.779     0.779
| (inter-block routing:global net)                                         0.000     0.779
| (intra 'clb' routing)                                                    0.000     0.779
c_sub_out_reg[6].C[0] (dffre at (59,25))                                   0.000     0.779
clock uncertainty                                                          0.000     0.779
cell hold time                                                            -0.028     0.751
data required time                                                                   0.751
------------------------------------------------------------------------------------------
data required time                                                                  -0.751
data arrival time                                                                    1.338
------------------------------------------------------------------------------------------
slack (MET)                                                                          0.588


#Path 7
Startpoint: id[1].inpad[0] (.input at (62,26) clocked by clock0)
Endpoint  : c_sub_out_reg[5].D[0] (dffre at (59,25) clocked by clock0)
Path Type : hold

Point                                                                       Incr      Path
------------------------------------------------------------------------------------------
clock clock0 (rise edge)                                    0.000     0.000
clock source latency                                                       0.000     0.000
input external delay                                                       0.000     0.000
id[1].inpad[0] (.input at (62,26))                                   0.000     0.000
| (intra 'io' routing)                                                     0.779     0.779
| (OPIN:562736 side: (RIGHT,) (62,26,0))                                   0.000     0.779
| (CHANY:1364249 L4 length:4 (62,26,0-> (62,23,0))                         0.119     0.898
| (CHANX:1104717 L4 length:4 (62,25,0-> (59,25,0))                         0.119     1.017
| (IPIN:542252 side: (TOP,) (59,25,0))                                     0.101     1.118
| (intra 'clb' routing)                                                    0.066     1.184
$abc$1018$abc$970$li5_li5.in[4] (.names at (59,25))                        0.000     1.184
| (primitive '.names' combinational delay)                                 0.154     1.338
$abc$1018$abc$970$li5_li5.out[0] (.names at (59,25))                       0.000     1.338
| (intra 'clb' routing)                                                    0.000     1.338
c_sub_out_reg[5].D[0] (dffre at (59,25))                                   0.000     1.338
data arrival time                                                                    1.338

clock clock0 (rise edge)                                    0.000     0.000
clock source latency                                                       0.000     0.000
clock0.inpad[0] (.input at (38,44))                         0.000     0.000
| (intra 'io' routing)                                                     0.779     0.779
| (inter-block routing:global net)                                         0.000     0.779
| (intra 'clb' routing)                                                    0.000     0.779
c_sub_out_reg[5].C[0] (dffre at (59,25))                                   0.000     0.779
clock uncertainty                                                          0.000     0.779
cell hold time                                                            -0.028     0.751
data required time                                                                   0.751
------------------------------------------------------------------------------------------
data required time                                                                  -0.751
data arrival time                                                                    1.338
------------------------------------------------------------------------------------------
slack (MET)                                                                          0.588


#Path 8
Startpoint: id[1].inpad[0] (.input at (62,26) clocked by clock0)
Endpoint  : c_sub_out_reg[4].D[0] (dffre at (59,25) clocked by clock0)
Path Type : hold

Point                                                                       Incr      Path
------------------------------------------------------------------------------------------
clock clock0 (rise edge)                                    0.000     0.000
clock source latency                                                       0.000     0.000
input external delay                                                       0.000     0.000
id[1].inpad[0] (.input at (62,26))                                   0.000     0.000
| (intra 'io' routing)                                                     0.779     0.779
| (OPIN:562736 side: (RIGHT,) (62,26,0))                                   0.000     0.779
| (CHANY:1364249 L4 length:4 (62,26,0-> (62,23,0))                         0.119     0.898
| (CHANX:1104717 L4 length:4 (62,25,0-> (59,25,0))                         0.119     1.017
| (IPIN:542252 side: (TOP,) (59,25,0))                                     0.101     1.118
| (intra 'clb' routing)                                                    0.066     1.184
$abc$1018$abc$970$li4_li4.in[4] (.names at (59,25))                        0.000     1.184
| (primitive '.names' combinational delay)                                 0.154     1.338
$abc$1018$abc$970$li4_li4.out[0] (.names at (59,25))                       0.000     1.338
| (intra 'clb' routing)                                                    0.000     1.338
c_sub_out_reg[4].D[0] (dffre at (59,25))                                   0.000     1.338
data arrival time                                                                    1.338

clock clock0 (rise edge)                                    0.000     0.000
clock source latency                                                       0.000     0.000
clock0.inpad[0] (.input at (38,44))                         0.000     0.000
| (intra 'io' routing)                                                     0.779     0.779
| (inter-block routing:global net)                                         0.000     0.779
| (intra 'clb' routing)                                                    0.000     0.779
c_sub_out_reg[4].C[0] (dffre at (59,25))                                   0.000     0.779
clock uncertainty                                                          0.000     0.779
cell hold time                                                            -0.028     0.751
data required time                                                                   0.751
------------------------------------------------------------------------------------------
data required time                                                                  -0.751
data arrival time                                                                    1.338
------------------------------------------------------------------------------------------
slack (MET)                                                                          0.588


#Path 9
Startpoint: c_sub_out_reg[5].Q[0] (dffre at (59,25) clocked by clock0)
Endpoint  : out:c.outpad[0] (.output at (62,3) clocked by clock0)
Path Type : hold

Point                                                                        Incr      Path
-------------------------------------------------------------------------------------------
clock clock0 (rise edge)                                     0.000     0.000
clock source latency                                                        0.000     0.000
clock0.inpad[0] (.input at (38,44))                          0.000     0.000
| (intra 'io' routing)                                                      0.779     0.779
| (inter-block routing:global net)                                          0.000     0.779
| (intra 'clb' routing)                                                     0.000     0.779
c_sub_out_reg[5].C[0] (dffre at (59,25))                                    0.000     0.779
| (primitive 'dffre' Tcq_min)                                               0.029     0.808
c_sub_out_reg[5].Q[0] (dffre at (59,25)) [clock-to-output]                  0.000     0.808
| (intra 'clb' routing)                                                     0.066     0.874
$abc$1686$new_new_n26__.in[5] (.names at (59,25))                           0.000     0.874
| (primitive '.names' combinational delay)                                  0.076     0.951
$abc$1686$new_new_n26__.out[0] (.names at (59,25))                          0.000     0.951
| (intra 'clb' routing)                                                     0.066     1.017
c.in[1] (.names at (59,25))                               0.000     1.017
| (primitive '.names' combinational delay)                                  0.065     1.082
c.out[0] (.names at (59,25))                              0.000     1.082
| (intra 'clb' routing)                                                     0.000     1.082
| (OPIN:542225 side: (TOP,) (59,25,0))                                      0.000     1.082
| (CHANX:1104687 L1 length:1 (59,25,0-> (59,25,0))                          0.061     1.143
| (CHANY:1352543 L4 length:4 (58,25,0-> (58,22,0))                          0.119     1.262
| (CHANX:1088371 L1 length:1 (58,21,0-> (58,21,0))                          0.061     1.323
| (CHANY:1349371 L4 length:4 (57,21,0-> (57,18,0))                          0.119     1.442
| (CHANY:1349187 L4 length:4 (57,18,0-> (57,15,0))                          0.119     1.561
| (CHANX:1059972 L4 length:4 (58,14,0-> (61,14,0))                          0.119     1.680
| (CHANY:1360579 L4 length:4 (61,14,0-> (61,11,0))                          0.119     1.799
| (CHANX:1043855 L1 length:1 (61,10,0-> (61,10,0))                          0.061     1.859
| (CHANY:1357407 L4 length:4 (60,10,0-> (60,7,0))                           0.119     1.978
| (CHANX:1031599 L1 length:1 (60,7,0-> (60,7,0))                            0.061     2.039
| (CHANY:1354303 L4 length:4 (59,7,0-> (59,4,0))                            0.119     2.158
| (CHANX:1015392 L4 length:3 (60,3,0-> (62,3,0))                            0.119     2.277
| (CHANY:1362923 L1 length:1 (62,3,0-> (62,3,0))                            0.061     2.338
| (IPIN:209585 side: (RIGHT,) (62,3,0))                                     0.101     2.439
| (intra 'io' routing)                                                      0.516     2.955
out:c.outpad[0] (.output at (62,3))                       0.000     2.955
data arrival time                                                                     2.955

clock clock0 (rise edge)                                     0.000     0.000
clock source latency                                                        0.000     0.000
clock uncertainty                                                           0.000     0.000
output external delay                                                       0.000     0.000
data required time                                                                    0.000
-------------------------------------------------------------------------------------------
data required time                                                                   -0.000
data arrival time                                                                     2.955
-------------------------------------------------------------------------------------------
slack (MET)                                                                           2.955


#End of timing report
