/*******************************************************************************
Copyright (c) 2022-2024 Rapid Silicon
This source code contains proprietary information belonging to Rapid Silicon
(the "licensor") released under license and non-disclosure agreement to the
recipient (the "licensee").

The information shared and protected by the license and non-disclosure agreement
includes but is not limited to the following:
* operational algorithms of the product
* logos, graphics, source code, and visual presentation of the product
* confidential operational information of the licensor

The recipient of this source code is NOT permitted to publicly disclose,
re-use, archive beyond the period of the license agreement, transfer to a
sub-licensee, or re-implement any portion of the content covered by the license
and non-disclosure agreement without the prior written consent of the licensor.
*********************************************************************************/

Version  : 2024.10
Build    : 1.2.24
Hash     : efcef41
Date     : Oct 31 2024
Type     : Engineering
Log Time   : Thu Oct 31 19:05:37 2024 GMT
#Packing pin usage report
Type: io
	Input Pin Usage:
		Max: 1.00 (0.06)
		Avg: 0.64 (0.04)
		Min: 0.00 (0.00)
		Histogram:
		[        0:      1.8) 284 (100.0%) |***********************************************
		[      1.8:      3.6)   0 (  0.0%) |
		[      3.6:      5.4)   0 (  0.0%) |
		[      5.4:      7.2)   0 (  0.0%) |
		[      7.2:        9)   0 (  0.0%) |
		[        9:       11)   0 (  0.0%) |
		[       11:       13)   0 (  0.0%) |
		[       13:       14)   0 (  0.0%) |
		[       14:       16)   0 (  0.0%) |
		[       16:       18)   0 (  0.0%) |
	Output Pin Usage:
		Max: 1.00 (0.50)
		Avg: 0.36 (0.18)
		Min: 0.00 (0.00)
		Histogram:
		[        0:      0.2) 182 ( 64.1%) |***********************************************
		[      0.2:      0.4)   0 (  0.0%) |
		[      0.4:      0.6)   0 (  0.0%) |
		[      0.6:      0.8)   0 (  0.0%) |
		[      0.8:        1) 102 ( 35.9%) |**************************
		[        1:      1.2)   0 (  0.0%) |
		[      1.2:      1.4)   0 (  0.0%) |
		[      1.4:      1.6)   0 (  0.0%) |
		[      1.6:      1.8)   0 (  0.0%) |
		[      1.8:        2)   0 (  0.0%) |

Type: clb
	Input Pin Usage:
		Max: 45.00 (0.62)
		Avg: 26.84 (0.37)
		Min: 3.00 (0.04)
		Histogram:
		[        0:      7.3)    77 (  0.3%) |
		[      7.3:       15)  1385 (  4.6%) |*****
		[       15:       22)  4071 ( 13.4%) |*************
		[       22:       29) 13731 ( 45.2%) |*********************************************
		[       29:       36)  9605 ( 31.6%) |*******************************
		[       36:       44)  1478 (  4.9%) |*****
		[       44:       51)     4 (  0.0%) |
		[       51:       58)     0 (  0.0%) |
		[       58:       66)     0 (  0.0%) |
		[       66:       73)     0 (  0.0%) |
	Output Pin Usage:
		Max: 16.00 (0.59)
		Avg: 8.13 (0.30)
		Min: 1.00 (0.04)
		Histogram:
		[        0:      2.7)   453 (  1.5%) |**
		[      2.7:      5.4)  6963 ( 22.9%) |******************************
		[      5.4:      8.1) 10285 ( 33.9%) |*********************************************
		[      8.1:       11)  5747 ( 18.9%) |*************************
		[       11:       14)  4202 ( 13.8%) |******************
		[       14:       16)  2701 (  8.9%) |************
		[       16:       19)     0 (  0.0%) |
		[       19:       22)     0 (  0.0%) |
		[       22:       24)     0 (  0.0%) |
		[       24:       27)     0 (  0.0%) |

Type: dsp
	Input Pin Usage:
		Max: 44.00 (0.24)
		Avg: 39.73 (0.22)
		Min: 23.00 (0.12)
		Histogram:
		[        0:       18)   0 (  0.0%) |
		[       18:       37) 108 ( 27.0%) |*****************
		[       37:       55) 292 ( 73.0%) |***********************************************
		[       55:       74)   0 (  0.0%) |
		[       74:       92)   0 (  0.0%) |
		[       92:  1.1e+02)   0 (  0.0%) |
		[  1.1e+02:  1.3e+02)   0 (  0.0%) |
		[  1.3e+02:  1.5e+02)   0 (  0.0%) |
		[  1.5e+02:  1.7e+02)   0 (  0.0%) |
		[  1.7e+02:  1.8e+02)   0 (  0.0%) |
	Output Pin Usage:
		Max: 38.00 (0.49)
		Avg: 32.50 (0.42)
		Min: 26.00 (0.33)
		Histogram:
		[        0:      7.8)   0 (  0.0%) |
		[      7.8:       16)   0 (  0.0%) |
		[       16:       23)   0 (  0.0%) |
		[       23:       31) 200 ( 50.0%) |***********************************************
		[       31:       39) 200 ( 50.0%) |***********************************************
		[       39:       47)   0 (  0.0%) |
		[       47:       55)   0 (  0.0%) |
		[       55:       62)   0 (  0.0%) |
		[       62:       70)   0 (  0.0%) |
		[       70:       78)   0 (  0.0%) |

Type: bram
	Input Pin Usage:
		Max: 67.00 (0.21)
		Avg: 64.50 (0.20)
		Min: 62.00 (0.19)
		Histogram:
		[        0:       32)  0 (  0.0%) |
		[       32:       64) 100 ( 50.0%) |************************************************
		[       64:       96) 100 ( 50.0%) |************************************************
		[       96:  1.3e+02)  0 (  0.0%) |
		[  1.3e+02:  1.6e+02)  0 (  0.0%) |
		[  1.6e+02:  1.9e+02)  0 (  0.0%) |
		[  1.9e+02:  2.2e+02)  0 (  0.0%) |
		[  2.2e+02:  2.6e+02)  0 (  0.0%) |
		[  2.6e+02:  2.9e+02)  0 (  0.0%) |
		[  2.9e+02:  3.2e+02)  0 (  0.0%) |
	Output Pin Usage:
		Max: 32.00 (0.16)
		Avg: 32.00 (0.16)
		Min: 32.00 (0.16)
		Histogram:
		[        0:       19)   0 (  0.0%) |
		[       19:       39) 200 (100.0%) |***********************************************
		[       39:       58)   0 (  0.0%) |
		[       58:       78)   0 (  0.0%) |
		[       78:       97)   0 (  0.0%) |
		[       97:  1.2e+02)   0 (  0.0%) |
		[  1.2e+02:  1.4e+02)   0 (  0.0%) |
		[  1.4e+02:  1.6e+02)   0 (  0.0%) |
		[  1.6e+02:  1.7e+02)   0 (  0.0%) |
		[  1.7e+02:  1.9e+02)   0 (  0.0%) |

