4.116. Executing TECHMAP pass (map to technology primitives).

4.116.1. Executing Verilog-2005 frontend: /nfs_eda_sw/softwares/Raptor/instl_dir/12_05_2024_09_15_01/bin/../share/yosys/rapidsilicon/genesis3/brams_final_map_new_version.v
Parsing Verilog input from `/nfs_eda_sw/softwares/Raptor/instl_dir/12_05_2024_09_15_01/bin/../share/yosys/rapidsilicon/genesis3/brams_final_map_new_version.v' to AST representation.
Generating RTLIL representation for module `\BRAM2x18_TDP'.
Generating RTLIL representation for module `\BRAM2x18_SDP'.
Successfully finished Verilog frontend.

4.116.2. Continuing TECHMAP pass.
No more expansions possible.
<suppressed ~4 debug messages>

4.117. Executing DFFUNMAP pass (unmap clock enable and synchronous reset from FFs).

4.118. Executing OPT_EXPR pass (perform const folding).
Optimizing module dsp_netlist.

4.119. Executing OPT_MERGE pass (detect identical cells).
Finding identical cells in module `\dsp_netlist'.
Removed a total of 0 cells.

4.120. Executing OPT_MUXTREE pass (detect dead branches in mux trees).
Running muxtree optimizer on module \dsp_netlist..
  Creating internal representation of mux trees.
  No muxes found in this module.
Removed 0 multiplexer ports.

4.121. Executing OPT_REDUCE pass (consolidate $*mux and $reduce_* inputs).
  Optimizing cells in module \dsp_netlist.
Performed a total of 0 changes.

4.122. Executing OPT_MERGE pass (detect identical cells).
Finding identical cells in module `\dsp_netlist'.
Removed a total of 0 cells.

4.123. Executing OPT_SHARE pass.

4.124. Executing OPT_DFF pass (perform DFF optimizations).
[#visit=0, #solve=0, #remove=0, time=0.00 sec.]

4.125. Executing OPT_CLEAN pass (remove unused cells and wires).
Finding unused cells or wires in module \dsp_netlist..

4.126. Executing OPT_EXPR pass (perform const folding).
Optimizing module dsp_netlist.

RUN-OPT ITERATIONS DONE : 1

4.127. Executing PMUXTREE pass.

4.128. Executing MUXPACK pass ($mux cell cascades to $pmux).
Converted 0 (p)mux cells into 0 pmux cells.

4.129. Executing MEMORY_MAP pass (converting memories to logic and flip-flops).

4.130. Executing TECHMAP pass (map to technology primitives).

4.130.1. Executing Verilog-2005 frontend: /nfs_eda_sw/softwares/Raptor/instl_dir/12_05_2024_09_15_01/bin/../share/yosys/techmap.v
Parsing Verilog input from `/nfs_eda_sw/softwares/Raptor/instl_dir/12_05_2024_09_15_01/bin/../share/yosys/techmap.v' to AST representation.
Generating RTLIL representation for module `\_90_simplemap_bool_ops'.
Generating RTLIL representation for module `\_90_simplemap_reduce_ops'.
Generating RTLIL representation for module `\_90_simplemap_logic_ops'.
Generating RTLIL representation for module `\_90_simplemap_compare_ops'.
Generating RTLIL representation for module `\_90_simplemap_various'.
Generating RTLIL representation for module `\_90_simplemap_registers'.
Generating RTLIL representation for module `\_90_shift_ops_shr_shl_sshl_sshr'.
Generating RTLIL representation for module `\_90_shift_shiftx'.
Generating RTLIL representation for module `\_90_fa'.
Generating RTLIL representation for module `\_90_lcu_brent_kung'.
Generating RTLIL representation for module `\_90_alu'.
Generating RTLIL representation for module `\_90_macc'.
Generating RTLIL representation for module `\_90_alumacc'.
Generating RTLIL representation for module `\$__div_mod_u'.
Generating RTLIL representation for module `\$__div_mod_trunc'.
Generating RTLIL representation for module `\_90_div'.
Generating RTLIL representation for module `\_90_mod'.
Generating RTLIL representation for module `\$__div_mod_floor'.
Generating RTLIL representation for module `\_90_divfloor'.
Generating RTLIL representation for module `\_90_modfloor'.
Generating RTLIL representation for module `\_90_pow'.
Generating RTLIL representation for module `\_90_pmux'.
Generating RTLIL representation for module `\_90_demux'.
Generating RTLIL representation for module `\_90_lut'.
Successfully finished Verilog frontend.

4.130.2. Executing Verilog-2005 frontend: /nfs_eda_sw/softwares/Raptor/instl_dir/12_05_2024_09_15_01/bin/../share/yosys/rapidsilicon/genesis3/arith_map.v
Parsing Verilog input from `/nfs_eda_sw/softwares/Raptor/instl_dir/12_05_2024_09_15_01/bin/../share/yosys/rapidsilicon/genesis3/arith_map.v' to AST representation.
Generating RTLIL representation for module `\_80_rs_alu'.
Successfully finished Verilog frontend.

4.130.3. Continuing TECHMAP pass.
No more expansions possible.
<suppressed ~73 debug messages>
terminate called after throwing an instance of 'std::out_of_range'
  what():  dict::at()
ERROR: SYN: Design dsp_netlist Synthesis failed
Design dsp_netlist Synthesis failed
    while executing
"synthesize delay"
    (file "../raptor_tcl.tcl" line 9)
