
Command line to execute: write_io_mapping -f PinMapping.xml

Confirm selected options when call command 'write_io_mapping':
--file, -f: PinMapping.xml
--no_time_stamp: off
--verbose: off
Warning 185: Directory path is empty and nothing will be created.
Write I/O mapping into xml file 'PinMapping.xml'
Write I/O mapping into xml file 'PinMapping.xml' took 0.00 seconds (max_rss 2346.2 MiB, delta_rss +0.0 MiB)

Command line to execute: exit

Confirm selected options when call command 'exit':

Finish execution with 0 errors

The entire OpenFPGA flow took 175.45 seconds

Thank you for using OpenFPGA!
Incr Slack updates 1 in 1.0197e-05 sec
Full Max Req/Worst Slack updates 1 in 2.562e-05 sec
Incr Max Req/Worst Slack updates 0 in 0 sec
Incr Criticality updates 0 in 0 sec
Full Criticality updates 1 in 3.8891e-05 sec
INFO: BIT: ##################################################
INFO: BIT: Analysis for design: and2
INFO: BIT: ##################################################
INFO: BIT: Design didn't change: and2, skipping analysis.
INFO: BIT: Top Modules: and2

INFO: BIT: ##################################################
INFO: BIT: Analysis for design: and2
INFO: BIT: ##################################################
INFO: BIT: Design didn't change: and2, skipping analysis.
INFO: BIT: Top Modules: and2

INFO: BIT: ##################################################
INFO: BIT: Analysis for design: and2
INFO: BIT: ##################################################
INFO: BIT: Design didn't change: and2, skipping analysis.
INFO: BIT: Top Modules: and2

INFO: BIT: ##################################################
INFO: BIT: Analysis for design: and2
INFO: BIT: ##################################################
INFO: BIT: Design didn't change: and2, skipping analysis.
INFO: BIT: Top Modules: and2

INFO: BIT: ##################################################
INFO: BIT: Analysis for design: and2
INFO: BIT: ##################################################
INFO: BIT: Design didn't change: and2, skipping analysis.
INFO: BIT: Top Modules: and2

INFO: BIT: ##################################################
INFO: BIT: Analysis for design: and2
INFO: BIT: ##################################################
INFO: BIT: Design didn't change: and2, skipping analysis.
INFO: BIT: Top Modules: and2

INFO: BIT: ##################################################
INFO: BIT: Analysis for design: and2
INFO: BIT: ##################################################
INFO: BIT: Design didn't change: and2, skipping analysis.
INFO: BIT: Top Modules: and2

INFO: BIT: Netlist PPDB: /nfs_scratch/scratch/CompilerValidation/abdul_hameed/Validation/RTL_testcases/io_constraint_testcases/and2/results_dir/and2/run_1/synth_1_1/synthesis/io_config.json
INFO: BIT: Config Mapping: /nfs_eda_sw/softwares/Raptor/instl_dir/11_15_2024_09_15_02/share/raptor/configuration/Virgo/config_attributes.mapping.json
INFO: BIT: Routing Configurator: /nfs_eda_sw/softwares/Raptor/instl_dir/11_15_2024_09_15_02/share/raptor/configuration/routing_configurator.py
INFO: BIT: Routing Config Model: /nfs_eda_sw/softwares/Raptor/instl_dir/11_15_2024_09_15_02/share/raptor/configuration/Virgo/1vg28_routing.py
INFO: BIT: Property JSON: model_config.property.json
INFO: BIT: Validate netlist instances
INFO: BIT: Merge properties into instances
INFO: BIT: Re-location instances
INFO: BIT: Validate instances using '__primary_validation__' rule
INFO: BIT: Validate error from netlist
INFO: BIT: Assign instance-without-location
INFO: BIT: Prepare routing resource info for fast clock
INFO: BIT: Prepare routing resource info for core clock
INFO: BIT: Solve routing
INFO: BIT: Set configuration attributes
INFO: BIT: Netlist PPDB: /nfs_scratch/scratch/CompilerValidation/abdul_hameed/Validation/RTL_testcases/io_constraint_testcases/and2/results_dir/and2/run_1/synth_1_1/synthesis/io_config.json
INFO: BIT: Config Mapping: /nfs_eda_sw/softwares/Raptor/instl_dir/11_15_2024_09_15_02/share/raptor/configuration/Virgo/config_attributes.mapping.json
INFO: BIT: Routing Configurator: /nfs_eda_sw/softwares/Raptor/instl_dir/11_15_2024_09_15_02/share/raptor/configuration/routing_configurator.py
INFO: BIT: Routing Config Model: /nfs_eda_sw/softwares/Raptor/instl_dir/11_15_2024_09_15_02/share/raptor/configuration/Virgo/1vg28_routing.py
INFO: BIT: Property JSON: model_config.property.json
INFO: BIT: Validate netlist instances
INFO: BIT: Merge properties into instances
INFO: BIT: Re-location instances
INFO: BIT: Validate instances using '__primary_validation__' rule
INFO: BIT: Validate error from netlist
INFO: BIT: Assign instance-without-location
INFO: BIT: Prepare routing resource info for fast clock
INFO: BIT: Prepare routing resource info for core clock
INFO: BIT: Solve routing
INFO: BIT: Set configuration attributes
INFO: BIT: Model bitstream generation: model_config.ppdb.json
INFO: BIT: Model bitstream generation: model_config.post.ppdb.json
INFO: BIT: Design and2 bitstream is generated
