/*******************************************************************************
Copyright (c) 2022-2024 Rapid Silicon
This source code contains proprietary information belonging to Rapid Silicon
(the "licensor") released under license and non-disclosure agreement to the
recipient (the "licensee").

The information shared and protected by the license and non-disclosure agreement
includes but is not limited to the following:
* operational algorithms of the product
* logos, graphics, source code, and visual presentation of the product
* confidential operational information of the licensor

The recipient of this source code is NOT permitted to publicly disclose,
re-use, archive beyond the period of the license agreement, transfer to a
sub-licensee, or re-implement any portion of the content covered by the license
and non-disclosure agreement without the prior written consent of the licensor.
*********************************************************************************/

Version  : 2024.12
Build    : 1.2.38
Hash     : 8dd56ae
Date     : Dec  5 2024
Type     : Engineering
Log Time   : Thu Dec  5 07:26:11 2024 GMT
/*******************************************************************************
Copyright (c) 2022-2024 Rapid Silicon
This source code contains proprietary information belonging to Rapid Silicon
(the "licensor") released under license and non-disclosure agreement to the
recipient (the "licensee").

The information shared and protected by the license and non-disclosure agreement
includes but is not limited to the following:
* operational algorithms of the product
* logos, graphics, source code, and visual presentation of the product
* confidential operational information of the licensor

The recipient of this source code is NOT permitted to publicly disclose,
re-use, archive beyond the period of the license agreement, transfer to a
sub-licensee, or re-implement any portion of the content covered by the license
and non-disclosure agreement without the prior written consent of the licensor.
*********************************************************************************/

Version  : 2024.12
Build    : 1.2.38
Hash     : 8dd56ae
Date     : Dec  5 2024
Type     : Engineering
Log Time   : Thu Dec  5 07:26:11 2024 GMT

 /----------------------------------------------------------------------------\
 |  yosys -- Yosys Open SYnthesis Suite                                       |
 |  Copyright (C) 2012 - 2024  Claire Xenia Wolf <claire@yosyshq.com>         |
 |  Distributed under an ISC-like license, type "license" to see terms        |
 \----------------------------------------------------------------------------/

 Yosys 0.44 (git sha1 8ecee74c1, g++ 11.2.1 -fPIC -O3)

-- Executing script file `/nfs_scratch/scratch/CompilerValidation/zaheer_ahmad/os_fpga2/Validation/RTL_testcases/RTL_Benchmarks_Gap_Analysis/pwrmgr/results_dir/pwrmgr/run_1/synth_1_1/analysis/pwrmgr_analyzer.cmd' --

1. Executing Verilog-2005 frontend: /nfs_eda_sw/softwares/Raptor/instl_dir/12_05_2024_09_15_01/share/raptor/sim_models/rapidsilicon/genesis3/FPGA_PRIMITIVES_MODELS/blackbox_models/cell_sim_blackbox.v
Parsing SystemVerilog input from `/nfs_eda_sw/softwares/Raptor/instl_dir/12_05_2024_09_15_01/share/raptor/sim_models/rapidsilicon/genesis3/FPGA_PRIMITIVES_MODELS/blackbox_models/cell_sim_blackbox.v' to AST representation.
Generating RTLIL representation for module `\BOOT_CLOCK'.
Generating RTLIL representation for module `\CARRY_BREAK'.
Generating RTLIL representation for module `\CARRY'.
Generating RTLIL representation for module `\CLK_BUF'.
Generating RTLIL representation for module `\DFFNRE'.
Generating RTLIL representation for module `\DFFRE'.
Generating RTLIL representation for module `\DLY_SEL_DECODER'.
Generating RTLIL representation for module `\DLY_VALUE_MUX'.
Generating RTLIL representation for module `\DSP19X2'.
Generating RTLIL representation for module `\DSP38'.
Generating RTLIL representation for module `\FCLK_BUF'.
Generating RTLIL representation for module `\FIFO18KX2'.
Generating RTLIL representation for module `\FIFO36K'.
Generating RTLIL representation for module `\I_BUF_DS'.
Generating RTLIL representation for module `\I_BUF'.
Generating RTLIL representation for module `\I_DDR'.
Generating RTLIL representation for module `\I_DELAY'.
Generating RTLIL representation for module `\I_FAB'.
Generating RTLIL representation for module `\I_SERDES'.
Generating RTLIL representation for module `\LATCHNR'.
Generating RTLIL representation for module `\LATCHNS'.
Generating RTLIL representation for module `\LATCHN'.
Generating RTLIL representation for module `\LATCHR'.
Generating RTLIL representation for module `\LATCHS'.
Generating RTLIL representation for module `\LATCH'.
Generating RTLIL representation for module `\LUT1'.
Generating RTLIL representation for module `\LUT2'.
Generating RTLIL representation for module `\LUT3'.
Generating RTLIL representation for module `\LUT4'.
Generating RTLIL representation for module `\LUT5'.
Generating RTLIL representation for module `\LUT6'.
Generating RTLIL representation for module `\MIPI_RX'.
Generating RTLIL representation for module `\MIPI_TX'.
Generating RTLIL representation for module `\O_BUF_DS'.
Generating RTLIL representation for module `\O_BUFT_DS'.
Generating RTLIL representation for module `\O_BUFT'.
Generating RTLIL representation for module `\O_BUF'.
Generating RTLIL representation for module `\O_DDR'.
Generating RTLIL representation for module `\O_DELAY'.
Generating RTLIL representation for module `\O_FAB'.
Generating RTLIL representation for module `\O_SERDES_CLK'.
Generating RTLIL representation for module `\O_SERDES'.
Generating RTLIL representation for module `\PLL'.
Generating RTLIL representation for module `\SOC_FPGA_INTF_AHB_M'.
Generating RTLIL representation for module `\SOC_FPGA_INTF_AHB_S'.
Generating RTLIL representation for module `\SOC_FPGA_INTF_AXI_M0'.
Generating RTLIL representation for module `\SOC_FPGA_INTF_AXI_M1'.
Generating RTLIL representation for module `\SOC_FPGA_INTF_DMA'.
Generating RTLIL representation for module `\SOC_FPGA_INTF_IRQ'.
Generating RTLIL representation for module `\SOC_FPGA_INTF_JTAG'.
Generating RTLIL representation for module `\SOC_FPGA_TEMPERATURE'.
Generating RTLIL representation for module `\TDP_RAM18KX2'.
Generating RTLIL representation for module `\TDP_RAM36K'.
Successfully finished Verilog frontend.
Warning: Using synlig as yosys plugin is deprecated. It is recommended to build synlig as standalone binary.

2. Executing SystemVerilog frontend.
[INF:CM0023] Creating log file "/nfs_scratch/scratch/CompilerValidation/zaheer_ahmad/os_fpga2/Validation/RTL_testcases/RTL_Benchmarks_Gap_Analysis/pwrmgr/results_dir/pwrmgr/run_1/synth_1_1/analysis/slpp_all/surelog.log".
[INF:CP0300] Compilation...
[INF:CP0301] /nfs_scratch/scratch/CompilerValidation/zaheer_ahmad/os_fpga2/Validation/RTL_testcases/RTL_Benchmarks_Gap_Analysis/pwrmgr/rtl/prim_alert_pkg.sv:5:1: Compile package "prim_alert_pkg".
[INF:CP0301] /nfs_scratch/scratch/CompilerValidation/zaheer_ahmad/os_fpga2/Validation/RTL_testcases/RTL_Benchmarks_Gap_Analysis/pwrmgr/rtl/prim_mubi_pkg.sv:13:1: Compile package "prim_mubi_pkg".
[INF:CP0301] /nfs_scratch/scratch/CompilerValidation/zaheer_ahmad/os_fpga2/Validation/RTL_testcases/RTL_Benchmarks_Gap_Analysis/pwrmgr/rtl/prim_pkg.sv:11:1: Compile package "prim_pkg".
[INF:CP0301] /nfs_scratch/scratch/CompilerValidation/zaheer_ahmad/os_fpga2/Validation/RTL_testcases/RTL_Benchmarks_Gap_Analysis/pwrmgr/rtl/prim_secded_pkg.sv:8:1: Compile package "prim_secded_pkg".
[INF:CP0301] /nfs_scratch/scratch/CompilerValidation/zaheer_ahmad/os_fpga2/Validation/RTL_testcases/RTL_Benchmarks_Gap_Analysis/pwrmgr/rtl/prim_subreg_pkg.sv:5:1: Compile package "prim_subreg_pkg".
[INF:CP0301] /nfs_scratch/scratch/CompilerValidation/zaheer_ahmad/os_fpga2/Validation/RTL_testcases/RTL_Benchmarks_Gap_Analysis/pwrmgr/rtl/prim_util_pkg.sv:9:1: Compile package "prim_util_pkg".
[INF:CP0301] /nfs_scratch/scratch/CompilerValidation/zaheer_ahmad/os_fpga2/Validation/RTL_testcases/RTL_Benchmarks_Gap_Analysis/pwrmgr/rtl/pwrmgr_reg_pkg.sv:7:1: Compile package "pwrmgr_reg_pkg".
[INF:CP0301] /nfs_scratch/scratch/CompilerValidation/zaheer_ahmad/os_fpga2/Validation/RTL_testcases/RTL_Benchmarks_Gap_Analysis/pwrmgr/rtl/pwm_reg_pkg.sv:7:1: Compile package "pwm_reg_pkg".
[INF:CP0301] /nfs_scratch/scratch/CompilerValidation/zaheer_ahmad/os_fpga2/Validation/RTL_testcases/RTL_Benchmarks_Gap_Analysis/pwrmgr/rtl/prim_count_pkg.sv:8:1: Compile package "prim_count_pkg".
[INF:CP0301] /nfs_scratch/scratch/CompilerValidation/zaheer_ahmad/os_fpga2/Validation/RTL_testcases/RTL_Benchmarks_Gap_Analysis/pwrmgr/rtl/pwrmgr_pkg.sv:8:1: Compile package "pwrmgr_pkg".
[INF:CP0301] /nfs_scratch/scratch/CompilerValidation/zaheer_ahmad/os_fpga2/Validation/RTL_testcases/RTL_Benchmarks_Gap_Analysis/pwrmgr/rtl/lc_ctrl_pkg.sv:6:1: Compile package "lc_ctrl_pkg".
[INF:CP0301] /nfs_scratch/scratch/CompilerValidation/zaheer_ahmad/os_fpga2/Validation/RTL_testcases/RTL_Benchmarks_Gap_Analysis/pwrmgr/rtl/rom_ctrl_pkg.sv:6:1: Compile package "rom_ctrl_pkg".
[INF:CP0301] /nfs_scratch/scratch/CompilerValidation/zaheer_ahmad/os_fpga2/Validation/RTL_testcases/RTL_Benchmarks_Gap_Analysis/pwrmgr/rtl/prim_esc_pkg.sv:5:1: Compile package "prim_esc_pkg".
[INF:CP0301] /nfs_scratch/scratch/CompilerValidation/zaheer_ahmad/os_fpga2/Validation/RTL_testcases/RTL_Benchmarks_Gap_Analysis/pwrmgr/rtl/alert_handler_reg_pkg.sv:7:1: Compile package "alert_handler_reg_pkg".
[INF:CP0301] /nfs_scratch/scratch/CompilerValidation/zaheer_ahmad/os_fpga2/Validation/RTL_testcases/RTL_Benchmarks_Gap_Analysis/pwrmgr/rtl/top_pkg.sv:6:1: Compile package "top_pkg".
[INF:CP0301] /nfs_scratch/scratch/CompilerValidation/zaheer_ahmad/os_fpga2/Validation/RTL_testcases/RTL_Benchmarks_Gap_Analysis/pwrmgr/rtl/tlul_pkg.sv:6:1: Compile package "tlul_pkg".
[INF:CP0303] /nfs_scratch/scratch/CompilerValidation/zaheer_ahmad/os_fpga2/Validation/RTL_testcases/RTL_Benchmarks_Gap_Analysis/pwrmgr/rtl/prim_alert_sender.sv:32:1: Compile module "work@prim_alert_sender".
[INF:CP0303] /nfs_scratch/scratch/CompilerValidation/zaheer_ahmad/os_fpga2/Validation/RTL_testcases/RTL_Benchmarks_Gap_Analysis/pwrmgr/rtl/prim_buf.sv:16:1: Compile module "work@prim_buf".
[INF:CP0303] /nfs_scratch/scratch/CompilerValidation/zaheer_ahmad/os_fpga2/Validation/RTL_testcases/RTL_Benchmarks_Gap_Analysis/pwrmgr/rtl/prim_clock_buf.sv:16:1: Compile module "work@prim_clock_buf".
[INF:CP0303] /nfs_scratch/scratch/CompilerValidation/zaheer_ahmad/os_fpga2/Validation/RTL_testcases/RTL_Benchmarks_Gap_Analysis/pwrmgr/rtl/prim_clock_mux2.sv:16:1: Compile module "work@prim_clock_mux2".
[INF:CP0303] /nfs_scratch/scratch/CompilerValidation/zaheer_ahmad/os_fpga2/Validation/RTL_testcases/RTL_Benchmarks_Gap_Analysis/pwrmgr/rtl/prim_clock_timeout.sv:11:1: Compile module "work@prim_clock_timeout".
[INF:CP0303] /nfs_scratch/scratch/CompilerValidation/zaheer_ahmad/os_fpga2/Validation/RTL_testcases/RTL_Benchmarks_Gap_Analysis/pwrmgr/rtl/prim_count.sv:36:1: Compile module "work@prim_count".
[INF:CP0303] /nfs_scratch/scratch/CompilerValidation/zaheer_ahmad/os_fpga2/Validation/RTL_testcases/RTL_Benchmarks_Gap_Analysis/pwrmgr/rtl/prim_diff_decode.sv:19:1: Compile module "work@prim_diff_decode".
[INF:CP0303] /nfs_scratch/scratch/CompilerValidation/zaheer_ahmad/os_fpga2/Validation/RTL_testcases/RTL_Benchmarks_Gap_Analysis/pwrmgr/rtl/prim_esc_receiver.sv:20:1: Compile module "work@prim_esc_receiver".
[INF:CP0303] /nfs_scratch/scratch/CompilerValidation/zaheer_ahmad/os_fpga2/Validation/RTL_testcases/RTL_Benchmarks_Gap_Analysis/pwrmgr/rtl/prim_flop.sv:16:1: Compile module "work@prim_flop".
[INF:CP0303] /nfs_scratch/scratch/CompilerValidation/zaheer_ahmad/os_fpga2/Validation/RTL_testcases/RTL_Benchmarks_Gap_Analysis/pwrmgr/rtl/prim_flop_2sync.sv:13:1: Compile module "work@prim_flop_2sync".
[INF:CP0303] /nfs_scratch/scratch/CompilerValidation/zaheer_ahmad/os_fpga2/Validation/RTL_testcases/RTL_Benchmarks_Gap_Analysis/pwrmgr/rtl/prim_generic_buf.sv:6:1: Compile module "work@prim_generic_buf".
[INF:CP0303] /nfs_scratch/scratch/CompilerValidation/zaheer_ahmad/os_fpga2/Validation/RTL_testcases/RTL_Benchmarks_Gap_Analysis/pwrmgr/rtl/prim_generic_clock_buf.sv:6:1: Compile module "work@prim_generic_clock_buf".
[INF:CP0303] /nfs_scratch/scratch/CompilerValidation/zaheer_ahmad/os_fpga2/Validation/RTL_testcases/RTL_Benchmarks_Gap_Analysis/pwrmgr/rtl/prim_generic_clock_mux2.sv:6:1: Compile module "work@prim_generic_clock_mux2".
[INF:CP0303] /nfs_scratch/scratch/CompilerValidation/zaheer_ahmad/os_fpga2/Validation/RTL_testcases/RTL_Benchmarks_Gap_Analysis/pwrmgr/rtl/prim_generic_flop.sv:7:1: Compile module "work@prim_generic_flop".
[INF:CP0303] /nfs_scratch/scratch/CompilerValidation/zaheer_ahmad/os_fpga2/Validation/RTL_testcases/RTL_Benchmarks_Gap_Analysis/pwrmgr/rtl/prim_generic_flop_2sync.sv:9:1: Compile module "work@prim_generic_flop_2sync".
[INF:CP0303] /nfs_scratch/scratch/CompilerValidation/zaheer_ahmad/os_fpga2/Validation/RTL_testcases/RTL_Benchmarks_Gap_Analysis/pwrmgr/rtl/prim_generic_xor2.sv:6:1: Compile module "work@prim_generic_xor2".
[INF:CP0303] /nfs_scratch/scratch/CompilerValidation/zaheer_ahmad/os_fpga2/Validation/RTL_testcases/RTL_Benchmarks_Gap_Analysis/pwrmgr/rtl/prim_intr_hw.sv:10:1: Compile module "work@prim_intr_hw".
[INF:CP0303] /nfs_scratch/scratch/CompilerValidation/zaheer_ahmad/os_fpga2/Validation/RTL_testcases/RTL_Benchmarks_Gap_Analysis/pwrmgr/rtl/prim_lc_sender.sv:12:1: Compile module "work@prim_lc_sender".
[INF:CP0303] /nfs_scratch/scratch/CompilerValidation/zaheer_ahmad/os_fpga2/Validation/RTL_testcases/RTL_Benchmarks_Gap_Analysis/pwrmgr/rtl/prim_mubi4_sync.sv:13:1: Compile module "work@prim_mubi4_sync".
[INF:CP0303] /nfs_scratch/scratch/CompilerValidation/zaheer_ahmad/os_fpga2/Validation/RTL_testcases/RTL_Benchmarks_Gap_Analysis/pwrmgr/rtl/prim_pulse_sync.sv:11:1: Compile module "work@prim_pulse_sync".
[INF:CP0303] /nfs_scratch/scratch/CompilerValidation/zaheer_ahmad/os_fpga2/Validation/RTL_testcases/RTL_Benchmarks_Gap_Analysis/pwrmgr/rtl/prim_sec_anchor_buf.sv:6:1: Compile module "work@prim_sec_anchor_buf".
[INF:CP0303] /nfs_scratch/scratch/CompilerValidation/zaheer_ahmad/os_fpga2/Validation/RTL_testcases/RTL_Benchmarks_Gap_Analysis/pwrmgr/rtl/prim_sec_anchor_flop.sv:6:1: Compile module "work@prim_sec_anchor_flop".
[INF:CP0303] /nfs_scratch/scratch/CompilerValidation/zaheer_ahmad/os_fpga2/Validation/RTL_testcases/RTL_Benchmarks_Gap_Analysis/pwrmgr/rtl/prim_secded_inv_39_32_dec.sv:7:1: Compile module "work@prim_secded_inv_39_32_dec".
[INF:CP0303] /nfs_scratch/scratch/CompilerValidation/zaheer_ahmad/os_fpga2/Validation/RTL_testcases/RTL_Benchmarks_Gap_Analysis/pwrmgr/rtl/prim_secded_inv_39_32_enc.sv:7:1: Compile module "work@prim_secded_inv_39_32_enc".
[INF:CP0303] /nfs_scratch/scratch/CompilerValidation/zaheer_ahmad/os_fpga2/Validation/RTL_testcases/RTL_Benchmarks_Gap_Analysis/pwrmgr/rtl/prim_secded_inv_64_57_dec.sv:7:1: Compile module "work@prim_secded_inv_64_57_dec".
[INF:CP0303] /nfs_scratch/scratch/CompilerValidation/zaheer_ahmad/os_fpga2/Validation/RTL_testcases/RTL_Benchmarks_Gap_Analysis/pwrmgr/rtl/prim_secded_inv_64_57_enc.sv:7:1: Compile module "work@prim_secded_inv_64_57_enc".
[INF:CP0303] /nfs_scratch/scratch/CompilerValidation/zaheer_ahmad/os_fpga2/Validation/RTL_testcases/RTL_Benchmarks_Gap_Analysis/pwrmgr/rtl/prim_sparse_fsm_flop.sv:6:1: Compile module "work@prim_sparse_fsm_flop".
[INF:CP0303] /nfs_scratch/scratch/CompilerValidation/zaheer_ahmad/os_fpga2/Validation/RTL_testcases/RTL_Benchmarks_Gap_Analysis/pwrmgr/rtl/prim_subreg.sv:7:1: Compile module "work@prim_subreg".
[INF:CP0303] /nfs_scratch/scratch/CompilerValidation/zaheer_ahmad/os_fpga2/Validation/RTL_testcases/RTL_Benchmarks_Gap_Analysis/pwrmgr/rtl/prim_subreg_ext.sv:7:1: Compile module "work@prim_subreg_ext".
[INF:CP0303] /nfs_scratch/scratch/CompilerValidation/zaheer_ahmad/os_fpga2/Validation/RTL_testcases/RTL_Benchmarks_Gap_Analysis/pwrmgr/rtl/prim_sync_reqack.sv:26:1: Compile module "work@prim_sync_reqack".
[INF:CP0303] /nfs_scratch/scratch/CompilerValidation/zaheer_ahmad/os_fpga2/Validation/RTL_testcases/RTL_Benchmarks_Gap_Analysis/pwrmgr/rtl/prim_xor2.sv:16:1: Compile module "work@prim_xor2".
[INF:CP0303] /nfs_scratch/scratch/CompilerValidation/zaheer_ahmad/os_fpga2/Validation/RTL_testcases/RTL_Benchmarks_Gap_Analysis/pwrmgr/rtl/pwrmgr.sv:9:1: Compile module "work@pwrmgr".
[INF:CP0303] /nfs_scratch/scratch/CompilerValidation/zaheer_ahmad/os_fpga2/Validation/RTL_testcases/RTL_Benchmarks_Gap_Analysis/pwrmgr/rtl/pwrmgr_cdc.sv:9:1: Compile module "work@pwrmgr_cdc".
[INF:CP0303] /nfs_scratch/scratch/CompilerValidation/zaheer_ahmad/os_fpga2/Validation/RTL_testcases/RTL_Benchmarks_Gap_Analysis/pwrmgr/rtl/pwrmgr_fsm.sv:9:1: Compile module "work@pwrmgr_fsm".
[INF:CP0303] /nfs_scratch/scratch/CompilerValidation/zaheer_ahmad/os_fpga2/Validation/RTL_testcases/RTL_Benchmarks_Gap_Analysis/pwrmgr/rtl/pwrmgr_reg_top.sv:8:1: Compile module "work@pwrmgr_reg_top".
[INF:CP0303] /nfs_scratch/scratch/CompilerValidation/zaheer_ahmad/os_fpga2/Validation/RTL_testcases/RTL_Benchmarks_Gap_Analysis/pwrmgr/rtl/pwrmgr_slow_fsm.sv:9:1: Compile module "work@pwrmgr_slow_fsm".
[INF:CP0303] /nfs_scratch/scratch/CompilerValidation/zaheer_ahmad/os_fpga2/Validation/RTL_testcases/RTL_Benchmarks_Gap_Analysis/pwrmgr/rtl/pwrmgr_wake_info.sv:9:1: Compile module "work@pwrmgr_wake_info".
[INF:CP0303] /nfs_scratch/scratch/CompilerValidation/zaheer_ahmad/os_fpga2/Validation/RTL_testcases/RTL_Benchmarks_Gap_Analysis/pwrmgr/rtl/tlul_adapter_reg.sv:10:1: Compile module "work@tlul_adapter_reg".
[INF:CP0303] /nfs_scratch/scratch/CompilerValidation/zaheer_ahmad/os_fpga2/Validation/RTL_testcases/RTL_Benchmarks_Gap_Analysis/pwrmgr/rtl/tlul_cmd_intg_chk.sv:3:1: Compile module "work@tlul_cmd_intg_chk".
[INF:CP0303] /nfs_scratch/scratch/CompilerValidation/zaheer_ahmad/os_fpga2/Validation/RTL_testcases/RTL_Benchmarks_Gap_Analysis/pwrmgr/rtl/tlul_data_integ_dec.sv:10:1: Compile module "work@tlul_data_integ_dec".
[INF:CP0303] /nfs_scratch/scratch/CompilerValidation/zaheer_ahmad/os_fpga2/Validation/RTL_testcases/RTL_Benchmarks_Gap_Analysis/pwrmgr/rtl/tlul_data_integ_enc.sv:10:1: Compile module "work@tlul_data_integ_enc".
[INF:CP0303] /nfs_scratch/scratch/CompilerValidation/zaheer_ahmad/os_fpga2/Validation/RTL_testcases/RTL_Benchmarks_Gap_Analysis/pwrmgr/rtl/tlul_err.sv:7:1: Compile module "work@tlul_err".
[INF:CP0303] /nfs_scratch/scratch/CompilerValidation/zaheer_ahmad/os_fpga2/Validation/RTL_testcases/RTL_Benchmarks_Gap_Analysis/pwrmgr/rtl/tlul_rsp_intg_gen.sv:9:1: Compile module "work@tlul_rsp_intg_gen".
[INF:CP0302] Compile class "work@mailbox".
[INF:CP0302] Compile class "work@process".
[INF:CP0302] Compile class "work@semaphore".
[NTE:CP0309] /nfs_scratch/scratch/CompilerValidation/zaheer_ahmad/os_fpga2/Validation/RTL_testcases/RTL_Benchmarks_Gap_Analysis/pwrmgr/rtl/prim_intr_hw.sv:24:23: Implicit port type (wire) for "hw2reg_intr_state_de_o",
there are 1 more instances of this message.
[NTE:CP0309] /nfs_scratch/scratch/CompilerValidation/zaheer_ahmad/os_fpga2/Validation/RTL_testcases/RTL_Benchmarks_Gap_Analysis/pwrmgr/rtl/pwrmgr.sv:79:10: Implicit port type (wire) for "intr_wakeup_o".
[NTE:CP0309] /nfs_scratch/scratch/CompilerValidation/zaheer_ahmad/os_fpga2/Validation/RTL_testcases/RTL_Benchmarks_Gap_Analysis/pwrmgr/rtl/pwrmgr_cdc.sv:37:10: Implicit port type (wire) for "slow_usb_ip_clk_status_o".
[INF:EL0526] Design Elaboration...
[INF:CP0335] /nfs_scratch/scratch/CompilerValidation/zaheer_ahmad/os_fpga2/Validation/RTL_testcases/RTL_Benchmarks_Gap_Analysis/pwrmgr/rtl/prim_clock_buf.sv:30:10: Compile generate block "work@pwrmgr.u_esc_clk_buf.gen_generic".
[INF:CP0335] /nfs_scratch/scratch/CompilerValidation/zaheer_ahmad/os_fpga2/Validation/RTL_testcases/RTL_Benchmarks_Gap_Analysis/pwrmgr/rtl/prim_clock_buf.sv:30:10: Compile generate block "work@pwrmgr.u_esc_rst_buf.gen_generic".
[INF:CP0335] /nfs_scratch/scratch/CompilerValidation/zaheer_ahmad/os_fpga2/Validation/RTL_testcases/RTL_Benchmarks_Gap_Analysis/pwrmgr/rtl/prim_buf.sv:30:10: Compile generate block "work@pwrmgr.u_esc_rx.u_prim_buf_esc.gen_generic".
[INF:CP0335] /nfs_scratch/scratch/CompilerValidation/zaheer_ahmad/os_fpga2/Validation/RTL_testcases/RTL_Benchmarks_Gap_Analysis/pwrmgr/rtl/prim_diff_decode.sv:178:12: Compile generate block "work@pwrmgr.u_esc_rx.u_decode_esc.gen_no_async".
[INF:CP0335] /nfs_scratch/scratch/CompilerValidation/zaheer_ahmad/os_fpga2/Validation/RTL_testcases/RTL_Benchmarks_Gap_Analysis/pwrmgr/rtl/prim_count.sv:84:12: Compile generate block "work@pwrmgr.u_esc_rx.u_prim_count.gen_dupcnt_max_val".
[INF:CP0335] /nfs_scratch/scratch/CompilerValidation/zaheer_ahmad/os_fpga2/Validation/RTL_testcases/RTL_Benchmarks_Gap_Analysis/pwrmgr/rtl/prim_count.sv:88:42: Compile generate block "work@pwrmgr.u_esc_rx.u_prim_count.gen_cnts[0]".
[INF:CP0335] /nfs_scratch/scratch/CompilerValidation/zaheer_ahmad/os_fpga2/Validation/RTL_testcases/RTL_Benchmarks_Gap_Analysis/pwrmgr/rtl/prim_buf.sv:30:10: Compile generate block "work@pwrmgr.u_esc_rx.u_prim_count.gen_cnts[0].u_buf.gen_generic".
[INF:CP0335] /nfs_scratch/scratch/CompilerValidation/zaheer_ahmad/os_fpga2/Validation/RTL_testcases/RTL_Benchmarks_Gap_Analysis/pwrmgr/rtl/prim_flop.sv:39:10: Compile generate block "work@pwrmgr.u_esc_rx.u_prim_count.gen_cnts[0].u_cnt_flop.gen_generic".
[INF:CP0335] /nfs_scratch/scratch/CompilerValidation/zaheer_ahmad/os_fpga2/Validation/RTL_testcases/RTL_Benchmarks_Gap_Analysis/pwrmgr/rtl/prim_count.sv:88:42: Compile generate block "work@pwrmgr.u_esc_rx.u_prim_count.gen_cnts[1]".
[INF:CP0335] /nfs_scratch/scratch/CompilerValidation/zaheer_ahmad/os_fpga2/Validation/RTL_testcases/RTL_Benchmarks_Gap_Analysis/pwrmgr/rtl/prim_buf.sv:30:10: Compile generate block "work@pwrmgr.u_esc_rx.u_prim_count.gen_cnts[1].u_buf.gen_generic".
[INF:CP0335] /nfs_scratch/scratch/CompilerValidation/zaheer_ahmad/os_fpga2/Validation/RTL_testcases/RTL_Benchmarks_Gap_Analysis/pwrmgr/rtl/prim_flop.sv:39:10: Compile generate block "work@pwrmgr.u_esc_rx.u_prim_count.gen_cnts[1].u_cnt_flop.gen_generic".
[INF:CP0335] /nfs_scratch/scratch/CompilerValidation/zaheer_ahmad/os_fpga2/Validation/RTL_testcases/RTL_Benchmarks_Gap_Analysis/pwrmgr/rtl/prim_count.sv:145:5: Compile generate block "work@pwrmgr.u_esc_rx.u_prim_count.gen_dup_cnt_hardening".
[INF:CP0335] /nfs_scratch/scratch/CompilerValidation/zaheer_ahmad/os_fpga2/Validation/RTL_testcases/RTL_Benchmarks_Gap_Analysis/pwrmgr/rtl/prim_buf.sv:30:10: Compile generate block "work@pwrmgr.u_esc_rx.u_prim_buf_esc_req.u_secure_anchor_buf.gen_generic".
[INF:CP0335] /nfs_scratch/scratch/CompilerValidation/zaheer_ahmad/os_fpga2/Validation/RTL_testcases/RTL_Benchmarks_Gap_Analysis/pwrmgr/rtl/prim_flop.sv:39:10: Compile generate block "work@pwrmgr.u_esc_rx.u_prim_flop_esc.u_secure_anchor_flop.gen_generic".
[INF:CP0335] /nfs_scratch/scratch/CompilerValidation/zaheer_ahmad/os_fpga2/Validation/RTL_testcases/RTL_Benchmarks_Gap_Analysis/pwrmgr/rtl/prim_flop_2sync.sv:28:10: Compile generate block "work@pwrmgr.u_esc_timeout.u_ref_timeout.req_sync.gen_generic".
[INF:CP0335] /nfs_scratch/scratch/CompilerValidation/zaheer_ahmad/os_fpga2/Validation/RTL_testcases/RTL_Benchmarks_Gap_Analysis/pwrmgr/rtl/prim_flop_2sync.sv:28:10: Compile generate block "work@pwrmgr.u_esc_timeout.u_ref_timeout.ack_sync.gen_generic".
[INF:CP0335] /nfs_scratch/scratch/CompilerValidation/zaheer_ahmad/os_fpga2/Validation/RTL_testcases/RTL_Benchmarks_Gap_Analysis/pwrmgr/rtl/prim_flop.sv:39:10: Compile generate block "work@pwrmgr.u_esc_timeout.u_out.gen_generic".
[INF:CP0335] /nfs_scratch/scratch/CompilerValidation/zaheer_ahmad/os_fpga2/Validation/RTL_testcases/RTL_Benchmarks_Gap_Analysis/pwrmgr/rtl/prim_flop.sv:39:10: Compile generate block "work@pwrmgr.u_sw_req_flop.gen_generic".
[INF:CP0335] /nfs_scratch/scratch/CompilerValidation/zaheer_ahmad/os_fpga2/Validation/RTL_testcases/RTL_Benchmarks_Gap_Analysis/pwrmgr/rtl/tlul_rsp_intg_gen.sv:19:25: Compile generate block "work@pwrmgr.u_reg.u_rsp_intg_gen.gen_rsp_intg".
[INF:CP0335] /nfs_scratch/scratch/CompilerValidation/zaheer_ahmad/os_fpga2/Validation/RTL_testcases/RTL_Benchmarks_Gap_Analysis/pwrmgr/rtl/tlul_rsp_intg_gen.sv:34:26: Compile generate block "work@pwrmgr.u_reg.u_rsp_intg_gen.gen_data_intg".
[INF:CP0335] /nfs_scratch/scratch/CompilerValidation/zaheer_ahmad/os_fpga2/Validation/RTL_testcases/RTL_Benchmarks_Gap_Analysis/pwrmgr/rtl/prim_subreg.sv:60:12: Compile generate block "work@pwrmgr.u_reg.u_intr_state.gen_hw".
[INF:CP0335] /nfs_scratch/scratch/CompilerValidation/zaheer_ahmad/os_fpga2/Validation/RTL_testcases/RTL_Benchmarks_Gap_Analysis/pwrmgr/rtl/prim_subreg.sv:60:12: Compile generate block "work@pwrmgr.u_reg.u_intr_enable.gen_hw".
[INF:CP0335] /nfs_scratch/scratch/CompilerValidation/zaheer_ahmad/os_fpga2/Validation/RTL_testcases/RTL_Benchmarks_Gap_Analysis/pwrmgr/rtl/prim_subreg.sv:60:12: Compile generate block "work@pwrmgr.u_reg.u_control_low_power_hint.gen_hw".
[INF:CP0335] /nfs_scratch/scratch/CompilerValidation/zaheer_ahmad/os_fpga2/Validation/RTL_testcases/RTL_Benchmarks_Gap_Analysis/pwrmgr/rtl/prim_subreg.sv:60:12: Compile generate block "work@pwrmgr.u_reg.u_control_core_clk_en.gen_hw".
[INF:CP0335] /nfs_scratch/scratch/CompilerValidation/zaheer_ahmad/os_fpga2/Validation/RTL_testcases/RTL_Benchmarks_Gap_Analysis/pwrmgr/rtl/prim_subreg.sv:60:12: Compile generate block "work@pwrmgr.u_reg.u_control_io_clk_en.gen_hw".
[INF:CP0335] /nfs_scratch/scratch/CompilerValidation/zaheer_ahmad/os_fpga2/Validation/RTL_testcases/RTL_Benchmarks_Gap_Analysis/pwrmgr/rtl/prim_subreg.sv:60:12: Compile generate block "work@pwrmgr.u_reg.u_control_usb_clk_en_lp.gen_hw".
[INF:CP0335] /nfs_scratch/scratch/CompilerValidation/zaheer_ahmad/os_fpga2/Validation/RTL_testcases/RTL_Benchmarks_Gap_Analysis/pwrmgr/rtl/prim_subreg.sv:60:12: Compile generate block "work@pwrmgr.u_reg.u_control_usb_clk_en_active.gen_hw".
[INF:CP0335] /nfs_scratch/scratch/CompilerValidation/zaheer_ahmad/os_fpga2/Validation/RTL_testcases/RTL_Benchmarks_Gap_Analysis/pwrmgr/rtl/prim_subreg.sv:60:12: Compile generate block "work@pwrmgr.u_reg.u_control_main_pd_n.gen_hw".
[INF:CP0335] /nfs_scratch/scratch/CompilerValidation/zaheer_ahmad/os_fpga2/Validation/RTL_testcases/RTL_Benchmarks_Gap_Analysis/pwrmgr/rtl/prim_subreg.sv:60:12: Compile generate block "work@pwrmgr.u_reg.u_cfg_cdc_sync.gen_hw".
[INF:CP0335] /nfs_scratch/scratch/CompilerValidation/zaheer_ahmad/os_fpga2/Validation/RTL_testcases/RTL_Benchmarks_Gap_Analysis/pwrmgr/rtl/prim_subreg.sv:60:12: Compile generate block "work@pwrmgr.u_reg.u_wakeup_en_regwen.gen_hw".
[INF:CP0335] /nfs_scratch/scratch/CompilerValidation/zaheer_ahmad/os_fpga2/Validation/RTL_testcases/RTL_Benchmarks_Gap_Analysis/pwrmgr/rtl/prim_subreg.sv:60:12: Compile generate block "work@pwrmgr.u_reg.u_wakeup_en.gen_hw".
[INF:CP0335] /nfs_scratch/scratch/CompilerValidation/zaheer_ahmad/os_fpga2/Validation/RTL_testcases/RTL_Benchmarks_Gap_Analysis/pwrmgr/rtl/prim_subreg.sv:60:12: Compile generate block "work@pwrmgr.u_reg.u_wake_status.gen_hw".
[INF:CP0335] /nfs_scratch/scratch/CompilerValidation/zaheer_ahmad/os_fpga2/Validation/RTL_testcases/RTL_Benchmarks_Gap_Analysis/pwrmgr/rtl/prim_subreg.sv:60:12: Compile generate block "work@pwrmgr.u_reg.u_reset_en_regwen.gen_hw".
[INF:CP0335] /nfs_scratch/scratch/CompilerValidation/zaheer_ahmad/os_fpga2/Validation/RTL_testcases/RTL_Benchmarks_Gap_Analysis/pwrmgr/rtl/prim_subreg.sv:60:12: Compile generate block "work@pwrmgr.u_reg.u_reset_en.gen_hw".
[INF:CP0335] /nfs_scratch/scratch/CompilerValidation/zaheer_ahmad/os_fpga2/Validation/RTL_testcases/RTL_Benchmarks_Gap_Analysis/pwrmgr/rtl/prim_subreg.sv:60:12: Compile generate block "work@pwrmgr.u_reg.u_reset_status.gen_hw".
[INF:CP0335] /nfs_scratch/scratch/CompilerValidation/zaheer_ahmad/os_fpga2/Validation/RTL_testcases/RTL_Benchmarks_Gap_Analysis/pwrmgr/rtl/prim_subreg.sv:60:12: Compile generate block "work@pwrmgr.u_reg.u_wake_info_capture_dis.gen_hw".
[INF:CP0335] /nfs_scratch/scratch/CompilerValidation/zaheer_ahmad/os_fpga2/Validation/RTL_testcases/RTL_Benchmarks_Gap_Analysis/pwrmgr/rtl/pwrmgr.sv:272:42: Compile generate block "work@pwrmgr.gen_alert_tx[0]".
[INF:CP0335] /nfs_scratch/scratch/CompilerValidation/zaheer_ahmad/os_fpga2/Validation/RTL_testcases/RTL_Benchmarks_Gap_Analysis/pwrmgr/rtl/prim_diff_decode.sv:44:16: Compile generate block "work@pwrmgr.gen_alert_tx[0].u_prim_alert_sender.i_decode_ping.gen_async".
[INF:CP0335] /nfs_scratch/scratch/CompilerValidation/zaheer_ahmad/os_fpga2/Validation/RTL_testcases/RTL_Benchmarks_Gap_Analysis/pwrmgr/rtl/prim_flop_2sync.sv:28:10: Compile generate block "work@pwrmgr.gen_alert_tx[0].u_prim_alert_sender.i_decode_ping.gen_async.i_sync_p.gen_generic".
[INF:CP0335] /nfs_scratch/scratch/CompilerValidation/zaheer_ahmad/os_fpga2/Validation/RTL_testcases/RTL_Benchmarks_Gap_Analysis/pwrmgr/rtl/prim_flop_2sync.sv:28:10: Compile generate block "work@pwrmgr.gen_alert_tx[0].u_prim_alert_sender.i_decode_ping.gen_async.i_sync_n.gen_generic".
[INF:CP0335] /nfs_scratch/scratch/CompilerValidation/zaheer_ahmad/os_fpga2/Validation/RTL_testcases/RTL_Benchmarks_Gap_Analysis/pwrmgr/rtl/prim_diff_decode.sv:44:16: Compile generate block "work@pwrmgr.gen_alert_tx[0].u_prim_alert_sender.i_decode_ack.gen_async".
[INF:CP0335] /nfs_scratch/scratch/CompilerValidation/zaheer_ahmad/os_fpga2/Validation/RTL_testcases/RTL_Benchmarks_Gap_Analysis/pwrmgr/rtl/prim_flop_2sync.sv:28:10: Compile generate block "work@pwrmgr.gen_alert_tx[0].u_prim_alert_sender.i_decode_ack.gen_async.i_sync_p.gen_generic".
[INF:CP0335] /nfs_scratch/scratch/CompilerValidation/zaheer_ahmad/os_fpga2/Validation/RTL_testcases/RTL_Benchmarks_Gap_Analysis/pwrmgr/rtl/prim_flop_2sync.sv:28:10: Compile generate block "work@pwrmgr.gen_alert_tx[0].u_prim_alert_sender.i_decode_ack.gen_async.i_sync_n.gen_generic".
[INF:CP0335] /nfs_scratch/scratch/CompilerValidation/zaheer_ahmad/os_fpga2/Validation/RTL_testcases/RTL_Benchmarks_Gap_Analysis/pwrmgr/rtl/prim_buf.sv:30:10: Compile generate block "work@pwrmgr.gen_alert_tx[0].u_prim_alert_sender.u_prim_buf_p.gen_generic".
[INF:CP0335] /nfs_scratch/scratch/CompilerValidation/zaheer_ahmad/os_fpga2/Validation/RTL_testcases/RTL_Benchmarks_Gap_Analysis/pwrmgr/rtl/prim_buf.sv:30:10: Compile generate block "work@pwrmgr.gen_alert_tx[0].u_prim_alert_sender.u_prim_buf_n.gen_generic".
[INF:CP0335] /nfs_scratch/scratch/CompilerValidation/zaheer_ahmad/os_fpga2/Validation/RTL_testcases/RTL_Benchmarks_Gap_Analysis/pwrmgr/rtl/prim_flop_2sync.sv:28:10: Compile generate block "work@pwrmgr.u_cdc.u_req_pwrdn_sync.gen_generic".
[INF:CP0335] /nfs_scratch/scratch/CompilerValidation/zaheer_ahmad/os_fpga2/Validation/RTL_testcases/RTL_Benchmarks_Gap_Analysis/pwrmgr/rtl/prim_flop_2sync.sv:28:10: Compile generate block "work@pwrmgr.u_cdc.u_ack_pwrup_sync.gen_generic".
[INF:CP0335] /nfs_scratch/scratch/CompilerValidation/zaheer_ahmad/os_fpga2/Validation/RTL_testcases/RTL_Benchmarks_Gap_Analysis/pwrmgr/rtl/prim_flop_2sync.sv:28:10: Compile generate block "work@pwrmgr.u_cdc.u_slow_cdc_sync.prim_flop_2sync.gen_generic".
[INF:CP0335] /nfs_scratch/scratch/CompilerValidation/zaheer_ahmad/os_fpga2/Validation/RTL_testcases/RTL_Benchmarks_Gap_Analysis/pwrmgr/rtl/prim_flop_2sync.sv:28:10: Compile generate block "work@pwrmgr.u_cdc.u_slow_ext_req_sync.gen_generic".
[INF:CP0335] /nfs_scratch/scratch/CompilerValidation/zaheer_ahmad/os_fpga2/Validation/RTL_testcases/RTL_Benchmarks_Gap_Analysis/pwrmgr/rtl/prim_flop_2sync.sv:28:10: Compile generate block "work@pwrmgr.u_cdc.u_ip_clk_status_sync.gen_generic".
[INF:CP0335] /nfs_scratch/scratch/CompilerValidation/zaheer_ahmad/os_fpga2/Validation/RTL_testcases/RTL_Benchmarks_Gap_Analysis/pwrmgr/rtl/prim_flop_2sync.sv:28:10: Compile generate block "work@pwrmgr.u_cdc.u_ast_sync.gen_generic".
[INF:CP0335] /nfs_scratch/scratch/CompilerValidation/zaheer_ahmad/os_fpga2/Validation/RTL_testcases/RTL_Benchmarks_Gap_Analysis/pwrmgr/rtl/prim_flop_2sync.sv:28:10: Compile generate block "work@pwrmgr.u_cdc.u_req_pwrup_sync.gen_generic".
[INF:CP0335] /nfs_scratch/scratch/CompilerValidation/zaheer_ahmad/os_fpga2/Validation/RTL_testcases/RTL_Benchmarks_Gap_Analysis/pwrmgr/rtl/prim_flop_2sync.sv:28:10: Compile generate block "work@pwrmgr.u_cdc.u_ack_pwrdn_sync.gen_generic".
[INF:CP0335] /nfs_scratch/scratch/CompilerValidation/zaheer_ahmad/os_fpga2/Validation/RTL_testcases/RTL_Benchmarks_Gap_Analysis/pwrmgr/rtl/prim_flop_2sync.sv:28:10: Compile generate block "work@pwrmgr.u_cdc.u_int_fsm_invalid_sync.gen_generic".
[INF:CP0335] /nfs_scratch/scratch/CompilerValidation/zaheer_ahmad/os_fpga2/Validation/RTL_testcases/RTL_Benchmarks_Gap_Analysis/pwrmgr/rtl/prim_flop_2sync.sv:28:10: Compile generate block "work@pwrmgr.u_cdc.u_pwrup_chg_sync.gen_generic".
[INF:CP0335] /nfs_scratch/scratch/CompilerValidation/zaheer_ahmad/os_fpga2/Validation/RTL_testcases/RTL_Benchmarks_Gap_Analysis/pwrmgr/rtl/prim_flop_2sync.sv:28:10: Compile generate block "work@pwrmgr.u_cdc.u_ip_clk_en_sync.gen_generic".
[INF:CP0335] /nfs_scratch/scratch/CompilerValidation/zaheer_ahmad/os_fpga2/Validation/RTL_testcases/RTL_Benchmarks_Gap_Analysis/pwrmgr/rtl/prim_flop_2sync.sv:28:10: Compile generate block "work@pwrmgr.u_cdc.u_scdc_sync.prim_flop_2sync.gen_generic".
[INF:CP0335] /nfs_scratch/scratch/CompilerValidation/zaheer_ahmad/os_fpga2/Validation/RTL_testcases/RTL_Benchmarks_Gap_Analysis/pwrmgr/rtl/prim_flop_2sync.sv:28:10: Compile generate block "work@pwrmgr.u_cdc.u_ext_req_sync.gen_generic".
[INF:CP0335] /nfs_scratch/scratch/CompilerValidation/zaheer_ahmad/os_fpga2/Validation/RTL_testcases/RTL_Benchmarks_Gap_Analysis/pwrmgr/rtl/prim_flop_2sync.sv:28:10: Compile generate block "work@pwrmgr.u_cdc.u_sync_flash_idle.gen_generic".
[INF:CP0335] /nfs_scratch/scratch/CompilerValidation/zaheer_ahmad/os_fpga2/Validation/RTL_testcases/RTL_Benchmarks_Gap_Analysis/pwrmgr/rtl/prim_flop_2sync.sv:28:10: Compile generate block "work@pwrmgr.u_cdc.u_sync_otp.gen_generic".
[INF:CP0335] /nfs_scratch/scratch/CompilerValidation/zaheer_ahmad/os_fpga2/Validation/RTL_testcases/RTL_Benchmarks_Gap_Analysis/pwrmgr/rtl/prim_mubi4_sync.sv:42:16: Compile generate block "work@pwrmgr.u_cdc.u_sync_rom_ctrl.gen_flops".
[INF:CP0335] /nfs_scratch/scratch/CompilerValidation/zaheer_ahmad/os_fpga2/Validation/RTL_testcases/RTL_Benchmarks_Gap_Analysis/pwrmgr/rtl/prim_flop_2sync.sv:28:10: Compile generate block "work@pwrmgr.u_cdc.u_sync_rom_ctrl.gen_flops.u_prim_flop_2sync.gen_generic".
[INF:CP0335] /nfs_scratch/scratch/CompilerValidation/zaheer_ahmad/os_fpga2/Validation/RTL_testcases/RTL_Benchmarks_Gap_Analysis/pwrmgr/rtl/prim_mubi4_sync.sv:54:25: Compile generate block "work@pwrmgr.u_cdc.u_sync_rom_ctrl.gen_flops.gen_stable_chks".
[INF:CP0335] /nfs_scratch/scratch/CompilerValidation/zaheer_ahmad/os_fpga2/Validation/RTL_testcases/RTL_Benchmarks_Gap_Analysis/pwrmgr/rtl/prim_flop.sv:39:10: Compile generate block "work@pwrmgr.u_cdc.u_sync_rom_ctrl.gen_flops.gen_stable_chks.u_prim_flop_3rd_stage.gen_generic".
[INF:CP0335] /nfs_scratch/scratch/CompilerValidation/zaheer_ahmad/os_fpga2/Validation/RTL_testcases/RTL_Benchmarks_Gap_Analysis/pwrmgr/rtl/prim_xor2.sv:35:10: Compile generate block "work@pwrmgr.u_cdc.u_sync_rom_ctrl.gen_flops.gen_stable_chks.u_mubi_xor.gen_generic".
[INF:CP0335] /nfs_scratch/scratch/CompilerValidation/zaheer_ahmad/os_fpga2/Validation/RTL_testcases/RTL_Benchmarks_Gap_Analysis/pwrmgr/rtl/prim_mubi4_sync.sv:78:47: Compile generate block "work@pwrmgr.u_cdc.u_sync_rom_ctrl.gen_flops.gen_stable_chks.gen_bufs_muxes[0]".
[INF:CP0335] /nfs_scratch/scratch/CompilerValidation/zaheer_ahmad/os_fpga2/Validation/RTL_testcases/RTL_Benchmarks_Gap_Analysis/pwrmgr/rtl/prim_buf.sv:30:10: Compile generate block "work@pwrmgr.u_cdc.u_sync_rom_ctrl.gen_flops.gen_stable_chks.gen_bufs_muxes[0].u_sig_unstable_buf.u_secure_anchor_buf.gen_generic".
[INF:CP0335] /nfs_scratch/scratch/CompilerValidation/zaheer_ahmad/os_fpga2/Validation/RTL_testcases/RTL_Benchmarks_Gap_Analysis/pwrmgr/rtl/prim_clock_mux2.sv:36:10: Compile generate block "work@pwrmgr.u_cdc.u_sync_rom_ctrl.gen_flops.gen_stable_chks.gen_bufs_muxes[0].u_mux.gen_generic".
[INF:CP0335] /nfs_scratch/scratch/CompilerValidation/zaheer_ahmad/os_fpga2/Validation/RTL_testcases/RTL_Benchmarks_Gap_Analysis/pwrmgr/rtl/prim_mubi4_sync.sv:78:47: Compile generate block "work@pwrmgr.u_cdc.u_sync_rom_ctrl.gen_flops.gen_stable_chks.gen_bufs_muxes[1]".
[INF:CP0335] /nfs_scratch/scratch/CompilerValidation/zaheer_ahmad/os_fpga2/Validation/RTL_testcases/RTL_Benchmarks_Gap_Analysis/pwrmgr/rtl/prim_buf.sv:30:10: Compile generate block "work@pwrmgr.u_cdc.u_sync_rom_ctrl.gen_flops.gen_stable_chks.gen_bufs_muxes[1].u_sig_unstable_buf.u_secure_anchor_buf.gen_generic".
[INF:CP0335] /nfs_scratch/scratch/CompilerValidation/zaheer_ahmad/os_fpga2/Validation/RTL_testcases/RTL_Benchmarks_Gap_Analysis/pwrmgr/rtl/prim_clock_mux2.sv:36:10: Compile generate block "work@pwrmgr.u_cdc.u_sync_rom_ctrl.gen_flops.gen_stable_chks.gen_bufs_muxes[1].u_mux.gen_generic".
[INF:CP0335] /nfs_scratch/scratch/CompilerValidation/zaheer_ahmad/os_fpga2/Validation/RTL_testcases/RTL_Benchmarks_Gap_Analysis/pwrmgr/rtl/prim_mubi4_sync.sv:78:47: Compile generate block "work@pwrmgr.u_cdc.u_sync_rom_ctrl.gen_flops.gen_stable_chks.gen_bufs_muxes[2]".
[INF:CP0335] /nfs_scratch/scratch/CompilerValidation/zaheer_ahmad/os_fpga2/Validation/RTL_testcases/RTL_Benchmarks_Gap_Analysis/pwrmgr/rtl/prim_buf.sv:30:10: Compile generate block "work@pwrmgr.u_cdc.u_sync_rom_ctrl.gen_flops.gen_stable_chks.gen_bufs_muxes[2].u_sig_unstable_buf.u_secure_anchor_buf.gen_generic".
[INF:CP0335] /nfs_scratch/scratch/CompilerValidation/zaheer_ahmad/os_fpga2/Validation/RTL_testcases/RTL_Benchmarks_Gap_Analysis/pwrmgr/rtl/prim_clock_mux2.sv:36:10: Compile generate block "work@pwrmgr.u_cdc.u_sync_rom_ctrl.gen_flops.gen_stable_chks.gen_bufs_muxes[2].u_mux.gen_generic".
[INF:CP0335] /nfs_scratch/scratch/CompilerValidation/zaheer_ahmad/os_fpga2/Validation/RTL_testcases/RTL_Benchmarks_Gap_Analysis/pwrmgr/rtl/prim_mubi4_sync.sv:78:47: Compile generate block "work@pwrmgr.u_cdc.u_sync_rom_ctrl.gen_flops.gen_stable_chks.gen_bufs_muxes[3]".
[INF:CP0335] /nfs_scratch/scratch/CompilerValidation/zaheer_ahmad/os_fpga2/Validation/RTL_testcases/RTL_Benchmarks_Gap_Analysis/pwrmgr/rtl/prim_buf.sv:30:10: Compile generate block "work@pwrmgr.u_cdc.u_sync_rom_ctrl.gen_flops.gen_stable_chks.gen_bufs_muxes[3].u_sig_unstable_buf.u_secure_anchor_buf.gen_generic".
[INF:CP0335] /nfs_scratch/scratch/CompilerValidation/zaheer_ahmad/os_fpga2/Validation/RTL_testcases/RTL_Benchmarks_Gap_Analysis/pwrmgr/rtl/prim_clock_mux2.sv:36:10: Compile generate block "work@pwrmgr.u_cdc.u_sync_rom_ctrl.gen_flops.gen_stable_chks.gen_bufs_muxes[3].u_mux.gen_generic".
[INF:CP0335] /nfs_scratch/scratch/CompilerValidation/zaheer_ahmad/os_fpga2/Validation/RTL_testcases/RTL_Benchmarks_Gap_Analysis/pwrmgr/rtl/prim_mubi4_sync.sv:113:42: Compile generate block "work@pwrmgr.u_cdc.u_sync_rom_ctrl.gen_buffs[0]".
[INF:CP0335] /nfs_scratch/scratch/CompilerValidation/zaheer_ahmad/os_fpga2/Validation/RTL_testcases/RTL_Benchmarks_Gap_Analysis/pwrmgr/rtl/prim_mubi4_sync.sv:115:45: Compile generate block "work@pwrmgr.u_cdc.u_sync_rom_ctrl.gen_buffs[0].gen_bits[0]".
[INF:CP0335] /nfs_scratch/scratch/CompilerValidation/zaheer_ahmad/os_fpga2/Validation/RTL_testcases/RTL_Benchmarks_Gap_Analysis/pwrmgr/rtl/prim_buf.sv:30:10: Compile generate block "work@pwrmgr.u_cdc.u_sync_rom_ctrl.gen_buffs[0].gen_bits[0].u_prim_buf.gen_generic".
[INF:CP0335] /nfs_scratch/scratch/CompilerValidation/zaheer_ahmad/os_fpga2/Validation/RTL_testcases/RTL_Benchmarks_Gap_Analysis/pwrmgr/rtl/prim_mubi4_sync.sv:115:45: Compile generate block "work@pwrmgr.u_cdc.u_sync_rom_ctrl.gen_buffs[0].gen_bits[1]".
[INF:CP0335] /nfs_scratch/scratch/CompilerValidation/zaheer_ahmad/os_fpga2/Validation/RTL_testcases/RTL_Benchmarks_Gap_Analysis/pwrmgr/rtl/prim_buf.sv:30:10: Compile generate block "work@pwrmgr.u_cdc.u_sync_rom_ctrl.gen_buffs[0].gen_bits[1].u_prim_buf.gen_generic".
[INF:CP0335] /nfs_scratch/scratch/CompilerValidation/zaheer_ahmad/os_fpga2/Validation/RTL_testcases/RTL_Benchmarks_Gap_Analysis/pwrmgr/rtl/prim_mubi4_sync.sv:115:45: Compile generate block "work@pwrmgr.u_cdc.u_sync_rom_ctrl.gen_buffs[0].gen_bits[2]".
[INF:CP0335] /nfs_scratch/scratch/CompilerValidation/zaheer_ahmad/os_fpga2/Validation/RTL_testcases/RTL_Benchmarks_Gap_Analysis/pwrmgr/rtl/prim_buf.sv:30:10: Compile generate block "work@pwrmgr.u_cdc.u_sync_rom_ctrl.gen_buffs[0].gen_bits[2].u_prim_buf.gen_generic".
[INF:CP0335] /nfs_scratch/scratch/CompilerValidation/zaheer_ahmad/os_fpga2/Validation/RTL_testcases/RTL_Benchmarks_Gap_Analysis/pwrmgr/rtl/prim_mubi4_sync.sv:115:45: Compile generate block "work@pwrmgr.u_cdc.u_sync_rom_ctrl.gen_buffs[0].gen_bits[3]".
[INF:CP0335] /nfs_scratch/scratch/CompilerValidation/zaheer_ahmad/os_fpga2/Validation/RTL_testcases/RTL_Benchmarks_Gap_Analysis/pwrmgr/rtl/prim_buf.sv:30:10: Compile generate block "work@pwrmgr.u_cdc.u_sync_rom_ctrl.gen_buffs[0].gen_bits[3].u_prim_buf.gen_generic".
[INF:CP0335] /nfs_scratch/scratch/CompilerValidation/zaheer_ahmad/os_fpga2/Validation/RTL_testcases/RTL_Benchmarks_Gap_Analysis/pwrmgr/rtl/prim_flop_2sync.sv:28:10: Compile generate block "work@pwrmgr.u_cdc.u_clr_reqack.req_sync.gen_generic".
[INF:CP0335] /nfs_scratch/scratch/CompilerValidation/zaheer_ahmad/os_fpga2/Validation/RTL_testcases/RTL_Benchmarks_Gap_Analysis/pwrmgr/rtl/prim_flop_2sync.sv:28:10: Compile generate block "work@pwrmgr.u_cdc.u_clr_reqack.ack_sync.gen_generic".
[INF:CP0335] /nfs_scratch/scratch/CompilerValidation/zaheer_ahmad/os_fpga2/Validation/RTL_testcases/RTL_Benchmarks_Gap_Analysis/pwrmgr/rtl/pwrmgr.sv:394:41: Compile generate block "work@pwrmgr.gen_wakeup_status[0]".
[INF:CP0335] /nfs_scratch/scratch/CompilerValidation/zaheer_ahmad/os_fpga2/Validation/RTL_testcases/RTL_Benchmarks_Gap_Analysis/pwrmgr/rtl/pwrmgr.sv:394:41: Compile generate block "work@pwrmgr.gen_wakeup_status[1]".
[INF:CP0335] /nfs_scratch/scratch/CompilerValidation/zaheer_ahmad/os_fpga2/Validation/RTL_testcases/RTL_Benchmarks_Gap_Analysis/pwrmgr/rtl/pwrmgr.sv:394:41: Compile generate block "work@pwrmgr.gen_wakeup_status[2]".
[INF:CP0335] /nfs_scratch/scratch/CompilerValidation/zaheer_ahmad/os_fpga2/Validation/RTL_testcases/RTL_Benchmarks_Gap_Analysis/pwrmgr/rtl/pwrmgr.sv:394:41: Compile generate block "work@pwrmgr.gen_wakeup_status[3]".
[INF:CP0335] /nfs_scratch/scratch/CompilerValidation/zaheer_ahmad/os_fpga2/Validation/RTL_testcases/RTL_Benchmarks_Gap_Analysis/pwrmgr/rtl/pwrmgr.sv:394:41: Compile generate block "work@pwrmgr.gen_wakeup_status[4]".
[INF:CP0335] /nfs_scratch/scratch/CompilerValidation/zaheer_ahmad/os_fpga2/Validation/RTL_testcases/RTL_Benchmarks_Gap_Analysis/pwrmgr/rtl/pwrmgr.sv:394:41: Compile generate block "work@pwrmgr.gen_wakeup_status[5]".
[INF:CP0335] /nfs_scratch/scratch/CompilerValidation/zaheer_ahmad/os_fpga2/Validation/RTL_testcases/RTL_Benchmarks_Gap_Analysis/pwrmgr/rtl/pwrmgr.sv:399:43: Compile generate block "work@pwrmgr.gen_reset_status[0]".
[INF:CP0335] /nfs_scratch/scratch/CompilerValidation/zaheer_ahmad/os_fpga2/Validation/RTL_testcases/RTL_Benchmarks_Gap_Analysis/pwrmgr/rtl/pwrmgr.sv:399:43: Compile generate block "work@pwrmgr.gen_reset_status[1]".
[INF:CP0335] /nfs_scratch/scratch/CompilerValidation/zaheer_ahmad/os_fpga2/Validation/RTL_testcases/RTL_Benchmarks_Gap_Analysis/pwrmgr/rtl/prim_flop.sv:39:10: Compile generate block "work@pwrmgr.u_slow_fsm.u_state_regs.u_state_flop.gen_generic".
[INF:CP0335] /nfs_scratch/scratch/CompilerValidation/zaheer_ahmad/os_fpga2/Validation/RTL_testcases/RTL_Benchmarks_Gap_Analysis/pwrmgr/rtl/prim_flop.sv:39:10: Compile generate block "work@pwrmgr.u_slow_fsm.u_usb_clk_en.gen_generic".
[INF:CP0335] /nfs_scratch/scratch/CompilerValidation/zaheer_ahmad/os_fpga2/Validation/RTL_testcases/RTL_Benchmarks_Gap_Analysis/pwrmgr/rtl/prim_flop.sv:39:10: Compile generate block "work@pwrmgr.u_fsm.u_state_regs.u_state_flop.gen_generic".
[INF:CP0335] /nfs_scratch/scratch/CompilerValidation/zaheer_ahmad/os_fpga2/Validation/RTL_testcases/RTL_Benchmarks_Gap_Analysis/pwrmgr/rtl/prim_flop_2sync.sv:28:10: Compile generate block "work@pwrmgr.u_fsm.u_slow_sync_lc_done.gen_generic".
[INF:CP0335] /nfs_scratch/scratch/CompilerValidation/zaheer_ahmad/os_fpga2/Validation/RTL_testcases/RTL_Benchmarks_Gap_Analysis/pwrmgr/rtl/prim_flop_2sync.sv:28:10: Compile generate block "work@pwrmgr.u_fsm.u_sync_lc_done.gen_generic".
[INF:CP0335] /nfs_scratch/scratch/CompilerValidation/zaheer_ahmad/os_fpga2/Validation/RTL_testcases/RTL_Benchmarks_Gap_Analysis/pwrmgr/rtl/prim_flop.sv:39:10: Compile generate block "work@pwrmgr.u_fsm.u_usb_ip_clk_en.gen_generic".
[INF:CP0335] /nfs_scratch/scratch/CompilerValidation/zaheer_ahmad/os_fpga2/Validation/RTL_testcases/RTL_Benchmarks_Gap_Analysis/pwrmgr/rtl/prim_flop.sv:39:10: Compile generate block "work@pwrmgr.u_fsm.u_reg_otp_init.gen_generic".
[INF:CP0335] /nfs_scratch/scratch/CompilerValidation/zaheer_ahmad/os_fpga2/Validation/RTL_testcases/RTL_Benchmarks_Gap_Analysis/pwrmgr/rtl/prim_flop.sv:39:10: Compile generate block "work@pwrmgr.u_fsm.u_reg_lc_init.gen_generic".
[INF:CP0335] /nfs_scratch/scratch/CompilerValidation/zaheer_ahmad/os_fpga2/Validation/RTL_testcases/RTL_Benchmarks_Gap_Analysis/pwrmgr/rtl/prim_intr_hw.sv:39:24: Compile generate block "work@pwrmgr.intr_wakeup.gen_flop_intr_output".
[NTE:EL0503] /nfs_scratch/scratch/CompilerValidation/zaheer_ahmad/os_fpga2/Validation/RTL_testcases/RTL_Benchmarks_Gap_Analysis/pwrmgr/rtl/pwrmgr.sv:9:1: Top level module "work@pwrmgr".
[NTE:EL0508] Nb Top level modules: 1.
[NTE:EL0509] Max instance depth: 10.
[NTE:EL0510] Nb instances: 230.
[NTE:EL0511] Nb leaf instances: 26.
[INF:UH0706] Creating UHDM Model...
[INF:UH0707] Elaborating UHDM...
[  FATAL] : 0
[ SYNTAX] : 0
[  ERROR] : 0
[WARNING] : 0
[   NOTE] : 8
Warning: /nfs_scratch/scratch/CompilerValidation/zaheer_ahmad/os_fpga2/Validation/RTL_testcases/RTL_Benchmarks_Gap_Analysis/pwrmgr/rtl/prim_mubi_pkg.sv:80: Post-incrementation operations are handled as pre-incrementation.
Warning: /nfs_scratch/scratch/CompilerValidation/zaheer_ahmad/os_fpga2/Validation/RTL_testcases/RTL_Benchmarks_Gap_Analysis/pwrmgr/rtl/prim_mubi_pkg.sv:106: Post-incrementation operations are handled as pre-incrementation.
Warning: /nfs_scratch/scratch/CompilerValidation/zaheer_ahmad/os_fpga2/Validation/RTL_testcases/RTL_Benchmarks_Gap_Analysis/pwrmgr/rtl/prim_mubi_pkg.sv:209: Post-incrementation operations are handled as pre-incrementation.
Warning: /nfs_scratch/scratch/CompilerValidation/zaheer_ahmad/os_fpga2/Validation/RTL_testcases/RTL_Benchmarks_Gap_Analysis/pwrmgr/rtl/prim_mubi_pkg.sv:235: Post-incrementation operations are handled as pre-incrementation.
Warning: /nfs_scratch/scratch/CompilerValidation/zaheer_ahmad/os_fpga2/Validation/RTL_testcases/RTL_Benchmarks_Gap_Analysis/pwrmgr/rtl/prim_mubi_pkg.sv:338: Post-incrementation operations are handled as pre-incrementation.
Warning: /nfs_scratch/scratch/CompilerValidation/zaheer_ahmad/os_fpga2/Validation/RTL_testcases/RTL_Benchmarks_Gap_Analysis/pwrmgr/rtl/prim_mubi_pkg.sv:364: Post-incrementation operations are handled as pre-incrementation.
Warning: /nfs_scratch/scratch/CompilerValidation/zaheer_ahmad/os_fpga2/Validation/RTL_testcases/RTL_Benchmarks_Gap_Analysis/pwrmgr/rtl/prim_mubi_pkg.sv:467: Post-incrementation operations are handled as pre-incrementation.
Warning: /nfs_scratch/scratch/CompilerValidation/zaheer_ahmad/os_fpga2/Validation/RTL_testcases/RTL_Benchmarks_Gap_Analysis/pwrmgr/rtl/prim_mubi_pkg.sv:493: Post-incrementation operations are handled as pre-incrementation.
Warning: /nfs_scratch/scratch/CompilerValidation/zaheer_ahmad/os_fpga2/Validation/RTL_testcases/RTL_Benchmarks_Gap_Analysis/pwrmgr/rtl/prim_util_pkg.sv:34: Post-incrementation operations are handled as pre-incrementation.
Warning: /nfs_scratch/scratch/CompilerValidation/zaheer_ahmad/os_fpga2/Validation/RTL_testcases/RTL_Benchmarks_Gap_Analysis/pwrmgr/rtl/prim_mubi_pkg.sv:80: Post-incrementation operations are handled as pre-incrementation.
Warning: /nfs_scratch/scratch/CompilerValidation/zaheer_ahmad/os_fpga2/Validation/RTL_testcases/RTL_Benchmarks_Gap_Analysis/pwrmgr/rtl/prim_mubi_pkg.sv:106: Post-incrementation operations are handled as pre-incrementation.
Warning: /nfs_scratch/scratch/CompilerValidation/zaheer_ahmad/os_fpga2/Validation/RTL_testcases/RTL_Benchmarks_Gap_Analysis/pwrmgr/rtl/prim_mubi_pkg.sv:209: Post-incrementation operations are handled as pre-incrementation.
Warning: /nfs_scratch/scratch/CompilerValidation/zaheer_ahmad/os_fpga2/Validation/RTL_testcases/RTL_Benchmarks_Gap_Analysis/pwrmgr/rtl/prim_mubi_pkg.sv:235: Post-incrementation operations are handled as pre-incrementation.
Warning: /nfs_scratch/scratch/CompilerValidation/zaheer_ahmad/os_fpga2/Validation/RTL_testcases/RTL_Benchmarks_Gap_Analysis/pwrmgr/rtl/prim_mubi_pkg.sv:338: Post-incrementation operations are handled as pre-incrementation.
Warning: /nfs_scratch/scratch/CompilerValidation/zaheer_ahmad/os_fpga2/Validation/RTL_testcases/RTL_Benchmarks_Gap_Analysis/pwrmgr/rtl/prim_mubi_pkg.sv:364: Post-incrementation operations are handled as pre-incrementation.
Warning: /nfs_scratch/scratch/CompilerValidation/zaheer_ahmad/os_fpga2/Validation/RTL_testcases/RTL_Benchmarks_Gap_Analysis/pwrmgr/rtl/prim_mubi_pkg.sv:467: Post-incrementation operations are handled as pre-incrementation.
Warning: /nfs_scratch/scratch/CompilerValidation/zaheer_ahmad/os_fpga2/Validation/RTL_testcases/RTL_Benchmarks_Gap_Analysis/pwrmgr/rtl/prim_mubi_pkg.sv:493: Post-incrementation operations are handled as pre-incrementation.
Warning: /nfs_scratch/scratch/CompilerValidation/zaheer_ahmad/os_fpga2/Validation/RTL_testcases/RTL_Benchmarks_Gap_Analysis/pwrmgr/rtl/prim_mubi_pkg.sv:80: Post-incrementation operations are handled as pre-incrementation.
Warning: /nfs_scratch/scratch/CompilerValidation/zaheer_ahmad/os_fpga2/Validation/RTL_testcases/RTL_Benchmarks_Gap_Analysis/pwrmgr/rtl/prim_mubi_pkg.sv:106: Post-incrementation operations are handled as pre-incrementation.
Warning: /nfs_scratch/scratch/CompilerValidation/zaheer_ahmad/os_fpga2/Validation/RTL_testcases/RTL_Benchmarks_Gap_Analysis/pwrmgr/rtl/prim_mubi_pkg.sv:209: Post-incrementation operations are handled as pre-incrementation.
Warning: /nfs_scratch/scratch/CompilerValidation/zaheer_ahmad/os_fpga2/Validation/RTL_testcases/RTL_Benchmarks_Gap_Analysis/pwrmgr/rtl/prim_mubi_pkg.sv:235: Post-incrementation operations are handled as pre-incrementation.
Warning: /nfs_scratch/scratch/CompilerValidation/zaheer_ahmad/os_fpga2/Validation/RTL_testcases/RTL_Benchmarks_Gap_Analysis/pwrmgr/rtl/prim_mubi_pkg.sv:338: Post-incrementation operations are handled as pre-incrementation.
Warning: /nfs_scratch/scratch/CompilerValidation/zaheer_ahmad/os_fpga2/Validation/RTL_testcases/RTL_Benchmarks_Gap_Analysis/pwrmgr/rtl/prim_mubi_pkg.sv:364: Post-incrementation operations are handled as pre-incrementation.
Warning: /nfs_scratch/scratch/CompilerValidation/zaheer_ahmad/os_fpga2/Validation/RTL_testcases/RTL_Benchmarks_Gap_Analysis/pwrmgr/rtl/prim_mubi_pkg.sv:467: Post-incrementation operations are handled as pre-incrementation.
Warning: /nfs_scratch/scratch/CompilerValidation/zaheer_ahmad/os_fpga2/Validation/RTL_testcases/RTL_Benchmarks_Gap_Analysis/pwrmgr/rtl/prim_mubi_pkg.sv:493: Post-incrementation operations are handled as pre-incrementation.
Warning: /nfs_scratch/scratch/CompilerValidation/zaheer_ahmad/os_fpga2/Validation/RTL_testcases/RTL_Benchmarks_Gap_Analysis/pwrmgr/rtl/pwrmgr_fsm.sv:398: Post-incrementation operations are handled as pre-incrementation.
Generating RTLIL representation for module `$paramod$572334ae2b5971ff7e4eb457c77e6e769d857e82\prim_sparse_fsm_flop'.
Generating RTLIL representation for module `$paramod$21a513b276be09c9cb5553d5463fdf4800edca32\pwrmgr_fsm'.
Warning: reg '\state_q' is assigned in a continuous assignment at /nfs_scratch/scratch/CompilerValidation/zaheer_ahmad/os_fpga2/Validation/RTL_testcases/RTL_Benchmarks_Gap_Analysis/pwrmgr/rtl/pwrmgr_fsm.sv:151.10-151.50.
Warning: reg '\fetch_en_o' is assigned in a continuous assignment at /nfs_scratch/scratch/CompilerValidation/zaheer_ahmad/os_fpga2/Validation/RTL_testcases/RTL_Benchmarks_Gap_Analysis/pwrmgr/rtl/pwrmgr_fsm.sv:180.10-180.33.
Generating RTLIL representation for module `$paramod$fe55b1bb949966d310e200acf24c2aa59944d626\prim_generic_flop'.
Generating RTLIL representation for module `$paramod$44a1f8f9602035884579b7c1bf52cac427a84729\prim_flop'.
Generating RTLIL representation for module `$paramod$a7aee46bd09813908c06b21f352766ca9cf9b3c9\prim_sparse_fsm_flop'.
Generating RTLIL representation for module `$paramod$21db42bc4a37f19b92ab182268213f76666c0005\pwrmgr_slow_fsm'.
Warning: reg '\state_q' is assigned in a continuous assignment at /nfs_scratch/scratch/CompilerValidation/zaheer_ahmad/os_fpga2/Validation/RTL_testcases/RTL_Benchmarks_Gap_Analysis/pwrmgr/rtl/pwrmgr_slow_fsm.sv:125.10-125.50.
Warning: reg '\pwrup_cause_o' is assigned in a continuous assignment at /nfs_scratch/scratch/CompilerValidation/zaheer_ahmad/os_fpga2/Validation/RTL_testcases/RTL_Benchmarks_Gap_Analysis/pwrmgr/rtl/pwrmgr_slow_fsm.sv:313.10-313.33.
Generating RTLIL representation for module `$paramod$21a513b276be09c9cb5553d5463fdf4800edca32\pwrmgr_wake_info'.
Generating RTLIL representation for module `$paramod\prim_generic_clock_mux2\NoFpgaBufG=1'1'.
Generating RTLIL representation for module `$paramod\prim_clock_mux2\NoFpgaBufG=1'1\Impl=32'00000000000000000000000000000000'.
Generating RTLIL representation for module `$paramod$f00c4529a1ee6db225b5a16a9e380cfcfefeb4fc\prim_buf'.
Generating RTLIL representation for module `$paramod$4c9652adfb17b2d533bb31a43b4ddd326554f0f1\prim_flop'.
Generating RTLIL representation for module `$paramod\prim_sec_anchor_buf\Width=s32'00000000000000000000000000000100'.
Generating RTLIL representation for module `$paramod\prim_generic_xor2\Width=s32'00000000000000000000000000000100'.
Generating RTLIL representation for module `$paramod$6ae18350b51be32fd7406c5aaac3c7582e0e6af0\prim_generic_flop'.
Generating RTLIL representation for module `$paramod$6ae18350b51be32fd7406c5aaac3c7582e0e6af0\prim_flop_2sync'.
Generating RTLIL representation for module `$paramod\prim_generic_flop\Width=s32'00000000000000000000000000000010\ResetValue=2'00'.
Generating RTLIL representation for module `$paramod\prim_generic_flop_2sync\Width=s32'00000000000000000000000000000010\ResetValue=2'00'.
Generating RTLIL representation for module `$paramod$1232de8c2fe4fff6a75b5663758d1bf50afa3825\prim_generic_flop'.
Generating RTLIL representation for module `$paramod$2454416d686f119c214b8f35dcdc5a0867f85a76\prim_generic_flop'.
Generating RTLIL representation for module `$paramod$1232de8c2fe4fff6a75b5663758d1bf50afa3825\prim_flop_2sync'.
Generating RTLIL representation for module `$paramod\prim_intr_hw\Width=32'00000000000000000000000000000001\FlopOutput=1'1'.
Generating RTLIL representation for module `$paramod$25ebe4329fda051e04aa1129a6e1ffd602984606\prim_generic_flop'.
Generating RTLIL representation for module `$paramod$21a513b276be09c9cb5553d5463fdf4800edca32\pwrmgr_cdc'.
Generating RTLIL representation for module `$paramod$a7b283e8b9acadb82fb07886ab71c26207bbd72c\prim_mubi4_sync'.
Warning: reg '\mubi_o' is assigned in a continuous assignment at /nfs_scratch/scratch/CompilerValidation/zaheer_ahmad/os_fpga2/Validation/RTL_testcases/RTL_Benchmarks_Gap_Analysis/pwrmgr/rtl/prim_mubi4_sync.sv:121.12-121.42.
Generating RTLIL representation for module `$paramod$25ebe4329fda051e04aa1129a6e1ffd602984606\prim_flop_2sync'.
Generating RTLIL representation for module `$paramod$1922727dec4c1da7ed6ad3dc09fc46ad0b6c2a2c\prim_subreg'.
Generating RTLIL representation for module `$paramod\prim_clock_buf\Impl=32'00000000000000000000000000000000'.
Generating RTLIL representation for module `$paramod\prim_generic_flop\Width=s32'00000000000000000000000000000001\ResetValue=1'1'.
Generating RTLIL representation for module `$paramod\prim_generic_flop_2sync\Width=s32'00000000000000000000000000000001\ResetValue=1'1'.
Generating RTLIL representation for module `\prim_lc_sender'.
Warning: reg '\lc_en_o' is assigned in a continuous assignment at /nfs_scratch/scratch/CompilerValidation/zaheer_ahmad/os_fpga2/Validation/RTL_testcases/RTL_Benchmarks_Gap_Analysis/pwrmgr/rtl/prim_lc_sender.sv:32.10-32.52.
Generating RTLIL representation for module `$paramod\prim_generic_flop\Width=s32'00000000000000000000000000000001\ResetValue=1'0'.
Generating RTLIL representation for module `$paramod$ebe0a97d65ac33a9414f47886a18e066f6dc6365\prim_flop'.
Generating RTLIL representation for module `$paramod\prim_diff_decode\AsyncOn=1'1'.
Generating RTLIL representation for module `$paramod\prim_flop_2sync\Width=s32'00000000000000000000000000000010\ResetValue=2'00'.
Generating RTLIL representation for module `$paramod$a15eb3e9e7e337a1d68c13676510cc99e563cdd3\prim_buf'.
Generating RTLIL representation for module `$paramod$6ae18350b51be32fd7406c5aaac3c7582e0e6af0\prim_generic_flop_2sync'.
Generating RTLIL representation for module `\prim_generic_clock_buf'.
Generating RTLIL representation for module `$paramod\prim_alert_sender\AsyncOn=1'1\ALERT_TX_DEFAULT=2'01\ALERT_RX_DEFAULT=4'0101'.
Generating RTLIL representation for module `\pwrmgr'.
Warning: reg '\rom_ctrl_good' is assigned in a continuous assignment at /nfs_scratch/scratch/CompilerValidation/zaheer_ahmad/os_fpga2/Validation/RTL_testcases/RTL_Benchmarks_Gap_Analysis/pwrmgr/rtl/pwrmgr.sv:360.10-360.41.
Generating RTLIL representation for module `$paramod\prim_clock_timeout\TimeOutCnt=s32'00000000000000000000000010000000'.
Generating RTLIL representation for module `\prim_sync_reqack'.
Generating RTLIL representation for module `$paramod$1f2cba5866897a44b387e1c2993af0b4468bf03a\prim_xor2'.
Generating RTLIL representation for module `$paramod$d1667f769712e8f5d6feff44c8934483fca616bd\prim_flop'.
Generating RTLIL representation for module `$paramod$b16ec1a2d37bb01b30b4807f6e7e5972c818c2d7\tlul_cmd_intg_chk'.
Generating RTLIL representation for module `$paramod\prim_flop_2sync\Width=s32'00000000000000000000000000000001\ResetValue=1'1'.
Generating RTLIL representation for module `$paramod\prim_flop_2sync\Width=s32'00000000000000000000000000000001\ResetValue=1'0'.
Generating RTLIL representation for module `\prim_secded_inv_39_32_enc'.
Generating RTLIL representation for module `$paramod$c5a2c670fcc80b1e00077cb7c12ddf5cd8beba26\prim_count'.
Generating RTLIL representation for module `$paramod$705fa05787a5d1cbfe2ae3dc7a01b0dd03c7a1d2\prim_flop'.
Generating RTLIL representation for module `$paramod\prim_generic_flop_2sync\Width=s32'00000000000000000000000000000001\ResetValue=1'0'.
Generating RTLIL representation for module `$paramod$e28d8d901a11ac5d5e5c27396dca7dc727aac42a\prim_subreg'.
Generating RTLIL representation for module `$paramod$30daef7d8fbea83f8d5d97bb6bbeea8d50f20643\tlul_rsp_intg_gen'.
Generating RTLIL representation for module `$paramod$58cc36426b572d644c9bdaa50fac6b4ad91ed7ea\prim_esc_receiver'.
Generating RTLIL representation for module `$paramod$eca6cdb671bb55064ea4103fc00be19283c8611c\prim_buf'.
Generating RTLIL representation for module `$paramod$1232de8c2fe4fff6a75b5663758d1bf50afa3825\prim_generic_flop_2sync'.
Generating RTLIL representation for module `$paramod\prim_diff_decode\AsyncOn=1'0'.
Generating RTLIL representation for module `$paramod$55720f6f56ab0dcb7b0978d7b020cd5788c3bb7b\prim_buf'.
Generating RTLIL representation for module `$paramod$18eae125e8070a5fb29a0bd9923127bd30ff2039\prim_subreg'.
Generating RTLIL representation for module `$paramod$cafc58aacea66ce361f30fc5fb51712913515c86\prim_generic_flop'.
Generating RTLIL representation for module `$paramod\prim_sec_anchor_buf\Width=s32'00000000000000000000000000000001'.
Generating RTLIL representation for module `$paramod\prim_sec_anchor_flop\Width=s32'00000000000000000000000000000010\ResetValue=2'10'.
Generating RTLIL representation for module `$paramod\prim_generic_flop\Width=s32'00000000000000000000000000000010\ResetValue=2'10'.
Generating RTLIL representation for module `\prim_secded_inv_64_57_dec'.
Generating RTLIL representation for module `$paramod$b16ec1a2d37bb01b30b4807f6e7e5972c818c2d7\tlul_data_integ_dec'.
Generating RTLIL representation for module `$paramod$25ebe4329fda051e04aa1129a6e1ffd602984606\prim_generic_flop_2sync'.
Generating RTLIL representation for module `\prim_secded_inv_39_32_dec'.
Generating RTLIL representation for module `\prim_generic_buf'.
Generating RTLIL representation for module `\prim_secded_inv_64_57_enc'.
Generating RTLIL representation for module `$paramod$ff88e0cc5b79bb9c0662e183af7c9b980234cfc1\prim_flop'.
Generating RTLIL representation for module `$paramod$b16ec1a2d37bb01b30b4807f6e7e5972c818c2d7\tlul_data_integ_enc'.
Generating RTLIL representation for module `$paramod$ee0227794101df47ad9f37b0d88f82f880f9e439\tlul_adapter_reg'.
Generating RTLIL representation for module `$paramod$8ec11ab84d267aa735efee7deaffb669de62e241\pwrmgr_reg_top'.
Generating RTLIL representation for module `$paramod$7e00d363ce130de0a5a3e36d8a0ef795833e2889\prim_subreg'.
Generating RTLIL representation for module `$paramod$b16ec1a2d37bb01b30b4807f6e7e5972c818c2d7\tlul_err'.
Generating RTLIL representation for module `\prim_pulse_sync'.
Generating RTLIL representation for module `$paramod$112511bfd0dccda09976f1ed3a15d1c8d45112d4\prim_subreg'.
Generating RTLIL representation for module `$paramod\prim_subreg_ext\DW=32'00000000000000000000000000000001'.

-- Running command `hierarchy -top pwrmgr' --

3. Executing HIERARCHY pass (managing design hierarchy).

3.1. Analyzing design hierarchy..
Top module:  \pwrmgr
Used module:     $paramod\prim_intr_hw\Width=32'00000000000000000000000000000001\FlopOutput=1'1
Used module:     $paramod$21a513b276be09c9cb5553d5463fdf4800edca32\pwrmgr_wake_info
Used module:     $paramod$21a513b276be09c9cb5553d5463fdf4800edca32\pwrmgr_fsm
Used module:         $paramod$705fa05787a5d1cbfe2ae3dc7a01b0dd03c7a1d2\prim_flop
Used module:             $paramod\prim_generic_flop\Width=s32'00000000000000000000000000000001\ResetValue=1'0
Used module:         $paramod\prim_flop_2sync\Width=s32'00000000000000000000000000000001\ResetValue=1'0
Used module:             $paramod\prim_generic_flop_2sync\Width=s32'00000000000000000000000000000001\ResetValue=1'0
Used module:         \prim_lc_sender
Used module:             $paramod$6ae18350b51be32fd7406c5aaac3c7582e0e6af0\prim_generic_flop
Used module:         $paramod$572334ae2b5971ff7e4eb457c77e6e769d857e82\prim_sparse_fsm_flop
Used module:             $paramod$4c9652adfb17b2d533bb31a43b4ddd326554f0f1\prim_flop
Used module:                 $paramod$2454416d686f119c214b8f35dcdc5a0867f85a76\prim_generic_flop
Used module:     $paramod$21db42bc4a37f19b92ab182268213f76666c0005\pwrmgr_slow_fsm
Used module:         $paramod$a7aee46bd09813908c06b21f352766ca9cf9b3c9\prim_sparse_fsm_flop
Used module:             $paramod$44a1f8f9602035884579b7c1bf52cac427a84729\prim_flop
Used module:                 $paramod$fe55b1bb949966d310e200acf24c2aa59944d626\prim_generic_flop
Used module:     $paramod$21a513b276be09c9cb5553d5463fdf4800edca32\pwrmgr_cdc
Used module:         \prim_sync_reqack
Used module:         $paramod$a7b283e8b9acadb82fb07886ab71c26207bbd72c\prim_mubi4_sync
Used module:             $paramod$a15eb3e9e7e337a1d68c13676510cc99e563cdd3\prim_buf
Used module:                 \prim_generic_buf
Used module:             $paramod\prim_clock_mux2\NoFpgaBufG=1'1\Impl=32'00000000000000000000000000000000
Used module:                 $paramod\prim_generic_clock_mux2\NoFpgaBufG=1'1
Used module:             $paramod\prim_sec_anchor_buf\Width=s32'00000000000000000000000000000100
Used module:                 $paramod$f00c4529a1ee6db225b5a16a9e380cfcfefeb4fc\prim_buf
Used module:             $paramod$1f2cba5866897a44b387e1c2993af0b4468bf03a\prim_xor2
Used module:                 $paramod\prim_generic_xor2\Width=s32'00000000000000000000000000000100
Used module:             $paramod$d1667f769712e8f5d6feff44c8934483fca616bd\prim_flop
Used module:             $paramod$6ae18350b51be32fd7406c5aaac3c7582e0e6af0\prim_flop_2sync
Used module:                 $paramod$6ae18350b51be32fd7406c5aaac3c7582e0e6af0\prim_generic_flop_2sync
Used module:         $paramod\prim_flop_2sync\Width=s32'00000000000000000000000000000010\ResetValue=2'00
Used module:             $paramod\prim_generic_flop_2sync\Width=s32'00000000000000000000000000000010\ResetValue=2'00
Used module:                 $paramod\prim_generic_flop\Width=s32'00000000000000000000000000000010\ResetValue=2'00
Used module:         $paramod\prim_flop_2sync\Width=s32'00000000000000000000000000000001\ResetValue=1'1
Used module:             $paramod\prim_generic_flop_2sync\Width=s32'00000000000000000000000000000001\ResetValue=1'1
Used module:                 $paramod\prim_generic_flop\Width=s32'00000000000000000000000000000001\ResetValue=1'1
Used module:         $paramod$25ebe4329fda051e04aa1129a6e1ffd602984606\prim_flop_2sync
Used module:             $paramod$25ebe4329fda051e04aa1129a6e1ffd602984606\prim_generic_flop_2sync
Used module:                 $paramod$25ebe4329fda051e04aa1129a6e1ffd602984606\prim_generic_flop
Used module:         \prim_pulse_sync
Used module:         $paramod$1232de8c2fe4fff6a75b5663758d1bf50afa3825\prim_flop_2sync
Used module:             $paramod$1232de8c2fe4fff6a75b5663758d1bf50afa3825\prim_generic_flop_2sync
Used module:                 $paramod$1232de8c2fe4fff6a75b5663758d1bf50afa3825\prim_generic_flop
Used module:     $paramod$8ec11ab84d267aa735efee7deaffb669de62e241\pwrmgr_reg_top
Used module:         $paramod\prim_subreg_ext\DW=32'00000000000000000000000000000001
Used module:         $paramod$7e00d363ce130de0a5a3e36d8a0ef795833e2889\prim_subreg
Used module:         $paramod$18eae125e8070a5fb29a0bd9923127bd30ff2039\prim_subreg
Used module:         $paramod$1922727dec4c1da7ed6ad3dc09fc46ad0b6c2a2c\prim_subreg
Used module:         $paramod$e28d8d901a11ac5d5e5c27396dca7dc727aac42a\prim_subreg
Used module:         $paramod$112511bfd0dccda09976f1ed3a15d1c8d45112d4\prim_subreg
Used module:         $paramod$ee0227794101df47ad9f37b0d88f82f880f9e439\tlul_adapter_reg
Used module:             $paramod$b16ec1a2d37bb01b30b4807f6e7e5972c818c2d7\tlul_err
Used module:         $paramod$30daef7d8fbea83f8d5d97bb6bbeea8d50f20643\tlul_rsp_intg_gen
Used module:             $paramod$b16ec1a2d37bb01b30b4807f6e7e5972c818c2d7\tlul_data_integ_enc
Used module:                 \prim_secded_inv_39_32_enc
Used module:             \prim_secded_inv_64_57_enc
Used module:         $paramod$b16ec1a2d37bb01b30b4807f6e7e5972c818c2d7\tlul_cmd_intg_chk
Used module:             $paramod$b16ec1a2d37bb01b30b4807f6e7e5972c818c2d7\tlul_data_integ_dec
Used module:                 \prim_secded_inv_39_32_dec
Used module:             \prim_secded_inv_64_57_dec
Used module:     $paramod\prim_clock_timeout\TimeOutCnt=s32'00000000000000000000000010000000
Used module:     $paramod$58cc36426b572d644c9bdaa50fac6b4ad91ed7ea\prim_esc_receiver
Used module:         $paramod\prim_sec_anchor_flop\Width=s32'00000000000000000000000000000010\ResetValue=2'10
Used module:             $paramod$ebe0a97d65ac33a9414f47886a18e066f6dc6365\prim_flop
Used module:                 $paramod\prim_generic_flop\Width=s32'00000000000000000000000000000010\ResetValue=2'10
Used module:         $paramod\prim_sec_anchor_buf\Width=s32'00000000000000000000000000000001
Used module:         $paramod$c5a2c670fcc80b1e00077cb7c12ddf5cd8beba26\prim_count
Used module:             $paramod$ff88e0cc5b79bb9c0662e183af7c9b980234cfc1\prim_flop
Used module:                 $paramod$cafc58aacea66ce361f30fc5fb51712913515c86\prim_generic_flop
Used module:             $paramod$55720f6f56ab0dcb7b0978d7b020cd5788c3bb7b\prim_buf
Used module:         $paramod\prim_diff_decode\AsyncOn=1'0
Used module:         $paramod$eca6cdb671bb55064ea4103fc00be19283c8611c\prim_buf
Used module:     $paramod\prim_clock_buf\Impl=32'00000000000000000000000000000000
Used module:         \prim_generic_clock_buf
Used module:     $paramod\prim_alert_sender\AsyncOn=1'1\ALERT_TX_DEFAULT=2'01\ALERT_RX_DEFAULT=4'0101
Used module:         $paramod\prim_diff_decode\AsyncOn=1'1

3.2. Analyzing design hierarchy..
Top module:  \pwrmgr
Used module:     $paramod\prim_intr_hw\Width=32'00000000000000000000000000000001\FlopOutput=1'1
Used module:     $paramod$21a513b276be09c9cb5553d5463fdf4800edca32\pwrmgr_wake_info
Used module:     $paramod$21a513b276be09c9cb5553d5463fdf4800edca32\pwrmgr_fsm
Used module:         $paramod$705fa05787a5d1cbfe2ae3dc7a01b0dd03c7a1d2\prim_flop
Used module:             $paramod\prim_generic_flop\Width=s32'00000000000000000000000000000001\ResetValue=1'0
Used module:         $paramod\prim_flop_2sync\Width=s32'00000000000000000000000000000001\ResetValue=1'0
Used module:             $paramod\prim_generic_flop_2sync\Width=s32'00000000000000000000000000000001\ResetValue=1'0
Used module:         \prim_lc_sender
Used module:             $paramod$6ae18350b51be32fd7406c5aaac3c7582e0e6af0\prim_generic_flop
Used module:         $paramod$572334ae2b5971ff7e4eb457c77e6e769d857e82\prim_sparse_fsm_flop
Used module:             $paramod$4c9652adfb17b2d533bb31a43b4ddd326554f0f1\prim_flop
Used module:                 $paramod$2454416d686f119c214b8f35dcdc5a0867f85a76\prim_generic_flop
Used module:     $paramod$21db42bc4a37f19b92ab182268213f76666c0005\pwrmgr_slow_fsm
Used module:         $paramod$a7aee46bd09813908c06b21f352766ca9cf9b3c9\prim_sparse_fsm_flop
Used module:             $paramod$44a1f8f9602035884579b7c1bf52cac427a84729\prim_flop
Used module:                 $paramod$fe55b1bb949966d310e200acf24c2aa59944d626\prim_generic_flop
Used module:     $paramod$21a513b276be09c9cb5553d5463fdf4800edca32\pwrmgr_cdc
Used module:         \prim_sync_reqack
Used module:         $paramod$a7b283e8b9acadb82fb07886ab71c26207bbd72c\prim_mubi4_sync
Used module:             $paramod$a15eb3e9e7e337a1d68c13676510cc99e563cdd3\prim_buf
Used module:                 \prim_generic_buf
Used module:             $paramod\prim_clock_mux2\NoFpgaBufG=1'1\Impl=32'00000000000000000000000000000000
Used module:                 $paramod\prim_generic_clock_mux2\NoFpgaBufG=1'1
Used module:             $paramod\prim_sec_anchor_buf\Width=s32'00000000000000000000000000000100
Used module:                 $paramod$f00c4529a1ee6db225b5a16a9e380cfcfefeb4fc\prim_buf
Used module:             $paramod$1f2cba5866897a44b387e1c2993af0b4468bf03a\prim_xor2
Used module:                 $paramod\prim_generic_xor2\Width=s32'00000000000000000000000000000100
Used module:             $paramod$d1667f769712e8f5d6feff44c8934483fca616bd\prim_flop
Used module:             $paramod$6ae18350b51be32fd7406c5aaac3c7582e0e6af0\prim_flop_2sync
Used module:                 $paramod$6ae18350b51be32fd7406c5aaac3c7582e0e6af0\prim_generic_flop_2sync
Used module:         $paramod\prim_flop_2sync\Width=s32'00000000000000000000000000000010\ResetValue=2'00
Used module:             $paramod\prim_generic_flop_2sync\Width=s32'00000000000000000000000000000010\ResetValue=2'00
Used module:                 $paramod\prim_generic_flop\Width=s32'00000000000000000000000000000010\ResetValue=2'00
Used module:         $paramod\prim_flop_2sync\Width=s32'00000000000000000000000000000001\ResetValue=1'1
Used module:             $paramod\prim_generic_flop_2sync\Width=s32'00000000000000000000000000000001\ResetValue=1'1
Used module:                 $paramod\prim_generic_flop\Width=s32'00000000000000000000000000000001\ResetValue=1'1
Used module:         $paramod$25ebe4329fda051e04aa1129a6e1ffd602984606\prim_flop_2sync
Used module:             $paramod$25ebe4329fda051e04aa1129a6e1ffd602984606\prim_generic_flop_2sync
Used module:                 $paramod$25ebe4329fda051e04aa1129a6e1ffd602984606\prim_generic_flop
Used module:         \prim_pulse_sync
Used module:         $paramod$1232de8c2fe4fff6a75b5663758d1bf50afa3825\prim_flop_2sync
Used module:             $paramod$1232de8c2fe4fff6a75b5663758d1bf50afa3825\prim_generic_flop_2sync
Used module:                 $paramod$1232de8c2fe4fff6a75b5663758d1bf50afa3825\prim_generic_flop
Used module:     $paramod$8ec11ab84d267aa735efee7deaffb669de62e241\pwrmgr_reg_top
Used module:         $paramod\prim_subreg_ext\DW=32'00000000000000000000000000000001
Used module:         $paramod$7e00d363ce130de0a5a3e36d8a0ef795833e2889\prim_subreg
Used module:         $paramod$18eae125e8070a5fb29a0bd9923127bd30ff2039\prim_subreg
Used module:         $paramod$1922727dec4c1da7ed6ad3dc09fc46ad0b6c2a2c\prim_subreg
Used module:         $paramod$e28d8d901a11ac5d5e5c27396dca7dc727aac42a\prim_subreg
Used module:         $paramod$112511bfd0dccda09976f1ed3a15d1c8d45112d4\prim_subreg
Used module:         $paramod$ee0227794101df47ad9f37b0d88f82f880f9e439\tlul_adapter_reg
Used module:             $paramod$b16ec1a2d37bb01b30b4807f6e7e5972c818c2d7\tlul_err
Used module:         $paramod$30daef7d8fbea83f8d5d97bb6bbeea8d50f20643\tlul_rsp_intg_gen
Used module:             $paramod$b16ec1a2d37bb01b30b4807f6e7e5972c818c2d7\tlul_data_integ_enc
Used module:                 \prim_secded_inv_39_32_enc
Used module:             \prim_secded_inv_64_57_enc
Used module:         $paramod$b16ec1a2d37bb01b30b4807f6e7e5972c818c2d7\tlul_cmd_intg_chk
Used module:             $paramod$b16ec1a2d37bb01b30b4807f6e7e5972c818c2d7\tlul_data_integ_dec
Used module:                 \prim_secded_inv_39_32_dec
Used module:             \prim_secded_inv_64_57_dec
Used module:     $paramod\prim_clock_timeout\TimeOutCnt=s32'00000000000000000000000010000000
Used module:     $paramod$58cc36426b572d644c9bdaa50fac6b4ad91ed7ea\prim_esc_receiver
Used module:         $paramod\prim_sec_anchor_flop\Width=s32'00000000000000000000000000000010\ResetValue=2'10
Used module:             $paramod$ebe0a97d65ac33a9414f47886a18e066f6dc6365\prim_flop
Used module:                 $paramod\prim_generic_flop\Width=s32'00000000000000000000000000000010\ResetValue=2'10
Used module:         $paramod\prim_sec_anchor_buf\Width=s32'00000000000000000000000000000001
Used module:         $paramod$c5a2c670fcc80b1e00077cb7c12ddf5cd8beba26\prim_count
Used module:             $paramod$ff88e0cc5b79bb9c0662e183af7c9b980234cfc1\prim_flop
Used module:                 $paramod$cafc58aacea66ce361f30fc5fb51712913515c86\prim_generic_flop
Used module:             $paramod$55720f6f56ab0dcb7b0978d7b020cd5788c3bb7b\prim_buf
Used module:         $paramod\prim_diff_decode\AsyncOn=1'0
Used module:         $paramod$eca6cdb671bb55064ea4103fc00be19283c8611c\prim_buf
Used module:     $paramod\prim_clock_buf\Impl=32'00000000000000000000000000000000
Used module:         \prim_generic_clock_buf
Used module:     $paramod\prim_alert_sender\AsyncOn=1'1\ALERT_TX_DEFAULT=2'01\ALERT_RX_DEFAULT=4'0101
Used module:         $paramod\prim_diff_decode\AsyncOn=1'1
Removed 0 unused modules.
Warning: Resizing cell port $paramod$8ec11ab84d267aa735efee7deaffb669de62e241\pwrmgr_reg_top.u_wake_info_reasons.q from 6 bits to 1 bits.
Warning: Resizing cell port $paramod$8ec11ab84d267aa735efee7deaffb669de62e241\pwrmgr_reg_top.u_wake_info_reasons.d from 6 bits to 1 bits.
Warning: Resizing cell port $paramod$58cc36426b572d644c9bdaa50fac6b4ad91ed7ea\prim_esc_receiver.u_prim_buf_esc.out_o from 2 bits to 1 bits.
Warning: Resizing cell port $paramod$58cc36426b572d644c9bdaa50fac6b4ad91ed7ea\prim_esc_receiver.u_prim_buf_esc.in_i from 2 bits to 1 bits.
Warning: Resizing cell port $paramod$30daef7d8fbea83f8d5d97bb6bbeea8d50f20643\tlul_rsp_intg_gen.gen_rsp_intg.u_rsp_gen.data_i from 6 bits to 57 bits.
Warning: Resizing cell port $paramod$c5a2c670fcc80b1e00077cb7c12ddf5cd8beba26\prim_count.gen_cnts[1].u_buf.out_o from 30 bits to 1 bits.
Warning: Resizing cell port $paramod$c5a2c670fcc80b1e00077cb7c12ddf5cd8beba26\prim_count.gen_cnts[1].u_buf.in_i from 30 bits to 1 bits.
Warning: Resizing cell port $paramod$c5a2c670fcc80b1e00077cb7c12ddf5cd8beba26\prim_count.gen_cnts[0].u_buf.out_o from 30 bits to 1 bits.
Warning: Resizing cell port $paramod$c5a2c670fcc80b1e00077cb7c12ddf5cd8beba26\prim_count.gen_cnts[0].u_buf.in_i from 30 bits to 1 bits.
Warning: Resizing cell port $paramod$b16ec1a2d37bb01b30b4807f6e7e5972c818c2d7\tlul_cmd_intg_chk.u_chk.data_i from 50 bits to 64 bits.
Warning: Resizing cell port $paramod\prim_sec_anchor_buf\Width=s32'00000000000000000000000000000100.u_secure_anchor_buf.out_o from 4 bits to 1 bits.
Warning: Resizing cell port $paramod\prim_sec_anchor_buf\Width=s32'00000000000000000000000000000100.u_secure_anchor_buf.in_i from 4 bits to 1 bits.

Dumping file hier_info.json ...
 Process module "$paramod$112511bfd0dccda09976f1ed3a15d1c8d45112d4\\prim_subreg"
 Process module "$paramod$1232de8c2fe4fff6a75b5663758d1bf50afa3825\\prim_flop_2sync"
 Process module "$paramod$1232de8c2fe4fff6a75b5663758d1bf50afa3825\\prim_generic_flop"
 Process module "$paramod$1232de8c2fe4fff6a75b5663758d1bf50afa3825\\prim_generic_flop_2sync"
 Process module "$paramod$18eae125e8070a5fb29a0bd9923127bd30ff2039\\prim_subreg"
 Process module "$paramod$1922727dec4c1da7ed6ad3dc09fc46ad0b6c2a2c\\prim_subreg"
 Process module "$paramod$1f2cba5866897a44b387e1c2993af0b4468bf03a\\prim_xor2"
 Process module "$paramod$21a513b276be09c9cb5553d5463fdf4800edca32\\pwrmgr_cdc"
 Process module "$paramod$21a513b276be09c9cb5553d5463fdf4800edca32\\pwrmgr_fsm"
 Process module "$paramod$21a513b276be09c9cb5553d5463fdf4800edca32\\pwrmgr_wake_info"
 Process module "$paramod$21db42bc4a37f19b92ab182268213f76666c0005\\pwrmgr_slow_fsm"
 Process module "$paramod$2454416d686f119c214b8f35dcdc5a0867f85a76\\prim_generic_flop"
 Process module "$paramod$25ebe4329fda051e04aa1129a6e1ffd602984606\\prim_flop_2sync"
 Process module "$paramod$25ebe4329fda051e04aa1129a6e1ffd602984606\\prim_generic_flop"
 Process module "$paramod$25ebe4329fda051e04aa1129a6e1ffd602984606\\prim_generic_flop_2sync"
 Process module "$paramod$30daef7d8fbea83f8d5d97bb6bbeea8d50f20643\\tlul_rsp_intg_gen"
 Process module "$paramod$44a1f8f9602035884579b7c1bf52cac427a84729\\prim_flop"
 Process module "$paramod$4c9652adfb17b2d533bb31a43b4ddd326554f0f1\\prim_flop"
 Process module "$paramod$55720f6f56ab0dcb7b0978d7b020cd5788c3bb7b\\prim_buf"
 Process module "$paramod$572334ae2b5971ff7e4eb457c77e6e769d857e82\\prim_sparse_fsm_flop"
 Process module "$paramod$58cc36426b572d644c9bdaa50fac6b4ad91ed7ea\\prim_esc_receiver"
 Process module "$paramod$6ae18350b51be32fd7406c5aaac3c7582e0e6af0\\prim_flop_2sync"
 Process module "$paramod$6ae18350b51be32fd7406c5aaac3c7582e0e6af0\\prim_generic_flop"
 Process module "$paramod$6ae18350b51be32fd7406c5aaac3c7582e0e6af0\\prim_generic_flop_2sync"
 Process module "$paramod$705fa05787a5d1cbfe2ae3dc7a01b0dd03c7a1d2\\prim_flop"
 Process module "$paramod$7e00d363ce130de0a5a3e36d8a0ef795833e2889\\prim_subreg"
 Process module "$paramod$8ec11ab84d267aa735efee7deaffb669de62e241\\pwrmgr_reg_top"
 Process module "$paramod$a15eb3e9e7e337a1d68c13676510cc99e563cdd3\\prim_buf"
 Process module "$paramod$a7aee46bd09813908c06b21f352766ca9cf9b3c9\\prim_sparse_fsm_flop"
 Process module "$paramod$a7b283e8b9acadb82fb07886ab71c26207bbd72c\\prim_mubi4_sync"
 Process module "$paramod$b16ec1a2d37bb01b30b4807f6e7e5972c818c2d7\\tlul_cmd_intg_chk"
 Process module "$paramod$b16ec1a2d37bb01b30b4807f6e7e5972c818c2d7\\tlul_data_integ_dec"
 Process module "$paramod$b16ec1a2d37bb01b30b4807f6e7e5972c818c2d7\\tlul_data_integ_enc"
 Process module "$paramod$b16ec1a2d37bb01b30b4807f6e7e5972c818c2d7\\tlul_err"
 Process module "$paramod$c5a2c670fcc80b1e00077cb7c12ddf5cd8beba26\\prim_count"
 Process module "$paramod$cafc58aacea66ce361f30fc5fb51712913515c86\\prim_generic_flop"
 Process module "$paramod$d1667f769712e8f5d6feff44c8934483fca616bd\\prim_flop"
 Process module "$paramod$e28d8d901a11ac5d5e5c27396dca7dc727aac42a\\prim_subreg"
 Process module "$paramod$ebe0a97d65ac33a9414f47886a18e066f6dc6365\\prim_flop"
 Process module "$paramod$eca6cdb671bb55064ea4103fc00be19283c8611c\\prim_buf"
 Process module "$paramod$ee0227794101df47ad9f37b0d88f82f880f9e439\\tlul_adapter_reg"
 Process module "$paramod$f00c4529a1ee6db225b5a16a9e380cfcfefeb4fc\\prim_buf"
 Process module "$paramod$fe55b1bb949966d310e200acf24c2aa59944d626\\prim_generic_flop"
 Process module "$paramod$ff88e0cc5b79bb9c0662e183af7c9b980234cfc1\\prim_flop"
 Process module "$paramod\\prim_alert_sender\\AsyncOn=1'1\\ALERT_TX_DEFAULT=2'01\\ALERT_RX_DEFAULT=4'0101"
 Process module "$paramod\\prim_clock_buf\\Impl=32'00000000000000000000000000000000"
 Process module "$paramod\\prim_clock_mux2\\NoFpgaBufG=1'1\\Impl=32'00000000000000000000000000000000"
 Process module "$paramod\\prim_clock_timeout\\TimeOutCnt=s32'00000000000000000000000010000000"
 Process module "$paramod\\prim_diff_decode\\AsyncOn=1'0"
 Process module "$paramod\\prim_diff_decode\\AsyncOn=1'1"
 Process module "$paramod\\prim_flop_2sync\\Width=s32'00000000000000000000000000000001\\ResetValue=1'0"
 Process module "$paramod\\prim_flop_2sync\\Width=s32'00000000000000000000000000000001\\ResetValue=1'1"
 Process module "$paramod\\prim_flop_2sync\\Width=s32'00000000000000000000000000000010\\ResetValue=2'00"
 Process module "$paramod\\prim_generic_clock_mux2\\NoFpgaBufG=1'1"
 Process module "$paramod\\prim_generic_flop\\Width=s32'00000000000000000000000000000001\\ResetValue=1'0"
 Process module "$paramod\\prim_generic_flop\\Width=s32'00000000000000000000000000000001\\ResetValue=1'1"
 Process module "$paramod\\prim_generic_flop\\Width=s32'00000000000000000000000000000010\\ResetValue=2'00"
 Process module "$paramod\\prim_generic_flop\\Width=s32'00000000000000000000000000000010\\ResetValue=2'10"
 Process module "$paramod\\prim_generic_flop_2sync\\Width=s32'00000000000000000000000000000001\\ResetValue=1'0"
 Process module "$paramod\\prim_generic_flop_2sync\\Width=s32'00000000000000000000000000000001\\ResetValue=1'1"
 Process module "$paramod\\prim_generic_flop_2sync\\Width=s32'00000000000000000000000000000010\\ResetValue=2'00"
 Process module "$paramod\\prim_generic_xor2\\Width=s32'00000000000000000000000000000100"
 Process module "$paramod\\prim_intr_hw\\Width=32'00000000000000000000000000000001\\FlopOutput=1'1"
 Process module "$paramod\\prim_sec_anchor_buf\\Width=s32'00000000000000000000000000000001"
 Process module "$paramod\\prim_sec_anchor_buf\\Width=s32'00000000000000000000000000000100"
 Process module "$paramod\\prim_sec_anchor_flop\\Width=s32'00000000000000000000000000000010\\ResetValue=2'10"
 Process module "$paramod\\prim_subreg_ext\\DW=32'00000000000000000000000000000001"
 Process module "prim_generic_buf"
 Process module "prim_generic_clock_buf"
 Process module "prim_lc_sender"
 Process module "prim_pulse_sync"
 Process module "prim_secded_inv_39_32_dec"
 Process module "prim_secded_inv_39_32_enc"
 Process module "prim_secded_inv_64_57_dec"
 Process module "prim_secded_inv_64_57_enc"
 Process module "prim_sync_reqack"
Dumping file port_info.json ...

Warnings: 30 unique messages, 46 total
End of script. Logfile hash: 1d880ba0b6, CPU: user 9.24s system 0.73s, MEM: 1046.44 MB peak
Yosys 0.44 (git sha1 8ecee74c1, g++ 11.2.1 -fPIC -O3)
Time spent: 98% 2x read_systemverilog (9 sec), 0% 1x analyze (0 sec), ...
