/*******************************************************************************
Copyright (c) 2022 Rapid Silicon
This source code contains proprietary information belonging to Rapid Silicon
(the "licensor") released under license and non-disclosure agreement to the
recipient (the "licensee").

The information shared and protected by the license and non-disclosure agreement
includes but is not limited to the following:
* operational algorithms of the product
* logos, graphics, source code, and visual presentation of the product
* confidential operational information of the licensor

The recipient of this source code is NOT permitted to publicly disclose,
re-use, archive beyond the period of the license agreement, transfer to a
sub-licensee, or re-implement any portion of the content covered by the license
and non-disclosure agreement without the prior written consent of the licensor.

Portions of Raptor Design Suite are utilized under the following third-party copyright notices:

Parallax Static Timing Analyzer Copyright (c) 2021, Parallax Software, Inc. All rights reserved.
*********************************************************************************/

Version  : 2023.12
Build    : 0.9.5
Hash     : 1c6c166
Date     : Dec  6 2023
Type     : Engineering
Log Time   : Fri Dec  8 07:06:48 2023 GMT
#Unconstrained hold timing startpoint/endpoint

timing_node_id node_type node_name
-------------- --------- ---------
2182 RS_TDP36K at (40,35) doutB[0].ADDR_A2[0]
2183 RS_TDP36K at (40,35) doutB[0].ADDR_A2[1]
2184 RS_TDP36K at (40,35) doutB[0].ADDR_A2[2]
2185 RS_TDP36K at (40,35) doutB[0].ADDR_A2[3]
2186 RS_TDP36K at (40,35) doutB[0].ADDR_A2[4]
2187 RS_TDP36K at (40,35) doutB[0].ADDR_A2[5]
2188 RS_TDP36K at (40,35) doutB[0].ADDR_A2[6]
2189 RS_TDP36K at (40,35) doutB[0].ADDR_A2[7]
2190 RS_TDP36K at (40,35) doutB[0].ADDR_A2[8]
2191 RS_TDP36K at (40,35) doutB[0].ADDR_A2[9]
2192 RS_TDP36K at (40,35) doutB[0].ADDR_A2[10]
2193 RS_TDP36K at (40,35) doutB[0].ADDR_A2[11]
2194 RS_TDP36K at (40,35) doutB[0].ADDR_A2[12]
2195 RS_TDP36K at (40,35) doutB[0].ADDR_A2[13]
2196 RS_TDP36K at (40,35) doutB[0].BE_A2[0]
2197 RS_TDP36K at (40,35) doutB[0].BE_A2[1]
2198 RS_TDP36K at (40,35) doutB[0].FLUSH2[0]
2199 RS_TDP36K at (40,35) doutB[0].REN_A2[0]
2200 RS_TDP36K at (40,35) doutB[0].WDATA_A2[0]
2201 RS_TDP36K at (40,35) doutB[0].WDATA_A2[1]
2202 RS_TDP36K at (40,35) doutB[0].WDATA_A2[2]
2203 RS_TDP36K at (40,35) doutB[0].WDATA_A2[3]
2204 RS_TDP36K at (40,35) doutB[0].WDATA_A2[4]
2205 RS_TDP36K at (40,35) doutB[0].WDATA_A2[5]
2206 RS_TDP36K at (40,35) doutB[0].WDATA_A2[6]
2207 RS_TDP36K at (40,35) doutB[0].WDATA_A2[7]
2208 RS_TDP36K at (40,35) doutB[0].WDATA_A2[8]
2209 RS_TDP36K at (40,35) doutB[0].WDATA_A2[9]
2210 RS_TDP36K at (40,35) doutB[0].WDATA_A2[10]
2211 RS_TDP36K at (40,35) doutB[0].WDATA_A2[11]
2212 RS_TDP36K at (40,35) doutB[0].WDATA_A2[12]
2213 RS_TDP36K at (40,35) doutB[0].WDATA_A2[13]
2214 RS_TDP36K at (40,35) doutB[0].WDATA_A2[14]
2215 RS_TDP36K at (40,35) doutB[0].WDATA_A2[15]
2216 RS_TDP36K at (40,35) doutB[0].WDATA_A2[16]
2217 RS_TDP36K at (40,35) doutB[0].WDATA_A2[17]
2218 RS_TDP36K at (40,35) doutB[0].WEN_A2[0]
2219 RS_TDP36K at (40,35) doutB[0].ADDR_B2[0]
2220 RS_TDP36K at (40,35) doutB[0].ADDR_B2[1]
2221 RS_TDP36K at (40,35) doutB[0].ADDR_B2[2]
2222 RS_TDP36K at (40,35) doutB[0].ADDR_B2[3]
2223 RS_TDP36K at (40,35) doutB[0].ADDR_B2[4]
2224 RS_TDP36K at (40,35) doutB[0].ADDR_B2[5]
2225 RS_TDP36K at (40,35) doutB[0].ADDR_B2[6]
2226 RS_TDP36K at (40,35) doutB[0].ADDR_B2[7]
2227 RS_TDP36K at (40,35) doutB[0].ADDR_B2[8]
2228 RS_TDP36K at (40,35) doutB[0].ADDR_B2[9]
2229 RS_TDP36K at (40,35) doutB[0].ADDR_B2[10]
2230 RS_TDP36K at (40,35) doutB[0].ADDR_B2[11]
2231 RS_TDP36K at (40,35) doutB[0].ADDR_B2[12]
2232 RS_TDP36K at (40,35) doutB[0].ADDR_B2[13]
2233 RS_TDP36K at (40,35) doutB[0].BE_B2[0]
2234 RS_TDP36K at (40,35) doutB[0].BE_B2[1]
2235 RS_TDP36K at (40,35) doutB[0].REN_B2[0]
2236 RS_TDP36K at (40,35) doutB[0].WDATA_B2[0]
2237 RS_TDP36K at (40,35) doutB[0].WDATA_B2[1]
2238 RS_TDP36K at (40,35) doutB[0].WDATA_B2[2]
2239 RS_TDP36K at (40,35) doutB[0].WDATA_B2[3]
2240 RS_TDP36K at (40,35) doutB[0].WDATA_B2[4]
2241 RS_TDP36K at (40,35) doutB[0].WDATA_B2[5]
2242 RS_TDP36K at (40,35) doutB[0].WDATA_B2[6]
2243 RS_TDP36K at (40,35) doutB[0].WDATA_B2[7]
2244 RS_TDP36K at (40,35) doutB[0].WDATA_B2[8]
2245 RS_TDP36K at (40,35) doutB[0].WDATA_B2[9]
2246 RS_TDP36K at (40,35) doutB[0].WDATA_B2[10]
2247 RS_TDP36K at (40,35) doutB[0].WDATA_B2[11]
2248 RS_TDP36K at (40,35) doutB[0].WDATA_B2[12]
2249 RS_TDP36K at (40,35) doutB[0].WDATA_B2[13]
2250 RS_TDP36K at (40,35) doutB[0].WDATA_B2[14]
2251 RS_TDP36K at (40,35) doutB[0].WDATA_B2[15]
2252 RS_TDP36K at (40,35) doutB[0].WDATA_B2[16]
2253 RS_TDP36K at (40,35) doutB[0].WDATA_B2[17]
2254 RS_TDP36K at (40,35) doutB[0].WEN_B2[0]

#End of unconstrained hold startpoint/endpoint report
