/*******************************************************************************
Copyright (c) 2022 Rapid Silicon
This source code contains proprietary information belonging to Rapid Silicon
(the "licensor") released under license and non-disclosure agreement to the
recipient (the "licensee").

The information shared and protected by the license and non-disclosure agreement
includes but is not limited to the following:
* operational algorithms of the product
* logos, graphics, source code, and visual presentation of the product
* confidential operational information of the licensor

The recipient of this source code is NOT permitted to publicly disclose,
re-use, archive beyond the period of the license agreement, transfer to a
sub-licensee, or re-implement any portion of the content covered by the license
and non-disclosure agreement without the prior written consent of the licensor.

Portions of Raptor Design Suite are utilized under the following third-party copyright notices:

Parallax Static Timing Analyzer Copyright (c) 2021, Parallax Software, Inc. All rights reserved.
*********************************************************************************/

Version  : 2023.11
Build    : 0.9.4
Hash     : a3890d5
Date     : Nov 30 2023
Type     : Engineering
Log Time   : Thu Nov 30 12:37:33 2023 GMT
#Timing report of worst 33 path(s)
# Unit scale: 1e-09 seconds
# Output precision: 3

# Logical Levels: 0
# Timing Graph Levels: 10

#Path 1
Startpoint: out[5].Q[0] (dffre clocked by clock0)
Endpoint  : out:loopback_error.outpad[0] (.output clocked by clock0)
Path Type : setup

Point                                                             Incr      Path
--------------------------------------------------------------------------------
clock clock0 (rise edge)                                         0.000     0.000
clock source latency                                             0.000     0.000
clock0.inpad[0] (.input)                                         0.000     0.000
out[5].C[0] (dffre)                                              0.890     0.890
out[5].Q[0] (dffre) [clock-to-output]                            0.154     1.044
$abc$1686$new_new_n63__.in[1] (.names)                           0.890     1.935
$abc$1686$new_new_n63__.out[0] (.names)                          0.197     2.132
$abc$1686$new_new_n64__.in[0] (.names)                           0.890     3.022
$abc$1686$new_new_n64__.out[0] (.names)                          0.218     3.240
loopback_error.in[1] (.names)                                    0.890     4.131
loopback_error.out[0] (.names)                                   0.197     4.328
out:loopback_error.outpad[0] (.output)                           0.890     5.218
data arrival time                                                          5.218

clock clock0 (rise edge)                                         0.000     0.000
clock source latency                                             0.000     0.000
clock uncertainty                                                0.000     0.000
output external delay                                            0.000     0.000
data required time                                                         0.000
--------------------------------------------------------------------------------
data required time                                                         0.000
data arrival time                                                         -5.218
--------------------------------------------------------------------------------
slack (VIOLATED)                                                          -5.218


#Path 2
Startpoint: out[1].Q[0] (dffre clocked by clock0)
Endpoint  : out[2].D[0] (dffre clocked by clock0)
Path Type : setup

Point                                                              Incr      Path
---------------------------------------------------------------------------------
clock clock0 (rise edge)                                          0.000     0.000
clock source latency                                              0.000     0.000
clock0.inpad[0] (.input)                                          0.000     0.000
out[1].C[0] (dffre)                                               0.890     0.890
out[1].Q[0] (dffre) [clock-to-output]                             0.154     1.044
$abc$1686$abc$630$li02_li02.in[2] (.names)                        0.890     1.935
$abc$1686$abc$630$li02_li02.out[0] (.names)                       0.148     2.083
out[2].D[0] (dffre)                                               0.890     2.973
data arrival time                                                           2.973

clock clock0 (rise edge)                                          0.000     0.000
clock source latency                                              0.000     0.000
clock0.inpad[0] (.input)                                          0.000     0.000
out[2].C[0] (dffre)                                               0.890     0.890
clock uncertainty                                                 0.000     0.890
cell setup time                                                  -0.032     0.859
data required time                                                          0.859
---------------------------------------------------------------------------------
data required time                                                          0.859
data arrival time                                                          -2.973
---------------------------------------------------------------------------------
slack (VIOLATED)                                                           -2.114


#Path 3
Startpoint: out[0].Q[0] (dffre clocked by clock0)
Endpoint  : out[1].D[0] (dffre clocked by clock0)
Path Type : setup

Point                                                              Incr      Path
---------------------------------------------------------------------------------
clock clock0 (rise edge)                                          0.000     0.000
clock source latency                                              0.000     0.000
clock0.inpad[0] (.input)                                          0.000     0.000
out[0].C[0] (dffre)                                               0.890     0.890
out[0].Q[0] (dffre) [clock-to-output]                             0.154     1.044
$abc$1686$abc$630$li01_li01.in[2] (.names)                        0.890     1.935
$abc$1686$abc$630$li01_li01.out[0] (.names)                       0.148     2.083
out[1].D[0] (dffre)                                               0.890     2.973
data arrival time                                                           2.973

clock clock0 (rise edge)                                          0.000     0.000
clock source latency                                              0.000     0.000
clock0.inpad[0] (.input)                                          0.000     0.000
out[1].C[0] (dffre)                                               0.890     0.890
clock uncertainty                                                 0.000     0.890
cell setup time                                                  -0.032     0.859
data required time                                                          0.859
---------------------------------------------------------------------------------
data required time                                                          0.859
data arrival time                                                          -2.973
---------------------------------------------------------------------------------
slack (VIOLATED)                                                           -2.114


#Path 4
Startpoint: out[2].Q[0] (dffre clocked by clock0)
Endpoint  : out[3].D[0] (dffre clocked by clock0)
Path Type : setup

Point                                                              Incr      Path
---------------------------------------------------------------------------------
clock clock0 (rise edge)                                          0.000     0.000
clock source latency                                              0.000     0.000
clock0.inpad[0] (.input)                                          0.000     0.000
out[2].C[0] (dffre)                                               0.890     0.890
out[2].Q[0] (dffre) [clock-to-output]                             0.154     1.044
$abc$1686$abc$630$li03_li03.in[2] (.names)                        0.890     1.935
$abc$1686$abc$630$li03_li03.out[0] (.names)                       0.148     2.083
out[3].D[0] (dffre)                                               0.890     2.973
data arrival time                                                           2.973

clock clock0 (rise edge)                                          0.000     0.000
clock source latency                                              0.000     0.000
clock0.inpad[0] (.input)                                          0.000     0.000
out[3].C[0] (dffre)                                               0.890     0.890
clock uncertainty                                                 0.000     0.890
cell setup time                                                  -0.032     0.859
data required time                                                          0.859
---------------------------------------------------------------------------------
data required time                                                          0.859
data arrival time                                                          -2.973
---------------------------------------------------------------------------------
slack (VIOLATED)                                                           -2.114


#Path 5
Startpoint: out[3].Q[0] (dffre clocked by clock0)
Endpoint  : out[4].D[0] (dffre clocked by clock0)
Path Type : setup

Point                                                              Incr      Path
---------------------------------------------------------------------------------
clock clock0 (rise edge)                                          0.000     0.000
clock source latency                                              0.000     0.000
clock0.inpad[0] (.input)                                          0.000     0.000
out[3].C[0] (dffre)                                               0.890     0.890
out[3].Q[0] (dffre) [clock-to-output]                             0.154     1.044
$abc$1686$abc$630$li04_li04.in[2] (.names)                        0.890     1.935
$abc$1686$abc$630$li04_li04.out[0] (.names)                       0.148     2.083
out[4].D[0] (dffre)                                               0.890     2.973
data arrival time                                                           2.973

clock clock0 (rise edge)                                          0.000     0.000
clock source latency                                              0.000     0.000
clock0.inpad[0] (.input)                                          0.000     0.000
out[4].C[0] (dffre)                                               0.890     0.890
clock uncertainty                                                 0.000     0.890
cell setup time                                                  -0.032     0.859
data required time                                                          0.859
---------------------------------------------------------------------------------
data required time                                                          0.859
data arrival time                                                          -2.973
---------------------------------------------------------------------------------
slack (VIOLATED)                                                           -2.114


#Path 6
Startpoint: out[4].Q[0] (dffre clocked by clock0)
Endpoint  : out[5].D[0] (dffre clocked by clock0)
Path Type : setup

Point                                                              Incr      Path
---------------------------------------------------------------------------------
clock clock0 (rise edge)                                          0.000     0.000
clock source latency                                              0.000     0.000
clock0.inpad[0] (.input)                                          0.000     0.000
out[4].C[0] (dffre)                                               0.890     0.890
out[4].Q[0] (dffre) [clock-to-output]                             0.154     1.044
$abc$1686$abc$630$li05_li05.in[2] (.names)                        0.890     1.935
$abc$1686$abc$630$li05_li05.out[0] (.names)                       0.148     2.083
out[5].D[0] (dffre)                                               0.890     2.973
data arrival time                                                           2.973

clock clock0 (rise edge)                                          0.000     0.000
clock source latency                                              0.000     0.000
clock0.inpad[0] (.input)                                          0.000     0.000
out[5].C[0] (dffre)                                               0.890     0.890
clock uncertainty                                                 0.000     0.890
cell setup time                                                  -0.032     0.859
data required time                                                          0.859
---------------------------------------------------------------------------------
data required time                                                          0.859
data arrival time                                                          -2.973
---------------------------------------------------------------------------------
slack (VIOLATED)                                                           -2.114


#Path 7
Startpoint: out[5].Q[0] (dffre clocked by clock0)
Endpoint  : out[6].D[0] (dffre clocked by clock0)
Path Type : setup

Point                                                              Incr      Path
---------------------------------------------------------------------------------
clock clock0 (rise edge)                                          0.000     0.000
clock source latency                                              0.000     0.000
clock0.inpad[0] (.input)                                          0.000     0.000
out[5].C[0] (dffre)                                               0.890     0.890
out[5].Q[0] (dffre) [clock-to-output]                             0.154     1.044
$abc$1686$abc$630$li06_li06.in[2] (.names)                        0.890     1.935
$abc$1686$abc$630$li06_li06.out[0] (.names)                       0.148     2.083
out[6].D[0] (dffre)                                               0.890     2.973
data arrival time                                                           2.973

clock clock0 (rise edge)                                          0.000     0.000
clock source latency                                              0.000     0.000
clock0.inpad[0] (.input)                                          0.000     0.000
out[6].C[0] (dffre)                                               0.890     0.890
clock uncertainty                                                 0.000     0.890
cell setup time                                                  -0.032     0.859
data required time                                                          0.859
---------------------------------------------------------------------------------
data required time                                                          0.859
data arrival time                                                          -2.973
---------------------------------------------------------------------------------
slack (VIOLATED)                                                           -2.114


#Path 8
Startpoint: out[6].Q[0] (dffre clocked by clock0)
Endpoint  : out[7].D[0] (dffre clocked by clock0)
Path Type : setup

Point                                                              Incr      Path
---------------------------------------------------------------------------------
clock clock0 (rise edge)                                          0.000     0.000
clock source latency                                              0.000     0.000
clock0.inpad[0] (.input)                                          0.000     0.000
out[6].C[0] (dffre)                                               0.890     0.890
out[6].Q[0] (dffre) [clock-to-output]                             0.154     1.044
$abc$1686$abc$630$li07_li07.in[2] (.names)                        0.890     1.935
$abc$1686$abc$630$li07_li07.out[0] (.names)                       0.148     2.083
out[7].D[0] (dffre)                                               0.890     2.973
data arrival time                                                           2.973

clock clock0 (rise edge)                                          0.000     0.000
clock source latency                                              0.000     0.000
clock0.inpad[0] (.input)                                          0.000     0.000
out[7].C[0] (dffre)                                               0.890     0.890
clock uncertainty                                                 0.000     0.890
cell setup time                                                  -0.032     0.859
data required time                                                          0.859
---------------------------------------------------------------------------------
data required time                                                          0.859
data arrival time                                                          -2.973
---------------------------------------------------------------------------------
slack (VIOLATED)                                                           -2.114


#Path 9
Startpoint: out[7].Q[0] (dffre clocked by clock0)
Endpoint  : out[8].D[0] (dffre clocked by clock0)
Path Type : setup

Point                                                              Incr      Path
---------------------------------------------------------------------------------
clock clock0 (rise edge)                                          0.000     0.000
clock source latency                                              0.000     0.000
clock0.inpad[0] (.input)                                          0.000     0.000
out[7].C[0] (dffre)                                               0.890     0.890
out[7].Q[0] (dffre) [clock-to-output]                             0.154     1.044
$abc$1686$abc$630$li08_li08.in[2] (.names)                        0.890     1.935
$abc$1686$abc$630$li08_li08.out[0] (.names)                       0.148     2.083
out[8].D[0] (dffre)                                               0.890     2.973
data arrival time                                                           2.973

clock clock0 (rise edge)                                          0.000     0.000
clock source latency                                              0.000     0.000
clock0.inpad[0] (.input)                                          0.000     0.000
out[8].C[0] (dffre)                                               0.890     0.890
clock uncertainty                                                 0.000     0.890
cell setup time                                                  -0.032     0.859
data required time                                                          0.859
---------------------------------------------------------------------------------
data required time                                                          0.859
data arrival time                                                          -2.973
---------------------------------------------------------------------------------
slack (VIOLATED)                                                           -2.114


#Path 10
Startpoint: out[8].Q[0] (dffre clocked by clock0)
Endpoint  : out[9].D[0] (dffre clocked by clock0)
Path Type : setup

Point                                                              Incr      Path
---------------------------------------------------------------------------------
clock clock0 (rise edge)                                          0.000     0.000
clock source latency                                              0.000     0.000
clock0.inpad[0] (.input)                                          0.000     0.000
out[8].C[0] (dffre)                                               0.890     0.890
out[8].Q[0] (dffre) [clock-to-output]                             0.154     1.044
$abc$1686$abc$630$li09_li09.in[2] (.names)                        0.890     1.935
$abc$1686$abc$630$li09_li09.out[0] (.names)                       0.148     2.083
out[9].D[0] (dffre)                                               0.890     2.973
data arrival time                                                           2.973

clock clock0 (rise edge)                                          0.000     0.000
clock source latency                                              0.000     0.000
clock0.inpad[0] (.input)                                          0.000     0.000
out[9].C[0] (dffre)                                               0.890     0.890
clock uncertainty                                                 0.000     0.890
cell setup time                                                  -0.032     0.859
data required time                                                          0.859
---------------------------------------------------------------------------------
data required time                                                          0.859
data arrival time                                                          -2.973
---------------------------------------------------------------------------------
slack (VIOLATED)                                                           -2.114


#Path 11
Startpoint: out[11].Q[0] (dffre clocked by clock0)
Endpoint  : out[10].D[0] (dffre clocked by clock0)
Path Type : setup

Point                                                              Incr      Path
---------------------------------------------------------------------------------
clock clock0 (rise edge)                                          0.000     0.000
clock source latency                                              0.000     0.000
clock0.inpad[0] (.input)                                          0.000     0.000
out[11].C[0] (dffre)                                              0.890     0.890
out[11].Q[0] (dffre) [clock-to-output]                            0.154     1.044
$abc$1686$abc$630$li10_li10.in[2] (.names)                        0.890     1.935
$abc$1686$abc$630$li10_li10.out[0] (.names)                       0.148     2.083
out[10].D[0] (dffre)                                              0.890     2.973
data arrival time                                                           2.973

clock clock0 (rise edge)                                          0.000     0.000
clock source latency                                              0.000     0.000
clock0.inpad[0] (.input)                                          0.000     0.000
out[10].C[0] (dffre)                                              0.890     0.890
clock uncertainty                                                 0.000     0.890
cell setup time                                                  -0.032     0.859
data required time                                                          0.859
---------------------------------------------------------------------------------
data required time                                                          0.859
data arrival time                                                          -2.973
---------------------------------------------------------------------------------
slack (VIOLATED)                                                           -2.114


#Path 12
Startpoint: out[10].Q[0] (dffre clocked by clock0)
Endpoint  : out[11].D[0] (dffre clocked by clock0)
Path Type : setup

Point                                                              Incr      Path
---------------------------------------------------------------------------------
clock clock0 (rise edge)                                          0.000     0.000
clock source latency                                              0.000     0.000
clock0.inpad[0] (.input)                                          0.000     0.000
out[10].C[0] (dffre)                                              0.890     0.890
out[10].Q[0] (dffre) [clock-to-output]                            0.154     1.044
$abc$1686$abc$630$li11_li11.in[2] (.names)                        0.890     1.935
$abc$1686$abc$630$li11_li11.out[0] (.names)                       0.148     2.083
out[11].D[0] (dffre)                                              0.890     2.973
data arrival time                                                           2.973

clock clock0 (rise edge)                                          0.000     0.000
clock source latency                                              0.000     0.000
clock0.inpad[0] (.input)                                          0.000     0.000
out[11].C[0] (dffre)                                              0.890     0.890
clock uncertainty                                                 0.000     0.890
cell setup time                                                  -0.032     0.859
data required time                                                          0.859
---------------------------------------------------------------------------------
data required time                                                          0.859
data arrival time                                                          -2.973
---------------------------------------------------------------------------------
slack (VIOLATED)                                                           -2.114


#Path 13
Startpoint: out[13].Q[0] (dffre clocked by clock0)
Endpoint  : out[12].D[0] (dffre clocked by clock0)
Path Type : setup

Point                                                              Incr      Path
---------------------------------------------------------------------------------
clock clock0 (rise edge)                                          0.000     0.000
clock source latency                                              0.000     0.000
clock0.inpad[0] (.input)                                          0.000     0.000
out[13].C[0] (dffre)                                              0.890     0.890
out[13].Q[0] (dffre) [clock-to-output]                            0.154     1.044
$abc$1686$abc$630$li12_li12.in[2] (.names)                        0.890     1.935
$abc$1686$abc$630$li12_li12.out[0] (.names)                       0.148     2.083
out[12].D[0] (dffre)                                              0.890     2.973
data arrival time                                                           2.973

clock clock0 (rise edge)                                          0.000     0.000
clock source latency                                              0.000     0.000
clock0.inpad[0] (.input)                                          0.000     0.000
out[12].C[0] (dffre)                                              0.890     0.890
clock uncertainty                                                 0.000     0.890
cell setup time                                                  -0.032     0.859
data required time                                                          0.859
---------------------------------------------------------------------------------
data required time                                                          0.859
data arrival time                                                          -2.973
---------------------------------------------------------------------------------
slack (VIOLATED)                                                           -2.114


#Path 14
Startpoint: out[14].Q[0] (dffre clocked by clock0)
Endpoint  : out[15].D[0] (dffre clocked by clock0)
Path Type : setup

Point                                                              Incr      Path
---------------------------------------------------------------------------------
clock clock0 (rise edge)                                          0.000     0.000
clock source latency                                              0.000     0.000
clock0.inpad[0] (.input)                                          0.000     0.000
out[14].C[0] (dffre)                                              0.890     0.890
out[14].Q[0] (dffre) [clock-to-output]                            0.154     1.044
$abc$1686$abc$630$li15_li15.in[2] (.names)                        0.890     1.935
$abc$1686$abc$630$li15_li15.out[0] (.names)                       0.148     2.083
out[15].D[0] (dffre)                                              0.890     2.973
data arrival time                                                           2.973

clock clock0 (rise edge)                                          0.000     0.000
clock source latency                                              0.000     0.000
clock0.inpad[0] (.input)                                          0.000     0.000
out[15].C[0] (dffre)                                              0.890     0.890
clock uncertainty                                                 0.000     0.890
cell setup time                                                  -0.032     0.859
data required time                                                          0.859
---------------------------------------------------------------------------------
data required time                                                          0.859
data arrival time                                                          -2.973
---------------------------------------------------------------------------------
slack (VIOLATED)                                                           -2.114


#Path 15
Startpoint: out[12].Q[0] (dffre clocked by clock0)
Endpoint  : out[13].D[0] (dffre clocked by clock0)
Path Type : setup

Point                                                              Incr      Path
---------------------------------------------------------------------------------
clock clock0 (rise edge)                                          0.000     0.000
clock source latency                                              0.000     0.000
clock0.inpad[0] (.input)                                          0.000     0.000
out[12].C[0] (dffre)                                              0.890     0.890
out[12].Q[0] (dffre) [clock-to-output]                            0.154     1.044
$abc$1686$abc$630$li13_li13.in[2] (.names)                        0.890     1.935
$abc$1686$abc$630$li13_li13.out[0] (.names)                       0.148     2.083
out[13].D[0] (dffre)                                              0.890     2.973
data arrival time                                                           2.973

clock clock0 (rise edge)                                          0.000     0.000
clock source latency                                              0.000     0.000
clock0.inpad[0] (.input)                                          0.000     0.000
out[13].C[0] (dffre)                                              0.890     0.890
clock uncertainty                                                 0.000     0.890
cell setup time                                                  -0.032     0.859
data required time                                                          0.859
---------------------------------------------------------------------------------
data required time                                                          0.859
data arrival time                                                          -2.973
---------------------------------------------------------------------------------
slack (VIOLATED)                                                           -2.114


#Path 16
Startpoint: out[13].Q[0] (dffre clocked by clock0)
Endpoint  : out[14].D[0] (dffre clocked by clock0)
Path Type : setup

Point                                                              Incr      Path
---------------------------------------------------------------------------------
clock clock0 (rise edge)                                          0.000     0.000
clock source latency                                              0.000     0.000
clock0.inpad[0] (.input)                                          0.000     0.000
out[13].C[0] (dffre)                                              0.890     0.890
out[13].Q[0] (dffre) [clock-to-output]                            0.154     1.044
$abc$1686$abc$630$li14_li14.in[2] (.names)                        0.890     1.935
$abc$1686$abc$630$li14_li14.out[0] (.names)                       0.148     2.083
out[14].D[0] (dffre)                                              0.890     2.973
data arrival time                                                           2.973

clock clock0 (rise edge)                                          0.000     0.000
clock source latency                                              0.000     0.000
clock0.inpad[0] (.input)                                          0.000     0.000
out[14].C[0] (dffre)                                              0.890     0.890
clock uncertainty                                                 0.000     0.890
cell setup time                                                  -0.032     0.859
data required time                                                          0.859
---------------------------------------------------------------------------------
data required time                                                          0.859
data arrival time                                                          -2.973
---------------------------------------------------------------------------------
slack (VIOLATED)                                                           -2.114


#Path 17
Startpoint: out[15].Q[0] (dffre clocked by clock0)
Endpoint  : out[0].D[0] (dffre clocked by clock0)
Path Type : setup

Point                                                              Incr      Path
---------------------------------------------------------------------------------
clock clock0 (rise edge)                                          0.000     0.000
clock source latency                                              0.000     0.000
clock0.inpad[0] (.input)                                          0.000     0.000
out[15].C[0] (dffre)                                              0.890     0.890
out[15].Q[0] (dffre) [clock-to-output]                            0.154     1.044
$abc$1686$abc$630$li00_li00.in[2] (.names)                        0.890     1.935
$abc$1686$abc$630$li00_li00.out[0] (.names)                       0.148     2.083
out[0].D[0] (dffre)                                               0.890     2.973
data arrival time                                                           2.973

clock clock0 (rise edge)                                          0.000     0.000
clock source latency                                              0.000     0.000
clock0.inpad[0] (.input)                                          0.000     0.000
out[0].C[0] (dffre)                                               0.890     0.890
clock uncertainty                                                 0.000     0.890
cell setup time                                                  -0.032     0.859
data required time                                                          0.859
---------------------------------------------------------------------------------
data required time                                                          0.859
data arrival time                                                          -2.973
---------------------------------------------------------------------------------
slack (VIOLATED)                                                           -2.114


#Path 18
Startpoint: out[0].Q[0] (dffre clocked by clock0)
Endpoint  : out:out[0].outpad[0] (.output clocked by clock0)
Path Type : setup

Point                                                             Incr      Path
--------------------------------------------------------------------------------
clock clock0 (rise edge)                                         0.000     0.000
clock source latency                                             0.000     0.000
clock0.inpad[0] (.input)                                         0.000     0.000
out[0].C[0] (dffre)                                              0.890     0.890
out[0].Q[0] (dffre) [clock-to-output]                            0.154     1.044
out:out[0].outpad[0] (.output)                                   0.890     1.935
data arrival time                                                          1.935

clock clock0 (rise edge)                                         0.000     0.000
clock source latency                                             0.000     0.000
clock uncertainty                                                0.000     0.000
output external delay                                            0.000     0.000
data required time                                                         0.000
--------------------------------------------------------------------------------
data required time                                                         0.000
data arrival time                                                         -1.935
--------------------------------------------------------------------------------
slack (VIOLATED)                                                          -1.935


#Path 19
Startpoint: out[15].Q[0] (dffre clocked by clock0)
Endpoint  : out:out[15].outpad[0] (.output clocked by clock0)
Path Type : setup

Point                                                             Incr      Path
--------------------------------------------------------------------------------
clock clock0 (rise edge)                                         0.000     0.000
clock source latency                                             0.000     0.000
clock0.inpad[0] (.input)                                         0.000     0.000
out[15].C[0] (dffre)                                             0.890     0.890
out[15].Q[0] (dffre) [clock-to-output]                           0.154     1.044
out:out[15].outpad[0] (.output)                                  0.890     1.935
data arrival time                                                          1.935

clock clock0 (rise edge)                                         0.000     0.000
clock source latency                                             0.000     0.000
clock uncertainty                                                0.000     0.000
output external delay                                            0.000     0.000
data required time                                                         0.000
--------------------------------------------------------------------------------
data required time                                                         0.000
data arrival time                                                         -1.935
--------------------------------------------------------------------------------
slack (VIOLATED)                                                          -1.935


#Path 20
Startpoint: out[14].Q[0] (dffre clocked by clock0)
Endpoint  : out:out[14].outpad[0] (.output clocked by clock0)
Path Type : setup

Point                                                             Incr      Path
--------------------------------------------------------------------------------
clock clock0 (rise edge)                                         0.000     0.000
clock source latency                                             0.000     0.000
clock0.inpad[0] (.input)                                         0.000     0.000
out[14].C[0] (dffre)                                             0.890     0.890
out[14].Q[0] (dffre) [clock-to-output]                           0.154     1.044
out:out[14].outpad[0] (.output)                                  0.890     1.935
data arrival time                                                          1.935

clock clock0 (rise edge)                                         0.000     0.000
clock source latency                                             0.000     0.000
clock uncertainty                                                0.000     0.000
output external delay                                            0.000     0.000
data required time                                                         0.000
--------------------------------------------------------------------------------
data required time                                                         0.000
data arrival time                                                         -1.935
--------------------------------------------------------------------------------
slack (VIOLATED)                                                          -1.935


#Path 21
Startpoint: out[13].Q[0] (dffre clocked by clock0)
Endpoint  : out:out[13].outpad[0] (.output clocked by clock0)
Path Type : setup

Point                                                             Incr      Path
--------------------------------------------------------------------------------
clock clock0 (rise edge)                                         0.000     0.000
clock source latency                                             0.000     0.000
clock0.inpad[0] (.input)                                         0.000     0.000
out[13].C[0] (dffre)                                             0.890     0.890
out[13].Q[0] (dffre) [clock-to-output]                           0.154     1.044
out:out[13].outpad[0] (.output)                                  0.890     1.935
data arrival time                                                          1.935

clock clock0 (rise edge)                                         0.000     0.000
clock source latency                                             0.000     0.000
clock uncertainty                                                0.000     0.000
output external delay                                            0.000     0.000
data required time                                                         0.000
--------------------------------------------------------------------------------
data required time                                                         0.000
data arrival time                                                         -1.935
--------------------------------------------------------------------------------
slack (VIOLATED)                                                          -1.935


#Path 22
Startpoint: out[12].Q[0] (dffre clocked by clock0)
Endpoint  : out:out[12].outpad[0] (.output clocked by clock0)
Path Type : setup

Point                                                             Incr      Path
--------------------------------------------------------------------------------
clock clock0 (rise edge)                                         0.000     0.000
clock source latency                                             0.000     0.000
clock0.inpad[0] (.input)                                         0.000     0.000
out[12].C[0] (dffre)                                             0.890     0.890
out[12].Q[0] (dffre) [clock-to-output]                           0.154     1.044
out:out[12].outpad[0] (.output)                                  0.890     1.935
data arrival time                                                          1.935

clock clock0 (rise edge)                                         0.000     0.000
clock source latency                                             0.000     0.000
clock uncertainty                                                0.000     0.000
output external delay                                            0.000     0.000
data required time                                                         0.000
--------------------------------------------------------------------------------
data required time                                                         0.000
data arrival time                                                         -1.935
--------------------------------------------------------------------------------
slack (VIOLATED)                                                          -1.935


#Path 23
Startpoint: out[11].Q[0] (dffre clocked by clock0)
Endpoint  : out:out[11].outpad[0] (.output clocked by clock0)
Path Type : setup

Point                                                             Incr      Path
--------------------------------------------------------------------------------
clock clock0 (rise edge)                                         0.000     0.000
clock source latency                                             0.000     0.000
clock0.inpad[0] (.input)                                         0.000     0.000
out[11].C[0] (dffre)                                             0.890     0.890
out[11].Q[0] (dffre) [clock-to-output]                           0.154     1.044
out:out[11].outpad[0] (.output)                                  0.890     1.935
data arrival time                                                          1.935

clock clock0 (rise edge)                                         0.000     0.000
clock source latency                                             0.000     0.000
clock uncertainty                                                0.000     0.000
output external delay                                            0.000     0.000
data required time                                                         0.000
--------------------------------------------------------------------------------
data required time                                                         0.000
data arrival time                                                         -1.935
--------------------------------------------------------------------------------
slack (VIOLATED)                                                          -1.935


#Path 24
Startpoint: out[10].Q[0] (dffre clocked by clock0)
Endpoint  : out:out[10].outpad[0] (.output clocked by clock0)
Path Type : setup

Point                                                             Incr      Path
--------------------------------------------------------------------------------
clock clock0 (rise edge)                                         0.000     0.000
clock source latency                                             0.000     0.000
clock0.inpad[0] (.input)                                         0.000     0.000
out[10].C[0] (dffre)                                             0.890     0.890
out[10].Q[0] (dffre) [clock-to-output]                           0.154     1.044
out:out[10].outpad[0] (.output)                                  0.890     1.935
data arrival time                                                          1.935

clock clock0 (rise edge)                                         0.000     0.000
clock source latency                                             0.000     0.000
clock uncertainty                                                0.000     0.000
output external delay                                            0.000     0.000
data required time                                                         0.000
--------------------------------------------------------------------------------
data required time                                                         0.000
data arrival time                                                         -1.935
--------------------------------------------------------------------------------
slack (VIOLATED)                                                          -1.935


#Path 25
Startpoint: out[9].Q[0] (dffre clocked by clock0)
Endpoint  : out:out[9].outpad[0] (.output clocked by clock0)
Path Type : setup

Point                                                             Incr      Path
--------------------------------------------------------------------------------
clock clock0 (rise edge)                                         0.000     0.000
clock source latency                                             0.000     0.000
clock0.inpad[0] (.input)                                         0.000     0.000
out[9].C[0] (dffre)                                              0.890     0.890
out[9].Q[0] (dffre) [clock-to-output]                            0.154     1.044
out:out[9].outpad[0] (.output)                                   0.890     1.935
data arrival time                                                          1.935

clock clock0 (rise edge)                                         0.000     0.000
clock source latency                                             0.000     0.000
clock uncertainty                                                0.000     0.000
output external delay                                            0.000     0.000
data required time                                                         0.000
--------------------------------------------------------------------------------
data required time                                                         0.000
data arrival time                                                         -1.935
--------------------------------------------------------------------------------
slack (VIOLATED)                                                          -1.935


#Path 26
Startpoint: out[8].Q[0] (dffre clocked by clock0)
Endpoint  : out:out[8].outpad[0] (.output clocked by clock0)
Path Type : setup

Point                                                             Incr      Path
--------------------------------------------------------------------------------
clock clock0 (rise edge)                                         0.000     0.000
clock source latency                                             0.000     0.000
clock0.inpad[0] (.input)                                         0.000     0.000
out[8].C[0] (dffre)                                              0.890     0.890
out[8].Q[0] (dffre) [clock-to-output]                            0.154     1.044
out:out[8].outpad[0] (.output)                                   0.890     1.935
data arrival time                                                          1.935

clock clock0 (rise edge)                                         0.000     0.000
clock source latency                                             0.000     0.000
clock uncertainty                                                0.000     0.000
output external delay                                            0.000     0.000
data required time                                                         0.000
--------------------------------------------------------------------------------
data required time                                                         0.000
data arrival time                                                         -1.935
--------------------------------------------------------------------------------
slack (VIOLATED)                                                          -1.935


#Path 27
Startpoint: out[7].Q[0] (dffre clocked by clock0)
Endpoint  : out:out[7].outpad[0] (.output clocked by clock0)
Path Type : setup

Point                                                             Incr      Path
--------------------------------------------------------------------------------
clock clock0 (rise edge)                                         0.000     0.000
clock source latency                                             0.000     0.000
clock0.inpad[0] (.input)                                         0.000     0.000
out[7].C[0] (dffre)                                              0.890     0.890
out[7].Q[0] (dffre) [clock-to-output]                            0.154     1.044
out:out[7].outpad[0] (.output)                                   0.890     1.935
data arrival time                                                          1.935

clock clock0 (rise edge)                                         0.000     0.000
clock source latency                                             0.000     0.000
clock uncertainty                                                0.000     0.000
output external delay                                            0.000     0.000
data required time                                                         0.000
--------------------------------------------------------------------------------
data required time                                                         0.000
data arrival time                                                         -1.935
--------------------------------------------------------------------------------
slack (VIOLATED)                                                          -1.935


#Path 28
Startpoint: out[6].Q[0] (dffre clocked by clock0)
Endpoint  : out:out[6].outpad[0] (.output clocked by clock0)
Path Type : setup

Point                                                             Incr      Path
--------------------------------------------------------------------------------
clock clock0 (rise edge)                                         0.000     0.000
clock source latency                                             0.000     0.000
clock0.inpad[0] (.input)                                         0.000     0.000
out[6].C[0] (dffre)                                              0.890     0.890
out[6].Q[0] (dffre) [clock-to-output]                            0.154     1.044
out:out[6].outpad[0] (.output)                                   0.890     1.935
data arrival time                                                          1.935

clock clock0 (rise edge)                                         0.000     0.000
clock source latency                                             0.000     0.000
clock uncertainty                                                0.000     0.000
output external delay                                            0.000     0.000
data required time                                                         0.000
--------------------------------------------------------------------------------
data required time                                                         0.000
data arrival time                                                         -1.935
--------------------------------------------------------------------------------
slack (VIOLATED)                                                          -1.935


#Path 29
Startpoint: out[5].Q[0] (dffre clocked by clock0)
Endpoint  : out:out[5].outpad[0] (.output clocked by clock0)
Path Type : setup

Point                                                             Incr      Path
--------------------------------------------------------------------------------
clock clock0 (rise edge)                                         0.000     0.000
clock source latency                                             0.000     0.000
clock0.inpad[0] (.input)                                         0.000     0.000
out[5].C[0] (dffre)                                              0.890     0.890
out[5].Q[0] (dffre) [clock-to-output]                            0.154     1.044
out:out[5].outpad[0] (.output)                                   0.890     1.935
data arrival time                                                          1.935

clock clock0 (rise edge)                                         0.000     0.000
clock source latency                                             0.000     0.000
clock uncertainty                                                0.000     0.000
output external delay                                            0.000     0.000
data required time                                                         0.000
--------------------------------------------------------------------------------
data required time                                                         0.000
data arrival time                                                         -1.935
--------------------------------------------------------------------------------
slack (VIOLATED)                                                          -1.935


#Path 30
Startpoint: out[4].Q[0] (dffre clocked by clock0)
Endpoint  : out:out[4].outpad[0] (.output clocked by clock0)
Path Type : setup

Point                                                             Incr      Path
--------------------------------------------------------------------------------
clock clock0 (rise edge)                                         0.000     0.000
clock source latency                                             0.000     0.000
clock0.inpad[0] (.input)                                         0.000     0.000
out[4].C[0] (dffre)                                              0.890     0.890
out[4].Q[0] (dffre) [clock-to-output]                            0.154     1.044
out:out[4].outpad[0] (.output)                                   0.890     1.935
data arrival time                                                          1.935

clock clock0 (rise edge)                                         0.000     0.000
clock source latency                                             0.000     0.000
clock uncertainty                                                0.000     0.000
output external delay                                            0.000     0.000
data required time                                                         0.000
--------------------------------------------------------------------------------
data required time                                                         0.000
data arrival time                                                         -1.935
--------------------------------------------------------------------------------
slack (VIOLATED)                                                          -1.935


#Path 31
Startpoint: out[3].Q[0] (dffre clocked by clock0)
Endpoint  : out:out[3].outpad[0] (.output clocked by clock0)
Path Type : setup

Point                                                             Incr      Path
--------------------------------------------------------------------------------
clock clock0 (rise edge)                                         0.000     0.000
clock source latency                                             0.000     0.000
clock0.inpad[0] (.input)                                         0.000     0.000
out[3].C[0] (dffre)                                              0.890     0.890
out[3].Q[0] (dffre) [clock-to-output]                            0.154     1.044
out:out[3].outpad[0] (.output)                                   0.890     1.935
data arrival time                                                          1.935

clock clock0 (rise edge)                                         0.000     0.000
clock source latency                                             0.000     0.000
clock uncertainty                                                0.000     0.000
output external delay                                            0.000     0.000
data required time                                                         0.000
--------------------------------------------------------------------------------
data required time                                                         0.000
data arrival time                                                         -1.935
--------------------------------------------------------------------------------
slack (VIOLATED)                                                          -1.935


#Path 32
Startpoint: out[2].Q[0] (dffre clocked by clock0)
Endpoint  : out:out[2].outpad[0] (.output clocked by clock0)
Path Type : setup

Point                                                             Incr      Path
--------------------------------------------------------------------------------
clock clock0 (rise edge)                                         0.000     0.000
clock source latency                                             0.000     0.000
clock0.inpad[0] (.input)                                         0.000     0.000
out[2].C[0] (dffre)                                              0.890     0.890
out[2].Q[0] (dffre) [clock-to-output]                            0.154     1.044
out:out[2].outpad[0] (.output)                                   0.890     1.935
data arrival time                                                          1.935

clock clock0 (rise edge)                                         0.000     0.000
clock source latency                                             0.000     0.000
clock uncertainty                                                0.000     0.000
output external delay                                            0.000     0.000
data required time                                                         0.000
--------------------------------------------------------------------------------
data required time                                                         0.000
data arrival time                                                         -1.935
--------------------------------------------------------------------------------
slack (VIOLATED)                                                          -1.935


#Path 33
Startpoint: out[1].Q[0] (dffre clocked by clock0)
Endpoint  : out:out[1].outpad[0] (.output clocked by clock0)
Path Type : setup

Point                                                             Incr      Path
--------------------------------------------------------------------------------
clock clock0 (rise edge)                                         0.000     0.000
clock source latency                                             0.000     0.000
clock0.inpad[0] (.input)                                         0.000     0.000
out[1].C[0] (dffre)                                              0.890     0.890
out[1].Q[0] (dffre) [clock-to-output]                            0.154     1.044
out:out[1].outpad[0] (.output)                                   0.890     1.935
data arrival time                                                          1.935

clock clock0 (rise edge)                                         0.000     0.000
clock source latency                                             0.000     0.000
clock uncertainty                                                0.000     0.000
output external delay                                            0.000     0.000
data required time                                                         0.000
--------------------------------------------------------------------------------
data required time                                                         0.000
data arrival time                                                         -1.935
--------------------------------------------------------------------------------
slack (VIOLATED)                                                          -1.935


#End of timing report
