/*******************************************************************************
Copyright (c) 2022-2024 Rapid Silicon
This source code contains proprietary information belonging to Rapid Silicon
(the "licensor") released under license and non-disclosure agreement to the
recipient (the "licensee").

The information shared and protected by the license and non-disclosure agreement
includes but is not limited to the following:
* operational algorithms of the product
* logos, graphics, source code, and visual presentation of the product
* confidential operational information of the licensor

The recipient of this source code is NOT permitted to publicly disclose,
re-use, archive beyond the period of the license agreement, transfer to a
sub-licensee, or re-implement any portion of the content covered by the license
and non-disclosure agreement without the prior written consent of the licensor.
*********************************************************************************/

Version  : 2024.11
Build    : 1.2.29
Hash     : 7d8208b
Date     : Nov 15 2024
Type     : Engineering
Log Time   : Fri Nov 15 13:16:28 2024 GMT
Icarus Verilog Preprocessor version 13.0 (devel) (s20221226-498-g52d049b51)

Copyright (c) 1999-2024 Stephen Williams (steve@icarus.com)

  This program is free software; you can redistribute it and/or modify
  it under the terms of the GNU General Public License as published by
  the Free Software Foundation; either version 2 of the License, or
  (at your option) any later version.

  This program is distributed in the hope that it will be useful,
  but WITHOUT ANY WARRANTY; without even the implied warranty of
  MERCHANTABILITY or FITNESS FOR A PARTICULAR PURPOSE.  See the
  GNU General Public License for more details.

  You should have received a copy of the GNU General Public License along
  with this program; if not, write to the Free Software Foundation, Inc.,
  51 Franklin Street, Fifth Floor, Boston, MA 02110-1301, USA.
Indexing library: ../../../../../.././rtl
Using language generation: IEEE1800-2012,specify,no-interconnect,xtypes,icarus-misc
PARSING INPUT
/nfs_eda_sw/softwares/Raptor/instl_dir/11_15_2024_09_15_02/share/raptor/sim_models/rapidsilicon/genesis3/FPGA_PRIMITIVES_MODELS/sim_models/verilog/I_SERDES.v:798: warning: Timing checks are not supported. 
/nfs_eda_sw/softwares/Raptor/instl_dir/11_15_2024_09_15_02/share/raptor/sim_models/rapidsilicon/genesis3/FPGA_PRIMITIVES_MODELS/sim_models/verilog/I_SERDES.v:799: warning: Timing checks are not supported. 
/nfs_eda_sw/softwares/Raptor/instl_dir/11_15_2024_09_15_02/share/raptor/sim_models/rapidsilicon/genesis3/FPGA_PRIMITIVES_MODELS/sim_models/verilog/I_SERDES.v:800: warning: Timing checks are not supported. 
/nfs_eda_sw/softwares/Raptor/instl_dir/11_15_2024_09_15_02/share/raptor/sim_models/rapidsilicon/genesis3/FPGA_PRIMITIVES_MODELS/sim_models/verilog/I_SERDES.v:801: warning: Timing checks are not supported. 
/nfs_eda_sw/softwares/Raptor/instl_dir/11_15_2024_09_15_02/share/raptor/sim_models/rapidsilicon/genesis3/FPGA_PRIMITIVES_MODELS/sim_models/verilog/I_SERDES.v:802: warning: Timing checks are not supported. 
/nfs_eda_sw/softwares/Raptor/instl_dir/11_15_2024_09_15_02/share/raptor/sim_models/rapidsilicon/genesis3/FPGA_PRIMITIVES_MODELS/sim_models/verilog/I_SERDES.v:803: warning: Timing checks are not supported. 
/nfs_eda_sw/softwares/Raptor/instl_dir/11_15_2024_09_15_02/share/raptor/sim_models/rapidsilicon/genesis3/FPGA_PRIMITIVES_MODELS/sim_models/verilog/I_SERDES.v:805: warning: Timing checks are not supported. 
/nfs_eda_sw/softwares/Raptor/instl_dir/11_15_2024_09_15_02/share/raptor/sim_models/rapidsilicon/genesis3/FPGA_PRIMITIVES_MODELS/sim_models/verilog/I_SERDES.v:806: warning: Timing checks are not supported. 
/nfs_eda_sw/softwares/Raptor/instl_dir/11_15_2024_09_15_02/share/raptor/sim_models/rapidsilicon/genesis3/FPGA_PRIMITIVES_MODELS/sim_models/verilog/I_SERDES.v:807: warning: Timing checks are not supported. 
/nfs_eda_sw/softwares/Raptor/instl_dir/11_15_2024_09_15_02/share/raptor/sim_models/rapidsilicon/genesis3/FPGA_PRIMITIVES_MODELS/sim_models/verilog/I_SERDES.v:808: warning: Timing checks are not supported. 
/nfs_eda_sw/softwares/Raptor/instl_dir/11_15_2024_09_15_02/share/raptor/sim_models/rapidsilicon/genesis3/FPGA_PRIMITIVES_MODELS/sim_models/verilog/I_SERDES.v:809: warning: Timing checks are not supported. 
/nfs_eda_sw/softwares/Raptor/instl_dir/11_15_2024_09_15_02/share/raptor/sim_models/rapidsilicon/genesis3/FPGA_PRIMITIVES_MODELS/sim_models/verilog/I_SERDES.v:810: warning: Timing checks are not supported. 
/nfs_eda_sw/softwares/Raptor/instl_dir/11_15_2024_09_15_02/share/raptor/sim_models/rapidsilicon/genesis3/FPGA_PRIMITIVES_MODELS/sim_models/verilog/O_DELAY.v:74: warning: Timing checks are not supported. 
/nfs_eda_sw/softwares/Raptor/instl_dir/11_15_2024_09_15_02/share/raptor/sim_models/rapidsilicon/genesis3/FPGA_PRIMITIVES_MODELS/sim_models/verilog/O_DELAY.v:75: warning: Timing checks are not supported. 
/nfs_eda_sw/softwares/Raptor/instl_dir/11_15_2024_09_15_02/share/raptor/sim_models/rapidsilicon/genesis3/FPGA_PRIMITIVES_MODELS/sim_models/verilog/O_DELAY.v:76: warning: Timing checks are not supported. 
/nfs_eda_sw/softwares/Raptor/instl_dir/11_15_2024_09_15_02/share/raptor/sim_models/rapidsilicon/genesis3/FPGA_PRIMITIVES_MODELS/sim_models/verilog/O_DELAY.v:77: warning: Timing checks are not supported. 
/nfs_eda_sw/softwares/Raptor/instl_dir/11_15_2024_09_15_02/share/raptor/sim_models/rapidsilicon/genesis3/FPGA_PRIMITIVES_MODELS/sim_models/verilog/O_DELAY.v:78: warning: Timing checks are not supported. 
/nfs_eda_sw/softwares/Raptor/instl_dir/11_15_2024_09_15_02/share/raptor/sim_models/rapidsilicon/genesis3/FPGA_PRIMITIVES_MODELS/sim_models/verilog/O_DELAY.v:79: warning: Timing checks are not supported. 
/nfs_eda_sw/softwares/Raptor/instl_dir/11_15_2024_09_15_02/share/raptor/sim_models/rapidsilicon/genesis3/FPGA_PRIMITIVES_MODELS/sim_models/verilog/O_DELAY.v:80: warning: Timing checks are not supported. 
/nfs_eda_sw/softwares/Raptor/instl_dir/11_15_2024_09_15_02/share/raptor/sim_models/rapidsilicon/genesis3/FPGA_PRIMITIVES_MODELS/sim_models/verilog/O_DELAY.v:81: warning: Timing checks are not supported. 
/nfs_eda_sw/softwares/Raptor/instl_dir/11_15_2024_09_15_02/share/raptor/sim_models/rapidsilicon/genesis3/FPGA_PRIMITIVES_MODELS/sim_models/verilog/O_DELAY.v:82: warning: Timing checks are not supported. 
/nfs_eda_sw/softwares/Raptor/instl_dir/11_15_2024_09_15_02/share/raptor/sim_models/rapidsilicon/genesis3/FPGA_PRIMITIVES_MODELS/sim_models/verilog/O_DELAY.v:83: warning: Timing checks are not supported. 
/nfs_eda_sw/softwares/Raptor/instl_dir/11_15_2024_09_15_02/share/raptor/sim_models/rapidsilicon/genesis3/FPGA_PRIMITIVES_MODELS/sim_models/verilog/O_DELAY.v:84: warning: Timing checks are not supported. 
/nfs_eda_sw/softwares/Raptor/instl_dir/11_15_2024_09_15_02/share/raptor/sim_models/rapidsilicon/genesis3/FPGA_PRIMITIVES_MODELS/sim_models/verilog/O_DELAY.v:85: warning: Timing checks are not supported. 
/nfs_eda_sw/softwares/Raptor/instl_dir/11_15_2024_09_15_02/share/raptor/sim_models/rapidsilicon/genesis3/FPGA_PRIMITIVES_MODELS/sim_models/verilog/O_DELAY.v:86: warning: Timing checks are not supported. 
/nfs_eda_sw/softwares/Raptor/instl_dir/11_15_2024_09_15_02/share/raptor/sim_models/rapidsilicon/genesis3/FPGA_PRIMITIVES_MODELS/sim_models/verilog/O_DELAY.v:87: warning: Timing checks are not supported. 
/nfs_eda_sw/softwares/Raptor/instl_dir/11_15_2024_09_15_02/share/raptor/sim_models/rapidsilicon/genesis3/FPGA_PRIMITIVES_MODELS/sim_models/verilog/O_DELAY.v:88: warning: Timing checks are not supported. 
/nfs_eda_sw/softwares/Raptor/instl_dir/11_15_2024_09_15_02/share/raptor/sim_models/rapidsilicon/genesis3/FPGA_PRIMITIVES_MODELS/sim_models/verilog/O_DELAY.v:89: warning: Timing checks are not supported. 
/nfs_eda_sw/softwares/Raptor/instl_dir/11_15_2024_09_15_02/share/raptor/sim_models/rapidsilicon/genesis3/FPGA_PRIMITIVES_MODELS/sim_models/verilog/O_SERDES.v:275: warning: Timing checks are not supported. 
/nfs_eda_sw/softwares/Raptor/instl_dir/11_15_2024_09_15_02/share/raptor/sim_models/rapidsilicon/genesis3/FPGA_PRIMITIVES_MODELS/sim_models/verilog/O_SERDES.v:276: warning: Timing checks are not supported. 
/nfs_eda_sw/softwares/Raptor/instl_dir/11_15_2024_09_15_02/share/raptor/sim_models/rapidsilicon/genesis3/FPGA_PRIMITIVES_MODELS/sim_models/verilog/O_SERDES.v:277: warning: Timing checks are not supported. 
/nfs_eda_sw/softwares/Raptor/instl_dir/11_15_2024_09_15_02/share/raptor/sim_models/rapidsilicon/genesis3/FPGA_PRIMITIVES_MODELS/sim_models/verilog/O_SERDES.v:278: warning: Timing checks are not supported. 
/nfs_eda_sw/softwares/Raptor/instl_dir/11_15_2024_09_15_02/share/raptor/sim_models/rapidsilicon/genesis3/FPGA_PRIMITIVES_MODELS/sim_models/verilog/O_SERDES.v:279: warning: Timing checks are not supported. 
/nfs_eda_sw/softwares/Raptor/instl_dir/11_15_2024_09_15_02/share/raptor/sim_models/rapidsilicon/genesis3/FPGA_PRIMITIVES_MODELS/sim_models/verilog/O_SERDES.v:280: warning: Timing checks are not supported. 
/nfs_eda_sw/softwares/Raptor/instl_dir/11_15_2024_09_15_02/share/raptor/sim_models/rapidsilicon/genesis3/FPGA_PRIMITIVES_MODELS/sim_models/verilog/O_SERDES.v:282: warning: Timing checks are not supported. 
/nfs_eda_sw/softwares/Raptor/instl_dir/11_15_2024_09_15_02/share/raptor/sim_models/rapidsilicon/genesis3/FPGA_PRIMITIVES_MODELS/sim_models/verilog/O_SERDES.v:283: warning: Timing checks are not supported. 
/nfs_eda_sw/softwares/Raptor/instl_dir/11_15_2024_09_15_02/share/raptor/sim_models/rapidsilicon/genesis3/FPGA_PRIMITIVES_MODELS/sim_models/verilog/O_SERDES.v:284: warning: Timing checks are not supported. 
/nfs_eda_sw/softwares/Raptor/instl_dir/11_15_2024_09_15_02/share/raptor/sim_models/rapidsilicon/genesis3/FPGA_PRIMITIVES_MODELS/sim_models/verilog/O_SERDES.v:285: warning: Timing checks are not supported. 
/nfs_eda_sw/softwares/Raptor/instl_dir/11_15_2024_09_15_02/share/raptor/sim_models/rapidsilicon/genesis3/FPGA_PRIMITIVES_MODELS/sim_models/verilog/O_SERDES.v:286: warning: Timing checks are not supported. 
/nfs_eda_sw/softwares/Raptor/instl_dir/11_15_2024_09_15_02/share/raptor/sim_models/rapidsilicon/genesis3/FPGA_PRIMITIVES_MODELS/sim_models/verilog/O_SERDES.v:287: warning: Timing checks are not supported. 
/nfs_eda_sw/softwares/Raptor/instl_dir/11_15_2024_09_15_02/share/raptor/sim_models/rapidsilicon/genesis3/FPGA_PRIMITIVES_MODELS/sim_models/verilog/O_SERDES.v:288: warning: Timing checks are not supported. 
/nfs_eda_sw/softwares/Raptor/instl_dir/11_15_2024_09_15_02/share/raptor/sim_models/rapidsilicon/genesis3/FPGA_PRIMITIVES_MODELS/sim_models/verilog/O_SERDES.v:289: warning: Timing checks are not supported. 
/nfs_eda_sw/softwares/Raptor/instl_dir/11_15_2024_09_15_02/share/raptor/sim_models/rapidsilicon/genesis3/FPGA_PRIMITIVES_MODELS/sim_models/verilog/DFFNRE.v:67: warning: Timing checks are not supported.
/nfs_eda_sw/softwares/Raptor/instl_dir/11_15_2024_09_15_02/share/raptor/sim_models/rapidsilicon/genesis3/FPGA_PRIMITIVES_MODELS/sim_models/verilog/DFFNRE.v:68: warning: Timing checks are not supported.
/nfs_eda_sw/softwares/Raptor/instl_dir/11_15_2024_09_15_02/share/raptor/sim_models/rapidsilicon/genesis3/FPGA_PRIMITIVES_MODELS/sim_models/verilog/DFFNRE.v:69: warning: Timing checks are not supported.
/nfs_eda_sw/softwares/Raptor/instl_dir/11_15_2024_09_15_02/share/raptor/sim_models/rapidsilicon/genesis3/FPGA_PRIMITIVES_MODELS/sim_models/verilog/DFFNRE.v:70: warning: Timing checks are not supported.
/nfs_eda_sw/softwares/Raptor/instl_dir/11_15_2024_09_15_02/share/raptor/sim_models/rapidsilicon/genesis3/FPGA_PRIMITIVES_MODELS/sim_models/verilog/DFFNRE.v:71: warning: Timing checks are not supported.
/nfs_eda_sw/softwares/Raptor/instl_dir/11_15_2024_09_15_02/share/raptor/sim_models/rapidsilicon/genesis3/FPGA_PRIMITIVES_MODELS/sim_models/verilog/DFFNRE.v:72: warning: Timing checks are not supported.
/nfs_eda_sw/softwares/Raptor/instl_dir/11_15_2024_09_15_02/share/raptor/sim_models/rapidsilicon/genesis3/FPGA_PRIMITIVES_MODELS/sim_models/verilog/DFFNRE.v:73: warning: Timing checks are not supported.
/nfs_eda_sw/softwares/Raptor/instl_dir/11_15_2024_09_15_02/share/raptor/sim_models/rapidsilicon/genesis3/FPGA_PRIMITIVES_MODELS/sim_models/verilog/DFFNRE.v:74: warning: Timing checks are not supported.
/nfs_eda_sw/softwares/Raptor/instl_dir/11_15_2024_09_15_02/share/raptor/sim_models/rapidsilicon/genesis3/FPGA_PRIMITIVES_MODELS/sim_models/verilog/DFFNRE.v:76: warning: Timing checks are not supported. 
/nfs_eda_sw/softwares/Raptor/instl_dir/11_15_2024_09_15_02/share/raptor/sim_models/rapidsilicon/genesis3/FPGA_PRIMITIVES_MODELS/sim_models/verilog/DFFNRE.v:77: warning: Timing checks are not supported. 
/nfs_eda_sw/softwares/Raptor/instl_dir/11_15_2024_09_15_02/share/raptor/sim_models/rapidsilicon/genesis3/FPGA_PRIMITIVES_MODELS/sim_models/verilog/DFFNRE.v:78: warning: Timing checks are not supported.
/nfs_eda_sw/softwares/Raptor/instl_dir/11_15_2024_09_15_02/share/raptor/sim_models/rapidsilicon/genesis3/FPGA_PRIMITIVES_MODELS/sim_models/verilog/DFFNRE.v:79: warning: Timing checks are not supported.
/nfs_eda_sw/softwares/Raptor/instl_dir/11_15_2024_09_15_02/share/raptor/sim_models/rapidsilicon/genesis3/FPGA_PRIMITIVES_MODELS/sim_models/verilog/I_DDR.v:70: warning: Bit selects are not currently supported in path declarations. The declaration will be applied to the whole vector.
/nfs_eda_sw/softwares/Raptor/instl_dir/11_15_2024_09_15_02/share/raptor/sim_models/rapidsilicon/genesis3/FPGA_PRIMITIVES_MODELS/sim_models/verilog/I_DDR.v:71: warning: Bit selects are not currently supported in path declarations. The declaration will be applied to the whole vector.
/nfs_eda_sw/softwares/Raptor/instl_dir/11_15_2024_09_15_02/share/raptor/sim_models/rapidsilicon/genesis3/FPGA_PRIMITIVES_MODELS/sim_models/verilog/I_DDR.v:73: warning: Bit selects are not currently supported in path declarations. The declaration will be applied to the whole vector.
/nfs_eda_sw/softwares/Raptor/instl_dir/11_15_2024_09_15_02/share/raptor/sim_models/rapidsilicon/genesis3/FPGA_PRIMITIVES_MODELS/sim_models/verilog/I_DDR.v:74: warning: Bit selects are not currently supported in path declarations. The declaration will be applied to the whole vector.
/nfs_eda_sw/softwares/Raptor/instl_dir/11_15_2024_09_15_02/share/raptor/sim_models/rapidsilicon/genesis3/FPGA_PRIMITIVES_MODELS/sim_models/verilog/I_DDR.v:78: warning: Timing checks are not supported. 
/nfs_eda_sw/softwares/Raptor/instl_dir/11_15_2024_09_15_02/share/raptor/sim_models/rapidsilicon/genesis3/FPGA_PRIMITIVES_MODELS/sim_models/verilog/I_DDR.v:79: warning: Timing checks are not supported. 
/nfs_eda_sw/softwares/Raptor/instl_dir/11_15_2024_09_15_02/share/raptor/sim_models/rapidsilicon/genesis3/FPGA_PRIMITIVES_MODELS/sim_models/verilog/I_DDR.v:80: warning: Timing checks are not supported. 
/nfs_eda_sw/softwares/Raptor/instl_dir/11_15_2024_09_15_02/share/raptor/sim_models/rapidsilicon/genesis3/FPGA_PRIMITIVES_MODELS/sim_models/verilog/I_DDR.v:81: warning: Timing checks are not supported. 
/nfs_eda_sw/softwares/Raptor/instl_dir/11_15_2024_09_15_02/share/raptor/sim_models/rapidsilicon/genesis3/FPGA_PRIMITIVES_MODELS/sim_models/verilog/I_DDR.v:82: warning: Timing checks are not supported. 
/nfs_eda_sw/softwares/Raptor/instl_dir/11_15_2024_09_15_02/share/raptor/sim_models/rapidsilicon/genesis3/FPGA_PRIMITIVES_MODELS/sim_models/verilog/I_DDR.v:83: warning: Timing checks are not supported. 
/nfs_eda_sw/softwares/Raptor/instl_dir/11_15_2024_09_15_02/share/raptor/sim_models/rapidsilicon/genesis3/FPGA_PRIMITIVES_MODELS/sim_models/verilog/I_DDR.v:84: warning: Timing checks are not supported. 
/nfs_eda_sw/softwares/Raptor/instl_dir/11_15_2024_09_15_02/share/raptor/sim_models/rapidsilicon/genesis3/FPGA_PRIMITIVES_MODELS/sim_models/verilog/I_DDR.v:85: warning: Timing checks are not supported. 
/nfs_eda_sw/softwares/Raptor/instl_dir/11_15_2024_09_15_02/share/raptor/sim_models/rapidsilicon/genesis3/FPGA_PRIMITIVES_MODELS/sim_models/verilog/I_DDR.v:86: warning: Timing checks are not supported. 
/nfs_eda_sw/softwares/Raptor/instl_dir/11_15_2024_09_15_02/share/raptor/sim_models/rapidsilicon/genesis3/FPGA_PRIMITIVES_MODELS/sim_models/verilog/I_DDR.v:87: warning: Timing checks are not supported. 
/nfs_eda_sw/softwares/Raptor/instl_dir/11_15_2024_09_15_02/share/raptor/sim_models/rapidsilicon/genesis3/FPGA_PRIMITIVES_MODELS/sim_models/verilog/I_DDR.v:88: warning: Timing checks are not supported. 
/nfs_eda_sw/softwares/Raptor/instl_dir/11_15_2024_09_15_02/share/raptor/sim_models/rapidsilicon/genesis3/FPGA_PRIMITIVES_MODELS/sim_models/verilog/I_DDR.v:89: warning: Timing checks are not supported. 
/nfs_eda_sw/softwares/Raptor/instl_dir/11_15_2024_09_15_02/share/raptor/sim_models/rapidsilicon/genesis3/FPGA_PRIMITIVES_MODELS/sim_models/verilog/I_DELAY.v:74: warning: Timing checks are not supported. 
/nfs_eda_sw/softwares/Raptor/instl_dir/11_15_2024_09_15_02/share/raptor/sim_models/rapidsilicon/genesis3/FPGA_PRIMITIVES_MODELS/sim_models/verilog/I_DELAY.v:75: warning: Timing checks are not supported. 
/nfs_eda_sw/softwares/Raptor/instl_dir/11_15_2024_09_15_02/share/raptor/sim_models/rapidsilicon/genesis3/FPGA_PRIMITIVES_MODELS/sim_models/verilog/I_DELAY.v:76: warning: Timing checks are not supported. 
/nfs_eda_sw/softwares/Raptor/instl_dir/11_15_2024_09_15_02/share/raptor/sim_models/rapidsilicon/genesis3/FPGA_PRIMITIVES_MODELS/sim_models/verilog/I_DELAY.v:77: warning: Timing checks are not supported. 
/nfs_eda_sw/softwares/Raptor/instl_dir/11_15_2024_09_15_02/share/raptor/sim_models/rapidsilicon/genesis3/FPGA_PRIMITIVES_MODELS/sim_models/verilog/I_DELAY.v:78: warning: Timing checks are not supported. 
/nfs_eda_sw/softwares/Raptor/instl_dir/11_15_2024_09_15_02/share/raptor/sim_models/rapidsilicon/genesis3/FPGA_PRIMITIVES_MODELS/sim_models/verilog/I_DELAY.v:79: warning: Timing checks are not supported. 
/nfs_eda_sw/softwares/Raptor/instl_dir/11_15_2024_09_15_02/share/raptor/sim_models/rapidsilicon/genesis3/FPGA_PRIMITIVES_MODELS/sim_models/verilog/I_DELAY.v:80: warning: Timing checks are not supported. 
/nfs_eda_sw/softwares/Raptor/instl_dir/11_15_2024_09_15_02/share/raptor/sim_models/rapidsilicon/genesis3/FPGA_PRIMITIVES_MODELS/sim_models/verilog/I_DELAY.v:81: warning: Timing checks are not supported. 
/nfs_eda_sw/softwares/Raptor/instl_dir/11_15_2024_09_15_02/share/raptor/sim_models/rapidsilicon/genesis3/FPGA_PRIMITIVES_MODELS/sim_models/verilog/I_DELAY.v:82: warning: Timing checks are not supported. 
/nfs_eda_sw/softwares/Raptor/instl_dir/11_15_2024_09_15_02/share/raptor/sim_models/rapidsilicon/genesis3/FPGA_PRIMITIVES_MODELS/sim_models/verilog/I_DELAY.v:83: warning: Timing checks are not supported. 
/nfs_eda_sw/softwares/Raptor/instl_dir/11_15_2024_09_15_02/share/raptor/sim_models/rapidsilicon/genesis3/FPGA_PRIMITIVES_MODELS/sim_models/verilog/I_DELAY.v:84: warning: Timing checks are not supported. 
/nfs_eda_sw/softwares/Raptor/instl_dir/11_15_2024_09_15_02/share/raptor/sim_models/rapidsilicon/genesis3/FPGA_PRIMITIVES_MODELS/sim_models/verilog/I_DELAY.v:85: warning: Timing checks are not supported. 
/nfs_eda_sw/softwares/Raptor/instl_dir/11_15_2024_09_15_02/share/raptor/sim_models/rapidsilicon/genesis3/FPGA_PRIMITIVES_MODELS/sim_models/verilog/I_DELAY.v:86: warning: Timing checks are not supported. 
/nfs_eda_sw/softwares/Raptor/instl_dir/11_15_2024_09_15_02/share/raptor/sim_models/rapidsilicon/genesis3/FPGA_PRIMITIVES_MODELS/sim_models/verilog/I_DELAY.v:87: warning: Timing checks are not supported. 
/nfs_eda_sw/softwares/Raptor/instl_dir/11_15_2024_09_15_02/share/raptor/sim_models/rapidsilicon/genesis3/FPGA_PRIMITIVES_MODELS/sim_models/verilog/I_DELAY.v:88: warning: Timing checks are not supported. 
/nfs_eda_sw/softwares/Raptor/instl_dir/11_15_2024_09_15_02/share/raptor/sim_models/rapidsilicon/genesis3/FPGA_PRIMITIVES_MODELS/sim_models/verilog/I_DELAY.v:89: warning: Timing checks are not supported. 
/nfs_eda_sw/softwares/Raptor/instl_dir/11_15_2024_09_15_02/share/raptor/sim_models/rapidsilicon/genesis3/FPGA_PRIMITIVES_MODELS/sim_models/verilog/DFFRE.v:71: warning: Timing checks are not supported.
/nfs_eda_sw/softwares/Raptor/instl_dir/11_15_2024_09_15_02/share/raptor/sim_models/rapidsilicon/genesis3/FPGA_PRIMITIVES_MODELS/sim_models/verilog/DFFRE.v:72: warning: Timing checks are not supported.
/nfs_eda_sw/softwares/Raptor/instl_dir/11_15_2024_09_15_02/share/raptor/sim_models/rapidsilicon/genesis3/FPGA_PRIMITIVES_MODELS/sim_models/verilog/DFFRE.v:73: warning: Timing checks are not supported.
/nfs_eda_sw/softwares/Raptor/instl_dir/11_15_2024_09_15_02/share/raptor/sim_models/rapidsilicon/genesis3/FPGA_PRIMITIVES_MODELS/sim_models/verilog/DFFRE.v:74: warning: Timing checks are not supported.
/nfs_eda_sw/softwares/Raptor/instl_dir/11_15_2024_09_15_02/share/raptor/sim_models/rapidsilicon/genesis3/FPGA_PRIMITIVES_MODELS/sim_models/verilog/DFFRE.v:75: warning: Timing checks are not supported.
/nfs_eda_sw/softwares/Raptor/instl_dir/11_15_2024_09_15_02/share/raptor/sim_models/rapidsilicon/genesis3/FPGA_PRIMITIVES_MODELS/sim_models/verilog/DFFRE.v:76: warning: Timing checks are not supported.
/nfs_eda_sw/softwares/Raptor/instl_dir/11_15_2024_09_15_02/share/raptor/sim_models/rapidsilicon/genesis3/FPGA_PRIMITIVES_MODELS/sim_models/verilog/DFFRE.v:77: warning: Timing checks are not supported.
/nfs_eda_sw/softwares/Raptor/instl_dir/11_15_2024_09_15_02/share/raptor/sim_models/rapidsilicon/genesis3/FPGA_PRIMITIVES_MODELS/sim_models/verilog/DFFRE.v:78: warning: Timing checks are not supported.
/nfs_eda_sw/softwares/Raptor/instl_dir/11_15_2024_09_15_02/share/raptor/sim_models/rapidsilicon/genesis3/FPGA_PRIMITIVES_MODELS/sim_models/verilog/DFFRE.v:80: warning: Timing checks are not supported. 
/nfs_eda_sw/softwares/Raptor/instl_dir/11_15_2024_09_15_02/share/raptor/sim_models/rapidsilicon/genesis3/FPGA_PRIMITIVES_MODELS/sim_models/verilog/DFFRE.v:81: warning: Timing checks are not supported. 
/nfs_eda_sw/softwares/Raptor/instl_dir/11_15_2024_09_15_02/share/raptor/sim_models/rapidsilicon/genesis3/FPGA_PRIMITIVES_MODELS/sim_models/verilog/DFFRE.v:82: warning: Timing checks are not supported.
/nfs_eda_sw/softwares/Raptor/instl_dir/11_15_2024_09_15_02/share/raptor/sim_models/rapidsilicon/genesis3/FPGA_PRIMITIVES_MODELS/sim_models/verilog/DFFRE.v:83: warning: Timing checks are not supported.
/nfs_eda_sw/softwares/Raptor/instl_dir/11_15_2024_09_15_02/share/raptor/sim_models/rapidsilicon/genesis3/FPGA_PRIMITIVES_MODELS/sim_models/verilog/DFFRE.v:84: warning: Timing checks are not supported.
/nfs_eda_sw/softwares/Raptor/instl_dir/11_15_2024_09_15_02/share/raptor/sim_models/rapidsilicon/genesis3/FPGA_PRIMITIVES_MODELS/sim_models/verilog/O_DDR.v:83: warning: Timing checks are not supported. 
/nfs_eda_sw/softwares/Raptor/instl_dir/11_15_2024_09_15_02/share/raptor/sim_models/rapidsilicon/genesis3/FPGA_PRIMITIVES_MODELS/sim_models/verilog/O_DDR.v:84: warning: Timing checks are not supported. 
/nfs_eda_sw/softwares/Raptor/instl_dir/11_15_2024_09_15_02/share/raptor/sim_models/rapidsilicon/genesis3/FPGA_PRIMITIVES_MODELS/sim_models/verilog/O_DDR.v:85: warning: Timing checks are not supported. 
/nfs_eda_sw/softwares/Raptor/instl_dir/11_15_2024_09_15_02/share/raptor/sim_models/rapidsilicon/genesis3/FPGA_PRIMITIVES_MODELS/sim_models/verilog/O_DDR.v:86: warning: Timing checks are not supported. 
/nfs_eda_sw/softwares/Raptor/instl_dir/11_15_2024_09_15_02/share/raptor/sim_models/rapidsilicon/genesis3/FPGA_PRIMITIVES_MODELS/sim_models/verilog/O_DDR.v:87: warning: Timing checks are not supported. 
/nfs_eda_sw/softwares/Raptor/instl_dir/11_15_2024_09_15_02/share/raptor/sim_models/rapidsilicon/genesis3/FPGA_PRIMITIVES_MODELS/sim_models/verilog/O_DDR.v:88: warning: Timing checks are not supported. 
/nfs_eda_sw/softwares/Raptor/instl_dir/11_15_2024_09_15_02/share/raptor/sim_models/rapidsilicon/genesis3/FPGA_PRIMITIVES_MODELS/sim_models/verilog/O_DDR.v:89: warning: Timing checks are not supported. 
/nfs_eda_sw/softwares/Raptor/instl_dir/11_15_2024_09_15_02/share/raptor/sim_models/rapidsilicon/genesis3/FPGA_PRIMITIVES_MODELS/sim_models/verilog/O_DDR.v:90: warning: Timing checks are not supported. 
/nfs_eda_sw/softwares/Raptor/instl_dir/11_15_2024_09_15_02/share/raptor/sim_models/rapidsilicon/genesis3/FPGA_PRIMITIVES_MODELS/sim_models/verilog/O_DDR.v:91: warning: Timing checks are not supported. 
/nfs_eda_sw/softwares/Raptor/instl_dir/11_15_2024_09_15_02/share/raptor/sim_models/rapidsilicon/genesis3/FPGA_PRIMITIVES_MODELS/sim_models/verilog/O_DDR.v:92: warning: Timing checks are not supported. 
/nfs_eda_sw/softwares/Raptor/instl_dir/11_15_2024_09_15_02/share/raptor/sim_models/rapidsilicon/genesis3/FPGA_PRIMITIVES_MODELS/sim_models/verilog/O_DDR.v:93: warning: Timing checks are not supported. 
/nfs_eda_sw/softwares/Raptor/instl_dir/11_15_2024_09_15_02/share/raptor/sim_models/rapidsilicon/genesis3/FPGA_PRIMITIVES_MODELS/sim_models/verilog/O_DDR.v:94: warning: Timing checks are not supported. 
/nfs_eda_sw/softwares/Raptor/instl_dir/11_15_2024_09_15_02/share/raptor/sim_models/rapidsilicon/genesis3/FPGA_PRIMITIVES_MODELS/sim_models/verilog/PLL.v:230: warning: Timing checks are not supported. 
/nfs_eda_sw/softwares/Raptor/instl_dir/11_15_2024_09_15_02/share/raptor/sim_models/rapidsilicon/genesis3/FPGA_PRIMITIVES_MODELS/sim_models/verilog/PLL.v:231: warning: Timing checks are not supported. 
/nfs_eda_sw/softwares/Raptor/instl_dir/11_15_2024_09_15_02/share/raptor/sim_models/rapidsilicon/genesis3/FPGA_PRIMITIVES_MODELS/sim_models/verilog/PLL.v:232: warning: Timing checks are not supported. 
/nfs_eda_sw/softwares/Raptor/instl_dir/11_15_2024_09_15_02/share/raptor/sim_models/rapidsilicon/genesis3/FPGA_PRIMITIVES_MODELS/sim_models/verilog/PLL.v:233: warning: Timing checks are not supported. 
/nfs_eda_sw/softwares/Raptor/instl_dir/11_15_2024_09_15_02/share/raptor/sim_models/rapidsilicon/genesis3/primitives.v:476: warning: Timing checks are not supported.
/nfs_eda_sw/softwares/Raptor/instl_dir/11_15_2024_09_15_02/share/raptor/sim_models/rapidsilicon/genesis3/primitives.v:477: warning: Timing checks are not supported.
 ... done, ELABORATING DESIGN
0.06 seconds.
/nfs_eda_sw/softwares/Raptor/instl_dir/11_15_2024_09_15_02/share/raptor/sim_models/rapidsilicon/genesis3/FPGA_PRIMITIVES_MODELS/sim_models/verilog/LUT5.v:29: error: For a parallel connection the source/destination width must match found (5/1).
/nfs_eda_sw/softwares/Raptor/instl_dir/11_15_2024_09_15_02/share/raptor/sim_models/rapidsilicon/genesis3/FPGA_PRIMITIVES_MODELS/sim_models/verilog/LUT5.v:29: error: For a parallel connection the source/destination width must match found (5/1).
/nfs_eda_sw/softwares/Raptor/instl_dir/11_15_2024_09_15_02/share/raptor/sim_models/rapidsilicon/genesis3/FPGA_PRIMITIVES_MODELS/sim_models/verilog/LUT5.v:29: error: For a parallel connection the source/destination width must match found (5/1).
/nfs_eda_sw/softwares/Raptor/instl_dir/11_15_2024_09_15_02/share/raptor/sim_models/rapidsilicon/genesis3/FPGA_PRIMITIVES_MODELS/sim_models/verilog/LUT5.v:29: error: For a parallel connection the source/destination width must match found (5/1).
/nfs_eda_sw/softwares/Raptor/instl_dir/11_15_2024_09_15_02/share/raptor/sim_models/rapidsilicon/genesis3/FPGA_PRIMITIVES_MODELS/sim_models/verilog/LUT5.v:29: error: For a parallel connection the source/destination width must match found (5/1).
/nfs_eda_sw/softwares/Raptor/instl_dir/11_15_2024_09_15_02/share/raptor/sim_models/rapidsilicon/genesis3/FPGA_PRIMITIVES_MODELS/sim_models/verilog/LUT5.v:29: error: For a parallel connection the source/destination width must match found (5/1).
/nfs_eda_sw/softwares/Raptor/instl_dir/11_15_2024_09_15_02/share/raptor/sim_models/rapidsilicon/genesis3/FPGA_PRIMITIVES_MODELS/sim_models/verilog/LUT5.v:29: error: For a parallel connection the source/destination width must match found (5/1).
/nfs_eda_sw/softwares/Raptor/instl_dir/11_15_2024_09_15_02/share/raptor/sim_models/rapidsilicon/genesis3/FPGA_PRIMITIVES_MODELS/sim_models/verilog/LUT5.v:29: error: For a parallel connection the source/destination width must match found (5/1).
/nfs_eda_sw/softwares/Raptor/instl_dir/11_15_2024_09_15_02/share/raptor/sim_models/rapidsilicon/genesis3/FPGA_PRIMITIVES_MODELS/sim_models/verilog/LUT5.v:29: error: For a parallel connection the source/destination width must match found (5/1).
/nfs_eda_sw/softwares/Raptor/instl_dir/11_15_2024_09_15_02/share/raptor/sim_models/rapidsilicon/genesis3/FPGA_PRIMITIVES_MODELS/sim_models/verilog/LUT5.v:29: error: For a parallel connection the source/destination width must match found (5/1).
/nfs_eda_sw/softwares/Raptor/instl_dir/11_15_2024_09_15_02/share/raptor/sim_models/rapidsilicon/genesis3/FPGA_PRIMITIVES_MODELS/sim_models/verilog/LUT6.v:29: error: For a parallel connection the source/destination width must match found (6/1).
/nfs_eda_sw/softwares/Raptor/instl_dir/11_15_2024_09_15_02/share/raptor/sim_models/rapidsilicon/genesis3/FPGA_PRIMITIVES_MODELS/sim_models/verilog/LUT6.v:29: error: For a parallel connection the source/destination width must match found (6/1).
/nfs_eda_sw/softwares/Raptor/instl_dir/11_15_2024_09_15_02/share/raptor/sim_models/rapidsilicon/genesis3/FPGA_PRIMITIVES_MODELS/sim_models/verilog/LUT5.v:29: error: For a parallel connection the source/destination width must match found (5/1).
/nfs_eda_sw/softwares/Raptor/instl_dir/11_15_2024_09_15_02/share/raptor/sim_models/rapidsilicon/genesis3/FPGA_PRIMITIVES_MODELS/sim_models/verilog/LUT5.v:29: error: For a parallel connection the source/destination width must match found (5/1).
/nfs_eda_sw/softwares/Raptor/instl_dir/11_15_2024_09_15_02/share/raptor/sim_models/rapidsilicon/genesis3/FPGA_PRIMITIVES_MODELS/sim_models/verilog/LUT5.v:29: error: For a parallel connection the source/destination width must match found (5/1).
/nfs_eda_sw/softwares/Raptor/instl_dir/11_15_2024_09_15_02/share/raptor/sim_models/rapidsilicon/genesis3/FPGA_PRIMITIVES_MODELS/sim_models/verilog/LUT5.v:29: error: For a parallel connection the source/destination width must match found (5/1).
/nfs_eda_sw/softwares/Raptor/instl_dir/11_15_2024_09_15_02/share/raptor/sim_models/rapidsilicon/genesis3/FPGA_PRIMITIVES_MODELS/sim_models/verilog/LUT5.v:29: error: For a parallel connection the source/destination width must match found (5/1).
/nfs_eda_sw/softwares/Raptor/instl_dir/11_15_2024_09_15_02/share/raptor/sim_models/rapidsilicon/genesis3/FPGA_PRIMITIVES_MODELS/sim_models/verilog/LUT5.v:29: error: For a parallel connection the source/destination width must match found (5/1).
/nfs_eda_sw/softwares/Raptor/instl_dir/11_15_2024_09_15_02/share/raptor/sim_models/rapidsilicon/genesis3/FPGA_PRIMITIVES_MODELS/sim_models/verilog/LUT5.v:29: error: For a parallel connection the source/destination width must match found (5/1).
19 error(s) during elaboration.
Icarus Verilog version 13.0 (devel) (s20221226-498-g52d049b51)

Copyright (c) 2000-2024 Stephen Williams (steve@icarus.com)

  This program is free software; you can redistribute it and/or modify
  it under the terms of the GNU General Public License as published by
  the Free Software Foundation; either version 2 of the License, or
  (at your option) any later version.

  This program is distributed in the hope that it will be useful,
  but WITHOUT ANY WARRANTY; without even the implied warranty of
  MERCHANTABILITY or FITNESS FOR A PARTICULAR PURPOSE.  See the
  GNU General Public License for more details.

  You should have received a copy of the GNU General Public License along
  with this program; if not, write to the Free Software Foundation, Inc.,
  51 Franklin Street, Fifth Floor, Boston, MA 02110-1301, USA.

translate: /nfs_eda_sw/softwares/Raptor/instl_dir/11_15_2024_09_15_02/bin/HDL_simulator/iverilog/lib/ivl/ivlpp -v -L -F"/tmp/ivrlg23015bc47" -f"/tmp/ivrlg3015bc47" -p"/tmp/ivrli3015bc47" |/nfs_eda_sw/softwares/Raptor/instl_dir/11_15_2024_09_15_02/bin/HDL_simulator/iverilog/lib/ivl/ivl -v -C"/tmp/ivrlh3015bc47" -C"/nfs_eda_sw/softwares/Raptor/instl_dir/11_15_2024_09_15_02/bin/HDL_simulator/iverilog/lib/ivl/vvp.conf" -- -
