/*******************************************************************************
Copyright (c) 2022-2024 Rapid Silicon
This source code contains proprietary information belonging to Rapid Silicon
(the "licensor") released under license and non-disclosure agreement to the
recipient (the "licensee").

The information shared and protected by the license and non-disclosure agreement
includes but is not limited to the following:
* operational algorithms of the product
* logos, graphics, source code, and visual presentation of the product
* confidential operational information of the licensor

The recipient of this source code is NOT permitted to publicly disclose,
re-use, archive beyond the period of the license agreement, transfer to a
sub-licensee, or re-implement any portion of the content covered by the license
and non-disclosure agreement without the prior written consent of the licensor.
*********************************************************************************/

Version  : 2024.11
Build    : 1.2.34
Hash     : b845ea2
Date     : Nov 30 2024
Type     : Engineering
Log Time   : Sat Nov 30 21:09:06 2024 GMT

[ 02:09:06 ] Analysis has started
[ 02:09:06 ] Command: /nfs_eda_sw/softwares/Raptor/instl_dir/11_30_2024_09_15_01/bin/yosys -s /nfs_scratch/scratch/CGA/repo/2024-11-30-22-25-48_T12694R122/Validation/RTL_testcases/litex_designs/vexriscv_axi_cdma/results_dir/vex_soc/run_1/synth_1_1/analysis/vex_soc_analyzer.cmd
[ 02:12:10 ] Duration: 183716 ms. Max utilization: 450 MB
[ 02:12:12 ] Synthesize has started
[ 02:12:12 ] Command: /nfs_eda_sw/softwares/Raptor/instl_dir/11_30_2024_09_15_01/bin/yosys -s vex_soc.ys -l vex_soc_synth.log
[ 02:34:23 ] Duration: 1330534 ms. Max utilization: 1256 MB
