   Number of CARRY ADDERs:           0

29.588. Executing Verilog backend.
Dumping module `\vex_soc'.

# -------------------- 
# Core Synthesis done 
# -------------------- 

29.589. Executing Verilog backend.
Dumping module `\vex_soc'.

29.589.1. Executing BLIF backend.
Extracting primitives

-- Running command `write_rtlil design.rtlil' --

29.589.2. Executing RTLIL backend.
Output filename: design.rtlil
[0.0719271 sec.]
Running SplitNets

29.589.3. Executing SPLITNETS pass (splitting up multi-bit signals).
[0.00147572 sec.]
Gathering Wires Data
[0.000191222 sec.]
Adding wires between directly connected input and output primitives
[1.953e-05 sec.]
Upgrading fabric wires to ports
[0.0222881 sec.]
Handling I_BUF->Fabric->CLK_BUF
[0.000109439 sec.]
Handling Dangling outs
[4.7222e-05 sec.]
Deleting primitive cells and extra wires
[4.6462e-05 sec.]
Deleting non-primitive cells and upgrading wires to ports in interface module
[0.0343207 sec.]
Handling I_BUF->Fabric->CLK_BUF in interface module
[0.00010237 sec.]
Removing extra wires from interface module
[0.0228756 sec.]
Cleaning fabric netlist
Removed 0 unused cells and 34176 unused wires.
[0.114526 sec.]
Removing cells from wrapper module
[9.7549e-05 sec.]
Instantiating fabric and interface modules
[0.0330832 sec.]
Removing extra wires from wrapper module
[0.0221663 sec.]
Fixing wrapper ports
[9.8864e-05 sec.]
Flattening wrapper module

29.589.4. Executing FLATTEN pass (flatten design).
Deleting now unused module interface_vex_soc.
<suppressed ~1 debug messages>
[0.00674624 sec.]
Removing extra assigns from wrapper module
[3.7707e-05 sec.]

29.589.5. Executing Verilog backend.
Dumping module `\vex_soc'.

29.589.5.1. Executing BLIF backend.
Run Script

29.589.5.2. Executing Verilog backend.
Dumping module `\vex_soc'.

29.589.5.2.1. Executing BLIF backend.
Dumping config.json
[0.00292902 sec.]
Updating sdc
[0.00951483 sec.]
Time elapsed in design editing :  [0.429698 sec.]

29.589.5.2.2. Executing Verilog backend.
Dumping module `\fabric_vex_soc'.

29.589.5.2.2.1. Executing BLIF backend.

Warnings: 125 unique messages, 129 total
End of script. Logfile hash: c2af2c9e7a, CPU: user 342.52s system 2.04s, MEM: 1184.98 MB peak
Yosys 0.44 (git sha1 8e1826a47, g++ 11.2.1 -fPIC -O3)
Time spent: 95% 10x abc (5946 sec), 2% 93x read_verilog (164 sec), ...
INFO: SYN: Design vex_soc is synthesized
SGT: Gate simulation for design: vex_soc
iverilog -g2012 -o vex_soc_post_sim -I/nfs_scratch/scratch/CGA/repo/2024-11-30-22-25-48_T12694R122/Validation/RTL_testcases/litex_designs/vexriscv_axi_cdma/results_dir/vex_soc/run_1/synth_1_1/synthesis/vex_soc_post_synth.v /nfs_eda_sw/softwares/Raptor/instl_dir/11_30_2024_09_15_01/share/raptor/sim_models/rapidsilicon/genesis3/FPGA_PRIMITIVES_MODELS/sim_models/verilog/!(SOC_FPGA_TEMPERATURE).v /nfs_scratch/scratch/CGA/repo/2024-11-30-22-25-48_T12694R122/Validation/RTL_testcases/litex_designs/vexriscv_axi_cdma/results_dir/vex_soc/run_1/synth_1_1/synthesis/vex_soc_post_synth.v ../tb/testbench.v
vvp vex_soc_post_sim
VCD info: dumpfile /nfs_scratch/scratch/CGA/repo/2024-11-30-22-25-48_T12694R122/Validation/RTL_testcases/litex_designs/vexriscv_axi_cdma/results_dir/tb_post.vcd opened for output.
FATAL: /nfs_eda_sw/softwares/Raptor/instl_dir/11_30_2024_09_15_01/share/raptor/sim_models/rapidsilicon/genesis3/FPGA_PRIMITIVES_MODELS/sim_models/verilog/FIFO18KX2.v:328: 
 ERROR: PROG_FULL_THRESH1 is GREATER THAN fifo_depth_write1-2 

       Time: 0  Scope: FIFO18KX2.SYNC1
FATAL: /nfs_eda_sw/softwares/Raptor/instl_dir/11_30_2024_09_15_01/share/raptor/sim_models/rapidsilicon/genesis3/FPGA_PRIMITIVES_MODELS/sim_models/verilog/FIFO36K.v:92: 
 ERROR: PROG_FULL_THRESH is GREATER THAN fifo_depth_write-2 

       Time: 0  Scope: FIFO36K.SYNCHRONOUS
